<?xml version="1.0" encoding="UTF-8" ?>
<testsuites name="vitest tests" tests="2515" failures="0" errors="0" time="19.383499497">
    <testsuite name="tests/dsg/agent-browser-research.test.ts" timestamp="2026-06-29T13:05:58.180Z" hostname="vm" tests="6" failures="0" errors="0" skipped="0" time="0.005216952">
        <testcase classname="tests/dsg/agent-browser-research.test.ts" name="Browser Research Agent — Evidence Hash Invariant &gt; PASS when seed returns data with evidence hash" time="0.002296565">
        </testcase>
        <testcase classname="tests/dsg/agent-browser-research.test.ts" name="Browser Research Agent — Evidence Hash Invariant &gt; BLOCK when seed fails (no evidence available)" time="0.000599516">
        </testcase>
        <testcase classname="tests/dsg/agent-browser-research.test.ts" name="Browser Research Agent — Evidence Hash Invariant &gt; always returns z3ProofHash" time="0.000281184">
        </testcase>
        <testcase classname="tests/dsg/agent-browser-research.test.ts" name="Browser Research Agent — Evidence Hash Invariant &gt; evidenceHash is sha256:none when content unavailable" time="0.000297908">
        </testcase>
        <testcase classname="tests/dsg/agent-browser-research.test.ts" name="Browser Research Agent — Evidence Hash Invariant &gt; echoes jobId and researchQuery in result" time="0.000200047">
        </testcase>
        <testcase classname="tests/dsg/agent-browser-research.test.ts" name="Browser Research Agent — Evidence Hash Invariant &gt; accepts optional targetUrl without error" time="0.000246642">
        </testcase>
    </testsuite>
    <testsuite name="tests/dsg/agent-code-evolution.test.ts" timestamp="2026-06-29T13:05:58.183Z" hostname="vm" tests="8" failures="0" errors="0" skipped="0" time="0.005747187">
        <testcase classname="tests/dsg/agent-code-evolution.test.ts" name="Code Evolution Agent — Plan Approval Invariant &gt; BLOCK when planApproved=false" time="0.00224793">
        </testcase>
        <testcase classname="tests/dsg/agent-code-evolution.test.ts" name="Code Evolution Agent — Plan Approval Invariant &gt; PASS when planApproved=true" time="0.000722274">
        </testcase>
        <testcase classname="tests/dsg/agent-code-evolution.test.ts" name="Code Evolution Agent — Plan Approval Invariant &gt; always returns z3ProofHash" time="0.000263491">
        </testcase>
        <testcase classname="tests/dsg/agent-code-evolution.test.ts" name="Code Evolution Agent — Plan Approval Invariant &gt; always returns codebaseStateHash from Seed Engine" time="0.000188557">
        </testcase>
        <testcase classname="tests/dsg/agent-code-evolution.test.ts" name="Code Evolution Agent — Plan Approval Invariant &gt; BLOCK destructive write without destruction proof" time="0.000349493">
        </testcase>
        <testcase classname="tests/dsg/agent-code-evolution.test.ts" name="Code Evolution Agent — Plan Approval Invariant &gt; PASS destructive write with approved plan and proof" time="0.000181725">
        </testcase>
        <testcase classname="tests/dsg/agent-code-evolution.test.ts" name="Code Evolution Agent — Plan Approval Invariant &gt; jobId is echoed in result" time="0.000135801">
        </testcase>
        <testcase classname="tests/dsg/agent-code-evolution.test.ts" name="Code Evolution Agent — Plan Approval Invariant &gt; BLOCK returns empty blockedReasons when no violations" time="0.000183781">
        </testcase>
    </testsuite>
    <testsuite name="tests/dsg/agent-command-gate.test.ts" timestamp="2026-06-29T13:05:58.186Z" hostname="vm" tests="9" failures="0" errors="0" skipped="0" time="0.01652456">
        <testcase classname="tests/dsg/agent-command-gate.test.ts" name="agent command gate &gt; returns an action envelope when command proof is complete" time="0.002577659">
        </testcase>
        <testcase classname="tests/dsg/agent-command-gate.test.ts" name="agent command gate &gt; blocks sensitive action without approved approval proof" time="0.009111312">
        </testcase>
        <testcase classname="tests/dsg/agent-command-gate.test.ts" name="agent command gate &gt; blocks mutation without idempotency key" time="0.000344528">
        </testcase>
        <testcase classname="tests/dsg/agent-command-gate.test.ts" name="agent command gate &gt; PASS for plan-authorized mutation without idempotencyKey, rollbackPlanId, audit, or evidence bindings" time="0.000777779">
        </testcase>
        <testcase classname="tests/dsg/agent-command-gate.test.ts" name="agent command gate &gt; plan-authorized action still requires approved approval proof for high-risk commands" time="0.000331157">
        </testcase>
        <testcase classname="tests/dsg/agent-command-gate.test.ts" name="agent command gate &gt; plan_authorization invariant always reports PASS status (informational)" time="0.000505669">
        </testcase>
        <testcase classname="tests/dsg/agent-command-gate.test.ts" name="agent command gate &gt; BLOCK when planHash is an arbitrary short string (P1 — plan_hash_format)" time="0.000342091">
        </testcase>
        <testcase classname="tests/dsg/agent-command-gate.test.ts" name="agent command gate &gt; BLOCK when planHash is non-hex string (P1 — plan_hash_format)" time="0.000414995">
        </testcase>
        <testcase classname="tests/dsg/agent-command-gate.test.ts" name="agent command gate &gt; builds a receipt when agent returns observed result and evidence ids" time="0.000673816">
        </testcase>
    </testsuite>
    <testsuite name="tests/dsg/agent-deploy-monitor.test.ts" timestamp="2026-06-29T13:05:58.192Z" hostname="vm" tests="6" failures="0" errors="0" skipped="0" time="0.004939438">
        <testcase classname="tests/dsg/agent-deploy-monitor.test.ts" name="Deploy Monitor Agent — Gate Pass Invariant &gt; canTriggerDeploy when gateAllow=true and not mockState" time="0.001572159">
        </testcase>
        <testcase classname="tests/dsg/agent-deploy-monitor.test.ts" name="Deploy Monitor Agent — Gate Pass Invariant &gt; BLOCK when gateAllow=false" time="0.000954033">
        </testcase>
        <testcase classname="tests/dsg/agent-deploy-monitor.test.ts" name="Deploy Monitor Agent — Gate Pass Invariant &gt; BLOCK in mockState even with gateAllow=true" time="0.000216365">
        </testcase>
        <testcase classname="tests/dsg/agent-deploy-monitor.test.ts" name="Deploy Monitor Agent — Gate Pass Invariant &gt; always returns z3ProofHash" time="0.000254797">
        </testcase>
        <testcase classname="tests/dsg/agent-deploy-monitor.test.ts" name="Deploy Monitor Agent — Gate Pass Invariant &gt; always returns deploymentStatusHash from Seed Engine" time="0.000359407">
        </testcase>
        <testcase classname="tests/dsg/agent-deploy-monitor.test.ts" name="Deploy Monitor Agent — Gate Pass Invariant &gt; echoes jobId and deploymentUrl in result" time="0.000234484">
        </testcase>
    </testsuite>
    <testsuite name="tests/dsg/agent-orchestrator.test.ts" timestamp="2026-06-29T13:05:58.198Z" hostname="vm" tests="5" failures="0" errors="0" skipped="0" time="0.005094153">
        <testcase classname="tests/dsg/agent-orchestrator.test.ts" name="Orchestrator Agent — Goal Lock Invariant &gt; blocks dispatch when goalLocked=false" time="0.001393156">
        </testcase>
        <testcase classname="tests/dsg/agent-orchestrator.test.ts" name="Orchestrator Agent — Goal Lock Invariant &gt; dispatches when goalLocked=true" time="0.001291762">
        </testcase>
        <testcase classname="tests/dsg/agent-orchestrator.test.ts" name="Orchestrator Agent — Goal Lock Invariant &gt; returns z3ProofHash in all responses" time="0.000491707">
        </testcase>
        <testcase classname="tests/dsg/agent-orchestrator.test.ts" name="Orchestrator Agent — Goal Lock Invariant &gt; handles empty subGoals gracefully" time="0.000365497">
        </testcase>
        <testcase classname="tests/dsg/agent-orchestrator.test.ts" name="Orchestrator Agent — Goal Lock Invariant &gt; blocks all sub-goals when goalLocked=false" time="0.000375247">
        </testcase>
    </testsuite>
    <testsuite name="tests/dsg/agent-security-gate.test.ts" timestamp="2026-06-29T13:05:58.199Z" hostname="vm" tests="6" failures="0" errors="0" skipped="0" time="0.008735537">
        <testcase classname="tests/dsg/agent-security-gate.test.ts" name="Security Gate — Low Risk &gt; ALLOW for low risk actions" time="0.005753447">
        </testcase>
        <testcase classname="tests/dsg/agent-security-gate.test.ts" name="Security Gate — Critical Risk Hard Block &gt; BLOCK critical without evidence before Z3" time="0.000421206">
        </testcase>
        <testcase classname="tests/dsg/agent-security-gate.test.ts" name="Security Gate — Critical Risk Hard Block &gt; ALLOW critical with evidence and approval" time="0.000342355">
        </testcase>
        <testcase classname="tests/dsg/agent-security-gate.test.ts" name="Security Gate — Mock State &gt; BLOCK critical in mock state" time="0.000172063">
        </testcase>
        <testcase classname="tests/dsg/agent-security-gate.test.ts" name="Security Gate — Z3 Proof Hash &gt; always returns z3ProofHash" time="0.000202102">
        </testcase>
        <testcase classname="tests/dsg/agent-security-gate.test.ts" name="Security Gate — Z3 Proof Hash &gt; blocked result includes actionId" time="0.000317451">
        </testcase>
    </testsuite>
    <testsuite name="tests/dsg/agent-seed-engine.test.ts" timestamp="2026-06-29T13:05:58.200Z" hostname="vm" tests="9" failures="0" errors="0" skipped="0" time="0.004533887">
        <testcase classname="tests/dsg/agent-seed-engine.test.ts" name="Seed Engine — Core Invariant &gt; PASS when data not needed" time="0.001256715">
        </testcase>
        <testcase classname="tests/dsg/agent-seed-engine.test.ts" name="Seed Engine — Core Invariant &gt; BLOCK when data needed but search not attempted" time="0.000420765">
        </testcase>
        <testcase classname="tests/dsg/agent-seed-engine.test.ts" name="Seed Engine — Core Invariant &gt; PASS when data needed and data is available" time="0.000170082">
        </testcase>
        <testcase classname="tests/dsg/agent-seed-engine.test.ts" name="Seed Engine — Core Invariant &gt; BLOCK when search attempted but no results + requiredEvidence=true" time="0.000204165">
        </testcase>
        <testcase classname="tests/dsg/agent-seed-engine.test.ts" name="Seed Engine — Core Invariant &gt; PASS when search attempted, no results, but requiredEvidence=false" time="0.000102852">
        </testcase>
        <testcase classname="tests/dsg/agent-seed-engine.test.ts" name="Seed Engine — Evidence Hash Requirement &gt; never returns data without evidence hash when data is available" time="0.000247196">
        </testcase>
        <testcase classname="tests/dsg/agent-seed-engine.test.ts" name="Seed Engine — Evidence Hash Requirement &gt; returns sha256:none when data is not available" time="0.000121812">
        </testcase>
        <testcase classname="tests/dsg/agent-seed-engine.test.ts" name="Seed Engine — No Guessing Rule &gt; never returns hardcoded/guessed data" time="0.000264151">
        </testcase>
        <testcase classname="tests/dsg/agent-seed-engine.test.ts" name="Seed Engine — No Guessing Rule &gt; marks search as attempted before returning any result" time="0.000269003">
        </testcase>
    </testsuite>
    <testsuite name="tests/dsg/agent-skills-build-draft.test.ts" timestamp="2026-06-29T13:05:58.206Z" hostname="vm" tests="8" failures="0" errors="0" skipped="0" time="0.005334085">
        <testcase classname="tests/dsg/agent-skills-build-draft.test.ts" name="buildSkillDraft &gt; produces low risk when all safety checks pass" time="0.001872852">
        </testcase>
        <testcase classname="tests/dsg/agent-skills-build-draft.test.ts" name="buildSkillDraft &gt; produces medium risk when README is missing" time="0.000621366">
        </testcase>
        <testcase classname="tests/dsg/agent-skills-build-draft.test.ts" name="buildSkillDraft &gt; produces medium risk when only code execution is detected" time="0.000316582">
        </testcase>
        <testcase classname="tests/dsg/agent-skills-build-draft.test.ts" name="buildSkillDraft &gt; produces high risk when code execution AND external write are both detected" time="0.000153567">
        </testcase>
        <testcase classname="tests/dsg/agent-skills-build-draft.test.ts" name="buildSkillDraft &gt; produces critical risk when hardcoded secrets are detected" time="0.000151738">
        </testcase>
        <testcase classname="tests/dsg/agent-skills-build-draft.test.ts" name="buildSkillDraft &gt; generates a slug id from fullName" time="0.000377571">
        </testcase>
        <testcase classname="tests/dsg/agent-skills-build-draft.test.ts" name="buildSkillDraft &gt; handles org/repo names with dots and uppercase" time="0.000236145">
        </testcase>
        <testcase classname="tests/dsg/agent-skills-build-draft.test.ts" name="buildSkillDraft &gt; includes a draftedAt ISO timestamp" time="0.000190332">
        </testcase>
    </testsuite>
    <testsuite name="tests/dsg/agent-skills-lock.test.ts" timestamp="2026-06-29T13:05:58.212Z" hostname="vm" tests="16" failures="0" errors="0" skipped="0" time="0.0430048">
        <testcase classname="tests/dsg/agent-skills-lock.test.ts" name="computeSkillHash &gt; returns a 64-char hex string" time="0.003360793">
        </testcase>
        <testcase classname="tests/dsg/agent-skills-lock.test.ts" name="computeSkillHash &gt; is deterministic for the same inputs" time="0.00096208">
        </testcase>
        <testcase classname="tests/dsg/agent-skills-lock.test.ts" name="computeSkillHash &gt; differs when sourceCommit changes" time="0.001792529">
        </testcase>
        <testcase classname="tests/dsg/agent-skills-lock.test.ts" name="computeSkillHash &gt; differs when riskLevel changes" time="0.000702524">
        </testcase>
        <testcase classname="tests/dsg/agent-skills-lock.test.ts" name="computeSkillHash &gt; differs when permissions change" time="0.0007153">
        </testcase>
        <testcase classname="tests/dsg/agent-skills-lock.test.ts" name="computeSkillHash &gt; handles null sourceCommit" time="0.005338062">
        </testcase>
        <testcase classname="tests/dsg/agent-skills-lock.test.ts" name="buildLockEntry &gt; sets status from a verified result" time="0.000996859">
        </testcase>
        <testcase classname="tests/dsg/agent-skills-lock.test.ts" name="buildLockEntry &gt; preserves blocked status" time="0.001181725">
        </testcase>
        <testcase classname="tests/dsg/agent-skills-lock.test.ts" name="buildLockEntry &gt; sets needs_approval status" time="0.000649669">
        </testcase>
        <testcase classname="tests/dsg/agent-skills-lock.test.ts" name="buildLockEntry &gt; includes a valid registeredAt timestamp" time="0.000603449">
        </testcase>
        <testcase classname="tests/dsg/agent-skills-lock.test.ts" name="buildLockEntry &gt; computedHash matches standalone computeSkillHash" time="0.000431301">
        </testcase>
        <testcase classname="tests/dsg/agent-skills-lock.test.ts" name="readSkillsLock &gt; returns empty lock when file does not exist" time="0.001313608">
        </testcase>
        <testcase classname="tests/dsg/agent-skills-lock.test.ts" name="readSkillsLock &gt; parses an existing lock file" time="0.002410695">
        </testcase>
        <testcase classname="tests/dsg/agent-skills-lock.test.ts" name="registerSkillToLock &gt; writes the skill to the lock file and returns updated lock" time="0.018227426">
        </testcase>
        <testcase classname="tests/dsg/agent-skills-lock.test.ts" name="registerSkillToLock &gt; blocked skill written to lock with blocked status (forceRegister pattern)" time="0.001256533">
        </testcase>
        <testcase classname="tests/dsg/agent-skills-lock.test.ts" name="registerSkillToLock &gt; persisted lock can be re-read with correct data" time="0.001220182">
        </testcase>
    </testsuite>
    <testsuite name="tests/dsg/agent-skills-pipeline.test.ts" timestamp="2026-06-29T13:05:58.215Z" hostname="vm" tests="5" failures="0" errors="0" skipped="0" time="0.006977798">
        <testcase classname="tests/dsg/agent-skills-pipeline.test.ts" name="SkillGate pipeline: GitHub repo → verified skill → governed run &gt; Step 1 — build draft from inspection" time="0.001901795">
        </testcase>
        <testcase classname="tests/dsg/agent-skills-pipeline.test.ts" name="SkillGate pipeline: GitHub repo → verified skill → governed run &gt; Step 2 — verify produces verified status for clean repo" time="0.002118949">
        </testcase>
        <testcase classname="tests/dsg/agent-skills-pipeline.test.ts" name="SkillGate pipeline: GitHub repo → verified skill → governed run &gt; Step 3 — lock entry has deterministic hash pinned to commit" time="0.000875532">
        </testcase>
        <testcase classname="tests/dsg/agent-skills-pipeline.test.ts" name="SkillGate pipeline: GitHub repo → verified skill → governed run &gt; Step 4 — risky repo (exec + write) is blocked before lock" time="0.000464251">
        </testcase>
        <testcase classname="tests/dsg/agent-skills-pipeline.test.ts" name="SkillGate pipeline: GitHub repo → verified skill → governed run &gt; Step 5 — same input always produces same hash (Z3 determinism invariant)" time="0.00039325">
        </testcase>
    </testsuite>
    <testsuite name="tests/dsg/agent-skills-run.test.ts" timestamp="2026-06-29T13:05:58.216Z" hostname="vm" tests="7" failures="0" errors="0" skipped="0" time="0.00563455">
        <testcase classname="tests/dsg/agent-skills-run.test.ts" name="runSkillAction — security gate enforcement &gt; returns SKILL_NOT_REGISTERED when skill is not in the lock" time="0.002003545">
        </testcase>
        <testcase classname="tests/dsg/agent-skills-run.test.ts" name="runSkillAction — security gate enforcement &gt; returns SKILL_BLOCKED_IN_REGISTRY and does not call governed gate" time="0.00040015">
        </testcase>
        <testcase classname="tests/dsg/agent-skills-run.test.ts" name="runSkillAction — security gate enforcement &gt; returns review status for needs_approval entries and does not execute" time="0.000482184">
        </testcase>
        <testcase classname="tests/dsg/agent-skills-run.test.ts" name="runSkillAction — security gate enforcement &gt; returns review status for needs_review entries and does not execute" time="0.000236395">
        </testcase>
        <testcase classname="tests/dsg/agent-skills-run.test.ts" name="runSkillAction — security gate enforcement &gt; returns ok:true when skill is verified and governed gate allows" time="0.000430874">
        </testcase>
        <testcase classname="tests/dsg/agent-skills-run.test.ts" name="runSkillAction — security gate enforcement &gt; returns ok:false when governed gate blocks a verified skill" time="0.000318927">
        </testcase>
        <testcase classname="tests/dsg/agent-skills-run.test.ts" name="runSkillAction — security gate enforcement &gt; passes skillId, sourceUrl, and evidence hash to the governed gate" time="0.000379484">
        </testcase>
    </testsuite>
    <testsuite name="tests/dsg/agent-skills-verify.test.ts" timestamp="2026-06-29T13:05:58.218Z" hostname="vm" tests="8" failures="0" errors="0" skipped="0" time="0.008526506">
        <testcase classname="tests/dsg/agent-skills-verify.test.ts" name="verifySkill &gt; returns verified when all checks pass" time="0.003487825">
        </testcase>
        <testcase classname="tests/dsg/agent-skills-verify.test.ts" name="verifySkill &gt; returns needs_review when README is missing" time="0.000639412">
        </testcase>
        <testcase classname="tests/dsg/agent-skills-verify.test.ts" name="verifySkill &gt; returns needs_review when LICENSE is missing" time="0.000322388">
        </testcase>
        <testcase classname="tests/dsg/agent-skills-verify.test.ts" name="verifySkill &gt; returns needs_review when no tests found" time="0.000293231">
        </testcase>
        <testcase classname="tests/dsg/agent-skills-verify.test.ts" name="verifySkill &gt; returns needs_approval when code execution is detected" time="0.000269689">
        </testcase>
        <testcase classname="tests/dsg/agent-skills-verify.test.ts" name="verifySkill &gt; returns needs_approval when external write is detected" time="0.00028893">
        </testcase>
        <testcase classname="tests/dsg/agent-skills-verify.test.ts" name="verifySkill &gt; returns blocked when hardcoded secrets are detected (overrides other issues)" time="0.000381119">
        </testcase>
        <testcase classname="tests/dsg/agent-skills-verify.test.ts" name="verifySkill &gt; accumulates multiple reasons independently" time="0.000392531">
        </testcase>
    </testsuite>
    <testsuite name="tests/dsg/agent-test-coverage.test.ts" timestamp="2026-06-29T13:05:58.222Z" hostname="vm" tests="6" failures="0" errors="0" skipped="0" time="0.005741323">
        <testcase classname="tests/dsg/agent-test-coverage.test.ts" name="Test Coverage Agent — Monotonic Invariant &gt; PASS when coverage increases" time="0.002741688">
        </testcase>
        <testcase classname="tests/dsg/agent-test-coverage.test.ts" name="Test Coverage Agent — Monotonic Invariant &gt; PASS when coverage stays the same" time="0.000371317">
        </testcase>
        <testcase classname="tests/dsg/agent-test-coverage.test.ts" name="Test Coverage Agent — Monotonic Invariant &gt; BLOCK when coverage decreases" time="0.000571411">
        </testcase>
        <testcase classname="tests/dsg/agent-test-coverage.test.ts" name="Test Coverage Agent — Monotonic Invariant &gt; reports needsMoreTests when below threshold" time="0.000257228">
        </testcase>
        <testcase classname="tests/dsg/agent-test-coverage.test.ts" name="Test Coverage Agent — Monotonic Invariant &gt; does not needMoreTests when at or above threshold" time="0.000188523">
        </testcase>
        <testcase classname="tests/dsg/agent-test-coverage.test.ts" name="Test Coverage Agent — Monotonic Invariant &gt; always returns z3ProofHash" time="0.000373544">
        </testcase>
    </testsuite>
    <testsuite name="tests/dsg/agent-z3-integration.test.ts" timestamp="2026-06-29T13:05:58.226Z" hostname="vm" tests="19" failures="0" errors="0" skipped="0" time="0.007608113">
        <testcase classname="tests/dsg/agent-z3-integration.test.ts" name="Z3 Agent Gate — Orchestrator &gt; PASS when goal is locked" time="0.002425869">
        </testcase>
        <testcase classname="tests/dsg/agent-z3-integration.test.ts" name="Z3 Agent Gate — Orchestrator &gt; BLOCK when goal is not locked" time="0.000333191">
        </testcase>
        <testcase classname="tests/dsg/agent-z3-integration.test.ts" name="Z3 Agent Gate — Code Evolution &gt; PASS when plan approved and no destructive write" time="0.000199224">
        </testcase>
        <testcase classname="tests/dsg/agent-z3-integration.test.ts" name="Z3 Agent Gate — Code Evolution &gt; BLOCK when writes code without approved plan" time="0.000309533">
        </testcase>
        <testcase classname="tests/dsg/agent-z3-integration.test.ts" name="Z3 Agent Gate — Code Evolution &gt; BLOCK when destructive write without proof" time="0.000230759">
        </testcase>
        <testcase classname="tests/dsg/agent-z3-integration.test.ts" name="Z3 Agent Gate — Code Evolution &gt; PASS when destructive write with proof" time="0.00014705">
        </testcase>
        <testcase classname="tests/dsg/agent-z3-integration.test.ts" name="Z3 Agent Gate — Test Coverage &gt; PASS when coverage increases" time="0.0001664">
        </testcase>
        <testcase classname="tests/dsg/agent-z3-integration.test.ts" name="Z3 Agent Gate — Test Coverage &gt; BLOCK when coverage decreases" time="0.000237384">
        </testcase>
        <testcase classname="tests/dsg/agent-z3-integration.test.ts" name="Z3 Agent Gate — Deploy Monitor &gt; PASS when gate_allow, evidence, no mock" time="0.000254552">
        </testcase>
        <testcase classname="tests/dsg/agent-z3-integration.test.ts" name="Z3 Agent Gate — Deploy Monitor &gt; BLOCK when mock_state is active" time="0.000175123">
        </testcase>
        <testcase classname="tests/dsg/agent-z3-integration.test.ts" name="Z3 Agent Gate — Deploy Monitor &gt; BLOCK when gate not allow" time="0.000134326">
        </testcase>
        <testcase classname="tests/dsg/agent-z3-integration.test.ts" name="Z3 Agent Gate — Deploy Monitor &gt; BLOCK when no evidence" time="0.000213228">
        </testcase>
        <testcase classname="tests/dsg/agent-z3-integration.test.ts" name="Z3 Agent Gate — Browser Research &gt; PASS when evidence hash is set" time="0.000123446">
        </testcase>
        <testcase classname="tests/dsg/agent-z3-integration.test.ts" name="Z3 Agent Gate — Browser Research &gt; BLOCK when browser result used without evidence hash" time="0.000144043">
        </testcase>
        <testcase classname="tests/dsg/agent-z3-integration.test.ts" name="Z3 Agent Gate — Security Gate &gt; PASS when gate_allow is true" time="0.000088826">
        </testcase>
        <testcase classname="tests/dsg/agent-z3-integration.test.ts" name="Z3 Agent Gate — Security Gate &gt; BLOCK when gate_allow is false" time="0.000092135">
        </testcase>
        <testcase classname="tests/dsg/agent-z3-integration.test.ts" name="Z3 Seed Engine Cross-Cutting Invariant &gt; PASS when data is not needed" time="0.000096831">
        </testcase>
        <testcase classname="tests/dsg/agent-z3-integration.test.ts" name="Z3 Seed Engine Cross-Cutting Invariant &gt; BLOCK when data needed + unknown + search not attempted" time="0.000275326">
        </testcase>
        <testcase classname="tests/dsg/agent-z3-integration.test.ts" name="Z3 Seed Engine Cross-Cutting Invariant &gt; PASS when data needed + unknown + search was attempted" time="0.000090841">
        </testcase>
    </testsuite>
    <testsuite name="tests/dsg/hermes-plugin.test.ts" timestamp="2026-06-29T13:05:58.228Z" hostname="vm" tests="16" failures="0" errors="0" skipped="0" time="0.024610001">
        <testcase classname="tests/dsg/hermes-plugin.test.ts" name="browser_qa &gt; PASS when audit/evidence proof is present" time="0.004505937">
            <system-out>

--- browser_qa PASS ---
decision: PASS
envelopeId: 69f07a9290f51fd5ff94bac3a48916c6
expiresAt: 2026-06-29T13:10:31.121Z
prompt:
 DSG PASS — Hermes may open the browser and perform QA.
Target: /proofgate
Prompt: Open /proofgate and check broken route, console error, CTA visibility
Envelope ID: 69f07a9290f51fd5ff94bac3a48916c6
Expires at: 2026-06-29T13:10:31.121Z
After QA, post the observed result (console errors, broken routes, CTA status) to: /api/dsg/agent-command-gate/result

            </system-out>
        </testcase>
        <testcase classname="tests/dsg/hermes-plugin.test.ts" name="browser_qa &gt; PASS without proof (observe-no-audit fast path)" time="0.001490057">
            <system-out>

--- browser_qa PASS (no proof, observe fast path) ---
reasons: [ [32m&apos;observe_no_audit_pass&apos;[39m ]
prompt: DSG PASS (observe, no-audit) — Hermes may open browser and QA.
/proofgate
No mutation will occur. No result callback required.

            </system-out>
        </testcase>
        <testcase classname="tests/dsg/hermes-plugin.test.ts" name="local_operator &gt; PASS for read command with proof" time="0.002115169">
            <system-out>

--- local_operator ls PASS ---
decision: PASS | actionType: read

            </system-out>
        </testcase>
        <testcase classname="tests/dsg/hermes-plugin.test.ts" name="local_operator &gt; PREFLIGHT BLOCK when touching .env file" time="0.000490345">
            <system-out>

--- local_operator .env PREFLIGHT BLOCK ---
rule: NO_SECRET_FILE_ACCESS
reason: Hermes may not read, write, or export files matching sensitive patterns (.env, token, secret, private key, credentials, .pem, .ssh). If access is required, use the DSG evidence gate with an approved proof chain.

            </system-out>
        </testcase>
        <testcase classname="tests/dsg/hermes-plugin.test.ts" name="local_operator &gt; PREFLIGHT BLOCK when .env piped (exfiltration pattern)" time="0.000383652">
            <system-out>

--- local_operator .env|pipe PREFLIGHT BLOCK ---

            </system-out>
        </testcase>
        <testcase classname="tests/dsg/hermes-plugin.test.ts" name="local_operator &gt; PREFLIGHT BLOCK when .pem piped (exfiltration pattern)" time="0.000399347">
            <system-out>

--- local_operator .pem|pipe PREFLIGHT BLOCK ---

            </system-out>
        </testcase>
        <testcase classname="tests/dsg/hermes-plugin.test.ts" name="local_operator &gt; PREFLIGHT BLOCK when deploy --prod" time="0.00114793">
            <system-out>

--- local_operator deploy --prod PREFLIGHT BLOCK ---
rule: NO_PRODUCTION_DEPLOY_WITHOUT_APPROVAL

            </system-out>
        </testcase>
        <testcase classname="tests/dsg/hermes-plugin.test.ts" name="local_proxy &gt; PREFLIGHT BLOCK on ngrok" time="0.000590664">
            <system-out>

--- local_proxy ngrok PREFLIGHT BLOCK ---
rule: NO_PUBLIC_PROXY

            </system-out>
        </testcase>
        <testcase classname="tests/dsg/hermes-plugin.test.ts" name="local_proxy &gt; PREFLIGHT BLOCK on 0.0.0.0" time="0.000547696">
            <system-out>

--- local_proxy 0.0.0.0 PREFLIGHT BLOCK ---

            </system-out>
        </testcase>
        <testcase classname="tests/dsg/hermes-plugin.test.ts" name="github_pr_assistant &gt; PREFLIGHT BLOCK on auto-merge" time="0.000433111">
            <system-out>

--- github_pr_assistant auto-merge PREFLIGHT BLOCK ---
rule: NO_AUTO_MERGE

            </system-out>
        </testcase>
        <testcase classname="tests/dsg/hermes-plugin.test.ts" name="github_pr_assistant &gt; PASS for normal PR assist with proof" time="0.000663531">
            <system-out>

--- github_pr_assistant PASS ---
decision: PASS | op: pr-42-assist

            </system-out>
        </testcase>
        <testcase classname="tests/dsg/hermes-plugin.test.ts" name="x_search_signal &gt; PREFLIGHT BLOCK when X confirms used as truth" time="0.000331968">
            <system-out>

--- x_search_signal truth claim PREFLIGHT BLOCK ---
rule: NO_X_SEARCH_UNREVIEWED_TRUTH_CLAIM

            </system-out>
        </testcase>
        <testcase classname="tests/dsg/hermes-plugin.test.ts" name="x_search_signal &gt; PASS for normal signal search with proof" time="0.000689012">
            <system-out>

--- x_search_signal PASS ---
decision: PASS
prompt snippet: DSG PASS — Hermes may query X/Twitter for signals. | Query: #ProofGate DSG launch signal | Envelope ID: 035e8c05059435bbb4bfcf575b3f3fba

            </system-out>
        </testcase>
        <testcase classname="tests/dsg/hermes-plugin.test.ts" name="evidence_generator &gt; PASS with proof" time="0.000440251">
            <system-out>

--- evidence_generator PASS ---
decision: PASS | target: dsg-evidence-store

            </system-out>
        </testcase>
        <testcase classname="tests/dsg/hermes-plugin.test.ts" name="gated_executor &gt; BLOCK without proof (gate rejects)" time="0.007822104">
            <system-out>

--- gated_executor BLOCK (no proof) ---
reasons: [
  [32m&apos;block:audit_hook_bound&apos;[39m,
  [32m&apos;block:evidence_hook_bound&apos;[39m,
  [32m&apos;decision_block&apos;[39m
]

            </system-out>
        </testcase>
        <testcase classname="tests/dsg/hermes-plugin.test.ts" name="gated_executor &gt; PASS with proof" time="0.00049283">
            <system-out>

--- gated_executor PASS ---
envelopeId: ac84486250415e4386cd81df5071717f

            </system-out>
        </testcase>
    </testsuite>
    <testsuite name="tests/dsg/memory-gate.test.ts" timestamp="2026-06-29T13:05:58.231Z" hostname="vm" tests="6" failures="0" errors="0" skipped="0" time="0.00494936">
        <testcase classname="tests/dsg/memory-gate.test.ts" name="DSG governed memory gate &gt; blocks all memory when workspace scope is missing" time="0.001822216">
        </testcase>
        <testcase classname="tests/dsg/memory-gate.test.ts" name="DSG governed memory gate &gt; blocks secret memory without secret read permission" time="0.000399746">
        </testcase>
        <testcase classname="tests/dsg/memory-gate.test.ts" name="DSG governed memory gate &gt; routes PII memory to review without PII permission" time="0.000235863">
        </testcase>
        <testcase classname="tests/dsg/memory-gate.test.ts" name="DSG governed memory gate &gt; blocks unverified production claim memory when evidence is required" time="0.000244293">
        </testcase>
        <testcase classname="tests/dsg/memory-gate.test.ts" name="DSG governed memory gate &gt; blocks memory from replacing missing current evidence" time="0.000276096">
        </testcase>
        <testcase classname="tests/dsg/memory-gate.test.ts" name="DSG governed memory gate &gt; passes verified memory only when current evidence passes" time="0.000291525">
        </testcase>
    </testsuite>
    <testsuite name="tests/dsg/memory-request-context.test.ts" timestamp="2026-06-29T13:05:58.232Z" hostname="vm" tests="4" failures="0" errors="0" skipped="0" time="0.007353352">
        <testcase classname="tests/dsg/memory-request-context.test.ts" name="governed memory request context &gt; parses comma-separated permissions" time="0.001704573">
        </testcase>
        <testcase classname="tests/dsg/memory-request-context.test.ts" name="governed memory request context &gt; blocks dev auth headers unless explicitly enabled" time="0.0024351">
        </testcase>
        <testcase classname="tests/dsg/memory-request-context.test.ts" name="governed memory request context &gt; requires workspace, actor, and permissions" time="0.001380744">
        </testcase>
        <testcase classname="tests/dsg/memory-request-context.test.ts" name="governed memory request context &gt; enforces required memory permission" time="0.000413282">
        </testcase>
    </testsuite>
    <testsuite name="tests/dsg/midmarket-governance-autopilot.test.ts" timestamp="2026-06-29T13:05:58.232Z" hostname="vm" tests="3" failures="0" errors="0" skipped="0" time="0.016386747">
        <testcase classname="tests/dsg/midmarket-governance-autopilot.test.ts" name="mid-market governance autopilot &gt; produces deterministic decision hashes for the same request and timestamp" time="0.013972906">
        </testcase>
        <testcase classname="tests/dsg/midmarket-governance-autopilot.test.ts" name="mid-market governance autopilot &gt; blocks direct database mutations" time="0.000650527">
        </testcase>
        <testcase classname="tests/dsg/midmarket-governance-autopilot.test.ts" name="mid-market governance autopilot &gt; passes a low-risk read-only API inventory" time="0.00033748">
        </testcase>
    </testsuite>
    <testsuite name="tests/dsg/midmarket-production-runtime.test.ts" timestamp="2026-06-29T13:05:58.233Z" hostname="vm" tests="4" failures="0" errors="0" skipped="0" time="0.013027918">
        <testcase classname="tests/dsg/midmarket-production-runtime.test.ts" name="mid-market production runtime binding &gt; passes only when executor, RBAC, audit, evidence, approval, idempotency, rollback, and replay proofs are complete" time="0.002993748">
        </testcase>
        <testcase classname="tests/dsg/midmarket-production-runtime.test.ts" name="mid-market production runtime binding &gt; blocks direct model-to-api execution" time="0.007759996">
        </testcase>
        <testcase classname="tests/dsg/midmarket-production-runtime.test.ts" name="mid-market production runtime binding &gt; blocks high risk actions without approval" time="0.000413484">
        </testcase>
        <testcase classname="tests/dsg/midmarket-production-runtime.test.ts" name="mid-market production runtime binding &gt; blocks replay mismatch" time="0.00038477">
        </testcase>
    </testsuite>
    <testsuite name="tests/dsg/plan-alignment-gate.test.ts" timestamp="2026-06-29T13:05:58.233Z" hostname="vm" tests="17" failures="0" errors="0" skipped="0" time="0.009223136">
        <testcase classname="tests/dsg/plan-alignment-gate.test.ts" name="evaluatePlanAlignment &gt; PLAN_MATCHED_ALLOW_AUDIT when event fully matches contract" time="0.002342161">
        </testcase>
        <testcase classname="tests/dsg/plan-alignment-gate.test.ts" name="evaluatePlanAlignment &gt; OUT_OF_PLAN_DENY when action type is not in contract" time="0.000546452">
        </testcase>
        <testcase classname="tests/dsg/plan-alignment-gate.test.ts" name="evaluatePlanAlignment &gt; OUT_OF_PLAN_DENY when target system is not in contract" time="0.000289074">
        </testcase>
        <testcase classname="tests/dsg/plan-alignment-gate.test.ts" name="evaluatePlanAlignment &gt; OUT_OF_PLAN_DENY when risk level exceeds contract max" time="0.000208532">
        </testcase>
        <testcase classname="tests/dsg/plan-alignment-gate.test.ts" name="evaluatePlanAlignment &gt; OUT_OF_PLAN_DENY when operation is not in allowedOperations (P2 — enforce operations)" time="0.000314963">
        </testcase>
        <testcase classname="tests/dsg/plan-alignment-gate.test.ts" name="evaluatePlanAlignment &gt; PLAN_MATCHED when allowedOperations is empty (wildcard — all operations allowed)" time="0.000224137">
        </testcase>
        <testcase classname="tests/dsg/plan-alignment-gate.test.ts" name="evaluatePlanAlignment &gt; OUT_OF_PLAN_DENY when workspace does not match contract" time="0.000804303">
        </testcase>
        <testcase classname="tests/dsg/plan-alignment-gate.test.ts" name="evaluatePlanAlignment &gt; OUT_OF_PLAN_DENY when plan is expired" time="0.000240112">
        </testcase>
        <testcase classname="tests/dsg/plan-alignment-gate.test.ts" name="evaluatePlanAlignment &gt; PLAN_RELATED_REPLAN when planHash in event does not match contract" time="0.000499137">
        </testcase>
        <testcase classname="tests/dsg/plan-alignment-gate.test.ts" name="evaluatePlanAlignment &gt; CLAIM_EVIDENCE_DENY when required idempotency key is missing" time="0.000331397">
        </testcase>
        <testcase classname="tests/dsg/plan-alignment-gate.test.ts" name="evaluatePlanAlignment &gt; CLAIM_EVIDENCE_DENY when required evidence manifest is missing" time="0.000217867">
        </testcase>
        <testcase classname="tests/dsg/plan-alignment-gate.test.ts" name="evaluatePlanAlignment &gt; CLAIM_EVIDENCE_DENY when requireAudit is true and audit fields are missing (P2 — enforce audit binding)" time="0.00031226">
        </testcase>
        <testcase classname="tests/dsg/plan-alignment-gate.test.ts" name="evaluatePlanAlignment &gt; PLAN_MATCHED when requireAudit is false even without audit fields" time="0.00026766">
        </testcase>
        <testcase classname="tests/dsg/plan-alignment-gate.test.ts" name="evaluatePlanAlignment &gt; PLAN_MATCHED when evidence requirements are not required by contract" time="0.000165635">
        </testcase>
        <testcase classname="tests/dsg/plan-alignment-gate.test.ts" name="evaluatePlanAlignment &gt; produces deterministic decisionHash for same inputs" time="0.000117883">
        </testcase>
        <testcase classname="tests/dsg/plan-alignment-gate.test.ts" name="buildHermesEvidenceReceipt &gt; builds receipt binding plan, scope, and action evidence" time="0.000475519">
        </testcase>
        <testcase classname="tests/dsg/plan-alignment-gate.test.ts" name="buildHermesEvidenceReceipt &gt; receipt reflects deny decision when alignment blocked" time="0.000218383">
        </testcase>
    </testsuite>
    <testsuite name="tests/dsg/template-entitlement.test.ts" timestamp="2026-06-29T13:05:58.235Z" hostname="vm" tests="8" failures="0" errors="0" skipped="0" time="0.005868234">
        <testcase classname="tests/dsg/template-entitlement.test.ts" name="decideTemplateEntitlement &gt; allows the seller to use their own template" time="0.001528438">
        </testcase>
        <testcase classname="tests/dsg/template-entitlement.test.ts" name="decideTemplateEntitlement &gt; allows free public templates without a purchase" time="0.00045237">
        </testcase>
        <testcase classname="tests/dsg/template-entitlement.test.ts" name="decideTemplateEntitlement &gt; blocks paid templates when no purchase exists" time="0.000216582">
        </testcase>
        <testcase classname="tests/dsg/template-entitlement.test.ts" name="decideTemplateEntitlement &gt; blocks pending purchases until Stripe webhook clears the sale" time="0.000387867">
        </testcase>
        <testcase classname="tests/dsg/template-entitlement.test.ts" name="decideTemplateEntitlement &gt; allows cleared purchases" time="0.000226409">
        </testcase>
        <testcase classname="tests/dsg/template-entitlement.test.ts" name="decideTemplateEntitlement &gt; blocks refunded purchases" time="0.000175674">
        </testcase>
        <testcase classname="tests/dsg/template-entitlement.test.ts" name="decideTemplateEntitlement &gt; blocks non-public templates for non-sellers" time="0.000174182">
        </testcase>
        <testcase classname="tests/dsg/template-entitlement.test.ts" name="decideTemplateEntitlement &gt; blocks missing templates" time="0.000111991">
        </testcase>
    </testsuite>
    <testsuite name="tests/failure/replay-matrix.test.ts" timestamp="2026-06-29T13:05:58.237Z" hostname="vm" tests="4" failures="0" errors="0" skipped="0" time="0.002940212">
        <testcase classname="tests/failure/replay-matrix.test.ts" name="runtime replay matrix &gt; &apos;high risk replay&apos;" time="0.0012698">
        </testcase>
        <testcase classname="tests/failure/replay-matrix.test.ts" name="runtime replay matrix &gt; &apos;mid risk replay&apos;" time="0.000303391">
        </testcase>
        <testcase classname="tests/failure/replay-matrix.test.ts" name="runtime replay matrix &gt; &apos;low risk replay&apos;" time="0.000115882">
        </testcase>
        <testcase classname="tests/failure/replay-matrix.test.ts" name="runtime replay matrix &gt; stabilizes oscillation edge case replay" time="0.000171299">
        </testcase>
    </testsuite>
    <testsuite name="tests/integration/android-executor.e2e.test.ts" timestamp="2026-06-29T13:05:58.238Z" hostname="vm" tests="5" failures="0" errors="0" skipped="0" time="0.004904014">
        <testcase classname="tests/integration/android-executor.e2e.test.ts" name="Android executor (Appium-driven) &gt; dry_run: app allowed, no Appium launched, does not touch device" time="0.001747833">
        </testcase>
        <testcase classname="tests/integration/android-executor.e2e.test.ts" name="Android executor (Appium-driven) &gt; blocks an app that is not in the allowlist" time="0.000330838">
        </testcase>
        <testcase classname="tests/integration/android-executor.e2e.test.ts" name="Android executor (Appium-driven) &gt; blocks live mode when HERMES_ANDROID_LIVE env flag is not set" time="0.000324077">
        </testcase>
        <testcase classname="tests/integration/android-executor.e2e.test.ts" name="Android executor (Appium-driven) &gt; blocks a credential action before launching Appium" time="0.000350328">
        </testcase>
        <testcase classname="tests/integration/android-executor.e2e.test.ts" name="Android executor (Appium-driven) &gt; returns proper trace structure with expected fields" time="0.001018025">
        </testcase>
    </testsuite>
    <testsuite name="tests/integration/android-live-demo.manual.test.ts" timestamp="2026-06-29T13:05:58.238Z" hostname="vm" tests="1" failures="0" errors="0" skipped="1" time="0">
        <testcase classname="tests/integration/android-live-demo.manual.test.ts" name="LIVE: Appium drives a real Android app &gt; executes click action on Settings app, captures evidence" time="0">
            <skipped/>
        </testcase>
    </testsuite>
    <testsuite name="tests/integration/delegation-audit-recorder.test.ts" timestamp="2026-06-29T13:05:58.239Z" hostname="vm" tests="22" failures="0" errors="0" skipped="0" time="0.02371266">
        <testcase classname="tests/integration/delegation-audit-recorder.test.ts" name="Delegation Audit Recorder - Recording Actions &gt; should record ALLOW action without DB" time="0.002742467">
        </testcase>
        <testcase classname="tests/integration/delegation-audit-recorder.test.ts" name="Delegation Audit Recorder - Recording Actions &gt; should record BLOCK action without DB" time="0.000396086">
        </testcase>
        <testcase classname="tests/integration/delegation-audit-recorder.test.ts" name="Delegation Audit Recorder - Recording Actions &gt; should record action with optional target" time="0.000251553">
        </testcase>
        <testcase classname="tests/integration/delegation-audit-recorder.test.ts" name="Delegation Audit Recorder - Recording Actions &gt; should generate unique eventIds for same input" time="0.000679066">
        </testcase>
        <testcase classname="tests/integration/delegation-audit-recorder.test.ts" name="Delegation Audit Recorder - Recording Actions &gt; should generate different timestamps for different events" time="0.011606575">
        </testcase>
        <testcase classname="tests/integration/delegation-audit-recorder.test.ts" name="Delegation Audit Recorder - Recording Actions &gt; should generate different hashes for different eventIds" time="0.000533286">
        </testcase>
        <testcase classname="tests/integration/delegation-audit-recorder.test.ts" name="Delegation Audit Recorder - Convenience Functions &gt; should record allow action with helper" time="0.000331806">
        </testcase>
        <testcase classname="tests/integration/delegation-audit-recorder.test.ts" name="Delegation Audit Recorder - Convenience Functions &gt; should record allow action with default reason" time="0.000255467">
        </testcase>
        <testcase classname="tests/integration/delegation-audit-recorder.test.ts" name="Delegation Audit Recorder - Convenience Functions &gt; should record block action with helper" time="0.000335666">
        </testcase>
        <testcase classname="tests/integration/delegation-audit-recorder.test.ts" name="Delegation Audit Recorder - Convenience Functions &gt; should record block action with default reason" time="0.000209242">
        </testcase>
        <testcase classname="tests/integration/delegation-audit-recorder.test.ts" name="Delegation Audit Recorder - Hash Chain Integrity &gt; should create valid hash for single event" time="0.00111953">
        </testcase>
        <testcase classname="tests/integration/delegation-audit-recorder.test.ts" name="Delegation Audit Recorder - Hash Chain Integrity &gt; should create valid individual event hashes without DB" time="0.00035065">
        </testcase>
        <testcase classname="tests/integration/delegation-audit-recorder.test.ts" name="Delegation Audit Recorder - Hash Chain Integrity &gt; should handle multiple actions per delegation" time="0.000322778">
        </testcase>
        <testcase classname="tests/integration/delegation-audit-recorder.test.ts" name="Delegation Audit Recorder - Hash Chain Integrity &gt; should handle mixed ALLOW and BLOCK decisions" time="0.000265628">
        </testcase>
        <testcase classname="tests/integration/delegation-audit-recorder.test.ts" name="Delegation Audit Recorder - Hash Chain Integrity &gt; should handle different risk levels" time="0.000396306">
        </testcase>
        <testcase classname="tests/integration/delegation-audit-recorder.test.ts" name="Delegation Audit Recorder - Edge Cases &gt; should handle empty evidenceJson" time="0.000299622">
        </testcase>
        <testcase classname="tests/integration/delegation-audit-recorder.test.ts" name="Delegation Audit Recorder - Edge Cases &gt; should handle complex evidenceJson" time="0.000198881">
        </testcase>
        <testcase classname="tests/integration/delegation-audit-recorder.test.ts" name="Delegation Audit Recorder - Edge Cases &gt; should handle all risk levels" time="0.000398319">
        </testcase>
        <testcase classname="tests/integration/delegation-audit-recorder.test.ts" name="Delegation Audit Recorder - Edge Cases &gt; should handle very long reason text" time="0.000163854">
        </testcase>
        <testcase classname="tests/integration/delegation-audit-recorder.test.ts" name="Delegation Audit Recorder - Edge Cases &gt; should handle unicode in action and target" time="0.000200889">
        </testcase>
        <testcase classname="tests/integration/delegation-audit-recorder.test.ts" name="Delegation Audit Recorder - Event Properties &gt; should record createdAt timestamp" time="0.000365696">
        </testcase>
        <testcase classname="tests/integration/delegation-audit-recorder.test.ts" name="Delegation Audit Recorder - Event Properties &gt; should record all required fields" time="0.000350838">
        </testcase>
    </testsuite>
    <testsuite name="tests/integration/delegation-end-to-end.test.ts" timestamp="2026-06-29T13:05:58.242Z" hostname="vm" tests="4" failures="0" errors="0" skipped="4" time="0">
        <testcase classname="tests/integration/delegation-end-to-end.test.ts" name="User-Delegated AGI Runtime E2E &gt; Complete delegation workflow &gt; should execute complete workflow: goal → plan → verify → execute → audit" time="0">
            <skipped/>
        </testcase>
        <testcase classname="tests/integration/delegation-end-to-end.test.ts" name="User-Delegated AGI Runtime E2E &gt; Complete delegation workflow &gt; should block if HIGH action attempted without confirmation" time="0">
            <skipped/>
        </testcase>
        <testcase classname="tests/integration/delegation-end-to-end.test.ts" name="User-Delegated AGI Runtime E2E &gt; Complete delegation workflow &gt; should detect tampered audit event via hash mismatch" time="0">
            <skipped/>
        </testcase>
        <testcase classname="tests/integration/delegation-end-to-end.test.ts" name="User-Delegated AGI Runtime E2E &gt; Complete delegation workflow &gt; should enforce expiration on delegations" time="0">
            <skipped/>
        </testcase>
    </testsuite>
    <testsuite name="tests/integration/delegation-multiagent.test.ts" timestamp="2026-06-29T13:05:58.243Z" hostname="vm" tests="6" failures="0" errors="0" skipped="6" time="0">
        <testcase classname="tests/integration/delegation-multiagent.test.ts" name="Delegation Multi-Agent Isolation &gt; Concurrent agent execution isolation &gt; should isolate jobs for different agents on same user" time="0">
            <skipped/>
        </testcase>
        <testcase classname="tests/integration/delegation-multiagent.test.ts" name="Delegation Multi-Agent Isolation &gt; Concurrent agent execution isolation &gt; should isolate audit trails by delegation" time="0">
            <skipped/>
        </testcase>
        <testcase classname="tests/integration/delegation-multiagent.test.ts" name="Delegation Multi-Agent Isolation &gt; Concurrent agent execution isolation &gt; should prevent cross-org data access through index isolation" time="0">
            <skipped/>
        </testcase>
        <testcase classname="tests/integration/delegation-multiagent.test.ts" name="Delegation Multi-Agent Isolation &gt; Concurrent agent execution isolation &gt; should isolate confirmation requests by delegation" time="0">
            <skipped/>
        </testcase>
        <testcase classname="tests/integration/delegation-multiagent.test.ts" name="Delegation Multi-Agent Isolation &gt; Concurrent agent execution isolation &gt; should efficiently query jobs by status and org" time="0">
            <skipped/>
        </testcase>
        <testcase classname="tests/integration/delegation-multiagent.test.ts" name="Delegation Multi-Agent Isolation &gt; Confirmation request isolation &gt; should prevent expired confirmation from being approved" time="0">
            <skipped/>
        </testcase>
    </testsuite>
    <testsuite name="tests/integration/delegation-permission-gate.test.ts" timestamp="2026-06-29T13:05:58.243Z" hostname="vm" tests="26" failures="0" errors="0" skipped="0" time="0.010134842">
        <testcase classname="tests/integration/delegation-permission-gate.test.ts" name="Delegation Permission Gate &gt; checkDelegationPermission - Risk-based decisions &gt; should ALLOW LOW risk action that is in allowedActions" time="0.001981692">
        </testcase>
        <testcase classname="tests/integration/delegation-permission-gate.test.ts" name="Delegation Permission Gate &gt; checkDelegationPermission - Risk-based decisions &gt; should REVIEW MEDIUM risk action that is in allowedActions" time="0.00101202">
        </testcase>
        <testcase classname="tests/integration/delegation-permission-gate.test.ts" name="Delegation Permission Gate &gt; checkDelegationPermission - Risk-based decisions &gt; should REVIEW HIGH risk action even if in allowedActions" time="0.000403408">
        </testcase>
        <testcase classname="tests/integration/delegation-permission-gate.test.ts" name="Delegation Permission Gate &gt; checkDelegationPermission - Risk-based decisions &gt; should REVIEW CRITICAL risk action" time="0.000344537">
        </testcase>
        <testcase classname="tests/integration/delegation-permission-gate.test.ts" name="Delegation Permission Gate &gt; checkDelegationPermission - Blocked actions &gt; should BLOCK action that is in blockedActions" time="0.000307251">
        </testcase>
        <testcase classname="tests/integration/delegation-permission-gate.test.ts" name="Delegation Permission Gate &gt; checkDelegationPermission - Blocked actions &gt; should ALLOW unknown action if tool wildcard is present" time="0.000252262">
        </testcase>
        <testcase classname="tests/integration/delegation-permission-gate.test.ts" name="Delegation Permission Gate &gt; checkDelegationPermission - Confirmation overrides &gt; should REVIEW action that requires confirmation even if LOW risk" time="0.000263228">
        </testcase>
        <testcase classname="tests/integration/delegation-permission-gate.test.ts" name="Delegation Permission Gate &gt; checkDelegationPermission - Confirmation overrides &gt; should REVIEW action with step-level requiresConfirmation flag" time="0.000318517">
        </testcase>
        <testcase classname="tests/integration/delegation-permission-gate.test.ts" name="Delegation Permission Gate &gt; checkDelegationPermission - Wildcard actions &gt; should ALLOW action with tool wildcard in allowedActions" time="0.000242651">
        </testcase>
        <testcase classname="tests/integration/delegation-permission-gate.test.ts" name="Delegation Permission Gate &gt; checkDelegationPermission - Expired delegation &gt; should BLOCK action when delegation is expired" time="0.000223493">
        </testcase>
        <testcase classname="tests/integration/delegation-permission-gate.test.ts" name="Delegation Permission Gate &gt; checkDelegationPermission - Null delegation &gt; should BLOCK action when delegation is null" time="0.000130742">
        </testcase>
        <testcase classname="tests/integration/delegation-permission-gate.test.ts" name="Delegation Permission Gate &gt; checkDelegationPermission - Context awareness &gt; should include user presence in evidence when context provided" time="0.000173961">
        </testcase>
        <testcase classname="tests/integration/delegation-permission-gate.test.ts" name="Delegation Permission Gate &gt; Helper functions &gt; isActionBlocked &gt; should return true for blocked actions" time="0.000151308">
        </testcase>
        <testcase classname="tests/integration/delegation-permission-gate.test.ts" name="Delegation Permission Gate &gt; Helper functions &gt; isActionBlocked &gt; should return false for allowed actions" time="0.000121359">
        </testcase>
        <testcase classname="tests/integration/delegation-permission-gate.test.ts" name="Delegation Permission Gate &gt; Helper functions &gt; isActionBlocked &gt; should return true for null delegation" time="0.000095625">
        </testcase>
        <testcase classname="tests/integration/delegation-permission-gate.test.ts" name="Delegation Permission Gate &gt; Helper functions &gt; isActionAllowed &gt; should return true for allowed actions" time="0.000138782">
        </testcase>
        <testcase classname="tests/integration/delegation-permission-gate.test.ts" name="Delegation Permission Gate &gt; Helper functions &gt; isActionAllowed &gt; should return false for blocked actions" time="0.000079274">
        </testcase>
        <testcase classname="tests/integration/delegation-permission-gate.test.ts" name="Delegation Permission Gate &gt; Helper functions &gt; isActionAllowed &gt; should return false for unknown actions when no wildcard" time="0.000100631">
        </testcase>
        <testcase classname="tests/integration/delegation-permission-gate.test.ts" name="Delegation Permission Gate &gt; Helper functions &gt; isActionAllowed &gt; should return false for null delegation" time="0.000087645">
        </testcase>
        <testcase classname="tests/integration/delegation-permission-gate.test.ts" name="Delegation Permission Gate &gt; Helper functions &gt; isActionAllowed &gt; should support wildcard matches" time="0.000090695">
        </testcase>
        <testcase classname="tests/integration/delegation-permission-gate.test.ts" name="Delegation Permission Gate &gt; Helper functions &gt; requiresConfirmation &gt; should return true for actions in requiresUserConfirm" time="0.000131921">
        </testcase>
        <testcase classname="tests/integration/delegation-permission-gate.test.ts" name="Delegation Permission Gate &gt; Helper functions &gt; requiresConfirmation &gt; should return false for other actions" time="0.000078549">
        </testcase>
        <testcase classname="tests/integration/delegation-permission-gate.test.ts" name="Delegation Permission Gate &gt; Helper functions &gt; requiresConfirmation &gt; should return true for null delegation" time="0.000123285">
        </testcase>
        <testcase classname="tests/integration/delegation-permission-gate.test.ts" name="Delegation Permission Gate &gt; End-to-end delegation scenarios &gt; should handle a simple allowed action flow" time="0.000251818">
        </testcase>
        <testcase classname="tests/integration/delegation-permission-gate.test.ts" name="Delegation Permission Gate &gt; End-to-end delegation scenarios &gt; should handle a blocked action flow" time="0.000137616">
        </testcase>
        <testcase classname="tests/integration/delegation-permission-gate.test.ts" name="Delegation Permission Gate &gt; End-to-end delegation scenarios &gt; should handle a confirmation-required flow" time="0.000142773">
        </testcase>
    </testsuite>
    <testsuite name="tests/integration/dsg-safe-dom-browserbase.test.ts" timestamp="2026-06-29T13:05:58.246Z" hostname="vm" tests="16" failures="0" errors="0" skipped="0" time="0.014524676">
        <testcase classname="tests/integration/dsg-safe-dom-browserbase.test.ts" name="Safe DOM Browserbase Integration &gt; captureLiveDOM &gt; should capture DOM structure from Browserbase" time="0.001651965">
        </testcase>
        <testcase classname="tests/integration/dsg-safe-dom-browserbase.test.ts" name="Safe DOM Browserbase Integration &gt; captureLiveDOM &gt; should throw error when API key is missing" time="0.001361946">
        </testcase>
        <testcase classname="tests/integration/dsg-safe-dom-browserbase.test.ts" name="Safe DOM Browserbase Integration &gt; persistManifest &gt; should persist manifest to database" time="0.001047859">
        </testcase>
        <testcase classname="tests/integration/dsg-safe-dom-browserbase.test.ts" name="Safe DOM Browserbase Integration &gt; persistManifest &gt; should set default expiration to 5 minutes" time="0.000395673">
        </testcase>
        <testcase classname="tests/integration/dsg-safe-dom-browserbase.test.ts" name="Safe DOM Browserbase Integration &gt; verifySafeDomIntentOrFail &gt; should verify allowed click action on button" time="0.000641897">
        </testcase>
        <testcase classname="tests/integration/dsg-safe-dom-browserbase.test.ts" name="Safe DOM Browserbase Integration &gt; verifySafeDomIntentOrFail &gt; should verify allowed type action on input" time="0.000288471">
        </testcase>
        <testcase classname="tests/integration/dsg-safe-dom-browserbase.test.ts" name="Safe DOM Browserbase Integration &gt; verifySafeDomIntentOrFail &gt; should block disallowed action on element" time="0.000412007">
        </testcase>
        <testcase classname="tests/integration/dsg-safe-dom-browserbase.test.ts" name="Safe DOM Browserbase Integration &gt; verifySafeDomIntentOrFail &gt; should reject unknown element ID" time="0.000340584">
        </testcase>
        <testcase classname="tests/integration/dsg-safe-dom-browserbase.test.ts" name="Safe DOM Browserbase Integration &gt; verifySafeDomIntentOrFail &gt; should reject expired manifest" time="0.000525335">
        </testcase>
        <testcase classname="tests/integration/dsg-safe-dom-browserbase.test.ts" name="Safe DOM Browserbase Integration &gt; verifySafeDomIntentOrFail &gt; should reject manifest for different frame ID" time="0.000367783">
        </testcase>
        <testcase classname="tests/integration/dsg-safe-dom-browserbase.test.ts" name="Safe DOM Browserbase Integration &gt; executeVerifiedCommand &gt; should execute verified command through Browserbase" time="0.000797087">
        </testcase>
        <testcase classname="tests/integration/dsg-safe-dom-browserbase.test.ts" name="Safe DOM Browserbase Integration &gt; executeVerifiedCommand &gt; should throw error when API key is missing" time="0.000362668">
        </testcase>
        <testcase classname="tests/integration/dsg-safe-dom-browserbase.test.ts" name="Safe DOM Browserbase Integration &gt; buildAndPersistManifest &gt; should build and persist manifest end-to-end" time="0.000663161">
        </testcase>
        <testcase classname="tests/integration/dsg-safe-dom-browserbase.test.ts" name="Safe DOM Browserbase Integration &gt; buildAndPersistManifest &gt; should extract clickable elements from DOM" time="0.000210615">
        </testcase>
        <testcase classname="tests/integration/dsg-safe-dom-browserbase.test.ts" name="Safe DOM Browserbase Integration &gt; Cross-session tampering protection &gt; should prevent executing commands from different session" time="0.000288868">
        </testcase>
        <testcase classname="tests/integration/dsg-safe-dom-browserbase.test.ts" name="Safe DOM Browserbase Integration &gt; Cross-session tampering protection &gt; should track unique session/frame combinations" time="0.000492532">
        </testcase>
    </testsuite>
    <testsuite name="tests/integration/dsg-safe-dom-virtual-pc.test.ts" timestamp="2026-06-29T13:05:58.248Z" hostname="vm" tests="25" failures="0" errors="0" skipped="0" time="0.022473943">
        <testcase classname="tests/integration/dsg-safe-dom-virtual-pc.test.ts" name="Virtual PC + Safe DOM Integration &gt; Test 1: Extract DOM from simulated React component &gt; should build manifest from raw elements" time="0.004126938">
        </testcase>
        <testcase classname="tests/integration/dsg-safe-dom-virtual-pc.test.ts" name="Virtual PC + Safe DOM Integration &gt; Test 1: Extract DOM from simulated React component &gt; should assign unique IDs to elements" time="0.001094626">
        </testcase>
        <testcase classname="tests/integration/dsg-safe-dom-virtual-pc.test.ts" name="Virtual PC + Safe DOM Integration &gt; Test 1: Extract DOM from simulated React component &gt; should preserve element properties in safe view" time="0.000712307">
        </testcase>
        <testcase classname="tests/integration/dsg-safe-dom-virtual-pc.test.ts" name="Virtual PC + Safe DOM Integration &gt; Test 1: Extract DOM from simulated React component &gt; should not expose selectors to agent" time="0.000867291">
        </testcase>
        <testcase classname="tests/integration/dsg-safe-dom-virtual-pc.test.ts" name="Virtual PC + Safe DOM Integration &gt; Test 2: Filter dangerous elements (delete button removed) &gt; should filter high-risk elements" time="0.000318139">
        </testcase>
        <testcase classname="tests/integration/dsg-safe-dom-virtual-pc.test.ts" name="Virtual PC + Safe DOM Integration &gt; Test 2: Filter dangerous elements (delete button removed) &gt; should keep safe elements" time="0.000253851">
        </testcase>
        <testcase classname="tests/integration/dsg-safe-dom-virtual-pc.test.ts" name="Virtual PC + Safe DOM Integration &gt; Test 2: Filter dangerous elements (delete button removed) &gt; should not filter when disabled" time="0.000123827">
        </testcase>
        <testcase classname="tests/integration/dsg-safe-dom-virtual-pc.test.ts" name="Virtual PC + Safe DOM Integration &gt; Test 2: Filter dangerous elements (delete button removed) &gt; should assess risk levels correctly" time="0.000302033">
        </testcase>
        <testcase classname="tests/integration/dsg-safe-dom-virtual-pc.test.ts" name="Virtual PC + Safe DOM Integration &gt; Test 3: Redact secrets (hidden values) &gt; should detect Stripe keys" time="0.000236551">
        </testcase>
        <testcase classname="tests/integration/dsg-safe-dom-virtual-pc.test.ts" name="Virtual PC + Safe DOM Integration &gt; Test 3: Redact secrets (hidden values) &gt; should redact Stripe keys" time="0.000236399">
        </testcase>
        <testcase classname="tests/integration/dsg-safe-dom-virtual-pc.test.ts" name="Virtual PC + Safe DOM Integration &gt; Test 3: Redact secrets (hidden values) &gt; should not redact normal values" time="0.000108787">
        </testcase>
        <testcase classname="tests/integration/dsg-safe-dom-virtual-pc.test.ts" name="Virtual PC + Safe DOM Integration &gt; Test 3: Redact secrets (hidden values) &gt; should redact values in manifest" time="0.000350588">
        </testcase>
        <testcase classname="tests/integration/dsg-safe-dom-virtual-pc.test.ts" name="Virtual PC + Safe DOM Integration &gt; Test 3: Redact secrets (hidden values) &gt; should not redact when disabled" time="0.000287266">
        </testcase>
        <testcase classname="tests/integration/dsg-safe-dom-virtual-pc.test.ts" name="Virtual PC + Safe DOM Integration &gt; Test 4: Allow valid click on e001 (logs button) &gt; should allow click on exposed element" time="0.000558385">
        </testcase>
        <testcase classname="tests/integration/dsg-safe-dom-virtual-pc.test.ts" name="Virtual PC + Safe DOM Integration &gt; Test 4: Allow valid click on e001 (logs button) &gt; should execute and track allowed commands" time="0.000251764">
        </testcase>
        <testcase classname="tests/integration/dsg-safe-dom-virtual-pc.test.ts" name="Virtual PC + Safe DOM Integration &gt; Test 4: Allow valid click on e001 (logs button) &gt; should allow typing on input elements" time="0.000395465">
        </testcase>
        <testcase classname="tests/integration/dsg-safe-dom-virtual-pc.test.ts" name="Virtual PC + Safe DOM Integration &gt; Test 5: Block unknown element ID &gt; should block commands for unknown elements" time="0.000268183">
        </testcase>
        <testcase classname="tests/integration/dsg-safe-dom-virtual-pc.test.ts" name="Virtual PC + Safe DOM Integration &gt; Test 5: Block unknown element ID &gt; should provide clear block reason" time="0.000224059">
        </testcase>
        <testcase classname="tests/integration/dsg-safe-dom-virtual-pc.test.ts" name="Virtual PC + Safe DOM Integration &gt; Test 6: Block expired manifest &gt; should block commands when manifest expires" time="0.002011207">
        </testcase>
        <testcase classname="tests/integration/dsg-safe-dom-virtual-pc.test.ts" name="Virtual PC + Safe DOM Integration &gt; Test 7: TTL refresh on new request &gt; should extend TTL on refresh" time="0.001175917">
        </testcase>
        <testcase classname="tests/integration/dsg-safe-dom-virtual-pc.test.ts" name="Virtual PC + Safe DOM Integration &gt; Test 7: TTL refresh on new request &gt; should allow commands after refresh" time="0.000271204">
        </testcase>
        <testcase classname="tests/integration/dsg-safe-dom-virtual-pc.test.ts" name="Virtual PC + Safe DOM Integration &gt; Integration scenarios &gt; should handle complete workflow: extract &gt; build &gt; verify" time="0.002966256">
        </testcase>
        <testcase classname="tests/integration/dsg-safe-dom-virtual-pc.test.ts" name="Virtual PC + Safe DOM Integration &gt; Integration scenarios &gt; should prevent access to filtered elements" time="0.000876102">
        </testcase>
        <testcase classname="tests/integration/dsg-safe-dom-virtual-pc.test.ts" name="Virtual PC + Safe DOM Integration &gt; Manifest integrity &gt; should maintain manifest consistency" time="0.00038005">
        </testcase>
        <testcase classname="tests/integration/dsg-safe-dom-virtual-pc.test.ts" name="Virtual PC + Safe DOM Integration &gt; Manifest integrity &gt; should never expose selectors in view" time="0.000704908">
        </testcase>
    </testsuite>
    <testsuite name="tests/integration/hermes-browserbase-rom-dom.e2e.test.ts" timestamp="2026-06-29T13:05:58.250Z" hostname="vm" tests="3" failures="0" errors="0" skipped="0" time="0.00802863">
        <testcase classname="tests/integration/hermes-browserbase-rom-dom.e2e.test.ts" name="Hermes + ROM + Safe DOM + Browserbase dry-run E2E &gt; completes safe form submit in dry-run without touching real website" time="0.004477319">
        </testcase>
        <testcase classname="tests/integration/hermes-browserbase-rom-dom.e2e.test.ts" name="Hermes + ROM + Safe DOM + Browserbase dry-run E2E &gt; blocks dangerous DOM element because it is not exposed to the agent" time="0.000726026">
        </testcase>
        <testcase classname="tests/integration/hermes-browserbase-rom-dom.e2e.test.ts" name="Hermes + ROM + Safe DOM + Browserbase dry-run E2E &gt; blocks secret/credential task before DOM execution" time="0.001698413">
            <system-out>
Manifest elements: [ [32m&apos;Name&apos;[39m, [32m&apos;Email&apos;[39m, [32m&apos;Message&apos;[39m, [32m&apos;Next&apos;[39m ]

            </system-out>
        </testcase>
    </testsuite>
    <testsuite name="tests/integration/incidents-api.test.ts" timestamp="2026-06-29T13:05:58.251Z" hostname="vm" tests="28" failures="0" errors="0" skipped="0" time="0.03022341">
        <testcase classname="tests/integration/incidents-api.test.ts" name="GET /api/incidents — list incidents &gt; returns structured list when auth succeeds" time="0.005986334">
        </testcase>
        <testcase classname="tests/integration/incidents-api.test.ts" name="GET /api/incidents — list incidents &gt; passes monitor-level access to GET handler (pre-condition check)" time="0.002447011">
        </testcase>
        <testcase classname="tests/integration/incidents-api.test.ts" name="GET /api/incidents — list incidents &gt; returns 401 when auth is denied" time="0.000886438">
        </testcase>
        <testcase classname="tests/integration/incidents-api.test.ts" name="GET /api/incidents — list incidents &gt; returns items sorted by created_at descending" time="0.000767347">
        </testcase>
        <testcase classname="tests/integration/incidents-api.test.ts" name="POST /api/incidents — create incident &gt; creates a new incident with valid payload" time="0.002789139">
        </testcase>
        <testcase classname="tests/integration/incidents-api.test.ts" name="POST /api/incidents — create incident &gt; requires admin-level access" time="0.000955861">
        </testcase>
        <testcase classname="tests/integration/incidents-api.test.ts" name="POST /api/incidents — create incident &gt; returns 401 when auth is denied" time="0.000583037">
        </testcase>
        <testcase classname="tests/integration/incidents-api.test.ts" name="POST /api/incidents — validation errors &gt; rejects when severity is missing" time="0.000738146">
        </testcase>
        <testcase classname="tests/integration/incidents-api.test.ts" name="POST /api/incidents — validation errors &gt; rejects when title is missing" time="0.001617395">
        </testcase>
        <testcase classname="tests/integration/incidents-api.test.ts" name="POST /api/incidents — validation errors &gt; rejects invalid severity value" time="0.000728706">
        </testcase>
        <testcase classname="tests/integration/incidents-api.test.ts" name="POST /api/incidents — validation errors &gt; rejects empty body" time="0.000555693">
        </testcase>
        <testcase classname="tests/integration/incidents-api.test.ts" name="POST /api/incidents — validation errors &gt; rejects severity with wrong type" time="0.000412835">
        </testcase>
        <testcase classname="tests/integration/incidents-api.test.ts" name="PATCH /api/incidents — update incident status &gt; updates status of an existing incident" time="0.000656559">
        </testcase>
        <testcase classname="tests/integration/incidents-api.test.ts" name="PATCH /api/incidents — update incident status &gt; sets resolved_at when status transitions to resolved" time="0.00044874">
        </testcase>
        <testcase classname="tests/integration/incidents-api.test.ts" name="PATCH /api/incidents — update incident status &gt; requires admin-level access for PATCH" time="0.000774482">
        </testcase>
        <testcase classname="tests/integration/incidents-api.test.ts" name="PATCH /api/incidents — update incident status &gt; returns 401 when auth is denied" time="0.000333846">
        </testcase>
        <testcase classname="tests/integration/incidents-api.test.ts" name="PATCH /api/incidents — not found &gt; returns 404 for non-existent incident id" time="0.000492984">
        </testcase>
        <testcase classname="tests/integration/incidents-api.test.ts" name="PATCH /api/incidents — not found &gt; returns 400 when id is missing" time="0.000438991">
        </testcase>
        <testcase classname="tests/integration/incidents-api.test.ts" name="PATCH /api/incidents — not found &gt; returns 400 for invalid status value" time="0.00051065">
        </testcase>
        <testcase classname="tests/integration/incidents-api.test.ts" name="Auth — required on all endpoints &gt; GET rejects unauthenticated requests" time="0.000275183">
        </testcase>
        <testcase classname="tests/integration/incidents-api.test.ts" name="Auth — required on all endpoints &gt; POST rejects unauthenticated requests" time="0.000310596">
        </testcase>
        <testcase classname="tests/integration/incidents-api.test.ts" name="Auth — required on all endpoints &gt; PATCH rejects unauthenticated requests" time="0.00033083">
        </testcase>
        <testcase classname="tests/integration/incidents-api.test.ts" name="Auth — required on all endpoints &gt; GET rejects requests with insufficient role" time="0.000226657">
        </testcase>
        <testcase classname="tests/integration/incidents-api.test.ts" name="Auth — required on all endpoints &gt; all three endpoints delegate to requireRuntimeAccess" time="0.000406894">
        </testcase>
        <testcase classname="tests/integration/incidents-api.test.ts" name="File-structure sanity &gt; incidents route file exists" time="0.000149187">
        </testcase>
        <testcase classname="tests/integration/incidents-api.test.ts" name="File-structure sanity &gt; route exports GET, POST, and PATCH" time="0.000285083">
        </testcase>
        <testcase classname="tests/integration/incidents-api.test.ts" name="File-structure sanity &gt; requireRuntimeAccess delegate module exists" time="0.000140623">
        </testcase>
        <testcase classname="tests/integration/incidents-api.test.ts" name="File-structure sanity &gt; incident response playbook doc exists" time="0.000086413">
        </testcase>
    </testsuite>
    <testsuite name="tests/integration/infinite-loop-final-integration.test.ts" timestamp="2026-06-29T13:05:58.254Z" hostname="vm" tests="9" failures="0" errors="0" skipped="0" time="0.011009542">
        <testcase classname="tests/integration/infinite-loop-final-integration.test.ts" name="PHASE 6: Infinite Loop Protection — Final Integration Scenarios (6 Tests) &gt; Scenario 1: Simple Loop Prevention &gt; Integration Test 1: Task fails 3 times with same fingerprint → 4th attempt blocked → stop reason MAX_RETRIES_EXCEEDED" time="0.002361416">
        </testcase>
        <testcase classname="tests/integration/infinite-loop-final-integration.test.ts" name="PHASE 6: Infinite Loop Protection — Final Integration Scenarios (6 Tests) &gt; Scenario 2: Timeout Enforcement &gt; Integration Test 2: Agent executes for 5+ minutes → execution stops with EXECUTION_TIMEOUT → queue items preserved" time="0.000746357">
        </testcase>
        <testcase classname="tests/integration/infinite-loop-final-integration.test.ts" name="PHASE 6: Infinite Loop Protection — Final Integration Scenarios (6 Tests) &gt; Scenario 3: Failure Cascade &gt; Integration Test 3: 10+ tasks fail in sequence → stop reason TOO_MANY_FAILURES → execution gracefully halts" time="0.000740732">
        </testcase>
        <testcase classname="tests/integration/infinite-loop-final-integration.test.ts" name="PHASE 6: Infinite Loop Protection — Final Integration Scenarios (6 Tests) &gt; Scenario 4: Executor Overload Recovery &gt; Integration Test 4: All executor slots filled → new requests queued → slots released properly → queue processes released items" time="0.000651171">
        </testcase>
        <testcase classname="tests/integration/infinite-loop-final-integration.test.ts" name="PHASE 6: Infinite Loop Protection — Final Integration Scenarios (6 Tests) &gt; Scenario 5: Queue Cleanup Integration &gt; Integration Test 5: Mix of RUNNING/COMPLETED/FAILED tasks → cleanup removes only safe items → protected items retained → DLQ receives stale pending items" time="0.001079552">
        </testcase>
        <testcase classname="tests/integration/infinite-loop-final-integration.test.ts" name="PHASE 6: Infinite Loop Protection — Final Integration Scenarios (6 Tests) &gt; Scenario 6: Full Monitoring Coverage &gt; Integration Test 6: System under load (high queue depth, multiple retries) → health endpoint metrics accurate → issues array populated → blocked fingerprints count correct" time="0.000714474">
        </testcase>
        <testcase classname="tests/integration/infinite-loop-final-integration.test.ts" name="PHASE 6: Infinite Loop Protection — Final Integration Scenarios (6 Tests) &gt; Cross-Cutting Integration Tests &gt; Integration: All 5 guards work together in realistic scenario" time="0.001714316">
        </testcase>
        <testcase classname="tests/integration/infinite-loop-final-integration.test.ts" name="PHASE 6: Infinite Loop Protection — Final Integration Scenarios (6 Tests) &gt; Cross-Cutting Integration Tests &gt; Integration: System resilience under cascading failures" time="0.000832948">
        </testcase>
        <testcase classname="tests/integration/infinite-loop-final-integration.test.ts" name="PHASE 6: Infinite Loop Protection — Final Integration Scenarios (6 Tests) &gt; Cross-Cutting Integration Tests &gt; Integration: Monitoring detects degradation" time="0.000454302">
        </testcase>
    </testsuite>
    <testsuite name="tests/integration/infinite-loop-protection-full.test.ts" timestamp="2026-06-29T13:05:58.255Z" hostname="vm" tests="23" failures="0" errors="0" skipped="0" time="0.022792057">
        <testcase classname="tests/integration/infinite-loop-protection-full.test.ts" name="PHASE 5: Infinite Loop Protection — Full Safety Guard Suite (16 Tests) &gt; Guard 1: Task Fingerprint Detection &gt; Test 1.1: Identical task fingerprints are generated correctly" time="0.002595172">
        </testcase>
        <testcase classname="tests/integration/infinite-loop-protection-full.test.ts" name="PHASE 5: Infinite Loop Protection — Full Safety Guard Suite (16 Tests) &gt; Guard 1: Task Fingerprint Detection &gt; Test 1.2: Different tasks have different fingerprints" time="0.004900363">
        </testcase>
        <testcase classname="tests/integration/infinite-loop-protection-full.test.ts" name="PHASE 5: Infinite Loop Protection — Full Safety Guard Suite (16 Tests) &gt; Guard 1: Task Fingerprint Detection &gt; Test 1.3: Fingerprint blocking prevents retries after 3 failures" time="0.000606753">
        </testcase>
        <testcase classname="tests/integration/infinite-loop-protection-full.test.ts" name="PHASE 5: Infinite Loop Protection — Full Safety Guard Suite (16 Tests) &gt; Guard 2: Release Executor Slot (Finally Block) &gt; Test 2.1: Executor slot released on successful execution" time="0.000559808">
        </testcase>
        <testcase classname="tests/integration/infinite-loop-protection-full.test.ts" name="PHASE 5: Infinite Loop Protection — Full Safety Guard Suite (16 Tests) &gt; Guard 2: Release Executor Slot (Finally Block) &gt; Test 2.2: Executor slot released even when error occurs" time="0.000388265">
        </testcase>
        <testcase classname="tests/integration/infinite-loop-protection-full.test.ts" name="PHASE 5: Infinite Loop Protection — Full Safety Guard Suite (16 Tests) &gt; Guard 3: Stop Reason Tracking &gt; Test 3.1: MAX_RETRIES_EXCEEDED on 4th attempt" time="0.000316993">
        </testcase>
        <testcase classname="tests/integration/infinite-loop-protection-full.test.ts" name="PHASE 5: Infinite Loop Protection — Full Safety Guard Suite (16 Tests) &gt; Guard 3: Stop Reason Tracking &gt; Test 3.2: EXECUTION_TIMEOUT after 5+ minutes" time="0.000358581">
        </testcase>
        <testcase classname="tests/integration/infinite-loop-protection-full.test.ts" name="PHASE 5: Infinite Loop Protection — Full Safety Guard Suite (16 Tests) &gt; Guard 3: Stop Reason Tracking &gt; Test 3.3: TOO_MANY_FAILURES at 10+ task failures" time="0.000275383">
        </testcase>
        <testcase classname="tests/integration/infinite-loop-protection-full.test.ts" name="PHASE 5: Infinite Loop Protection — Full Safety Guard Suite (16 Tests) &gt; Guard 3: Stop Reason Tracking &gt; Test 3.4: QUEUE_EMPTY when no more tasks" time="0.002614134">
        </testcase>
        <testcase classname="tests/integration/infinite-loop-protection-full.test.ts" name="PHASE 5: Infinite Loop Protection — Full Safety Guard Suite (16 Tests) &gt; Guard 4: Safe Queue Cleanup &gt; Test 4.1: RUNNING tasks are never deleted by cleanup" time="0.000735275">
        </testcase>
        <testcase classname="tests/integration/infinite-loop-protection-full.test.ts" name="PHASE 5: Infinite Loop Protection — Full Safety Guard Suite (16 Tests) &gt; Guard 4: Safe Queue Cleanup &gt; Test 4.2: LOCKED tasks are never deleted by cleanup" time="0.000288207">
        </testcase>
        <testcase classname="tests/integration/infinite-loop-protection-full.test.ts" name="PHASE 5: Infinite Loop Protection — Full Safety Guard Suite (16 Tests) &gt; Guard 4: Safe Queue Cleanup &gt; Test 4.3: Aged FAILED_FINAL tasks deleted after 10 minutes" time="0.000420022">
        </testcase>
        <testcase classname="tests/integration/infinite-loop-protection-full.test.ts" name="PHASE 5: Infinite Loop Protection — Full Safety Guard Suite (16 Tests) &gt; Guard 4: Safe Queue Cleanup &gt; Test 4.4: Stale PENDING items moved to DLQ after 15 minutes" time="0.000217477">
        </testcase>
        <testcase classname="tests/integration/infinite-loop-protection-full.test.ts" name="PHASE 5: Infinite Loop Protection — Full Safety Guard Suite (16 Tests) &gt; Guard 5: Complete Monitoring API &gt; Test 5.1: Health endpoint returns all required metrics" time="0.000501969">
        </testcase>
        <testcase classname="tests/integration/infinite-loop-protection-full.test.ts" name="PHASE 5: Infinite Loop Protection — Full Safety Guard Suite (16 Tests) &gt; Guard 5: Complete Monitoring API &gt; Test 5.2: Metrics include blocked fingerprints count" time="0.000114689">
        </testcase>
        <testcase classname="tests/integration/infinite-loop-protection-full.test.ts" name="PHASE 5: Infinite Loop Protection — Full Safety Guard Suite (16 Tests) &gt; Guard 5: Complete Monitoring API &gt; Test 5.3: Metrics include DLQ count and stale items" time="0.000115426">
        </testcase>
        <testcase classname="tests/integration/infinite-loop-protection-full.test.ts" name="PHASE 5: Infinite Loop Protection — Full Safety Guard Suite (16 Tests) &gt; Guard 5: Complete Monitoring API &gt; Test 5.4: Latency percentiles calculated correctly" time="0.000720081">
        </testcase>
        <testcase classname="tests/integration/infinite-loop-protection-full.test.ts" name="PHASE 5: Infinite Loop Protection — Full Safety Guard Suite (16 Tests) &gt; Additional Safety Guard Integration Tests &gt; Test A1: Task attempt stats tracked correctly" time="0.000223206">
        </testcase>
        <testcase classname="tests/integration/infinite-loop-protection-full.test.ts" name="PHASE 5: Infinite Loop Protection — Full Safety Guard Suite (16 Tests) &gt; Additional Safety Guard Integration Tests &gt; Test A2: System can recover from overload" time="0.000459483">
        </testcase>
        <testcase classname="tests/integration/infinite-loop-protection-full.test.ts" name="PHASE 5: Infinite Loop Protection — Full Safety Guard Suite (16 Tests) &gt; Additional Safety Guard Integration Tests &gt; Test A3: Multi-org capacity isolation" time="0.000150804">
        </testcase>
        <testcase classname="tests/integration/infinite-loop-protection-full.test.ts" name="PHASE 5: Infinite Loop Protection — Full Safety Guard Suite (16 Tests) &gt; Edge Cases and Error Conditions &gt; Test E1: No console errors on empty state" time="0.003352246">
        </testcase>
        <testcase classname="tests/integration/infinite-loop-protection-full.test.ts" name="PHASE 5: Infinite Loop Protection — Full Safety Guard Suite (16 Tests) &gt; Edge Cases and Error Conditions &gt; Test E2: Capacity doesn&apos;t go negative" time="0.000211326">
        </testcase>
        <testcase classname="tests/integration/infinite-loop-protection-full.test.ts" name="PHASE 5: Infinite Loop Protection — Full Safety Guard Suite (16 Tests) &gt; Edge Cases and Error Conditions &gt; Test E3: Fingerprint generation stable" time="0.000718877">
        </testcase>
    </testsuite>
    <testsuite name="tests/integration/local-browser-executor.e2e.test.ts" timestamp="2026-06-29T13:05:58.257Z" hostname="vm" tests="5" failures="0" errors="0" skipped="1" time="0.010477394">
        <testcase classname="tests/integration/local-browser-executor.e2e.test.ts" name="Local self-hosted browser executor (real Chromium, local page) &gt; dry_run: host allowed, no browser launched, does not touch website" time="0.001687539">
        </testcase>
        <testcase classname="tests/integration/local-browser-executor.e2e.test.ts" name="Local self-hosted browser executor (real Chromium, local page) &gt; blocks a host that is not in the allowlist" time="0.000389665">
        </testcase>
        <testcase classname="tests/integration/local-browser-executor.e2e.test.ts" name="Local self-hosted browser executor (real Chromium, local page) &gt; blocks live mode when env flag is not set" time="0.000309952">
        </testcase>
        <testcase classname="tests/integration/local-browser-executor.e2e.test.ts" name="Local self-hosted browser executor (real Chromium, local page) &gt; blocks a credential action before launching the browser" time="0.000332591">
        </testcase>
        <testcase classname="tests/integration/local-browser-executor.e2e.test.ts" name="Local self-hosted browser executor (real Chromium, local page) &gt; live: drives a real Chromium, types into a real DOM input, captures evidence" time="0">
            <skipped/>
        </testcase>
    </testsuite>
    <testsuite name="tests/integration/local-browser-live-demo.manual.test.ts" timestamp="2026-06-29T13:05:58.258Z" hostname="vm" tests="1" failures="0" errors="0" skipped="1" time="0">
        <testcase classname="tests/integration/local-browser-live-demo.manual.test.ts" name="LIVE: self-hosted browser drives a real external website &gt; opens example.com, extracts real DOM, clicks the real link, captures evidence" time="0">
            <skipped/>
        </testcase>
    </testsuite>
    <testsuite name="tests/integration/marketplace-product-api.test.ts" timestamp="2026-06-29T13:05:58.258Z" hostname="vm" tests="29" failures="0" errors="0" skipped="0" time="0.011550375">
        <testcase classname="tests/integration/marketplace-product-api.test.ts" name="Marketplace Products API &gt; POST /api/marketplace/products — Product Submission &gt; should validate required fields" time="0.001594158">
        </testcase>
        <testcase classname="tests/integration/marketplace-product-api.test.ts" name="Marketplace Products API &gt; POST /api/marketplace/products — Product Submission &gt; should reject prices at or below zero" time="0.000455429">
        </testcase>
        <testcase classname="tests/integration/marketplace-product-api.test.ts" name="Marketplace Products API &gt; POST /api/marketplace/products — Product Submission &gt; should reject prices exceeding limit" time="0.00014237">
        </testcase>
        <testcase classname="tests/integration/marketplace-product-api.test.ts" name="Marketplace Products API &gt; POST /api/marketplace/products — Product Submission &gt; should accept valid price formats" time="0.000267806">
        </testcase>
        <testcase classname="tests/integration/marketplace-product-api.test.ts" name="Marketplace Products API &gt; POST /api/marketplace/products — Product Submission &gt; should enforce minimum name length" time="0.00029311">
        </testcase>
        <testcase classname="tests/integration/marketplace-product-api.test.ts" name="Marketplace Products API &gt; POST /api/marketplace/products — Product Submission &gt; should enforce maximum name length" time="0.000257016">
        </testcase>
        <testcase classname="tests/integration/marketplace-product-api.test.ts" name="Marketplace Products API &gt; POST /api/marketplace/products — Product Submission &gt; should enforce description length constraints" time="0.000176606">
        </testcase>
        <testcase classname="tests/integration/marketplace-product-api.test.ts" name="Marketplace Products API &gt; POST /api/marketplace/products — Product Submission &gt; should require authentication" time="0.000093139">
        </testcase>
        <testcase classname="tests/integration/marketplace-product-api.test.ts" name="Marketplace Products API &gt; POST /api/marketplace/products — Product Submission &gt; should enforce rate limiting" time="0.000213918">
        </testcase>
        <testcase classname="tests/integration/marketplace-product-api.test.ts" name="Marketplace Products API &gt; POST /api/marketplace/products — Product Submission &gt; should require user to belong to an organization" time="0.000128687">
        </testcase>
        <testcase classname="tests/integration/marketplace-product-api.test.ts" name="Marketplace Products API &gt; POST /api/marketplace/products — Product Submission &gt; should validate image format before acceptance" time="0.00025698">
        </testcase>
        <testcase classname="tests/integration/marketplace-product-api.test.ts" name="Marketplace Products API &gt; POST /api/marketplace/products — Product Submission &gt; should validate image size before acceptance" time="0.000189935">
        </testcase>
        <testcase classname="tests/integration/marketplace-product-api.test.ts" name="Marketplace Products API &gt; POST /api/marketplace/products — Product Submission &gt; should return 400 Bad Request on validation failure" time="0.000087714">
        </testcase>
        <testcase classname="tests/integration/marketplace-product-api.test.ts" name="Marketplace Products API &gt; POST /api/marketplace/products — Product Submission &gt; should return 201 Created on successful submission" time="0.000074519">
        </testcase>
        <testcase classname="tests/integration/marketplace-product-api.test.ts" name="Marketplace Products API &gt; POST /api/marketplace/products — Product Submission &gt; should persist product in database with correct schema" time="0.000288246">
        </testcase>
        <testcase classname="tests/integration/marketplace-product-api.test.ts" name="Marketplace Products API &gt; POST /api/marketplace/products — Product Submission &gt; should set initial status to pending" time="0.000759056">
        </testcase>
        <testcase classname="tests/integration/marketplace-product-api.test.ts" name="Marketplace Products API &gt; POST /api/marketplace/products — Product Submission &gt; should restrict product visibility to org members" time="0.00010998">
        </testcase>
        <testcase classname="tests/integration/marketplace-product-api.test.ts" name="Marketplace Products API &gt; GET /api/marketplace/products — List Products &gt; should require authentication" time="0.000132175">
        </testcase>
        <testcase classname="tests/integration/marketplace-product-api.test.ts" name="Marketplace Products API &gt; GET /api/marketplace/products — List Products &gt; should return only products from user org" time="0.000091023">
        </testcase>
        <testcase classname="tests/integration/marketplace-product-api.test.ts" name="Marketplace Products API &gt; GET /api/marketplace/products — List Products &gt; should return product list with pagination support" time="0.002001619">
        </testcase>
        <testcase classname="tests/integration/marketplace-product-api.test.ts" name="Marketplace Products API &gt; GET /api/marketplace/products — List Products &gt; should include all product fields in response" time="0.000105146">
        </testcase>
        <testcase classname="tests/integration/marketplace-product-api.test.ts" name="Marketplace Products API &gt; GET /api/marketplace/products — List Products &gt; should return empty array if no products exist" time="0.00045686">
        </testcase>
        <testcase classname="tests/integration/marketplace-product-api.test.ts" name="Marketplace Products API &gt; GET /api/marketplace/products — List Products &gt; should order results by creation date descending" time="0.000595681">
        </testcase>
        <testcase classname="tests/integration/marketplace-product-api.test.ts" name="Marketplace Products API &gt; Product Submission Flow End-to-End &gt; should complete full submission lifecycle" time="0.00020599">
        </testcase>
        <testcase classname="tests/integration/marketplace-product-api.test.ts" name="Marketplace Products API &gt; Product Submission Flow End-to-End &gt; should prevent double-submission via button state" time="0.000086221">
        </testcase>
        <testcase classname="tests/integration/marketplace-product-api.test.ts" name="Marketplace Products API &gt; Product Submission Flow End-to-End &gt; should clear form and show success message on completion" time="0.000080439">
        </testcase>
        <testcase classname="tests/integration/marketplace-product-api.test.ts" name="Marketplace Products API &gt; Error Handling &gt; should return clear error messages for validation failures" time="0.00019445">
        </testcase>
        <testcase classname="tests/integration/marketplace-product-api.test.ts" name="Marketplace Products API &gt; Error Handling &gt; should handle database errors gracefully" time="0.000128411">
        </testcase>
        <testcase classname="tests/integration/marketplace-product-api.test.ts" name="Marketplace Products API &gt; Error Handling &gt; should not expose sensitive information in error messages" time="0.000142322">
        </testcase>
    </testsuite>
    <testsuite name="tests/integration/multi-agent-coordination.test.ts" timestamp="2026-06-29T13:05:58.263Z" hostname="vm" tests="12" failures="0" errors="0" skipped="0" time="2.698609056">
        <testcase classname="tests/integration/multi-agent-coordination.test.ts" name="Multi-Agent Deterministic Coordination (10 agents, 50-task DAG) &gt; computes deterministic task DAG hash" time="0.011509582">
        </testcase>
        <testcase classname="tests/integration/multi-agent-coordination.test.ts" name="Multi-Agent Deterministic Coordination (10 agents, 50-task DAG) &gt; computes deterministic constraint set hash" time="0.000701753">
        </testcase>
        <testcase classname="tests/integration/multi-agent-coordination.test.ts" name="Multi-Agent Deterministic Coordination (10 agents, 50-task DAG) &gt; task DAG hash changes when DAG changes" time="0.000896754">
        </testcase>
        <testcase classname="tests/integration/multi-agent-coordination.test.ts" name="Multi-Agent Deterministic Coordination (10 agents, 50-task DAG) &gt; topological sort respects dependencies deterministically" time="0.00207326">
        </testcase>
        <testcase classname="tests/integration/multi-agent-coordination.test.ts" name="Multi-Agent Deterministic Coordination (10 agents, 50-task DAG) &gt; greedy fallback assigns all tasks with balanced load" time="0.001442947">
        </testcase>
        <testcase classname="tests/integration/multi-agent-coordination.test.ts" name="Multi-Agent Deterministic Coordination (10 agents, 50-task DAG) &gt; Z3 solver produces a valid capacity-respecting assignment" time="0.795446919">
        </testcase>
        <testcase classname="tests/integration/multi-agent-coordination.test.ts" name="Multi-Agent Deterministic Coordination (10 agents, 50-task DAG) &gt; produces identical assignment hash and Z3 proof on repeated solves" time="0.670606835">
        </testcase>
        <testcase classname="tests/integration/multi-agent-coordination.test.ts" name="Multi-Agent Deterministic Coordination (10 agents, 50-task DAG) &gt; same-agent dependent tasks are ordered after their dependencies" time="0.260015672">
        </testcase>
        <testcase classname="tests/integration/multi-agent-coordination.test.ts" name="Multi-Agent Deterministic Coordination (10 agents, 50-task DAG) &gt; validates coordination input" time="0.000908699">
        </testcase>
        <testcase classname="tests/integration/multi-agent-coordination.test.ts" name="Multi-Agent Deterministic Coordination (10 agents, 50-task DAG) &gt; executes 10-agent batch in dry_run: allows safe tasks, blocks credential tasks" time="0.233689842">
        </testcase>
        <testcase classname="tests/integration/multi-agent-coordination.test.ts" name="Multi-Agent Deterministic Coordination (10 agents, 50-task DAG) &gt; collects per-agent evidence hashes for every agent that executed tasks" time="0.249112667">
        </testcase>
        <testcase classname="tests/integration/multi-agent-coordination.test.ts" name="Multi-Agent Deterministic Coordination (10 agents, 50-task DAG) &gt; two batch runs over the same DAG produce the same assignment hash" time="0.463114699">
        </testcase>
    </testsuite>
    <testsuite name="tests/integration/phase2-complete-system.test.ts" timestamp="2026-06-29T13:05:58.264Z" hostname="vm" tests="9" failures="0" errors="0" skipped="0" time="0.208358356">
        <testcase classname="tests/integration/phase2-complete-system.test.ts" name="Phase 2 Complete System - E2E Workflow &gt; should have new user-facing permissions endpoint" time="0.12311605">
        </testcase>
        <testcase classname="tests/integration/phase2-complete-system.test.ts" name="Phase 2 Complete System - E2E Workflow &gt; should support GET /api/agents/[id]/permissions" time="0.000996003">
        </testcase>
        <testcase classname="tests/integration/phase2-complete-system.test.ts" name="Phase 2 Complete System - E2E Workflow &gt; should support PUT /api/agents/[id]/permissions" time="0.000472608">
        </testcase>
        <testcase classname="tests/integration/phase2-complete-system.test.ts" name="Phase 2 Complete System - E2E Workflow &gt; should validate permissions properly" time="0.001139701">
        </testcase>
        <testcase classname="tests/integration/phase2-complete-system.test.ts" name="Phase 2 Complete System - E2E Workflow &gt; should have dashboard using new permissions endpoint" time="0.071445146">
        </testcase>
        <testcase classname="tests/integration/phase2-complete-system.test.ts" name="Phase 2 Complete System - E2E Workflow &gt; Phase 2 system status checks" time="0.000586744">
        </testcase>
        <testcase classname="tests/integration/phase2-complete-system.test.ts" name="Three Bug Fixes - Verification &gt; Fix #1: Permissions endpoint is user-facing (not internal-only)" time="0.006817703">
        </testcase>
        <testcase classname="tests/integration/phase2-complete-system.test.ts" name="Three Bug Fixes - Verification &gt; Fix #2: Markdoc preview claim is corrected" time="0.001196955">
        </testcase>
        <testcase classname="tests/integration/phase2-complete-system.test.ts" name="Three Bug Fixes - Verification &gt; Fix #3: Agent list response shape is handled" time="0.000734859">
        </testcase>
    </testsuite>
    <testsuite name="tests/integration/phase2-customer-workflow-e2e.test.ts" timestamp="2026-06-29T13:05:58.265Z" hostname="vm" tests="17" failures="0" errors="0" skipped="0" time="0.04298882">
        <testcase classname="tests/integration/phase2-customer-workflow-e2e.test.ts" name="Phase 2 Customer Workflow - Complete E2E &gt; Step 1: Create Markdoc Policy &gt; should have policy creation form with required fields" time="0.007347348">
        </testcase>
        <testcase classname="tests/integration/phase2-customer-workflow-e2e.test.ts" name="Phase 2 Customer Workflow - Complete E2E &gt; Step 1: Create Markdoc Policy &gt; should POST to /api/markdoc-policies on submit" time="0.001589376">
        </testcase>
        <testcase classname="tests/integration/phase2-customer-workflow-e2e.test.ts" name="Phase 2 Customer Workflow - Complete E2E &gt; Step 1: Create Markdoc Policy &gt; should handle policy creation response" time="0.001052811">
        </testcase>
        <testcase classname="tests/integration/phase2-customer-workflow-e2e.test.ts" name="Phase 2 Customer Workflow - Complete E2E &gt; Step 2: Connect Agent &gt; should have agent connection wizard" time="0.002645916">
        </testcase>
        <testcase classname="tests/integration/phase2-customer-workflow-e2e.test.ts" name="Phase 2 Customer Workflow - Complete E2E &gt; Step 2: Connect Agent &gt; should generate and display scoped token" time="0.001310419">
        </testcase>
        <testcase classname="tests/integration/phase2-customer-workflow-e2e.test.ts" name="Phase 2 Customer Workflow - Complete E2E &gt; Step 3: Set Agent Permissions &gt; should have user-facing permissions management endpoint" time="0.000619481">
        </testcase>
        <testcase classname="tests/integration/phase2-customer-workflow-e2e.test.ts" name="Phase 2 Customer Workflow - Complete E2E &gt; Step 3: Set Agent Permissions &gt; should validate permission values" time="0.000631956">
        </testcase>
        <testcase classname="tests/integration/phase2-customer-workflow-e2e.test.ts" name="Phase 2 Customer Workflow - Complete E2E &gt; Step 3: Set Agent Permissions &gt; should update permissions via PUT request" time="0.000536515">
        </testcase>
        <testcase classname="tests/integration/phase2-customer-workflow-e2e.test.ts" name="Phase 2 Customer Workflow - Complete E2E &gt; Step 4: Execute Multi-Agent Orchestration &gt; should have multi-agent execution endpoint" time="0.000833156">
        </testcase>
        <testcase classname="tests/integration/phase2-customer-workflow-e2e.test.ts" name="Phase 2 Customer Workflow - Complete E2E &gt; Step 4: Execute Multi-Agent Orchestration &gt; should support parallel and sequential execution modes" time="0.000575158">
        </testcase>
        <testcase classname="tests/integration/phase2-customer-workflow-e2e.test.ts" name="Phase 2 Customer Workflow - Complete E2E &gt; Step 5: Verify Audit Trail &gt; should track policy versions" time="0.001127721">
        </testcase>
        <testcase classname="tests/integration/phase2-customer-workflow-e2e.test.ts" name="Phase 2 Customer Workflow - Complete E2E &gt; Step 5: Verify Audit Trail &gt; should record execution audit trail" time="0.000974614">
        </testcase>
        <testcase classname="tests/integration/phase2-customer-workflow-e2e.test.ts" name="Phase 2 Customer Workflow - Complete E2E &gt; Bug Fixes Verification &gt; Fix #1: Permissions endpoint is user-facing" time="0.016074658">
        </testcase>
        <testcase classname="tests/integration/phase2-customer-workflow-e2e.test.ts" name="Phase 2 Customer Workflow - Complete E2E &gt; Bug Fixes Verification &gt; Fix #2: Agent list handles response shape variations" time="0.000650973">
        </testcase>
        <testcase classname="tests/integration/phase2-customer-workflow-e2e.test.ts" name="Phase 2 Customer Workflow - Complete E2E &gt; Bug Fixes Verification &gt; Fix #3: Markdoc preview claim is accurate" time="0.001273581">
        </testcase>
        <testcase classname="tests/integration/phase2-customer-workflow-e2e.test.ts" name="Phase 2 Customer Workflow - Complete E2E &gt; System Readiness &gt; should have complete API surface" time="0.001140648">
        </testcase>
        <testcase classname="tests/integration/phase2-customer-workflow-e2e.test.ts" name="Phase 2 Customer Workflow - Complete E2E &gt; System Readiness &gt; should have complete dashboard UI" time="0.002314241">
        </testcase>
    </testsuite>
    <testsuite name="tests/integration/tool-capability-router.test.ts" timestamp="2026-06-29T13:05:58.276Z" hostname="vm" tests="27" failures="0" errors="0" skipped="0" time="0.022914914">
        <testcase classname="tests/integration/tool-capability-router.test.ts" name="Tool Capability Router &gt; Browser tool routing &gt; should block browser step when tool not in scope" time="0.00198218">
        </testcase>
        <testcase classname="tests/integration/tool-capability-router.test.ts" name="Tool Capability Router &gt; Browser tool routing &gt; should route browser click to Safe DOM executor" time="0.011526603">
            <system-err>
Safe DOM manifest fetch failed: Error: Missing Supabase server environment variables
    at getSupabaseAdmin [90m(/home/user/tdealer01-crypto-dsg-control-plane/[39mlib/supabase-server.ts:27:11[90m)[39m
    at getSafeDomManifest [90m(/home/user/tdealer01-crypto-dsg-control-plane/[39mlib/spine/verify-safe-dom-intent.ts:159:22[90m)[39m
    at verifySafeDomIntentOrPass [90m(/home/user/tdealer01-crypto-dsg-control-plane/[39mlib/spine/verify-safe-dom-intent.ts:62:26[90m)[39m
    at executeBrowserStep [90m(/home/user/tdealer01-crypto-dsg-control-plane/[39mlib/tool-executors/browser-safe-dom.ts:89:30[90m)[39m
    at routeToToolExecutor [90m(/home/user/tdealer01-crypto-dsg-control-plane/[39mlib/tool-capability-router.ts:96:14[90m)[39m
    at [90m/home/user/tdealer01-crypto-dsg-control-plane/[39mtests/integration/tool-capability-router.test.ts:59:28
    at [90mfile:///home/user/tdealer01-crypto-dsg-control-plane/[39mnode_modules/[4m@vitest/runner[24m/dist/chunk-hooks.js:155:11
    at [90mfile:///home/user/tdealer01-crypto-dsg-control-plane/[39mnode_modules/[4m@vitest/runner[24m/dist/chunk-hooks.js:752:26
    at [90mfile:///home/user/tdealer01-crypto-dsg-control-plane/[39mnode_modules/[4m@vitest/runner[24m/dist/chunk-hooks.js:1897:20
    at new Promise (&lt;anonymous&gt;)

            </system-err>
        </testcase>
        <testcase classname="tests/integration/tool-capability-router.test.ts" name="Tool Capability Router &gt; Browser tool routing &gt; should block browser step if action blocked by delegation" time="0.000272807">
        </testcase>
        <testcase classname="tests/integration/tool-capability-router.test.ts" name="Tool Capability Router &gt; Repo/GitHub routing &gt; should block repo action when not in scope" time="0.000251172">
        </testcase>
        <testcase classname="tests/integration/tool-capability-router.test.ts" name="Tool Capability Router &gt; Repo/GitHub routing &gt; should require confirmation for main branch commit" time="0.000952446">
        </testcase>
        <testcase classname="tests/integration/tool-capability-router.test.ts" name="Tool Capability Router &gt; Repo/GitHub routing &gt; should auto-approve staging branch commit" time="0.00026065">
        </testcase>
        <testcase classname="tests/integration/tool-capability-router.test.ts" name="Tool Capability Router &gt; Repo/GitHub routing &gt; should require confirmation for PR merge to main" time="0.000253659">
        </testcase>
        <testcase classname="tests/integration/tool-capability-router.test.ts" name="Tool Capability Router &gt; Repo/GitHub routing &gt; should create PR with pending status" time="0.000242918">
        </testcase>
        <testcase classname="tests/integration/tool-capability-router.test.ts" name="Tool Capability Router &gt; Email routing &gt; should block email when not in scope" time="0.000277572">
        </testcase>
        <testcase classname="tests/integration/tool-capability-router.test.ts" name="Tool Capability Router &gt; Email routing &gt; should require draft review before sending email" time="0.000457842">
        </testcase>
        <testcase classname="tests/integration/tool-capability-router.test.ts" name="Tool Capability Router &gt; Email routing &gt; should block email without recipient" time="0.000148154">
        </testcase>
        <testcase classname="tests/integration/tool-capability-router.test.ts" name="Tool Capability Router &gt; Email routing &gt; should block email if action blocked by delegation" time="0.000128335">
        </testcase>
        <testcase classname="tests/integration/tool-capability-router.test.ts" name="Tool Capability Router &gt; Calendar routing &gt; should block calendar when not in scope" time="0.000181234">
        </testcase>
        <testcase classname="tests/integration/tool-capability-router.test.ts" name="Tool Capability Router &gt; Calendar routing &gt; should auto-approve calendar event creation" time="0.000232055">
        </testcase>
        <testcase classname="tests/integration/tool-capability-router.test.ts" name="Tool Capability Router &gt; Calendar routing &gt; should require confirmation for calendar event deletion" time="0.000200085">
        </testcase>
        <testcase classname="tests/integration/tool-capability-router.test.ts" name="Tool Capability Router &gt; Deployment routing &gt; should block deploy when not in scope" time="0.000156825">
        </testcase>
        <testcase classname="tests/integration/tool-capability-router.test.ts" name="Tool Capability Router &gt; Deployment routing &gt; should auto-approve preview deployment" time="0.000251767">
        </testcase>
        <testcase classname="tests/integration/tool-capability-router.test.ts" name="Tool Capability Router &gt; Deployment routing &gt; should require confirmation for production deployment" time="0.000151691">
        </testcase>
        <testcase classname="tests/integration/tool-capability-router.test.ts" name="Tool Capability Router &gt; Deployment routing &gt; should require confirmation for staging deploy if specified" time="0.000100198">
        </testcase>
        <testcase classname="tests/integration/tool-capability-router.test.ts" name="Tool Capability Router &gt; Deployment routing &gt; should block deploy without environment" time="0.000138099">
        </testcase>
        <testcase classname="tests/integration/tool-capability-router.test.ts" name="Tool Capability Router &gt; Batch routing &gt; should route multiple steps in order" time="0.000526969">
        </testcase>
        <testcase classname="tests/integration/tool-capability-router.test.ts" name="Tool Capability Router &gt; Step analysis utilities &gt; should identify steps requiring confirmation" time="0.00015447">
        </testcase>
        <testcase classname="tests/integration/tool-capability-router.test.ts" name="Tool Capability Router &gt; Step analysis utilities &gt; should mark production actions as requiring confirmation" time="0.000082092">
        </testcase>
        <testcase classname="tests/integration/tool-capability-router.test.ts" name="Tool Capability Router &gt; Step analysis utilities &gt; should describe steps in human-readable form" time="0.000190044">
        </testcase>
        <testcase classname="tests/integration/tool-capability-router.test.ts" name="Tool Capability Router &gt; Error handling &gt; should reject step without tool" time="0.000117463">
        </testcase>
        <testcase classname="tests/integration/tool-capability-router.test.ts" name="Tool Capability Router &gt; Error handling &gt; should reject context without delegation" time="0.000101853">
        </testcase>
        <testcase classname="tests/integration/tool-capability-router.test.ts" name="Tool Capability Router &gt; Error handling &gt; should reject unknown tool" time="0.000095722">
        </testcase>
    </testsuite>
    <testsuite name="tests/integration/trinity-dashboard.test.ts" timestamp="2026-06-29T13:05:58.279Z" hostname="vm" tests="21" failures="0" errors="0" skipped="0" time="0.009188203">
        <testcase classname="tests/integration/trinity-dashboard.test.ts" name="Trinity Dashboard — Form Validation (Unit Tests) &gt; Job title validation &gt; should reject empty job title" time="0.00146937">
        </testcase>
        <testcase classname="tests/integration/trinity-dashboard.test.ts" name="Trinity Dashboard — Form Validation (Unit Tests) &gt; Job title validation &gt; should accept valid job title" time="0.001151794">
        </testcase>
        <testcase classname="tests/integration/trinity-dashboard.test.ts" name="Trinity Dashboard — Form Validation (Unit Tests) &gt; Reward amount validation &gt; should reject zero reward" time="0.000191837">
        </testcase>
        <testcase classname="tests/integration/trinity-dashboard.test.ts" name="Trinity Dashboard — Form Validation (Unit Tests) &gt; Reward amount validation &gt; should reject negative reward" time="0.000179422">
        </testcase>
        <testcase classname="tests/integration/trinity-dashboard.test.ts" name="Trinity Dashboard — Form Validation (Unit Tests) &gt; Reward amount validation &gt; should accept positive reward" time="0.000224833">
        </testcase>
        <testcase classname="tests/integration/trinity-dashboard.test.ts" name="Trinity Dashboard — Form Validation (Unit Tests) &gt; Reward amount validation &gt; should reject NaN reward" time="0.000180213">
        </testcase>
        <testcase classname="tests/integration/trinity-dashboard.test.ts" name="Trinity Dashboard — Form Validation (Unit Tests) &gt; Agent reputation validation &gt; should reject negative reputation" time="0.000109204">
        </testcase>
        <testcase classname="tests/integration/trinity-dashboard.test.ts" name="Trinity Dashboard — Form Validation (Unit Tests) &gt; Agent reputation validation &gt; should reject reputation &gt; 100" time="0.000092161">
        </testcase>
        <testcase classname="tests/integration/trinity-dashboard.test.ts" name="Trinity Dashboard — Form Validation (Unit Tests) &gt; Agent reputation validation &gt; should accept reputation at boundaries" time="0.000434334">
        </testcase>
        <testcase classname="tests/integration/trinity-dashboard.test.ts" name="Trinity Dashboard — Form Validation (Unit Tests) &gt; Agent reputation validation &gt; should accept reputation in valid range" time="0.000179596">
        </testcase>
        <testcase classname="tests/integration/trinity-dashboard.test.ts" name="Trinity Dashboard — Form Validation (Unit Tests) &gt; Trinity API Response Structure &gt; should have expected status structure" time="0.000568512">
        </testcase>
        <testcase classname="tests/integration/trinity-dashboard.test.ts" name="Trinity Dashboard — Form Validation (Unit Tests) &gt; Trinity API Response Structure &gt; should have expected execution result structure" time="0.00055059">
        </testcase>
        <testcase classname="tests/integration/trinity-dashboard.test.ts" name="Trinity Dashboard — Form Validation (Unit Tests) &gt; Trinity API Response Structure &gt; should have expected history structure" time="0.000309967">
        </testcase>
        <testcase classname="tests/integration/trinity-dashboard.test.ts" name="Trinity Dashboard — Form Validation (Unit Tests) &gt; Trinity API Response Structure &gt; should have expected job discovery structure" time="0.000354975">
        </testcase>
        <testcase classname="tests/integration/trinity-dashboard.test.ts" name="Trinity Dashboard — Form Validation (Unit Tests) &gt; Trinity Governance Constraints &gt; should validate constraint structure" time="0.000366945">
        </testcase>
        <testcase classname="tests/integration/trinity-dashboard.test.ts" name="Trinity Dashboard — Form Validation (Unit Tests) &gt; Trinity Governance Constraints &gt; should count satisfied constraints" time="0.000127135">
        </testcase>
        <testcase classname="tests/integration/trinity-dashboard.test.ts" name="Trinity Dashboard — Form Validation (Unit Tests) &gt; Form validation integration &gt; should pass validation with valid inputs" time="0.000195928">
        </testcase>
        <testcase classname="tests/integration/trinity-dashboard.test.ts" name="Trinity Dashboard — Form Validation (Unit Tests) &gt; Form validation integration &gt; should fail validation with empty title" time="0.000161113">
        </testcase>
        <testcase classname="tests/integration/trinity-dashboard.test.ts" name="Trinity Dashboard — Form Validation (Unit Tests) &gt; Form validation integration &gt; should fail validation with invalid reward" time="0.000107902">
        </testcase>
        <testcase classname="tests/integration/trinity-dashboard.test.ts" name="Trinity Dashboard — Form Validation (Unit Tests) &gt; Form validation integration &gt; should fail validation with invalid reputation" time="0.000075408">
        </testcase>
        <testcase classname="tests/integration/trinity-dashboard.test.ts" name="Trinity Dashboard — Form Validation (Unit Tests) &gt; Form validation integration &gt; should fail validation with all errors" time="0.000069761">
        </testcase>
    </testsuite>
    <testsuite name="tests/integration/user-confirmation-gate.test.ts" timestamp="2026-06-29T13:05:58.281Z" hostname="vm" tests="22" failures="0" errors="0" skipped="0" time="0.042105596">
        <testcase classname="tests/integration/user-confirmation-gate.test.ts" name="User Confirmation Gate &gt; stepRequiresConfirmation &gt; returns true for HIGH risk action" time="0.001462612">
        </testcase>
        <testcase classname="tests/integration/user-confirmation-gate.test.ts" name="User Confirmation Gate &gt; stepRequiresConfirmation &gt; returns true for CRITICAL risk action" time="0.000197312">
        </testcase>
        <testcase classname="tests/integration/user-confirmation-gate.test.ts" name="User Confirmation Gate &gt; stepRequiresConfirmation &gt; returns true for explicit requiresConfirmation flag" time="0.000240493">
        </testcase>
        <testcase classname="tests/integration/user-confirmation-gate.test.ts" name="User Confirmation Gate &gt; stepRequiresConfirmation &gt; returns false for LOW risk action without flag" time="0.000147389">
        </testcase>
        <testcase classname="tests/integration/user-confirmation-gate.test.ts" name="User Confirmation Gate &gt; stepRequiresConfirmation &gt; returns false for MEDIUM risk action without flag" time="0.000126093">
        </testcase>
        <testcase classname="tests/integration/user-confirmation-gate.test.ts" name="User Confirmation Gate &gt; requestUserConfirmation &gt; creates confirmation request in database" time="0.0038596">
            <system-out>
[NOTIFICATION] User user@example.com needs to confirm step step-1
[NOTIFICATION] Request ID: req-123
[NOTIFICATION] Expires at: 2026-06-30T13:05:27.077Z

            </system-out>
        </testcase>
        <testcase classname="tests/integration/user-confirmation-gate.test.ts" name="User Confirmation Gate &gt; requestUserConfirmation &gt; stores step and evidence as JSON" time="0.001697414">
        </testcase>
        <testcase classname="tests/integration/user-confirmation-gate.test.ts" name="User Confirmation Gate &gt; requestUserConfirmation &gt; sets expires_at to 24 hours in future" time="0.000866717">
        </testcase>
        <testcase classname="tests/integration/user-confirmation-gate.test.ts" name="User Confirmation Gate &gt; requestUserConfirmation &gt; handles database errors gracefully" time="0.010597104">
            <system-err>
Failed to create confirmation request: Error: Database error
    at [90m/home/user/tdealer01-crypto-dsg-control-plane/[39mtests/integration/user-confirmation-gate.test.ts:246:20
    at [90mfile:///home/user/tdealer01-crypto-dsg-control-plane/[39mnode_modules/[4m@vitest/runner[24m/dist/chunk-hooks.js:155:11
    at [90mfile:///home/user/tdealer01-crypto-dsg-control-plane/[39mnode_modules/[4m@vitest/runner[24m/dist/chunk-hooks.js:752:26
    at [90mfile:///home/user/tdealer01-crypto-dsg-control-plane/[39mnode_modules/[4m@vitest/runner[24m/dist/chunk-hooks.js:1897:20
    at new Promise (&lt;anonymous&gt;)
    at runWithTimeout [90m(file:///home/user/tdealer01-crypto-dsg-control-plane/[39mnode_modules/[4m@vitest/runner[24m/dist/chunk-hooks.js:1863:10[90m)[39m
    at runTest [90m(file:///home/user/tdealer01-crypto-dsg-control-plane/[39mnode_modules/[4m@vitest/runner[24m/dist/chunk-hooks.js:1574:12[90m)[39m
[90m    at processTicksAndRejections (node:internal/process/task_queues:103:5)[39m
    at runSuite [90m(file:///home/user/tdealer01-crypto-dsg-control-plane/[39mnode_modules/[4m@vitest/runner[24m/dist/chunk-hooks.js:1729:8[90m)[39m
    at runSuite [90m(file:///home/user/tdealer01-crypto-dsg-control-plane/[39mnode_modules/[4m@vitest/runner[24m/dist/chunk-hooks.js:1729:8[90m)[39m

            </system-err>
        </testcase>
        <testcase classname="tests/integration/user-confirmation-gate.test.ts" name="User Confirmation Gate &gt; getConfirmationStatus &gt; retrieves pending confirmation status" time="0.000717143">
        </testcase>
        <testcase classname="tests/integration/user-confirmation-gate.test.ts" name="User Confirmation Gate &gt; getConfirmationStatus &gt; returns null for non-existent request" time="0.000596978">
        </testcase>
        <testcase classname="tests/integration/user-confirmation-gate.test.ts" name="User Confirmation Gate &gt; getConfirmationStatus &gt; detects expired confirmation status" time="0.001141351">
        </testcase>
        <testcase classname="tests/integration/user-confirmation-gate.test.ts" name="User Confirmation Gate &gt; approveConfirmation and rejectConfirmation &gt; marks confirmation as APPROVED" time="0.000567093">
        </testcase>
        <testcase classname="tests/integration/user-confirmation-gate.test.ts" name="User Confirmation Gate &gt; approveConfirmation and rejectConfirmation &gt; marks confirmation as REJECTED" time="0.000441599">
        </testcase>
        <testcase classname="tests/integration/user-confirmation-gate.test.ts" name="User Confirmation Gate &gt; approveConfirmation and rejectConfirmation &gt; handles update errors gracefully" time="0.002293523">
            <system-err>
Failed to approve confirmation req-123: Error: Update failed
    at [90m/home/user/tdealer01-crypto-dsg-control-plane/[39mtests/integration/user-confirmation-gate.test.ts:350:18
    at [90mfile:///home/user/tdealer01-crypto-dsg-control-plane/[39mnode_modules/[4m@vitest/runner[24m/dist/chunk-hooks.js:155:11
    at [90mfile:///home/user/tdealer01-crypto-dsg-control-plane/[39mnode_modules/[4m@vitest/runner[24m/dist/chunk-hooks.js:752:26
    at [90mfile:///home/user/tdealer01-crypto-dsg-control-plane/[39mnode_modules/[4m@vitest/runner[24m/dist/chunk-hooks.js:1897:20
    at new Promise (&lt;anonymous&gt;)
    at runWithTimeout [90m(file:///home/user/tdealer01-crypto-dsg-control-plane/[39mnode_modules/[4m@vitest/runner[24m/dist/chunk-hooks.js:1863:10[90m)[39m
    at runTest [90m(file:///home/user/tdealer01-crypto-dsg-control-plane/[39mnode_modules/[4m@vitest/runner[24m/dist/chunk-hooks.js:1574:12[90m)[39m
[90m    at processTicksAndRejections (node:internal/process/task_queues:103:5)[39m
    at runSuite [90m(file:///home/user/tdealer01-crypto-dsg-control-plane/[39mnode_modules/[4m@vitest/runner[24m/dist/chunk-hooks.js:1729:8[90m)[39m
    at runSuite [90m(file:///home/user/tdealer01-crypto-dsg-control-plane/[39mnode_modules/[4m@vitest/runner[24m/dist/chunk-hooks.js:1729:8[90m)[39m

            </system-err>
        </testcase>
        <testcase classname="tests/integration/user-confirmation-gate.test.ts" name="User Confirmation Gate &gt; getPendingConfirmations &gt; retrieves pending confirmations for user" time="0.000729497">
        </testcase>
        <testcase classname="tests/integration/user-confirmation-gate.test.ts" name="User Confirmation Gate &gt; getPendingConfirmations &gt; returns empty array on error" time="0.000936545">
        </testcase>
        <testcase classname="tests/integration/user-confirmation-gate.test.ts" name="User Confirmation Gate &gt; cleanupExpiredConfirmations &gt; deletes expired pending requests" time="0.000592721">
        </testcase>
        <testcase classname="tests/integration/user-confirmation-gate.test.ts" name="User Confirmation Gate &gt; cleanupExpiredConfirmations &gt; returns 0 on error" time="0.010296859">
            <system-err>
Failed to cleanup expired confirmations: Error: Delete failed
    at [90m/home/user/tdealer01-crypto-dsg-control-plane/[39mtests/integration/user-confirmation-gate.test.ts:427:24
    at [90mfile:///home/user/tdealer01-crypto-dsg-control-plane/[39mnode_modules/[4m@vitest/runner[24m/dist/chunk-hooks.js:155:11
    at [90mfile:///home/user/tdealer01-crypto-dsg-control-plane/[39mnode_modules/[4m@vitest/runner[24m/dist/chunk-hooks.js:752:26
    at [90mfile:///home/user/tdealer01-crypto-dsg-control-plane/[39mnode_modules/[4m@vitest/runner[24m/dist/chunk-hooks.js:1897:20
    at new Promise (&lt;anonymous&gt;)
    at runWithTimeout [90m(file:///home/user/tdealer01-crypto-dsg-control-plane/[39mnode_modules/[4m@vitest/runner[24m/dist/chunk-hooks.js:1863:10[90m)[39m
    at runTest [90m(file:///home/user/tdealer01-crypto-dsg-control-plane/[39mnode_modules/[4m@vitest/runner[24m/dist/chunk-hooks.js:1574:12[90m)[39m
[90m    at processTicksAndRejections (node:internal/process/task_queues:103:5)[39m
    at runSuite [90m(file:///home/user/tdealer01-crypto-dsg-control-plane/[39mnode_modules/[4m@vitest/runner[24m/dist/chunk-hooks.js:1729:8[90m)[39m
    at runSuite [90m(file:///home/user/tdealer01-crypto-dsg-control-plane/[39mnode_modules/[4m@vitest/runner[24m/dist/chunk-hooks.js:1729:8[90m)[39m

            </system-err>
        </testcase>
        <testcase classname="tests/integration/user-confirmation-gate.test.ts" name="User Confirmation Gate &gt; Confirmation workflow scenarios &gt; handles HIGH action confirmation flow" time="0.00095156">
        </testcase>
        <testcase classname="tests/integration/user-confirmation-gate.test.ts" name="User Confirmation Gate &gt; Confirmation workflow scenarios &gt; handles CRITICAL action confirmation flow" time="0.000575211">
        </testcase>
        <testcase classname="tests/integration/user-confirmation-gate.test.ts" name="User Confirmation Gate &gt; Confirmation workflow scenarios &gt; skips confirmation for LOW actions" time="0.000382338">
        </testcase>
    </testsuite>
    <testsuite name="tests/migrations/batch3-enterprise-identity.test.ts" timestamp="2026-06-29T13:05:58.284Z" hostname="vm" tests="1" failures="0" errors="0" skipped="0" time="0.003017329">
        <testcase classname="tests/migrations/batch3-enterprise-identity.test.ts" name="batch 3 enterprise migrations &gt; defines sso, directory sync, billing policy, seat activation, and onboarding tables" time="0.001873301">
        </testcase>
    </testsuite>
    <testsuite name="tests/migrations/finance-governance-audit-ledger-immutability.test.ts" timestamp="2026-06-29T13:05:58.284Z" hostname="vm" tests="2" failures="0" errors="0" skipped="0" time="0.003507225">
        <testcase classname="tests/migrations/finance-governance-audit-ledger-immutability.test.ts" name="finance governance audit ledger immutability migration &gt; keeps the ledger constrained to submit/approve/reject/escalate actions" time="0.001403997">
        </testcase>
        <testcase classname="tests/migrations/finance-governance-audit-ledger-immutability.test.ts" name="finance governance audit ledger immutability migration &gt; adds DB-level update and delete blockers to the finance audit ledger" time="0.000885963">
        </testcase>
    </testsuite>
    <testsuite name="tests/migrations/finance-governance-control-layer.test.ts" timestamp="2026-06-29T13:05:58.284Z" hostname="vm" tests="1" failures="0" errors="0" skipped="0" time="0.00319336">
        <testcase classname="tests/migrations/finance-governance-control-layer.test.ts" name="finance governance control layer migration &gt; creates control layer tables and backfill statements" time="0.001947383">
        </testcase>
    </testsuite>
    <testsuite name="tests/migrations/finance-workflow.test.ts" timestamp="2026-06-29T13:05:58.285Z" hostname="vm" tests="2" failures="0" errors="0" skipped="0" time="0.003120198">
        <testcase classname="tests/migrations/finance-workflow.test.ts" name="finance workflow migration &gt; creates DB-backed finance workflow tables and indexes" time="0.001612161">
        </testcase>
        <testcase classname="tests/migrations/finance-workflow.test.ts" name="finance workflow migration &gt; locks workflow actions to submit → approve/reject/escalate lifecycle" time="0.00039291">
        </testcase>
    </testsuite>
    <testsuite name="tests/migrations/runtime-spine-hardening.test.ts" timestamp="2026-06-29T13:05:58.285Z" hostname="vm" tests="2" failures="0" errors="0" skipped="0" time="0.003109123">
        <testcase classname="tests/migrations/runtime-spine-hardening.test.ts" name="runtime spine hardening migration &gt; serializes execution ordering and validates decision input" time="0.001620323">
        </testcase>
        <testcase classname="tests/migrations/runtime-spine-hardening.test.ts" name="runtime spine hardening migration &gt; persists a checkpoint after each successful runtime commit" time="0.000361554">
        </testcase>
    </testsuite>
    <testsuite name="tests/migrations/runtime-spine.test.ts" timestamp="2026-06-29T13:05:58.285Z" hostname="vm" tests="2" failures="0" errors="0" skipped="0" time="0.003432554">
        <testcase classname="tests/migrations/runtime-spine.test.ts" name="runtime migration coverage &gt; defines runtime spine tables for fresh installs" time="0.001687589">
        </testcase>
        <testcase classname="tests/migrations/runtime-spine.test.ts" name="runtime migration coverage &gt; supports upgrade paths with if not exists and rpc migration" time="0.000602063">
        </testcase>
    </testsuite>
    <testsuite name="tests/proofs/billing-invariants.test.ts" timestamp="2026-06-29T13:05:58.286Z" hostname="vm" tests="11" failures="0" errors="0" skipped="0" time="0.604846907">
        <testcase classname="tests/proofs/billing-invariants.test.ts" name="Z3 Proof: Rate-Limit Window Invariants &gt; within a window: remaining + used = limit (conservation theorem)" time="0.176704001">
        </testcase>
        <testcase classname="tests/proofs/billing-invariants.test.ts" name="Z3 Proof: Rate-Limit Window Invariants &gt; request is blocked iff used &gt;= limit (no bypass theorem)" time="0.124061288">
        </testcase>
        <testcase classname="tests/proofs/billing-invariants.test.ts" name="Z3 Proof: Rate-Limit Window Invariants &gt; after increment: new_used = old_used + 1 (atomic counter theorem)" time="0.015834416">
        </testcase>
        <testcase classname="tests/proofs/billing-invariants.test.ts" name="Z3 Proof: Rate-Limit Window Invariants &gt; rate limit for auth (3/min email) is strictly less than checkout (20/min)" time="0.000380066">
        </testcase>
        <testcase classname="tests/proofs/billing-invariants.test.ts" name="Z3 Proof: Stripe Pricing Arithmetic &gt; yearly price &lt; 12 × monthly price (discount invariant)" time="0.016682702">
        </testcase>
        <testcase classname="tests/proofs/billing-invariants.test.ts" name="Z3 Proof: Stripe Pricing Arithmetic &gt; yearly price = 9 × monthly price (exactly 3 months free, 25% discount — Z3 verified)" time="0.017978599">
        </testcase>
        <testcase classname="tests/proofs/billing-invariants.test.ts" name="Z3 Proof: Stripe Pricing Arithmetic &gt; all prices are positive integers (no zero-price exploit)" time="0.03496886">
        </testcase>
        <testcase classname="tests/proofs/billing-invariants.test.ts" name="Z3 Proof: Quota Gate Safety (no double-spend) &gt; check-before-increment prevents overspend by at most 1 under concurrency" time="0.011507734">
        </testcase>
        <testcase classname="tests/proofs/billing-invariants.test.ts" name="Z3 Proof: Quota Gate Safety (no double-spend) &gt; initialized counter + positive increments ≥ 0 (non-negative by construction)" time="0.00421105">
        </testcase>
        <testcase classname="tests/proofs/billing-invariants.test.ts" name="Z3 Proof: Plan Transition Safety &gt; valid upgrade paths are strictly increasing in rank" time="0.020141082">
        </testcase>
        <testcase classname="tests/proofs/billing-invariants.test.ts" name="Z3 Proof: Plan Transition Safety &gt; downgrade to free always results in rank 0" time="0.005876477">
        </testcase>
    </testsuite>
    <testsuite name="tests/proofs/quota-invariants.test.ts" timestamp="2026-06-29T13:05:58.287Z" hostname="vm" tests="14" failures="0" errors="0" skipped="0" time="0.632167964">
        <testcase classname="tests/proofs/quota-invariants.test.ts" name="Z3 Proof: Quota Ordering Theorem &gt; PLAN_QUOTA is strictly ordered: enterprise &gt; business &gt; pro &gt; trial &gt; free &gt; 0" time="0.146859447">
        </testcase>
        <testcase classname="tests/proofs/quota-invariants.test.ts" name="Z3 Proof: Quota Ordering Theorem &gt; getQuotaForPlan never returns zero (safe floor invariant)" time="0.029616941">
        </testcase>
        <testcase classname="tests/proofs/quota-invariants.test.ts" name="Z3 Proof: Quota Ordering Theorem &gt; getQuotaForPlan(unknown) === FREE_QUOTA (safe floor for unknown plans)" time="0.006472937">
        </testcase>
        <testcase classname="tests/proofs/quota-invariants.test.ts" name="Z3 Proof: Quota Ordering Theorem &gt; getQuotaForPlan(null) === FREE_QUOTA" time="0.003487838">
        </testcase>
        <testcase classname="tests/proofs/quota-invariants.test.ts" name="Z3 Proof: Billing Status Partition Theorem &gt; ACTIVE_STATUSES and REVOKED_STATUSES are disjoint (no status can be both)" time="0.00100571">
        </testcase>
        <testcase classname="tests/proofs/quota-invariants.test.ts" name="Z3 Proof: Billing Status Partition Theorem &gt; effectivePlan returns planKey for every ACTIVE status" time="0.007175269">
        </testcase>
        <testcase classname="tests/proofs/quota-invariants.test.ts" name="Z3 Proof: Billing Status Partition Theorem &gt; effectivePlan returns &quot;free&quot; for every REVOKED status" time="0.016231443">
        </testcase>
        <testcase classname="tests/proofs/quota-invariants.test.ts" name="Z3 Proof: Billing Status Partition Theorem &gt; effectivePlan(null, null) === &quot;free&quot; (null-safety theorem)" time="0.003508823">
        </testcase>
        <testcase classname="tests/proofs/quota-invariants.test.ts" name="Z3 Proof: Revenue Monotonicity Theorem &gt; upgrading plan never decreases quota (∀ plan A→B: quota[B] ≥ quota[A])" time="0.033601805">
        </testcase>
        <testcase classname="tests/proofs/quota-invariants.test.ts" name="Z3 Proof: Revenue Monotonicity Theorem &gt; free plan quota (60) fits in an int32 without overflow" time="0.003617059">
        </testcase>
        <testcase classname="tests/proofs/quota-invariants.test.ts" name="Z3 Proof: Revenue Monotonicity Theorem &gt; enterprise plan quota fits in a JavaScript safe integer" time="0.003479695">
        </testcase>
        <testcase classname="tests/proofs/quota-invariants.test.ts" name="Z3 Proof: Billing Period Arithmetic &gt; billing period YYYY-MM format: month in [1..12]" time="0.000514216">
        </testcase>
        <testcase classname="tests/proofs/quota-invariants.test.ts" name="Z3 Proof: Billing Period Arithmetic &gt; Z3: any valid month m satisfies 1 ≤ m ≤ 12" time="0.064318746">
        </testcase>
        <testcase classname="tests/proofs/quota-invariants.test.ts" name="Z3 Proof: Billing Period Arithmetic &gt; Z3: no month satisfies m &lt; 1 AND m &gt; 12 simultaneously" time="0.108503875">
        </testcase>
    </testsuite>
    <testsuite name="tests/smoke/deployment.test.ts" timestamp="2026-06-29T13:05:58.288Z" hostname="vm" tests="33" failures="0" errors="0" skipped="33" time="0">
        <testcase classname="tests/smoke/deployment.test.ts" name="Post-Deployment Smoke Tests &gt; Server &amp; Connectivity Tests &gt; should have server responding to requests" time="0">
            <skipped/>
        </testcase>
        <testcase classname="tests/smoke/deployment.test.ts" name="Post-Deployment Smoke Tests &gt; Server &amp; Connectivity Tests &gt; should maintain sub-2-second response times for health endpoint" time="0">
            <skipped/>
        </testcase>
        <testcase classname="tests/smoke/deployment.test.ts" name="Post-Deployment Smoke Tests &gt; Server &amp; Connectivity Tests &gt; should handle request timeouts gracefully" time="0">
            <skipped/>
        </testcase>
        <testcase classname="tests/smoke/deployment.test.ts" name="Post-Deployment Smoke Tests &gt; Health &amp; Status Endpoints &gt; GET /api/health should return 200 with valid JSON" time="0">
            <skipped/>
        </testcase>
        <testcase classname="tests/smoke/deployment.test.ts" name="Post-Deployment Smoke Tests &gt; Health &amp; Status Endpoints &gt; GET /api/readiness should indicate deployment status" time="0">
            <skipped/>
        </testcase>
        <testcase classname="tests/smoke/deployment.test.ts" name="Post-Deployment Smoke Tests &gt; Health &amp; Status Endpoints &gt; GET /api/agent/status should return deployment identity" time="0">
            <skipped/>
        </testcase>
        <testcase classname="tests/smoke/deployment.test.ts" name="Post-Deployment Smoke Tests &gt; Authentication &amp; Authorization &gt; GET /api/audit without token should return 401 or 400" time="0">
            <skipped/>
        </testcase>
        <testcase classname="tests/smoke/deployment.test.ts" name="Post-Deployment Smoke Tests &gt; Authentication &amp; Authorization &gt; GET /api/audit with invalid token should return 401 or 400" time="0">
            <skipped/>
        </testcase>
        <testcase classname="tests/smoke/deployment.test.ts" name="Post-Deployment Smoke Tests &gt; Authentication &amp; Authorization &gt; should reject requests without Bearer prefix" time="0">
            <skipped/>
        </testcase>
        <testcase classname="tests/smoke/deployment.test.ts" name="Post-Deployment Smoke Tests &gt; API Response Format &gt; should return valid JSON with proper Content-Type header" time="0">
            <skipped/>
        </testcase>
        <testcase classname="tests/smoke/deployment.test.ts" name="Post-Deployment Smoke Tests &gt; API Response Format &gt; health response should include timestamp" time="0">
            <skipped/>
        </testcase>
        <testcase classname="tests/smoke/deployment.test.ts" name="Post-Deployment Smoke Tests &gt; API Response Format &gt; should not expose sensitive information in responses" time="0">
            <skipped/>
        </testcase>
        <testcase classname="tests/smoke/deployment.test.ts" name="Post-Deployment Smoke Tests &gt; Error Handling &gt; should return 404 for non-existent endpoints" time="0">
            <skipped/>
        </testcase>
        <testcase classname="tests/smoke/deployment.test.ts" name="Post-Deployment Smoke Tests &gt; Error Handling &gt; should return 405 for unsupported HTTP methods" time="0">
            <skipped/>
        </testcase>
        <testcase classname="tests/smoke/deployment.test.ts" name="Post-Deployment Smoke Tests &gt; Error Handling &gt; should handle malformed JSON gracefully" time="0">
            <skipped/>
        </testcase>
        <testcase classname="tests/smoke/deployment.test.ts" name="Post-Deployment Smoke Tests &gt; Error Handling &gt; should return meaningful error messages" time="0">
            <skipped/>
        </testcase>
        <testcase classname="tests/smoke/deployment.test.ts" name="Post-Deployment Smoke Tests &gt; Database Connectivity &gt; health endpoint should report database status" time="0">
            <skipped/>
        </testcase>
        <testcase classname="tests/smoke/deployment.test.ts" name="Post-Deployment Smoke Tests &gt; Database Connectivity &gt; readiness endpoint should validate database access" time="0">
            <skipped/>
        </testcase>
        <testcase classname="tests/smoke/deployment.test.ts" name="Post-Deployment Smoke Tests &gt; Environment &amp; Configuration &gt; should have required environment variables configured" time="0">
            <skipped/>
        </testcase>
        <testcase classname="tests/smoke/deployment.test.ts" name="Post-Deployment Smoke Tests &gt; Environment &amp; Configuration &gt; deployment should identify itself correctly" time="0">
            <skipped/>
        </testcase>
        <testcase classname="tests/smoke/deployment.test.ts" name="Post-Deployment Smoke Tests &gt; Environment &amp; Configuration &gt; should include deployment timestamp in status" time="0">
            <skipped/>
        </testcase>
        <testcase classname="tests/smoke/deployment.test.ts" name="Post-Deployment Smoke Tests &gt; Rate Limiting &amp; Throttling &gt; should enforce rate limits on repeated requests" time="0">
            <skipped/>
        </testcase>
        <testcase classname="tests/smoke/deployment.test.ts" name="Post-Deployment Smoke Tests &gt; Security Headers &gt; responses should include security headers" time="0">
            <skipped/>
        </testcase>
        <testcase classname="tests/smoke/deployment.test.ts" name="Post-Deployment Smoke Tests &gt; Security Headers &gt; should not leak server technology details" time="0">
            <skipped/>
        </testcase>
        <testcase classname="tests/smoke/deployment.test.ts" name="Post-Deployment Smoke Tests &gt; Latency Assertions &gt; health check should complete within 2 seconds" time="0">
            <skipped/>
        </testcase>
        <testcase classname="tests/smoke/deployment.test.ts" name="Post-Deployment Smoke Tests &gt; Latency Assertions &gt; status endpoint should complete within 1.5 seconds" time="0">
            <skipped/>
        </testcase>
        <testcase classname="tests/smoke/deployment.test.ts" name="Post-Deployment Smoke Tests &gt; Latency Assertions &gt; readiness check should complete within 5 seconds" time="0">
            <skipped/>
        </testcase>
        <testcase classname="tests/smoke/deployment.test.ts" name="Post-Deployment Smoke Tests &gt; Stripe Integration &gt; webhook endpoint should be reachable" time="0">
            <skipped/>
        </testcase>
        <testcase classname="tests/smoke/deployment.test.ts" name="Post-Deployment Smoke Tests &gt; Stripe Integration &gt; should validate webhook signatures" time="0">
            <skipped/>
        </testcase>
        <testcase classname="tests/smoke/deployment.test.ts" name="Post-Deployment Smoke Tests &gt; Rollback &amp; Degradation Detection &gt; should provide clear error messages when required env vars are missing" time="0">
            <skipped/>
        </testcase>
        <testcase classname="tests/smoke/deployment.test.ts" name="Post-Deployment Smoke Tests &gt; Rollback &amp; Degradation Detection &gt; should not silently fail when dependencies are missing" time="0">
            <skipped/>
        </testcase>
        <testcase classname="tests/smoke/deployment.test.ts" name="Post-Deployment Smoke Tests &gt; Smoke Test Readiness &gt; should pass baseline smoke tests" time="0">
            <skipped/>
        </testcase>
        <testcase classname="tests/smoke/deployment.test.ts" name="Post-Deployment Smoke Tests &gt; Smoke Test Readiness &gt; should support deployment validation workflow" time="0">
            <skipped/>
        </testcase>
    </testsuite>
    <testsuite name="tests/unit/agent-auth.test.ts" timestamp="2026-06-29T13:05:58.292Z" hostname="vm" tests="4" failures="0" errors="0" skipped="0" time="0.009814996">
        <testcase classname="tests/unit/agent-auth.test.ts" name="resolveAgentFromApiKey &gt; returns agent data when id and api_key_hash match" time="0.006356455">
        </testcase>
        <testcase classname="tests/unit/agent-auth.test.ts" name="resolveAgentFromApiKey &gt; returns null when no matching agent is found" time="0.000748703">
        </testcase>
        <testcase classname="tests/unit/agent-auth.test.ts" name="resolveAgentFromApiKey &gt; returns null on database error" time="0.000775121">
        </testcase>
        <testcase classname="tests/unit/agent-auth.test.ts" name="resolveAgentFromApiKey &gt; hashes the api key with sha256 before querying" time="0.000723803">
        </testcase>
    </testsuite>
    <testsuite name="tests/unit/approval-validation.test.ts" timestamp="2026-06-29T13:05:58.292Z" hostname="vm" tests="24" failures="0" errors="0" skipped="0" time="0.009437146">
        <testcase classname="tests/unit/approval-validation.test.ts" name="Approval Validation &gt; validateApprovalRequest &gt; should accept valid approval request" time="0.002608406">
        </testcase>
        <testcase classname="tests/unit/approval-validation.test.ts" name="Approval Validation &gt; validateApprovalRequest &gt; should reject missing agentId" time="0.000472328">
        </testcase>
        <testcase classname="tests/unit/approval-validation.test.ts" name="Approval Validation &gt; validateApprovalRequest &gt; should reject invalid UUID for orgId" time="0.000298398">
        </testcase>
        <testcase classname="tests/unit/approval-validation.test.ts" name="Approval Validation &gt; validateApprovalRequest &gt; should reject action less than 5 characters" time="0.000274084">
        </testcase>
        <testcase classname="tests/unit/approval-validation.test.ts" name="Approval Validation &gt; validateApprovalRequest &gt; should reject expiresInHours &gt; 720 (30 days)" time="0.00022156">
        </testcase>
        <testcase classname="tests/unit/approval-validation.test.ts" name="Approval Validation &gt; validateApprovalRequest &gt; should default expiresInHours to 24 if not provided" time="0.000208047">
        </testcase>
        <testcase classname="tests/unit/approval-validation.test.ts" name="Approval Validation &gt; validateApprovalRequest &gt; should reject invalid priority" time="0.000227772">
        </testcase>
        <testcase classname="tests/unit/approval-validation.test.ts" name="Approval Validation &gt; validateApprovalRequest &gt; should accept valid priorities" time="0.000258613">
        </testcase>
        <testcase classname="tests/unit/approval-validation.test.ts" name="Approval Validation &gt; validateApprovalRequest &gt; should reject non-object input" time="0.000343878">
        </testcase>
        <testcase classname="tests/unit/approval-validation.test.ts" name="Approval Validation &gt; validateApprovalDecision &gt; should accept valid approval decision" time="0.000424226">
        </testcase>
        <testcase classname="tests/unit/approval-validation.test.ts" name="Approval Validation &gt; validateApprovalDecision &gt; should accept valid rejection decision" time="0.000157945">
        </testcase>
        <testcase classname="tests/unit/approval-validation.test.ts" name="Approval Validation &gt; validateApprovalDecision &gt; should reject invalid decision" time="0.000152879">
        </testcase>
        <testcase classname="tests/unit/approval-validation.test.ts" name="Approval Validation &gt; validateApprovalDecision &gt; should reject missing decision" time="0.000151867">
        </testcase>
        <testcase classname="tests/unit/approval-validation.test.ts" name="Approval Validation &gt; validateApprovalDecision &gt; should reject reason &gt; 1000 characters" time="0.000141491">
        </testcase>
        <testcase classname="tests/unit/approval-validation.test.ts" name="Approval Validation &gt; validateApprovalDecision &gt; should accept reason with exactly 1000 characters" time="0.000152998">
        </testcase>
        <testcase classname="tests/unit/approval-validation.test.ts" name="Approval Validation &gt; validatePaginationParams &gt; should use default pagination when not provided" time="0.000243459">
        </testcase>
        <testcase classname="tests/unit/approval-validation.test.ts" name="Approval Validation &gt; validatePaginationParams &gt; should accept valid pagination params" time="0.000145979">
        </testcase>
        <testcase classname="tests/unit/approval-validation.test.ts" name="Approval Validation &gt; validatePaginationParams &gt; should reject negative offset" time="0.000129194">
        </testcase>
        <testcase classname="tests/unit/approval-validation.test.ts" name="Approval Validation &gt; validatePaginationParams &gt; should reject limit &gt; 100" time="0.000127091">
        </testcase>
        <testcase classname="tests/unit/approval-validation.test.ts" name="Approval Validation &gt; validatePaginationParams &gt; should reject limit &lt; 1" time="0.000121153">
        </testcase>
        <testcase classname="tests/unit/approval-validation.test.ts" name="Approval Validation &gt; validatePaginationParams &gt; should parse string numbers" time="0.000207651">
        </testcase>
        <testcase classname="tests/unit/approval-validation.test.ts" name="Approval Validation &gt; validatePaginationParams &gt; should reject non-integer offsets" time="0.000091241">
        </testcase>
        <testcase classname="tests/unit/approval-validation.test.ts" name="Approval Validation &gt; validatePaginationParams &gt; should accept offset up to 10000" time="0.000124916">
        </testcase>
        <testcase classname="tests/unit/approval-validation.test.ts" name="Approval Validation &gt; validatePaginationParams &gt; should reject offset &gt; 10000" time="0.000077717">
        </testcase>
    </testsuite>
    <testsuite name="tests/unit/auth-preflight.test.ts" timestamp="2026-06-29T13:05:58.295Z" hostname="vm" tests="6" failures="0" errors="0" skipped="0" time="0.007623716">
        <testcase classname="tests/unit/auth-preflight.test.ts" name="validateAuthConfig &gt; returns ok=true when required auth config is present" time="0.00205278">
        </testcase>
        <testcase classname="tests/unit/auth-preflight.test.ts" name="validateAuthConfig &gt; returns missing-supabase-url error when Supabase URL is missing" time="0.000392636">
        </testcase>
        <testcase classname="tests/unit/auth-preflight.test.ts" name="validateAuthConfig &gt; returns missing-anon-key error when anon/publishable keys are both missing" time="0.000246887">
        </testcase>
        <testcase classname="tests/unit/auth-preflight.test.ts" name="validateAuthConfig &gt; returns missing-service-key error when service role key is missing" time="0.000263209">
        </testcase>
        <testcase classname="tests/unit/auth-preflight.test.ts" name="validateAuthConfig &gt; returns missing-app-url as warning by default, not as blocking error" time="0.000378766">
        </testcase>
        <testcase classname="tests/unit/auth-preflight.test.ts" name="validateAuthConfig &gt; returns missing-app-url as blocking error when requireAppUrl=true" time="0.000360381">
        </testcase>
    </testsuite>
    <testsuite name="tests/unit/auth-sso-config.test.ts" timestamp="2026-06-29T13:05:58.296Z" hostname="vm" tests="1" failures="0" errors="0" skipped="0" time="0.006929134">
        <testcase classname="tests/unit/auth-sso-config.test.ts" name="sso config helpers &gt; orgRequiresSso is true only when enabled + enforced" time="0.005809483">
        </testcase>
    </testsuite>
    <testsuite name="tests/unit/authz-runtime.test.ts" timestamp="2026-06-29T13:05:58.296Z" hostname="vm" tests="5" failures="0" errors="0" skipped="0" time="0.012645488">
        <testcase classname="tests/unit/authz-runtime.test.ts" name="requireRuntimeAccess &gt; grants access as internal_service when token is valid" time="0.007968051">
        </testcase>
        <testcase classname="tests/unit/authz-runtime.test.ts" name="requireRuntimeAccess &gt; does not call requireOrgRole when internal service auth succeeds" time="0.00081821">
        </testcase>
        <testcase classname="tests/unit/authz-runtime.test.ts" name="requireRuntimeAccess &gt; falls back to user session when internal service auth fails" time="0.000745443">
        </testcase>
        <testcase classname="tests/unit/authz-runtime.test.ts" name="requireRuntimeAccess &gt; returns forbidden when user session check also fails" time="0.00058278">
        </testcase>
        <testcase classname="tests/unit/authz-runtime.test.ts" name="requireRuntimeAccess &gt; passes the required roles for the given routeKey to requireOrgRole" time="0.001221791">
        </testcase>
    </testsuite>
    <testsuite name="tests/unit/authz.test.ts" timestamp="2026-06-29T13:05:58.297Z" hostname="vm" tests="2" failures="0" errors="0" skipped="0" time="0.322883084">
        <testcase classname="tests/unit/authz.test.ts" name="requireOrgRole runtime_roles fallback &gt; falls back to base admin role when runtime_roles relation is missing" time="0.315203302">
        </testcase>
        <testcase classname="tests/unit/authz.test.ts" name="requireOrgRole runtime_roles fallback &gt; returns forbidden when fallback role set does not satisfy required role" time="0.00629235">
        </testcase>
    </testsuite>
    <testsuite name="tests/unit/delegation-types.test.ts" timestamp="2026-06-29T13:05:58.297Z" hostname="vm" tests="26" failures="0" errors="0" skipped="0" time="0.010604037">
        <testcase classname="tests/unit/delegation-types.test.ts" name="DelegationContract validation &gt; validateDelegation &gt; should validate a correct delegation" time="0.002267907">
        </testcase>
        <testcase classname="tests/unit/delegation-types.test.ts" name="DelegationContract validation &gt; validateDelegation &gt; should fail when delegationId is missing" time="0.000863535">
        </testcase>
        <testcase classname="tests/unit/delegation-types.test.ts" name="DelegationContract validation &gt; validateDelegation &gt; should fail when userId is missing" time="0.000226669">
        </testcase>
        <testcase classname="tests/unit/delegation-types.test.ts" name="DelegationContract validation &gt; validateDelegation &gt; should fail when goal is missing" time="0.00029279">
        </testcase>
        <testcase classname="tests/unit/delegation-types.test.ts" name="DelegationContract validation &gt; validateDelegation &gt; should fail when scope is missing" time="0.000231702">
        </testcase>
        <testcase classname="tests/unit/delegation-types.test.ts" name="DelegationContract validation &gt; validateDelegation &gt; should fail when allowedActions is not an array" time="0.000204637">
        </testcase>
        <testcase classname="tests/unit/delegation-types.test.ts" name="DelegationContract validation &gt; validateDelegation &gt; should fail when blockedActions is not an array" time="0.000325318">
        </testcase>
        <testcase classname="tests/unit/delegation-types.test.ts" name="DelegationContract validation &gt; validateDelegation &gt; should fail when expiresAt is not valid ISO8601" time="0.000228019">
        </testcase>
        <testcase classname="tests/unit/delegation-types.test.ts" name="DelegationContract validation &gt; validateDelegation &gt; should fail when expiresAt is missing" time="0.000315649">
        </testcase>
        <testcase classname="tests/unit/delegation-types.test.ts" name="DelegationContract validation &gt; validateDelegation &gt; should fail when action is in both allowedActions and blockedActions" time="0.000184952">
        </testcase>
        <testcase classname="tests/unit/delegation-types.test.ts" name="DelegationContract validation &gt; validateDelegation &gt; should warn about duplicate actions in allowedActions" time="0.000278748">
        </testcase>
        <testcase classname="tests/unit/delegation-types.test.ts" name="DelegationContract validation &gt; validateDelegation &gt; should warn about duplicate actions in blockedActions" time="0.000142343">
        </testcase>
        <testcase classname="tests/unit/delegation-types.test.ts" name="DelegationContract validation &gt; isDelegationValid &gt; should return true for a valid non-expired delegation" time="0.00013354">
        </testcase>
        <testcase classname="tests/unit/delegation-types.test.ts" name="DelegationContract validation &gt; isDelegationValid &gt; should return false for null delegation" time="0.000084022">
        </testcase>
        <testcase classname="tests/unit/delegation-types.test.ts" name="DelegationContract validation &gt; isDelegationValid &gt; should return false for an expired delegation" time="0.000594683">
        </testcase>
        <testcase classname="tests/unit/delegation-types.test.ts" name="DelegationContract validation &gt; isDelegationValid &gt; should return false for a delegation with invalid expiresAt" time="0.000139599">
        </testcase>
        <testcase classname="tests/unit/delegation-types.test.ts" name="DelegationContract validation &gt; isDelegationValid &gt; should return false for a delegation with validation errors" time="0.000083623">
        </testcase>
        <testcase classname="tests/unit/delegation-types.test.ts" name="DelegationContract validation &gt; getTimeUntilExpiration &gt; should return positive milliseconds for a valid delegation" time="0.000237585">
        </testcase>
        <testcase classname="tests/unit/delegation-types.test.ts" name="DelegationContract validation &gt; getTimeUntilExpiration &gt; should return null for a null delegation" time="0.000139218">
        </testcase>
        <testcase classname="tests/unit/delegation-types.test.ts" name="DelegationContract validation &gt; getTimeUntilExpiration &gt; should return null for an expired delegation" time="0.000155187">
        </testcase>
        <testcase classname="tests/unit/delegation-types.test.ts" name="DelegationContract validation &gt; getTimeUntilExpiration &gt; should return approximate value for a delegation expiring soon" time="0.000196835">
        </testcase>
        <testcase classname="tests/unit/delegation-types.test.ts" name="DelegationContract validation &gt; Action permission checks &gt; should identify allowed actions correctly" time="0.00022339">
        </testcase>
        <testcase classname="tests/unit/delegation-types.test.ts" name="DelegationContract validation &gt; Action permission checks &gt; should identify blocked actions correctly" time="0.000259097">
        </testcase>
        <testcase classname="tests/unit/delegation-types.test.ts" name="DelegationContract validation &gt; Action permission checks &gt; should identify confirmation-required actions correctly" time="0.000305302">
        </testcase>
        <testcase classname="tests/unit/delegation-types.test.ts" name="DelegationContract validation &gt; Action permission checks &gt; should handle empty action lists" time="0.000121742">
        </testcase>
        <testcase classname="tests/unit/delegation-types.test.ts" name="DelegationContract validation &gt; Action permission checks &gt; should handle wildcard allowed actions" time="0.000111573">
        </testcase>
    </testsuite>
    <testsuite name="tests/unit/dsg-agent-command-gate.test.ts" timestamp="2026-06-29T13:05:58.300Z" hostname="vm" tests="10" failures="0" errors="0" skipped="0" time="0.01626237">
        <testcase classname="tests/unit/dsg-agent-command-gate.test.ts" name="evaluateAgentCommandGate &gt; PASS for a fully valid low-risk read command" time="0.002561204">
        </testcase>
        <testcase classname="tests/unit/dsg-agent-command-gate.test.ts" name="evaluateAgentCommandGate &gt; BLOCK when workspaceId is missing" time="0.008605509">
        </testcase>
        <testcase classname="tests/unit/dsg-agent-command-gate.test.ts" name="evaluateAgentCommandGate &gt; BLOCK when actor lacks required permission for medium risk" time="0.000437739">
        </testcase>
        <testcase classname="tests/unit/dsg-agent-command-gate.test.ts" name="evaluateAgentCommandGate &gt; BLOCK when high-risk action lacks approval" time="0.000382478">
        </testcase>
        <testcase classname="tests/unit/dsg-agent-command-gate.test.ts" name="evaluateAgentCommandGate &gt; PASS for high-risk deploy with approval proof" time="0.00035143">
        </testcase>
        <testcase classname="tests/unit/dsg-agent-command-gate.test.ts" name="evaluateAgentCommandGate &gt; produces deterministic commandHash for same input" time="0.000340694">
        </testcase>
        <testcase classname="tests/unit/dsg-agent-command-gate.test.ts" name="buildAgentActionResultReceipt &gt; accepted=true when all required fields present" time="0.000458369">
        </testcase>
        <testcase classname="tests/unit/dsg-agent-command-gate.test.ts" name="buildAgentActionResultReceipt &gt; accepted=false when evidenceItemIds is empty" time="0.000291901">
        </testcase>
        <testcase classname="tests/unit/dsg-agent-command-gate.test.ts" name="evaluateAction (simplified API) &gt; PASS for a low-risk read with minimal required fields" time="0.000782813">
        </testcase>
        <testcase classname="tests/unit/dsg-agent-command-gate.test.ts" name="evaluateAction (simplified API) &gt; BLOCK for high-risk without approval" time="0.000477835">
        </testcase>
    </testsuite>
    <testsuite name="tests/unit/dsg-brain-conformance.test.ts" timestamp="2026-06-29T13:05:58.301Z" hostname="vm" tests="11" failures="0" errors="0" skipped="0" time="0.008718156">
        <testcase classname="tests/unit/dsg-brain-conformance.test.ts" name="DSG Brain Conformance Gate &gt; approves conformant execution result" time="0.00350177">
        </testcase>
        <testcase classname="tests/unit/dsg-brain-conformance.test.ts" name="DSG Brain Conformance Gate &gt; BLOCKS when planHash mismatches" time="0.00032106">
        </testcase>
        <testcase classname="tests/unit/dsg-brain-conformance.test.ts" name="DSG Brain Conformance Gate &gt; BLOCKS when command is not in allowedCommands" time="0.000257317">
        </testcase>
        <testcase classname="tests/unit/dsg-brain-conformance.test.ts" name="DSG Brain Conformance Gate &gt; BLOCKS when file path is not in allowedPaths" time="0.000308886">
        </testcase>
        <testcase classname="tests/unit/dsg-brain-conformance.test.ts" name="DSG Brain Conformance Gate &gt; BLOCKS path traversal attacks (../../etc/passwd)" time="0.000384511">
        </testcase>
        <testcase classname="tests/unit/dsg-brain-conformance.test.ts" name="DSG Brain Conformance Gate &gt; BLOCKS null byte injection in paths" time="0.00035748">
        </testcase>
        <testcase classname="tests/unit/dsg-brain-conformance.test.ts" name="DSG Brain Conformance Gate &gt; allows nested paths under allowedPaths" time="0.00018331">
        </testcase>
        <testcase classname="tests/unit/dsg-brain-conformance.test.ts" name="DSG Brain Conformance Gate &gt; BLOCKS partial path prefix match (e.g., /tmp/dsg-extra)" time="0.000174851">
        </testcase>
        <testcase classname="tests/unit/dsg-brain-conformance.test.ts" name="DSG Brain Conformance Gate &gt; BLOCKS when evidence is missing" time="0.000324637">
        </testcase>
        <testcase classname="tests/unit/dsg-brain-conformance.test.ts" name="DSG Brain Conformance Gate &gt; throws on assertConformance when violations exist" time="0.000811841">
        </testcase>
        <testcase classname="tests/unit/dsg-brain-conformance.test.ts" name="DSG Brain Conformance Gate &gt; does not throw on assertConformance when conformant" time="0.000265281">
        </testcase>
    </testsuite>
    <testsuite name="tests/unit/dsg-brain-controlled-executor.test.ts" timestamp="2026-06-29T13:05:58.303Z" hostname="vm" tests="17" failures="0" errors="0" skipped="0" time="0.008599418">
        <testcase classname="tests/unit/dsg-brain-controlled-executor.test.ts" name="DSG Brain Controlled Executor &gt; builds an execution grant bound to planHash" time="0.0015338">
        </testcase>
        <testcase classname="tests/unit/dsg-brain-controlled-executor.test.ts" name="DSG Brain Controlled Executor &gt; supports custom TTL and maxRenewals" time="0.000317425">
        </testcase>
        <testcase classname="tests/unit/dsg-brain-controlled-executor.test.ts" name="DSG Brain Controlled Executor &gt; validates grant against plan" time="0.000242337">
        </testcase>
        <testcase classname="tests/unit/dsg-brain-controlled-executor.test.ts" name="DSG Brain Controlled Executor &gt; invalidates grant when planHash mismatches" time="0.00024202">
        </testcase>
        <testcase classname="tests/unit/dsg-brain-controlled-executor.test.ts" name="DSG Brain Controlled Executor &gt; invalidates expired grant" time="0.000122766">
        </testcase>
        <testcase classname="tests/unit/dsg-brain-controlled-executor.test.ts" name="DSG Brain Controlled Executor &gt; allows grace period for near-expired grants" time="0.000190904">
        </testcase>
        <testcase classname="tests/unit/dsg-brain-controlled-executor.test.ts" name="DSG Brain Controlled Executor &gt; still blocks grants beyond grace period" time="0.000121305">
        </testcase>
        <testcase classname="tests/unit/dsg-brain-controlled-executor.test.ts" name="DSG Brain Controlled Executor &gt; renews execution grant extending TTL" time="0.000275723">
        </testcase>
        <testcase classname="tests/unit/dsg-brain-controlled-executor.test.ts" name="DSG Brain Controlled Executor &gt; blocks renewal of expired grant" time="0.000983992">
        </testcase>
        <testcase classname="tests/unit/dsg-brain-controlled-executor.test.ts" name="DSG Brain Controlled Executor &gt; blocks renewal beyond maxRenewals" time="0.000284379">
        </testcase>
        <testcase classname="tests/unit/dsg-brain-controlled-executor.test.ts" name="DSG Brain Controlled Executor &gt; builds controlled execution context without raw secrets" time="0.001196825">
        </testcase>
        <testcase classname="tests/unit/dsg-brain-controlled-executor.test.ts" name="DSG Brain Controlled Executor &gt; credential lease contains redaction fingerprint, not raw value" time="0.000750355">
        </testcase>
        <testcase classname="tests/unit/dsg-brain-controlled-executor.test.ts" name="DSG Brain Controlled Executor &gt; validates active lease" time="0.000198791">
        </testcase>
        <testcase classname="tests/unit/dsg-brain-controlled-executor.test.ts" name="DSG Brain Controlled Executor &gt; invalidates expired lease" time="0.00011301">
        </testcase>
        <testcase classname="tests/unit/dsg-brain-controlled-executor.test.ts" name="DSG Brain Controlled Executor &gt; allows grace period for near-expired leases" time="0.000093986">
        </testcase>
        <testcase classname="tests/unit/dsg-brain-controlled-executor.test.ts" name="DSG Brain Controlled Executor &gt; renews credential lease extending expiration" time="0.000263473">
        </testcase>
        <testcase classname="tests/unit/dsg-brain-controlled-executor.test.ts" name="DSG Brain Controlled Executor &gt; blocks lease renewal beyond maxRenewals" time="0.000271183">
        </testcase>
    </testsuite>
    <testsuite name="tests/unit/dsg-brain-credential-broker.test.ts" timestamp="2026-06-29T13:05:58.304Z" hostname="vm" tests="14" failures="0" errors="0" skipped="0" time="0.014442176">
        <testcase classname="tests/unit/dsg-brain-credential-broker.test.ts" name="Credential Broker (DSG Brain) &gt; brokerCredentials &gt; should return empty arrays for empty secret names" time="0.002044098">
        </testcase>
        <testcase classname="tests/unit/dsg-brain-credential-broker.test.ts" name="Credential Broker (DSG Brain) &gt; brokerCredentials &gt; should create leases for existing secrets" time="0.002409247">
        </testcase>
        <testcase classname="tests/unit/dsg-brain-credential-broker.test.ts" name="Credential Broker (DSG Brain) &gt; brokerCredentials &gt; should track unavailable secrets" time="0.000606968">
        </testcase>
        <testcase classname="tests/unit/dsg-brain-credential-broker.test.ts" name="Credential Broker (DSG Brain) &gt; brokerCredentials &gt; should mix found and unavailable secrets" time="0.001028365">
        </testcase>
        <testcase classname="tests/unit/dsg-brain-credential-broker.test.ts" name="Credential Broker (DSG Brain) &gt; brokerCredentials &gt; should throw on database error" time="0.001223368">
        </testcase>
        <testcase classname="tests/unit/dsg-brain-credential-broker.test.ts" name="Credential Broker (DSG Brain) &gt; brokerCredentials &gt; should skip malformed secret records" time="0.001755223">
            <system-err>
Credential broker: Malformed secret record for name=&quot;EMPTY_VALUE_KEY&quot;

            </system-err>
        </testcase>
        <testcase classname="tests/unit/dsg-brain-credential-broker.test.ts" name="Credential Broker (DSG Brain) &gt; brokerCredentials &gt; should create leases with correct redaction fingerprints" time="0.000490713">
        </testcase>
        <testcase classname="tests/unit/dsg-brain-credential-broker.test.ts" name="Credential Broker (DSG Brain) &gt; brokerCredentials &gt; should use custom broker config" time="0.000660537">
        </testcase>
        <testcase classname="tests/unit/dsg-brain-credential-broker.test.ts" name="Credential Broker (DSG Brain) &gt; checkSecretExists &gt; should return true when secret exists" time="0.000596127">
        </testcase>
        <testcase classname="tests/unit/dsg-brain-credential-broker.test.ts" name="Credential Broker (DSG Brain) &gt; checkSecretExists &gt; should return false when secret does not exist" time="0.000371142">
        </testcase>
        <testcase classname="tests/unit/dsg-brain-credential-broker.test.ts" name="Credential Broker (DSG Brain) &gt; checkSecretExists &gt; should throw on database error" time="0.000457456">
        </testcase>
        <testcase classname="tests/unit/dsg-brain-credential-broker.test.ts" name="Credential Broker (DSG Brain) &gt; checkSecretsExist &gt; should return empty arrays for empty input" time="0.000447342">
        </testcase>
        <testcase classname="tests/unit/dsg-brain-credential-broker.test.ts" name="Credential Broker (DSG Brain) &gt; checkSecretsExist &gt; should separate existing and missing secrets" time="0.000377191">
        </testcase>
        <testcase classname="tests/unit/dsg-brain-credential-broker.test.ts" name="Credential Broker (DSG Brain) &gt; checkSecretsExist &gt; should throw on database error" time="0.000348811">
        </testcase>
    </testsuite>
    <testsuite name="tests/unit/dsg-brain-hash-utils.test.ts" timestamp="2026-06-29T13:05:58.307Z" hostname="vm" tests="8" failures="0" errors="0" skipped="0" time="0.006534611">
        <testcase classname="tests/unit/dsg-brain-hash-utils.test.ts" name="DSG Brain Hash Utilities &gt; stableJsonSort sorts object keys recursively" time="0.001253427">
        </testcase>
        <testcase classname="tests/unit/dsg-brain-hash-utils.test.ts" name="DSG Brain Hash Utilities &gt; stableJsonSort preserves array order" time="0.000690895">
        </testcase>
        <testcase classname="tests/unit/dsg-brain-hash-utils.test.ts" name="DSG Brain Hash Utilities &gt; canonicalJsonStringify produces identical output regardless of key order" time="0.000205216">
        </testcase>
        <testcase classname="tests/unit/dsg-brain-hash-utils.test.ts" name="DSG Brain Hash Utilities &gt; sha256Hash is deterministic for same content" time="0.001345023">
        </testcase>
        <testcase classname="tests/unit/dsg-brain-hash-utils.test.ts" name="DSG Brain Hash Utilities &gt; sha256Hash differs for different content" time="0.00032327">
        </testcase>
        <testcase classname="tests/unit/dsg-brain-hash-utils.test.ts" name="DSG Brain Hash Utilities &gt; sha256Raw hashes string content" time="0.000553499">
        </testcase>
        <testcase classname="tests/unit/dsg-brain-hash-utils.test.ts" name="DSG Brain Hash Utilities &gt; handles nested objects with mixed types" time="0.000312156">
        </testcase>
        <testcase classname="tests/unit/dsg-brain-hash-utils.test.ts" name="DSG Brain Hash Utilities &gt; handles null and undefined values consistently" time="0.000251067">
        </testcase>
    </testsuite>
    <testsuite name="tests/unit/dsg-brain-hermes-llm.test.ts" timestamp="2026-06-29T13:05:58.309Z" hostname="vm" tests="13" failures="0" errors="0" skipped="0" time="0.021155422">
        <testcase classname="tests/unit/dsg-brain-hermes-llm.test.ts" name="Hermes LLM - Plan Generation &gt; generates a plan with valid Anthropic response" time="0.009034727">
        </testcase>
        <testcase classname="tests/unit/dsg-brain-hermes-llm.test.ts" name="Hermes LLM - Plan Generation &gt; adds risk tags when constraints are empty" time="0.001187899">
        </testcase>
        <testcase classname="tests/unit/dsg-brain-hermes-llm.test.ts" name="Hermes LLM - Plan Generation &gt; throws error when ANTHROPIC_API_KEY is not set" time="0.001274055">
        </testcase>
        <testcase classname="tests/unit/dsg-brain-hermes-llm.test.ts" name="Hermes LLM - Plan Generation &gt; handles LLM API errors gracefully" time="0.000688774">
        </testcase>
        <testcase classname="tests/unit/dsg-brain-hermes-llm.test.ts" name="Hermes LLM - Plan Generation &gt; parses multi-step plans correctly" time="0.002727907">
        </testcase>
        <testcase classname="tests/unit/dsg-brain-hermes-llm.test.ts" name="Hermes LLM - Plan Generation &gt; accepts optional API key parameter" time="0.000452677">
        </testcase>
        <testcase classname="tests/unit/dsg-brain-hermes-llm.test.ts" name="Hermes LLM - Plan Remediation &gt; remediates a plan with conformance violations" time="0.000671264">
        </testcase>
        <testcase classname="tests/unit/dsg-brain-hermes-llm.test.ts" name="Hermes LLM - Plan Remediation &gt; fixes multiple violations in a plan" time="0.000258196">
        </testcase>
        <testcase classname="tests/unit/dsg-brain-hermes-llm.test.ts" name="Hermes LLM - Plan Remediation &gt; throws error when ANTHROPIC_API_KEY is not set for remediation" time="0.000556075">
        </testcase>
        <testcase classname="tests/unit/dsg-brain-hermes-llm.test.ts" name="Hermes LLM - Plan Remediation &gt; handles remediation API errors gracefully" time="0.000383946">
        </testcase>
        <testcase classname="tests/unit/dsg-brain-hermes-llm.test.ts" name="Hermes LLM - Plan Remediation &gt; includes violations in remediation prompt" time="0.000378939">
        </testcase>
        <testcase classname="tests/unit/dsg-brain-hermes-llm.test.ts" name="Hermes LLM - Prompt Generation &gt; builds comprehensive system prompts for planning" time="0.000288752">
        </testcase>
        <testcase classname="tests/unit/dsg-brain-hermes-llm.test.ts" name="Hermes LLM - Prompt Generation &gt; includes constraints in user prompts" time="0.000335466">
        </testcase>
    </testsuite>
    <testsuite name="tests/unit/dsg-brain-model-config.test.ts" timestamp="2026-06-29T13:05:58.312Z" hostname="vm" tests="7" failures="0" errors="0" skipped="0" time="0.004631024">
        <testcase classname="tests/unit/dsg-brain-model-config.test.ts" name="DSG Brain Model Config &gt; uses DSG_BRAIN_MODEL when available" time="0.001415833">
        </testcase>
        <testcase classname="tests/unit/dsg-brain-model-config.test.ts" name="DSG Brain Model Config &gt; falls back to DSG_DADBOT_MODEL when DSG_BRAIN_MODEL is missing" time="0.000275812">
        </testcase>
        <testcase classname="tests/unit/dsg-brain-model-config.test.ts" name="DSG Brain Model Config &gt; falls back to default model when both env vars are missing" time="0.000173533">
        </testcase>
        <testcase classname="tests/unit/dsg-brain-model-config.test.ts" name="DSG Brain Model Config &gt; never exposes the API key value" time="0.000824105">
        </testcase>
        <testcase classname="tests/unit/dsg-brain-model-config.test.ts" name="DSG Brain Model Config &gt; reports configured=false when ANTHROPIC_API_KEY is missing" time="0.000173482">
        </testcase>
        <testcase classname="tests/unit/dsg-brain-model-config.test.ts" name="DSG Brain Model Config &gt; validates correct config shape" time="0.000233922">
        </testcase>
        <testcase classname="tests/unit/dsg-brain-model-config.test.ts" name="DSG Brain Model Config &gt; rejects invalid config shapes" time="0.000152402">
        </testcase>
    </testsuite>
    <testsuite name="tests/unit/dsg-brain-persistence.test.ts" timestamp="2026-06-29T13:05:58.313Z" hostname="vm" tests="20" failures="0" errors="0" skipped="0" time="0.019378242">
        <testcase classname="tests/unit/dsg-brain-persistence.test.ts" name="DSG Brain Persistence Layer &gt; Grant Persistence &gt; saves an execution grant to database" time="0.003218986">
        </testcase>
        <testcase classname="tests/unit/dsg-brain-persistence.test.ts" name="DSG Brain Persistence Layer &gt; Grant Persistence &gt; loads an execution grant from database" time="0.001315874">
        </testcase>
        <testcase classname="tests/unit/dsg-brain-persistence.test.ts" name="DSG Brain Persistence Layer &gt; Grant Persistence &gt; returns null for non-existent grant" time="0.000511379">
        </testcase>
        <testcase classname="tests/unit/dsg-brain-persistence.test.ts" name="DSG Brain Persistence Layer &gt; Grant Persistence &gt; returns null for expired grant and cleans it up" time="0.000738772">
        </testcase>
        <testcase classname="tests/unit/dsg-brain-persistence.test.ts" name="DSG Brain Persistence Layer &gt; Grant Persistence &gt; deletes a grant from database" time="0.000655126">
        </testcase>
        <testcase classname="tests/unit/dsg-brain-persistence.test.ts" name="DSG Brain Persistence Layer &gt; Grant Persistence &gt; gets all active grants" time="0.000698975">
        </testcase>
        <testcase classname="tests/unit/dsg-brain-persistence.test.ts" name="DSG Brain Persistence Layer &gt; Grant Persistence &gt; cleanup removes expired grants" time="0.00062197">
        </testcase>
        <testcase classname="tests/unit/dsg-brain-persistence.test.ts" name="DSG Brain Persistence Layer &gt; Lease Persistence &gt; saves a credential lease to database" time="0.001248325">
        </testcase>
        <testcase classname="tests/unit/dsg-brain-persistence.test.ts" name="DSG Brain Persistence Layer &gt; Lease Persistence &gt; loads a credential lease from database" time="0.00321922">
        </testcase>
        <testcase classname="tests/unit/dsg-brain-persistence.test.ts" name="DSG Brain Persistence Layer &gt; Lease Persistence &gt; returns null for non-existent lease" time="0.000336058">
        </testcase>
        <testcase classname="tests/unit/dsg-brain-persistence.test.ts" name="DSG Brain Persistence Layer &gt; Lease Persistence &gt; returns null for expired lease and cleans it up" time="0.000563521">
        </testcase>
        <testcase classname="tests/unit/dsg-brain-persistence.test.ts" name="DSG Brain Persistence Layer &gt; Lease Persistence &gt; deletes a lease from database" time="0.000622364">
        </testcase>
        <testcase classname="tests/unit/dsg-brain-persistence.test.ts" name="DSG Brain Persistence Layer &gt; Lease Persistence &gt; invalidates a lease" time="0.000586247">
        </testcase>
        <testcase classname="tests/unit/dsg-brain-persistence.test.ts" name="DSG Brain Persistence Layer &gt; Lease Persistence &gt; gets all active leases" time="0.000609699">
        </testcase>
        <testcase classname="tests/unit/dsg-brain-persistence.test.ts" name="DSG Brain Persistence Layer &gt; Lease Persistence &gt; cleanup removes expired leases" time="0.000699077">
        </testcase>
        <testcase classname="tests/unit/dsg-brain-persistence.test.ts" name="DSG Brain Persistence Layer &gt; HermesPlugin Integration &gt; proposes a plan with mocked grant-persistence" time="0.000347756">
        </testcase>
        <testcase classname="tests/unit/dsg-brain-persistence.test.ts" name="DSG Brain Persistence Layer &gt; HermesPlugin Integration &gt; tracks plan proposals" time="0.000324555">
        </testcase>
        <testcase classname="tests/unit/dsg-brain-persistence.test.ts" name="DSG Brain Persistence Layer &gt; HermesPlugin Integration &gt; brokers credentials" time="0.000411059">
        </testcase>
        <testcase classname="tests/unit/dsg-brain-persistence.test.ts" name="DSG Brain Persistence Layer &gt; Persistence Across Renewal &gt; persists renewed grant state" time="0.000531479">
        </testcase>
        <testcase classname="tests/unit/dsg-brain-persistence.test.ts" name="DSG Brain Persistence Layer &gt; Persistence Across Renewal &gt; persists renewed lease state" time="0.000493881">
        </testcase>
    </testsuite>
    <testsuite name="tests/unit/dsg-brain-shell-executor.test.ts" timestamp="2026-06-29T13:05:58.318Z" hostname="vm" tests="21" failures="0" errors="0" skipped="0" time="0.042777309">
        <testcase classname="tests/unit/dsg-brain-shell-executor.test.ts" name="DSG Brain Shell Executor &gt; executeCommand &gt; executes allowed echo command successfully" time="0.006741711">
        </testcase>
        <testcase classname="tests/unit/dsg-brain-shell-executor.test.ts" name="DSG Brain Shell Executor &gt; executeCommand &gt; blocks commands not in whitelist" time="0.000549207">
        </testcase>
        <testcase classname="tests/unit/dsg-brain-shell-executor.test.ts" name="DSG Brain Shell Executor &gt; executeCommand &gt; blocks dangerous rm command even if whitelisted" time="0.000330783">
        </testcase>
        <testcase classname="tests/unit/dsg-brain-shell-executor.test.ts" name="DSG Brain Shell Executor &gt; executeCommand &gt; blocks rm -rf pattern" time="0.000308215">
        </testcase>
        <testcase classname="tests/unit/dsg-brain-shell-executor.test.ts" name="DSG Brain Shell Executor &gt; executeCommand &gt; blocks sudo command" time="0.000391985">
        </testcase>
        <testcase classname="tests/unit/dsg-brain-shell-executor.test.ts" name="DSG Brain Shell Executor &gt; executeCommand &gt; captures stdout and stderr in evidence" time="0.010369971">
        </testcase>
        <testcase classname="tests/unit/dsg-brain-shell-executor.test.ts" name="DSG Brain Shell Executor &gt; executeCommand &gt; handles command exit codes" time="0.006930292">
        </testcase>
        <testcase classname="tests/unit/dsg-brain-shell-executor.test.ts" name="DSG Brain Shell Executor &gt; validateFileChange &gt; allows file changes within allowedPaths" time="0.000934709">
        </testcase>
        <testcase classname="tests/unit/dsg-brain-shell-executor.test.ts" name="DSG Brain Shell Executor &gt; validateFileChange &gt; allows nested file changes within allowedPaths" time="0.000453567">
        </testcase>
        <testcase classname="tests/unit/dsg-brain-shell-executor.test.ts" name="DSG Brain Shell Executor &gt; validateFileChange &gt; blocks file changes outside allowedPaths" time="0.000348314">
        </testcase>
        <testcase classname="tests/unit/dsg-brain-shell-executor.test.ts" name="DSG Brain Shell Executor &gt; validateFileChange &gt; blocks .env file access" time="0.00019406">
        </testcase>
        <testcase classname="tests/unit/dsg-brain-shell-executor.test.ts" name="DSG Brain Shell Executor &gt; validateFileChange &gt; blocks .env.local file access" time="0.000228548">
        </testcase>
        <testcase classname="tests/unit/dsg-brain-shell-executor.test.ts" name="DSG Brain Shell Executor &gt; validateFileChange &gt; blocks access to /etc" time="0.000229013">
        </testcase>
        <testcase classname="tests/unit/dsg-brain-shell-executor.test.ts" name="DSG Brain Shell Executor &gt; validateFileChange &gt; blocks access to /root" time="0.000199969">
        </testcase>
        <testcase classname="tests/unit/dsg-brain-shell-executor.test.ts" name="DSG Brain Shell Executor &gt; validateFileChange &gt; blocks access to ~/.ssh" time="0.000148024">
        </testcase>
        <testcase classname="tests/unit/dsg-brain-shell-executor.test.ts" name="DSG Brain Shell Executor &gt; validateFileChange &gt; blocks access to ~/.aws" time="0.000142192">
        </testcase>
        <testcase classname="tests/unit/dsg-brain-shell-executor.test.ts" name="DSG Brain Shell Executor &gt; createShellExecutor &gt; returns a function compatible with HermesPlugin.executePlan" time="0.007288758">
        </testcase>
        <testcase classname="tests/unit/dsg-brain-shell-executor.test.ts" name="DSG Brain Shell Executor &gt; createShellExecutor &gt; executor result includes evidence from execution" time="0.004351485">
        </testcase>
        <testcase classname="tests/unit/dsg-brain-shell-executor.test.ts" name="DSG Brain Shell Executor &gt; security constraints &gt; prevents path traversal attacks" time="0.000221601">
        </testcase>
        <testcase classname="tests/unit/dsg-brain-shell-executor.test.ts" name="DSG Brain Shell Executor &gt; security constraints &gt; prevents null byte injection in paths" time="0.000207342">
        </testcase>
        <testcase classname="tests/unit/dsg-brain-shell-executor.test.ts" name="DSG Brain Shell Executor &gt; security constraints &gt; case-insensitive command matching rejects chmod 777" time="0.000274546">
        </testcase>
    </testsuite>
    <testsuite name="tests/unit/dsg-core-remote-execution.test.ts" timestamp="2026-06-29T13:05:58.323Z" hostname="vm" tests="1" failures="0" errors="0" skipped="0" time="0.005631045">
        <testcase classname="tests/unit/dsg-core-remote-execution.test.ts" name="executeOnDSGCore in remote mode &gt; calls remote core /execute in remote mode" time="0.004550901">
        </testcase>
    </testsuite>
    <testsuite name="tests/unit/dsg-core.test.ts" timestamp="2026-06-29T13:05:58.323Z" hostname="vm" tests="5" failures="0" errors="0" skipped="0" time="0.013544292">
        <testcase classname="tests/unit/dsg-core.test.ts" name="dsg-core mode resolution &gt; throws when DSG_CORE_MODE is not explicit" time="0.003322202">
        </testcase>
        <testcase classname="tests/unit/dsg-core.test.ts" name="dsg-core mode resolution &gt; throws in remote mode when DSG_CORE_URL is missing" time="0.000494873">
        </testcase>
        <testcase classname="tests/unit/dsg-core.test.ts" name="dsg-core internal mode &gt; returns internal health in explicit internal mode" time="0.001420173">
        </testcase>
        <testcase classname="tests/unit/dsg-core.test.ts" name="dsg-core internal mode &gt; throws when internal mode execution omits risk score" time="0.005955766">
        </testcase>
        <testcase classname="tests/unit/dsg-core.test.ts" name="dsg-core internal mode &gt; uses internal runtime gate when risk score is provided" time="0.00093462">
        </testcase>
    </testsuite>
    <testsuite name="tests/unit/dsg-safe-dom.test.ts" timestamp="2026-06-29T13:05:58.324Z" hostname="vm" tests="18" failures="0" errors="0" skipped="0" time="0.011189141">
        <testcase classname="tests/unit/dsg-safe-dom.test.ts" name="Safe DOM Mirror Phase 1 &gt; validateManifest() &gt; should accept valid manifest" time="0.002109859">
        </testcase>
        <testcase classname="tests/unit/dsg-safe-dom.test.ts" name="Safe DOM Mirror Phase 1 &gt; validateManifest() &gt; should detect duplicate element IDs within same frame" time="0.000840978">
        </testcase>
        <testcase classname="tests/unit/dsg-safe-dom.test.ts" name="Safe DOM Mirror Phase 1 &gt; validateManifest() &gt; should detect element ID collision within same frame" time="0.000256621">
        </testcase>
        <testcase classname="tests/unit/dsg-safe-dom.test.ts" name="Safe DOM Mirror Phase 1 &gt; validateManifest() &gt; should detect expired TTL" time="0.000331851">
        </testcase>
        <testcase classname="tests/unit/dsg-safe-dom.test.ts" name="Safe DOM Mirror Phase 1 &gt; validateManifest() &gt; should reject invalid expiresAt format" time="0.000405512">
        </testcase>
        <testcase classname="tests/unit/dsg-safe-dom.test.ts" name="Safe DOM Mirror Phase 1 &gt; validateManifest() &gt; should reject missing required fields" time="0.000178198">
        </testcase>
        <testcase classname="tests/unit/dsg-safe-dom.test.ts" name="Safe DOM Mirror Phase 1 &gt; validateManifest() &gt; should handle empty manifest" time="0.000195018">
        </testcase>
        <testcase classname="tests/unit/dsg-safe-dom.test.ts" name="Safe DOM Mirror Phase 1 &gt; validateManifest() &gt; should reject manifest with multiple frameIds" time="0.000204759">
        </testcase>
        <testcase classname="tests/unit/dsg-safe-dom.test.ts" name="Safe DOM Mirror Phase 1 &gt; buildSafeManifest() &gt; should build manifest with frame-scoped element IDs" time="0.00278461">
        </testcase>
        <testcase classname="tests/unit/dsg-safe-dom.test.ts" name="Safe DOM Mirror Phase 1 &gt; buildSafeManifest() &gt; should filter dangerous elements by default" time="0.00043162">
        </testcase>
        <testcase classname="tests/unit/dsg-safe-dom.test.ts" name="Safe DOM Mirror Phase 1 &gt; buildSafeManifest() &gt; should include dangerous elements when filtering disabled" time="0.00026196">
        </testcase>
        <testcase classname="tests/unit/dsg-safe-dom.test.ts" name="Safe DOM Mirror Phase 1 &gt; buildSafeManifest() &gt; should set correct TTL" time="0.000419618">
        </testcase>
        <testcase classname="tests/unit/dsg-safe-dom.test.ts" name="Safe DOM Mirror Phase 1 &gt; verifySafeDomCommand() &gt; should allow verified command" time="0.000377941">
        </testcase>
        <testcase classname="tests/unit/dsg-safe-dom.test.ts" name="Safe DOM Mirror Phase 1 &gt; verifySafeDomCommand() &gt; should block command for non-existent element" time="0.000160622">
        </testcase>
        <testcase classname="tests/unit/dsg-safe-dom.test.ts" name="Safe DOM Mirror Phase 1 &gt; verifySafeDomCommand() &gt; should block command for non-existent frame" time="0.000171799">
        </testcase>
        <testcase classname="tests/unit/dsg-safe-dom.test.ts" name="Safe DOM Mirror Phase 1 &gt; verifySafeDomCommand() &gt; should block command with disallowed operation" time="0.000138423">
        </testcase>
        <testcase classname="tests/unit/dsg-safe-dom.test.ts" name="Safe DOM Mirror Phase 1 &gt; verifySafeDomCommand() &gt; should block command on expired manifest" time="0.000156097">
        </testcase>
        <testcase classname="tests/unit/dsg-safe-dom.test.ts" name="Safe DOM Mirror Phase 1 &gt; verifySafeDomCommand() &gt; should verify type operation only on input/textarea" time="0.000109401">
        </testcase>
    </testsuite>
    <testsuite name="tests/unit/dsg-terminal-sandbox.test.ts" timestamp="2026-06-29T13:05:58.329Z" hostname="vm" tests="10" failures="0" errors="0" skipped="0" time="0.105421109">
        <testcase classname="tests/unit/dsg-terminal-sandbox.test.ts" name="validateCommand &gt; allows safe commands" time="0.001515686">
        </testcase>
        <testcase classname="tests/unit/dsg-terminal-sandbox.test.ts" name="validateCommand &gt; blocks forbidden commands" time="0.000357134">
        </testcase>
        <testcase classname="tests/unit/dsg-terminal-sandbox.test.ts" name="validateCommand &gt; blocks commands not in safe list" time="0.000282488">
        </testcase>
        <testcase classname="tests/unit/dsg-terminal-sandbox.test.ts" name="validateCommand &gt; blocks command chaining" time="0.000223196">
        </testcase>
        <testcase classname="tests/unit/dsg-terminal-sandbox.test.ts" name="validateCommand &gt; blocks command substitution" time="0.000125792">
        </testcase>
        <testcase classname="tests/unit/dsg-terminal-sandbox.test.ts" name="runInSandbox &gt; runs echo and returns stdout" time="0.004719001">
        </testcase>
        <testcase classname="tests/unit/dsg-terminal-sandbox.test.ts" name="runInSandbox &gt; blocks forbidden commands" time="0.000244481">
        </testcase>
        <testcase classname="tests/unit/dsg-terminal-sandbox.test.ts" name="runInSandbox &gt; reports non-zero exit code on failure" time="0.028350959">
        </testcase>
        <testcase classname="tests/unit/dsg-terminal-sandbox.test.ts" name="runInSandbox &gt; captures stderr separately from stdout" time="0.030020453">
        </testcase>
        <testcase classname="tests/unit/dsg-terminal-sandbox.test.ts" name="runInSandbox &gt; does not inject secret env vars" time="0.037723073">
        </testcase>
    </testsuite>
    <testsuite name="tests/unit/finance-approval-gate-page-copy.test.ts" timestamp="2026-06-29T13:05:58.331Z" hostname="vm" tests="5" failures="0" errors="0" skipped="0" time="0.004702687">
        <testcase classname="tests/unit/finance-approval-gate-page-copy.test.ts" name="finance approval gate landing page copy &gt; exposes the finance approval gate route with the required pilot CTA" time="0.002047646">
        </testcase>
        <testcase classname="tests/unit/finance-approval-gate-page-copy.test.ts" name="finance approval gate landing page copy &gt; explains the concrete finance approval workflow" time="0.000399976">
        </testcase>
        <testcase classname="tests/unit/finance-approval-gate-page-copy.test.ts" name="finance approval gate landing page copy &gt; includes all required decision outcomes" time="0.000333883">
        </testcase>
        <testcase classname="tests/unit/finance-approval-gate-page-copy.test.ts" name="finance approval gate landing page copy &gt; includes all five required demo scenarios" time="0.000196356">
        </testcase>
        <testcase classname="tests/unit/finance-approval-gate-page-copy.test.ts" name="finance approval gate landing page copy &gt; keeps the evidence and claim boundary visible and limited" time="0.000245946">
        </testcase>
    </testsuite>
    <testsuite name="tests/unit/finance-governance-audit-ledger.test.ts" timestamp="2026-06-29T13:05:58.332Z" hostname="vm" tests="2" failures="0" errors="0" skipped="0" time="0.017081768">
        <testcase classname="tests/unit/finance-governance-audit-ledger.test.ts" name="finance governance audit ledger verification &gt; detects matching request and record hashes" time="0.011879023">
        </testcase>
        <testcase classname="tests/unit/finance-governance-audit-ledger.test.ts" name="finance governance audit ledger verification &gt; detects tampered ledger records" time="0.001223303">
        </testcase>
    </testsuite>
    <testsuite name="tests/unit/finance-governance-repository.test.ts" timestamp="2026-06-29T13:05:58.333Z" hostname="vm" tests="5" failures="0" errors="0" skipped="0" time="0.017324889">
        <testcase classname="tests/unit/finance-governance-repository.test.ts" name="FinanceGovernanceRepository &gt; writes submit action to DB tables and audit ledger" time="0.010535377">
        </testcase>
        <testcase classname="tests/unit/finance-governance-repository.test.ts" name="FinanceGovernanceRepository &gt; stores audit proof hashes in the workflow action event payload" time="0.000715544">
        </testcase>
        <testcase classname="tests/unit/finance-governance-repository.test.ts" name="FinanceGovernanceRepository &gt; does not write action event when submit case does not exist" time="0.003273137">
        </testcase>
        <testcase classname="tests/unit/finance-governance-repository.test.ts" name="FinanceGovernanceRepository &gt; skips legacy approval table updates when runtime backend runs only control-layer tables" time="0.000985211">
        </testcase>
        <testcase classname="tests/unit/finance-governance-repository.test.ts" name="FinanceGovernanceRepository &gt; updates approval status and logs action events" time="0.000570804">
        </testcase>
    </testsuite>
    <testsuite name="tests/unit/hash-chain.test.ts" timestamp="2026-06-29T13:05:58.334Z" hostname="vm" tests="20" failures="0" errors="0" skipped="0" time="0.019515498">
        <testcase classname="tests/unit/hash-chain.test.ts" name="Hash Chain - Event Hashing &gt; should compute a valid SHA256 hash" time="0.002134478">
        </testcase>
        <testcase classname="tests/unit/hash-chain.test.ts" name="Hash Chain - Event Hashing &gt; should produce deterministic hash for same payload" time="0.000427373">
        </testcase>
        <testcase classname="tests/unit/hash-chain.test.ts" name="Hash Chain - Event Hashing &gt; should produce different hash when eventId changes" time="0.000704118">
        </testcase>
        <testcase classname="tests/unit/hash-chain.test.ts" name="Hash Chain - Event Hashing &gt; should produce different hash when decision changes" time="0.000231169">
        </testcase>
        <testcase classname="tests/unit/hash-chain.test.ts" name="Hash Chain - Event Hashing &gt; should produce different hash when reason changes" time="0.000316291">
        </testcase>
        <testcase classname="tests/unit/hash-chain.test.ts" name="Hash Chain - Event Hashing &gt; should produce different hash when evidenceJson changes" time="0.000230382">
        </testcase>
        <testcase classname="tests/unit/hash-chain.test.ts" name="Hash Chain - Event Hashing &gt; should produce different hash when createdAt changes" time="0.00018655">
        </testcase>
        <testcase classname="tests/unit/hash-chain.test.ts" name="Hash Chain - Event Hashing &gt; should produce different hash when previousHash changes" time="0.000164542">
        </testcase>
        <testcase classname="tests/unit/hash-chain.test.ts" name="Hash Chain - Event Hashing &gt; should handle optional fields correctly" time="0.000388656">
        </testcase>
        <testcase classname="tests/unit/hash-chain.test.ts" name="Hash Chain - Event Validation &gt; should validate a single event hash" time="0.000473611">
        </testcase>
        <testcase classname="tests/unit/hash-chain.test.ts" name="Hash Chain - Event Validation &gt; should reject invalid event hash" time="0.000152886">
        </testcase>
        <testcase classname="tests/unit/hash-chain.test.ts" name="Hash Chain - Chain Verification &gt; should verify empty chain" time="0.000869117">
        </testcase>
        <testcase classname="tests/unit/hash-chain.test.ts" name="Hash Chain - Chain Verification &gt; should verify chain with single event" time="0.000670815">
        </testcase>
        <testcase classname="tests/unit/hash-chain.test.ts" name="Hash Chain - Chain Verification &gt; should verify chain with multiple events" time="0.008266759">
        </testcase>
        <testcase classname="tests/unit/hash-chain.test.ts" name="Hash Chain - Chain Verification &gt; should detect broken previousHash link" time="0.000797578">
        </testcase>
        <testcase classname="tests/unit/hash-chain.test.ts" name="Hash Chain - Chain Verification &gt; should detect tampered event hash" time="0.000379114">
        </testcase>
        <testcase classname="tests/unit/hash-chain.test.ts" name="Hash Chain - Chain Verification &gt; should detect cascading tampering in chain" time="0.000532859">
        </testcase>
        <testcase classname="tests/unit/hash-chain.test.ts" name="Hash Chain - Chain Verification &gt; should detect first event with unexpected previousHash" time="0.000241057">
        </testcase>
        <testcase classname="tests/unit/hash-chain.test.ts" name="Hash Chain - Chain Verification &gt; should verify chain even if events are unordered" time="0.00028592">
        </testcase>
        <testcase classname="tests/unit/hash-chain.test.ts" name="Hash Chain - Chain Verification &gt; should verify chain with different job IDs remains independent" time="0.000260635">
        </testcase>
    </testsuite>
    <testsuite name="tests/unit/hermes-human-event.test.ts" timestamp="2026-06-29T13:05:58.339Z" hostname="vm" tests="3" failures="0" errors="0" skipped="0" time="0.003659269">
        <testcase classname="tests/unit/hermes-human-event.test.ts" name="Hermes human event translator &gt; renders a readable read-only plan" time="0.001510299">
        </testcase>
        <testcase classname="tests/unit/hermes-human-event.test.ts" name="Hermes human event translator &gt; keeps read-only classification strict" time="0.000397956">
        </testcase>
        <testcase classname="tests/unit/hermes-human-event.test.ts" name="Hermes human event translator &gt; summarizes common tool result shapes" time="0.000359834">
        </testcase>
    </testsuite>
    <testsuite name="tests/unit/internal-service.test.ts" timestamp="2026-06-29T13:05:58.339Z" hostname="vm" tests="2" failures="0" errors="0" skipped="0" time="0.005792094">
        <testcase classname="tests/unit/internal-service.test.ts" name="requireInternalService &gt; authorizes with rotated token list" time="0.003470125">
        </testcase>
        <testcase classname="tests/unit/internal-service.test.ts" name="requireInternalService &gt; rejects invalid token" time="0.0010326">
        </testcase>
    </testsuite>
    <testsuite name="tests/unit/jit-provisioning.test.ts" timestamp="2026-06-29T13:05:58.340Z" hostname="vm" tests="1" failures="0" errors="0" skipped="0" time="0.021017936">
        <testcase classname="tests/unit/jit-provisioning.test.ts" name="jit role mapping &gt; does not override owner role" time="0.01988352">
        </testcase>
    </testsuite>
    <testsuite name="tests/unit/job-state-machine.test.ts" timestamp="2026-06-29T13:05:58.340Z" hostname="vm" tests="34" failures="0" errors="0" skipped="0" time="0.013908548">
        <testcase classname="tests/unit/job-state-machine.test.ts" name="Job State Machine &gt; isValidTransition &gt; allows CREATED -&gt; GOAL_LOCKED" time="0.001391764">
        </testcase>
        <testcase classname="tests/unit/job-state-machine.test.ts" name="Job State Machine &gt; isValidTransition &gt; allows CREATED -&gt; BLOCKED_PERMISSION" time="0.000239636">
        </testcase>
        <testcase classname="tests/unit/job-state-machine.test.ts" name="Job State Machine &gt; isValidTransition &gt; disallows CREATED -&gt; EXECUTING" time="0.000135548">
        </testcase>
        <testcase classname="tests/unit/job-state-machine.test.ts" name="Job State Machine &gt; isValidTransition &gt; allows PLANNING -&gt; Z3_VERIFYING" time="0.000413315">
        </testcase>
        <testcase classname="tests/unit/job-state-machine.test.ts" name="Job State Machine &gt; isValidTransition &gt; allows Z3_VERIFYING -&gt; WAITING_USER_CONFIRM" time="0.000158788">
        </testcase>
        <testcase classname="tests/unit/job-state-machine.test.ts" name="Job State Machine &gt; isValidTransition &gt; allows Z3_VERIFYING -&gt; EXECUTING (skip confirmation)" time="0.000126519">
        </testcase>
        <testcase classname="tests/unit/job-state-machine.test.ts" name="Job State Machine &gt; isValidTransition &gt; disallows WAITING_USER_CONFIRM -&gt; Z3_VERIFYING" time="0.000095864">
        </testcase>
        <testcase classname="tests/unit/job-state-machine.test.ts" name="Job State Machine &gt; isValidTransition &gt; allows WAITING_USER_CONFIRM -&gt; EXECUTING" time="0.000074859">
        </testcase>
        <testcase classname="tests/unit/job-state-machine.test.ts" name="Job State Machine &gt; isValidTransition &gt; allows WAITING_USER_CONFIRM -&gt; BLOCKED_USER_DENIED" time="0.000553378">
        </testcase>
        <testcase classname="tests/unit/job-state-machine.test.ts" name="Job State Machine &gt; isValidTransition &gt; allows EXECUTING -&gt; EVIDENCE_RECORDING" time="0.000226225">
        </testcase>
        <testcase classname="tests/unit/job-state-machine.test.ts" name="Job State Machine &gt; isValidTransition &gt; allows EVIDENCE_RECORDING -&gt; COMPLETED" time="0.000133625">
        </testcase>
        <testcase classname="tests/unit/job-state-machine.test.ts" name="Job State Machine &gt; getAllowedNextStates &gt; returns correct states from CREATED" time="0.001323688">
        </testcase>
        <testcase classname="tests/unit/job-state-machine.test.ts" name="Job State Machine &gt; getAllowedNextStates &gt; returns correct states from PLANNING" time="0.000449078">
        </testcase>
        <testcase classname="tests/unit/job-state-machine.test.ts" name="Job State Machine &gt; getAllowedNextStates &gt; returns empty array for terminal states" time="0.000791847">
        </testcase>
        <testcase classname="tests/unit/job-state-machine.test.ts" name="Job State Machine &gt; isTerminalState &gt; identifies COMPLETED as terminal" time="0.000120269">
        </testcase>
        <testcase classname="tests/unit/job-state-machine.test.ts" name="Job State Machine &gt; isTerminalState &gt; identifies BLOCKED_PERMISSION as terminal" time="0.000075232">
        </testcase>
        <testcase classname="tests/unit/job-state-machine.test.ts" name="Job State Machine &gt; isTerminalState &gt; identifies FAILED_EXECUTION as terminal" time="0.000134525">
        </testcase>
        <testcase classname="tests/unit/job-state-machine.test.ts" name="Job State Machine &gt; isTerminalState &gt; identifies CREATED as non-terminal" time="0.000127139">
        </testcase>
        <testcase classname="tests/unit/job-state-machine.test.ts" name="Job State Machine &gt; isTerminalState &gt; identifies EXECUTING as non-terminal" time="0.000067771">
        </testcase>
        <testcase classname="tests/unit/job-state-machine.test.ts" name="Job State Machine &gt; isBlockedState &gt; identifies BLOCKED_PERMISSION as blocked" time="0.000097723">
        </testcase>
        <testcase classname="tests/unit/job-state-machine.test.ts" name="Job State Machine &gt; isBlockedState &gt; identifies BLOCKED_Z3 as blocked" time="0.000064513">
        </testcase>
        <testcase classname="tests/unit/job-state-machine.test.ts" name="Job State Machine &gt; isBlockedState &gt; identifies BLOCKED_USER_DENIED as blocked" time="0.000060757">
        </testcase>
        <testcase classname="tests/unit/job-state-machine.test.ts" name="Job State Machine &gt; isBlockedState &gt; identifies FAILED_EXECUTION as blocked" time="0.000061855">
        </testcase>
        <testcase classname="tests/unit/job-state-machine.test.ts" name="Job State Machine &gt; isBlockedState &gt; identifies CREATED as not blocked" time="0.000064994">
        </testcase>
        <testcase classname="tests/unit/job-state-machine.test.ts" name="Job State Machine &gt; isBlockedState &gt; identifies EXECUTING as not blocked" time="0.000073541">
        </testcase>
        <testcase classname="tests/unit/job-state-machine.test.ts" name="Job State Machine &gt; isBlockedState &gt; identifies COMPLETED as not blocked" time="0.000069946">
        </testcase>
        <testcase classname="tests/unit/job-state-machine.test.ts" name="Job State Machine &gt; transitionJobState &gt; transitions valid state CREATED -&gt; PLANNING" time="0.001821174">
        </testcase>
        <testcase classname="tests/unit/job-state-machine.test.ts" name="Job State Machine &gt; transitionJobState &gt; rejects invalid transitions" time="0.000505789">
        </testcase>
        <testcase classname="tests/unit/job-state-machine.test.ts" name="Job State Machine &gt; transitionJobState &gt; blocks transition to invalid state" time="0.000524536">
        </testcase>
        <testcase classname="tests/unit/job-state-machine.test.ts" name="Job State Machine &gt; State transition sequences &gt; validates happy path: CREATED -&gt; ... -&gt; COMPLETED" time="0.000434809">
        </testcase>
        <testcase classname="tests/unit/job-state-machine.test.ts" name="Job State Machine &gt; State transition sequences &gt; validates path with user confirmation" time="0.000376992">
        </testcase>
        <testcase classname="tests/unit/job-state-machine.test.ts" name="Job State Machine &gt; State transition sequences &gt; validates early block path" time="0.000262175">
        </testcase>
        <testcase classname="tests/unit/job-state-machine.test.ts" name="Job State Machine &gt; State transition sequences &gt; validates Z3 failure path" time="0.000197564">
        </testcase>
        <testcase classname="tests/unit/job-state-machine.test.ts" name="Job State Machine &gt; State transition sequences &gt; validates user denial path" time="0.000127123">
        </testcase>
    </testsuite>
    <testsuite name="tests/unit/login-context.test.ts" timestamp="2026-06-29T13:05:58.348Z" hostname="vm" tests="1" failures="0" errors="0" skipped="0" time="0.013947528">
        <testcase classname="tests/unit/login-context.test.ts" name="resolveLoginContext &gt; renders sso-only for enforced org without break-glass" time="0.01292273">
        </testcase>
    </testsuite>
    <testsuite name="tests/unit/marketplace-form-validation.test.ts" timestamp="2026-06-29T13:05:58.349Z" hostname="vm" tests="33" failures="0" errors="0" skipped="0" time="0.021626179">
        <testcase classname="tests/unit/marketplace-form-validation.test.ts" name="Marketplace Form Validation &gt; Product Name Validation &gt; should reject empty name" time="0.00167215">
        </testcase>
        <testcase classname="tests/unit/marketplace-form-validation.test.ts" name="Marketplace Form Validation &gt; Product Name Validation &gt; should reject whitespace-only name" time="0.000251874">
        </testcase>
        <testcase classname="tests/unit/marketplace-form-validation.test.ts" name="Marketplace Form Validation &gt; Product Name Validation &gt; should reject name with less than 3 characters" time="0.000140945">
        </testcase>
        <testcase classname="tests/unit/marketplace-form-validation.test.ts" name="Marketplace Form Validation &gt; Product Name Validation &gt; should accept name with exactly 3 characters" time="0.000159463">
        </testcase>
        <testcase classname="tests/unit/marketplace-form-validation.test.ts" name="Marketplace Form Validation &gt; Product Name Validation &gt; should reject name longer than 100 characters" time="0.000123618">
        </testcase>
        <testcase classname="tests/unit/marketplace-form-validation.test.ts" name="Marketplace Form Validation &gt; Product Name Validation &gt; should accept valid product names" time="0.000192109">
        </testcase>
        <testcase classname="tests/unit/marketplace-form-validation.test.ts" name="Marketplace Form Validation &gt; Product Name Validation &gt; should trim whitespace from name" time="0.000157984">
        </testcase>
        <testcase classname="tests/unit/marketplace-form-validation.test.ts" name="Marketplace Form Validation &gt; Price Validation &gt; should reject empty price" time="0.000182163">
        </testcase>
        <testcase classname="tests/unit/marketplace-form-validation.test.ts" name="Marketplace Form Validation &gt; Price Validation &gt; should reject non-numeric price" time="0.000272099">
        </testcase>
        <testcase classname="tests/unit/marketplace-form-validation.test.ts" name="Marketplace Form Validation &gt; Price Validation &gt; should reject zero price" time="0.000137635">
        </testcase>
        <testcase classname="tests/unit/marketplace-form-validation.test.ts" name="Marketplace Form Validation &gt; Price Validation &gt; should reject negative price" time="0.000177926">
        </testcase>
        <testcase classname="tests/unit/marketplace-form-validation.test.ts" name="Marketplace Form Validation &gt; Price Validation &gt; should accept valid prices" time="0.000180596">
        </testcase>
        <testcase classname="tests/unit/marketplace-form-validation.test.ts" name="Marketplace Form Validation &gt; Price Validation &gt; should reject price exceeding max" time="0.000077565">
        </testcase>
        <testcase classname="tests/unit/marketplace-form-validation.test.ts" name="Marketplace Form Validation &gt; Price Validation &gt; should handle decimal prices" time="0.000072348">
        </testcase>
        <testcase classname="tests/unit/marketplace-form-validation.test.ts" name="Marketplace Form Validation &gt; Price Validation &gt; should handle scientific notation" time="0.000068109">
        </testcase>
        <testcase classname="tests/unit/marketplace-form-validation.test.ts" name="Marketplace Form Validation &gt; Description Validation &gt; should reject empty description" time="0.000119974">
        </testcase>
        <testcase classname="tests/unit/marketplace-form-validation.test.ts" name="Marketplace Form Validation &gt; Description Validation &gt; should reject description with less than 10 characters" time="0.000075005">
        </testcase>
        <testcase classname="tests/unit/marketplace-form-validation.test.ts" name="Marketplace Form Validation &gt; Description Validation &gt; should accept description with exactly 10 characters" time="0.000067678">
        </testcase>
        <testcase classname="tests/unit/marketplace-form-validation.test.ts" name="Marketplace Form Validation &gt; Description Validation &gt; should reject description longer than 1000 characters" time="0.000074539">
        </testcase>
        <testcase classname="tests/unit/marketplace-form-validation.test.ts" name="Marketplace Form Validation &gt; Description Validation &gt; should accept valid descriptions" time="0.000186529">
        </testcase>
        <testcase classname="tests/unit/marketplace-form-validation.test.ts" name="Marketplace Form Validation &gt; Description Validation &gt; should trim whitespace from description" time="0.000086197">
        </testcase>
        <testcase classname="tests/unit/marketplace-form-validation.test.ts" name="Marketplace Form Validation &gt; Category Validation &gt; should reject empty category" time="0.000084907">
        </testcase>
        <testcase classname="tests/unit/marketplace-form-validation.test.ts" name="Marketplace Form Validation &gt; Category Validation &gt; should accept valid categories" time="0.000162146">
        </testcase>
        <testcase classname="tests/unit/marketplace-form-validation.test.ts" name="Marketplace Form Validation &gt; Image Validation &gt; should reject missing image" time="0.000101625">
        </testcase>
        <testcase classname="tests/unit/marketplace-form-validation.test.ts" name="Marketplace Form Validation &gt; Image Validation &gt; should reject invalid image type" time="0.000176414">
        </testcase>
        <testcase classname="tests/unit/marketplace-form-validation.test.ts" name="Marketplace Form Validation &gt; Image Validation &gt; should reject oversized image" time="0.004386146">
        </testcase>
        <testcase classname="tests/unit/marketplace-form-validation.test.ts" name="Marketplace Form Validation &gt; Image Validation &gt; should accept JPEG images" time="0.000143755">
        </testcase>
        <testcase classname="tests/unit/marketplace-form-validation.test.ts" name="Marketplace Form Validation &gt; Image Validation &gt; should accept PNG images" time="0.000119401">
        </testcase>
        <testcase classname="tests/unit/marketplace-form-validation.test.ts" name="Marketplace Form Validation &gt; Image Validation &gt; should accept small images" time="0.000149513">
        </testcase>
        <testcase classname="tests/unit/marketplace-form-validation.test.ts" name="Marketplace Form Validation &gt; Image Validation &gt; should accept images at max size limit" time="0.003527568">
        </testcase>
        <testcase classname="tests/unit/marketplace-form-validation.test.ts" name="Marketplace Form Validation &gt; Full Form Validation &gt; should pass validation with all valid data" time="0.000878504">
        </testcase>
        <testcase classname="tests/unit/marketplace-form-validation.test.ts" name="Marketplace Form Validation &gt; Full Form Validation &gt; should collect multiple validation errors" time="0.000360702">
        </testcase>
        <testcase classname="tests/unit/marketplace-form-validation.test.ts" name="Marketplace Form Validation &gt; Full Form Validation &gt; should pass with valid image of various sizes" time="0.004643998">
        </testcase>
    </testsuite>
    <testsuite name="tests/unit/middleware.test.ts" timestamp="2026-06-29T13:05:58.355Z" hostname="vm" tests="12" failures="0" errors="0" skipped="0" time="0.026763875">
        <testcase classname="tests/unit/middleware.test.ts" name="middleware — protected path detection &gt; passes through unauthenticated request on public path (/about)" time="0.006304752">
        </testcase>
        <testcase classname="tests/unit/middleware.test.ts" name="middleware — protected path detection &gt; redirects unauthenticated user from /dashboard to /login?next=" time="0.007010042">
        </testcase>
        <testcase classname="tests/unit/middleware.test.ts" name="middleware — protected path detection &gt; redirects unauthenticated user from /approvals/123 to /login?next=" time="0.000981126">
        </testcase>
        <testcase classname="tests/unit/middleware.test.ts" name="middleware — protected path detection &gt; redirects unauthenticated user from /gateway/monitor to /login?next=" time="0.000702305">
        </testcase>
        <testcase classname="tests/unit/middleware.test.ts" name="middleware — protected path detection &gt; passes through authenticated user on /dashboard" time="0.001137198">
        </testcase>
        <testcase classname="tests/unit/middleware.test.ts" name="middleware — OPTIONS passthrough &gt; passes through OPTIONS request to /api/* without calling Supabase" time="0.001837939">
        </testcase>
        <testcase classname="tests/unit/middleware.test.ts" name="middleware — missing Supabase config &gt; returns 503 for protected path /dashboard when config is missing" time="0.002474839">
        </testcase>
        <testcase classname="tests/unit/middleware.test.ts" name="middleware — missing Supabase config &gt; redirects /app-shell to /login?next=/app-shell when config is missing" time="0.000514578">
        </testcase>
        <testcase classname="tests/unit/middleware.test.ts" name="middleware — missing Supabase config &gt; passes through public path /blog when config is missing" time="0.000706082">
        </testcase>
        <testcase classname="tests/unit/middleware.test.ts" name="middleware — /login redirect for authenticated users &gt; redirects authenticated user from /login to /dashboard/executions (default)" time="0.000686651">
        </testcase>
        <testcase classname="tests/unit/middleware.test.ts" name="middleware — /login redirect for authenticated users &gt; redirects authenticated user from /login?next=/approvals to /approvals" time="0.000622292">
        </testcase>
        <testcase classname="tests/unit/middleware.test.ts" name="middleware — /login redirect for authenticated users &gt; does not redirect unauthenticated user from /login" time="0.00158839">
        </testcase>
    </testsuite>
    <testsuite name="tests/unit/onboarding-bootstrap.test.ts" timestamp="2026-06-29T13:05:58.358Z" hostname="vm" tests="1" failures="0" errors="0" skipped="0" time="0.011275616">
        <testcase classname="tests/unit/onboarding-bootstrap.test.ts" name="bootstrapOrgStarterState &gt; is idempotent when already completed" time="0.00996757">
        </testcase>
    </testsuite>
    <testsuite name="tests/unit/openrouter-client.test.ts" timestamp="2026-06-29T13:05:58.358Z" hostname="vm" tests="22" failures="0" errors="0" skipped="0" time="0.023103068">
        <testcase classname="tests/unit/openrouter-client.test.ts" name="OpenRouterClient &gt; initialization &gt; should initialize with provided config" time="0.002204103">
        </testcase>
        <testcase classname="tests/unit/openrouter-client.test.ts" name="OpenRouterClient &gt; initialization &gt; should get model chain in correct order" time="0.000266274">
        </testcase>
        <testcase classname="tests/unit/openrouter-client.test.ts" name="OpenRouterClient &gt; switchPrimaryModel &gt; should switch to new primary model" time="0.000232887">
        </testcase>
        <testcase classname="tests/unit/openrouter-client.test.ts" name="OpenRouterClient &gt; switchPrimaryModel &gt; should throw error on empty model" time="0.000834328">
        </testcase>
        <testcase classname="tests/unit/openrouter-client.test.ts" name="OpenRouterClient &gt; completion request &gt; should build completion request with defaults" time="0.004606774">
        </testcase>
        <testcase classname="tests/unit/openrouter-client.test.ts" name="OpenRouterClient &gt; completion request &gt; should send correct headers to OpenRouter" time="0.001476319">
        </testcase>
        <testcase classname="tests/unit/openrouter-client.test.ts" name="OpenRouterClient &gt; fallback chain &gt; should try fallback when primary fails" time="0.002338827">
            <system-err>
Model anthropic/claude-3.5-haiku failed: OpenRouter API error (503): Model overloaded - trying fallback

            </system-err>
        </testcase>
        <testcase classname="tests/unit/openrouter-client.test.ts" name="OpenRouterClient &gt; fallback chain &gt; should exhaust all models before throwing" time="0.002454759">
            <system-err>
Model anthropic/claude-3.5-haiku failed: OpenRouter API error (503): Model unavailable - trying fallback

Model mistralai/mistral-7b-instruct failed: OpenRouter API error (503):  - trying fallback

Model meta-llama/llama-2-7b-chat failed: OpenRouter API error (503):  - trying fallback

            </system-err>
        </testcase>
        <testcase classname="tests/unit/openrouter-client.test.ts" name="OpenRouterClient &gt; error handling &gt; should handle 401 authentication error" time="0.000895155">
        </testcase>
        <testcase classname="tests/unit/openrouter-client.test.ts" name="OpenRouterClient &gt; error handling &gt; should handle 404 model not found" time="0.000819293">
        </testcase>
        <testcase classname="tests/unit/openrouter-client.test.ts" name="OpenRouterClient &gt; error handling &gt; should handle network timeout" time="0.000445023">
        </testcase>
        <testcase classname="tests/unit/openrouter-client.test.ts" name="OpenRouterClient &gt; connection test &gt; should successfully test connection" time="0.000715468">
        </testcase>
        <testcase classname="tests/unit/openrouter-client.test.ts" name="OpenRouterClient &gt; connection test &gt; should report failed connection" time="0.001051383">
        </testcase>
        <testcase classname="tests/unit/openrouter-client.test.ts" name="OpenRouterClient &gt; singleton pattern &gt; should return same instance on multiple calls" time="0.000229032">
        </testcase>
        <testcase classname="tests/unit/openrouter-client.test.ts" name="OpenRouterClient &gt; singleton pattern &gt; should reset singleton" time="0.000511574">
        </testcase>
        <testcase classname="tests/unit/openrouter-client.test.ts" name="UsageTracker &gt; should track single usage record" time="0.000308772">
        </testcase>
        <testcase classname="tests/unit/openrouter-client.test.ts" name="UsageTracker &gt; should accumulate multiple records" time="0.000161831">
        </testcase>
        <testcase classname="tests/unit/openrouter-client.test.ts" name="UsageTracker &gt; should track usage per model" time="0.000153791">
        </testcase>
        <testcase classname="tests/unit/openrouter-client.test.ts" name="UsageTracker &gt; should calculate cost correctly" time="0.00015972">
        </testcase>
        <testcase classname="tests/unit/openrouter-client.test.ts" name="UsageTracker &gt; should reset all data" time="0.000152337">
        </testcase>
        <testcase classname="tests/unit/openrouter-client.test.ts" name="UsageTracker &gt; should export data" time="0.000362645">
        </testcase>
        <testcase classname="tests/unit/openrouter-client.test.ts" name="UsageTracker &gt; should import data" time="0.000270826">
        </testcase>
    </testsuite>
    <testsuite name="tests/unit/readiness-validation.test.ts" timestamp="2026-06-29T13:05:58.363Z" hostname="vm" tests="29" failures="0" errors="0" skipped="0" time="0.009667423">
        <testcase classname="tests/unit/readiness-validation.test.ts" name="Readiness Validation &gt; validateReadinessConfig &gt; should accept valid readiness config" time="0.002373553">
        </testcase>
        <testcase classname="tests/unit/readiness-validation.test.ts" name="Readiness Validation &gt; validateReadinessConfig &gt; should accept partial config update" time="0.000219597">
        </testcase>
        <testcase classname="tests/unit/readiness-validation.test.ts" name="Readiness Validation &gt; validateReadinessConfig &gt; should accept empty config (all optional)" time="0.00061807">
        </testcase>
        <testcase classname="tests/unit/readiness-validation.test.ts" name="Readiness Validation &gt; validateReadinessConfig &gt; should reject coverage &lt; 0" time="0.000209807">
        </testcase>
        <testcase classname="tests/unit/readiness-validation.test.ts" name="Readiness Validation &gt; validateReadinessConfig &gt; should reject coverage &gt; 100" time="0.000230005">
        </testcase>
        <testcase classname="tests/unit/readiness-validation.test.ts" name="Readiness Validation &gt; validateReadinessConfig &gt; should reject non-integer coverage" time="0.000225656">
        </testcase>
        <testcase classname="tests/unit/readiness-validation.test.ts" name="Readiness Validation &gt; validateReadinessConfig &gt; should accept coverage 0 and 100" time="0.000161365">
        </testcase>
        <testcase classname="tests/unit/readiness-validation.test.ts" name="Readiness Validation &gt; validateReadinessConfig &gt; should reject requireNApprovals &lt; 1" time="0.000135036">
        </testcase>
        <testcase classname="tests/unit/readiness-validation.test.ts" name="Readiness Validation &gt; validateReadinessConfig &gt; should reject requireNApprovals &gt; 10" time="0.00028487">
        </testcase>
        <testcase classname="tests/unit/readiness-validation.test.ts" name="Readiness Validation &gt; validateReadinessConfig &gt; should reject non-integer approvals" time="0.000167508">
        </testcase>
        <testcase classname="tests/unit/readiness-validation.test.ts" name="Readiness Validation &gt; validateReadinessConfig &gt; should accept requireNApprovals 1-10" time="0.000335856">
        </testcase>
        <testcase classname="tests/unit/readiness-validation.test.ts" name="Readiness Validation &gt; validateReadinessConfig &gt; should reject non-boolean blockOnSecrets" time="0.00013406">
        </testcase>
        <testcase classname="tests/unit/readiness-validation.test.ts" name="Readiness Validation &gt; validateReadinessConfig &gt; should accept boolean blockOnSecrets" time="0.000115271">
        </testcase>
        <testcase classname="tests/unit/readiness-validation.test.ts" name="Readiness Validation &gt; validateReadinessConfig &gt; should reject non-boolean blockOnFailedCI" time="0.000080053">
        </testcase>
        <testcase classname="tests/unit/readiness-validation.test.ts" name="Readiness Validation &gt; validateReadinessConfig &gt; should reject non-boolean autoMergeOnPass" time="0.00007643">
        </testcase>
        <testcase classname="tests/unit/readiness-validation.test.ts" name="Readiness Validation &gt; validateReadinessConfig &gt; should reject non-object input" time="0.000106977">
        </testcase>
        <testcase classname="tests/unit/readiness-validation.test.ts" name="Readiness Validation &gt; validateReadinessCheckRequest &gt; should accept valid check request" time="0.000479176">
        </testcase>
        <testcase classname="tests/unit/readiness-validation.test.ts" name="Readiness Validation &gt; validateReadinessCheckRequest &gt; should use default coveragePercent if not provided" time="0.000162779">
        </testcase>
        <testcase classname="tests/unit/readiness-validation.test.ts" name="Readiness Validation &gt; validateReadinessCheckRequest &gt; should use default approvalCount if not provided" time="0.000127096">
        </testcase>
        <testcase classname="tests/unit/readiness-validation.test.ts" name="Readiness Validation &gt; validateReadinessCheckRequest &gt; should reject missing repoUrl" time="0.00011906">
        </testcase>
        <testcase classname="tests/unit/readiness-validation.test.ts" name="Readiness Validation &gt; validateReadinessCheckRequest &gt; should reject invalid URL format" time="0.000156915">
        </testcase>
        <testcase classname="tests/unit/readiness-validation.test.ts" name="Readiness Validation &gt; validateReadinessCheckRequest &gt; should accept http and https URLs" time="0.000126318">
        </testcase>
        <testcase classname="tests/unit/readiness-validation.test.ts" name="Readiness Validation &gt; validateReadinessCheckRequest &gt; should reject coveragePercent &lt; 0" time="0.000116882">
        </testcase>
        <testcase classname="tests/unit/readiness-validation.test.ts" name="Readiness Validation &gt; validateReadinessCheckRequest &gt; should reject coveragePercent &gt; 100" time="0.000161259">
        </testcase>
        <testcase classname="tests/unit/readiness-validation.test.ts" name="Readiness Validation &gt; validateReadinessCheckRequest &gt; should accept coveragePercent 0-100" time="0.000142243">
        </testcase>
        <testcase classname="tests/unit/readiness-validation.test.ts" name="Readiness Validation &gt; validateReadinessCheckRequest &gt; should reject approvalCount &lt; 0" time="0.000140363">
        </testcase>
        <testcase classname="tests/unit/readiness-validation.test.ts" name="Readiness Validation &gt; validateReadinessCheckRequest &gt; should reject approvalCount &gt; 20" time="0.000111475">
        </testcase>
        <testcase classname="tests/unit/readiness-validation.test.ts" name="Readiness Validation &gt; validateReadinessCheckRequest &gt; should reject non-integer approvalCount" time="0.000123732">
        </testcase>
        <testcase classname="tests/unit/readiness-validation.test.ts" name="Readiness Validation &gt; validateReadinessCheckRequest &gt; should accept approvalCount 0-20" time="0.000148202">
        </testcase>
    </testsuite>
    <testsuite name="tests/unit/resend.test.ts" timestamp="2026-06-29T13:05:58.370Z" hostname="vm" tests="2" failures="0" errors="0" skipped="0" time="0.003197959">
        <testcase classname="tests/unit/resend.test.ts" name="escapeHtmlAttribute &gt; escapes &amp;, &quot;, &apos;, &lt;, and &gt; characters" time="0.001229657">
        </testcase>
        <testcase classname="tests/unit/resend.test.ts" name="buildMagicLinkEmail &gt; escapes magic link before interpolation into href" time="0.000500821">
        </testcase>
    </testsuite>
    <testsuite name="tests/unit/safe-next.test.ts" timestamp="2026-06-29T13:05:58.370Z" hostname="vm" tests="4" failures="0" errors="0" skipped="0" time="0.0033185">
        <testcase classname="tests/unit/safe-next.test.ts" name="getSafeNext &gt; returns default for null/undefined" time="0.001243893">
        </testcase>
        <testcase classname="tests/unit/safe-next.test.ts" name="getSafeNext &gt; returns default for non-path values" time="0.000352997">
        </testcase>
        <testcase classname="tests/unit/safe-next.test.ts" name="getSafeNext &gt; blocks protocol-relative URLs" time="0.000211051">
        </testcase>
        <testcase classname="tests/unit/safe-next.test.ts" name="getSafeNext &gt; allows valid paths" time="0.000138671">
        </testcase>
    </testsuite>
    <testsuite name="tests/unit/seat-activation.test.ts" timestamp="2026-06-29T13:05:58.372Z" hostname="vm" tests="2" failures="0" errors="0" skipped="0" time="0.018738537">
        <testcase classname="tests/unit/seat-activation.test.ts" name="seat activation &gt; creates seat activation for billable role" time="0.013177607">
        </testcase>
        <testcase classname="tests/unit/seat-activation.test.ts" name="seat activation &gt; does not create for guest role" time="0.004456699">
        </testcase>
    </testsuite>
    <testsuite name="tests/unit/solana-payment-processor.test.ts" timestamp="2026-06-29T13:05:58.372Z" hostname="vm" tests="14" failures="0" errors="0" skipped="0" time="0.026250647">
        <testcase classname="tests/unit/solana-payment-processor.test.ts" name="SOLPaymentProcessor &gt; initialization &gt; should initialize with treasury wallet address" time="0.001434571">
        </testcase>
        <testcase classname="tests/unit/solana-payment-processor.test.ts" name="SOLPaymentProcessor &gt; initialization &gt; should toggle dry-run mode" time="0.001021076">
            <system-out>
[Payment] Dry-run mode: DISABLED

            </system-out>
        </testcase>
        <testcase classname="tests/unit/solana-payment-processor.test.ts" name="SOLPaymentProcessor &gt; payment validation &gt; should reject payment with missing executionId" time="0.0088519">
            <system-err>
[Payment] Error processing payment: Error: Missing executionId
    at SOLPaymentProcessor.validatePaymentRequest [90m(/home/user/tdealer01-crypto-dsg-control-plane/[39mlib/solana/payment.ts:212:37[90m)[39m
    at SOLPaymentProcessor.processPayment [90m(/home/user/tdealer01-crypto-dsg-control-plane/[39mlib/solana/payment.ts:87:12[90m)[39m
    at [90m/home/user/tdealer01-crypto-dsg-control-plane/[39mtests/unit/solana-payment-processor.test.ts:49:38
    at [90mfile:///home/user/tdealer01-crypto-dsg-control-plane/[39mnode_modules/[4m@vitest/runner[24m/dist/chunk-hooks.js:155:11
    at [90mfile:///home/user/tdealer01-crypto-dsg-control-plane/[39mnode_modules/[4m@vitest/runner[24m/dist/chunk-hooks.js:752:26
    at [90mfile:///home/user/tdealer01-crypto-dsg-control-plane/[39mnode_modules/[4m@vitest/runner[24m/dist/chunk-hooks.js:1897:20
    at new Promise (&lt;anonymous&gt;)
    at runWithTimeout [90m(file:///home/user/tdealer01-crypto-dsg-control-plane/[39mnode_modules/[4m@vitest/runner[24m/dist/chunk-hooks.js:1863:10[90m)[39m
    at runTest [90m(file:///home/user/tdealer01-crypto-dsg-control-plane/[39mnode_modules/[4m@vitest/runner[24m/dist/chunk-hooks.js:1574:12[90m)[39m
[90m    at processTicksAndRejections (node:internal/process/task_queues:103:5)[39m

            </system-err>
        </testcase>
        <testcase classname="tests/unit/solana-payment-processor.test.ts" name="SOLPaymentProcessor &gt; payment validation &gt; should reject payment with invalid wallet address" time="0.000959859">
            <system-err>
[Payment] Error processing payment: Error: Invalid Solana wallet address: invalid-wallet
    at SOLPaymentProcessor.validatePaymentRequest [90m(/home/user/tdealer01-crypto-dsg-control-plane/[39mlib/solana/payment.ts:222:13[90m)[39m
    at SOLPaymentProcessor.processPayment [90m(/home/user/tdealer01-crypto-dsg-control-plane/[39mlib/solana/payment.ts:87:12[90m)[39m
    at [90m/home/user/tdealer01-crypto-dsg-control-plane/[39mtests/unit/solana-payment-processor.test.ts:64:38
    at [90mfile:///home/user/tdealer01-crypto-dsg-control-plane/[39mnode_modules/[4m@vitest/runner[24m/dist/chunk-hooks.js:155:11
    at [90mfile:///home/user/tdealer01-crypto-dsg-control-plane/[39mnode_modules/[4m@vitest/runner[24m/dist/chunk-hooks.js:752:26
    at [90mfile:///home/user/tdealer01-crypto-dsg-control-plane/[39mnode_modules/[4m@vitest/runner[24m/dist/chunk-hooks.js:1897:20
    at new Promise (&lt;anonymous&gt;)
    at runWithTimeout [90m(file:///home/user/tdealer01-crypto-dsg-control-plane/[39mnode_modules/[4m@vitest/runner[24m/dist/chunk-hooks.js:1863:10[90m)[39m
    at runTest [90m(file:///home/user/tdealer01-crypto-dsg-control-plane/[39mnode_modules/[4m@vitest/runner[24m/dist/chunk-hooks.js:1574:12[90m)[39m
[90m    at processTicksAndRejections (node:internal/process/task_queues:103:5)[39m

            </system-err>
        </testcase>
        <testcase classname="tests/unit/solana-payment-processor.test.ts" name="SOLPaymentProcessor &gt; payment validation &gt; should reject payment with zero amount" time="0.002070221">
            <system-err>
[Payment] Error processing payment: Error: Amount must be greater than 0
    at SOLPaymentProcessor.validatePaymentRequest [90m(/home/user/tdealer01-crypto-dsg-control-plane/[39mlib/solana/payment.ts:215:39[90m)[39m
    at SOLPaymentProcessor.processPayment [90m(/home/user/tdealer01-crypto-dsg-control-plane/[39mlib/solana/payment.ts:87:12[90m)[39m
    at [90m/home/user/tdealer01-crypto-dsg-control-plane/[39mtests/unit/solana-payment-processor.test.ts:79:38
    at [90mfile:///home/user/tdealer01-crypto-dsg-control-plane/[39mnode_modules/[4m@vitest/runner[24m/dist/chunk-hooks.js:155:11
    at [90mfile:///home/user/tdealer01-crypto-dsg-control-plane/[39mnode_modules/[4m@vitest/runner[24m/dist/chunk-hooks.js:752:26
    at [90mfile:///home/user/tdealer01-crypto-dsg-control-plane/[39mnode_modules/[4m@vitest/runner[24m/dist/chunk-hooks.js:1897:20
    at new Promise (&lt;anonymous&gt;)
    at runWithTimeout [90m(file:///home/user/tdealer01-crypto-dsg-control-plane/[39mnode_modules/[4m@vitest/runner[24m/dist/chunk-hooks.js:1863:10[90m)[39m
    at runTest [90m(file:///home/user/tdealer01-crypto-dsg-control-plane/[39mnode_modules/[4m@vitest/runner[24m/dist/chunk-hooks.js:1574:12[90m)[39m
[90m    at processTicksAndRejections (node:internal/process/task_queues:103:5)[39m

            </system-err>
        </testcase>
        <testcase classname="tests/unit/solana-payment-processor.test.ts" name="SOLPaymentProcessor &gt; payment validation &gt; should reject payment with negative amount" time="0.000792987">
            <system-err>
[Payment] Error processing payment: Error: Amount must be greater than 0
    at SOLPaymentProcessor.validatePaymentRequest [90m(/home/user/tdealer01-crypto-dsg-control-plane/[39mlib/solana/payment.ts:215:39[90m)[39m
    at SOLPaymentProcessor.processPayment [90m(/home/user/tdealer01-crypto-dsg-control-plane/[39mlib/solana/payment.ts:87:12[90m)[39m
    at [90m/home/user/tdealer01-crypto-dsg-control-plane/[39mtests/unit/solana-payment-processor.test.ts:94:38
    at [90mfile:///home/user/tdealer01-crypto-dsg-control-plane/[39mnode_modules/[4m@vitest/runner[24m/dist/chunk-hooks.js:155:11
    at [90mfile:///home/user/tdealer01-crypto-dsg-control-plane/[39mnode_modules/[4m@vitest/runner[24m/dist/chunk-hooks.js:752:26
    at [90mfile:///home/user/tdealer01-crypto-dsg-control-plane/[39mnode_modules/[4m@vitest/runner[24m/dist/chunk-hooks.js:1897:20
    at new Promise (&lt;anonymous&gt;)
    at runWithTimeout [90m(file:///home/user/tdealer01-crypto-dsg-control-plane/[39mnode_modules/[4m@vitest/runner[24m/dist/chunk-hooks.js:1863:10[90m)[39m
    at runTest [90m(file:///home/user/tdealer01-crypto-dsg-control-plane/[39mnode_modules/[4m@vitest/runner[24m/dist/chunk-hooks.js:1574:12[90m)[39m
[90m    at processTicksAndRejections (node:internal/process/task_queues:103:5)[39m

            </system-err>
        </testcase>
        <testcase classname="tests/unit/solana-payment-processor.test.ts" name="SOLPaymentProcessor &gt; idempotency &gt; should return cached result for duplicate idempotencyKey" time="0.001629937">
            <system-out>
[Payment] DRY RUN: Would transfer 1 SOL to So11111111111111111111111111111111111111112

[Payment] Idempotent result for unique-key-1 {
  executionId: [32m&apos;exec-1&apos;[39m,
  transactionSignature: [32m&apos;dry-run-unique-key-1&apos;[39m,
  status: [32m&apos;confirmed&apos;[39m,
  amountSOL: [33m1[39m,
  recipientWallet: [32m&apos;So11111111111111111111111111111111111111112&apos;[39m,
  timestamp: [32m&apos;2026-06-29T13:05:34.362Z&apos;[39m
}

            </system-out>
        </testcase>
        <testcase classname="tests/unit/solana-payment-processor.test.ts" name="SOLPaymentProcessor &gt; idempotency &gt; should process different idempotencyKeys separately" time="0.001479231">
            <system-out>
[Payment] DRY RUN: Would transfer 1 SOL to So11111111111111111111111111111111111111112

[Payment] DRY RUN: Would transfer 1 SOL to So11111111111111111111111111111111111111112

            </system-out>
        </testcase>
        <testcase classname="tests/unit/solana-payment-processor.test.ts" name="SOLPaymentProcessor &gt; dry-run mode &gt; should generate mock signatures in dryRun mode" time="0.000823706">
            <system-out>
[Payment] Dry-run mode: ENABLED

[Payment] DRY RUN: Would transfer 0.001 SOL to So11111111111111111111111111111111111111112

            </system-out>
        </testcase>
        <testcase classname="tests/unit/solana-payment-processor.test.ts" name="SOLPaymentProcessor &gt; payment history &gt; should track payment history" time="0.003610239">
            <system-out>
[Payment] DRY RUN: Would transfer 1 SOL to So11111111111111111111111111111111111111112

            </system-out>
        </testcase>
        <testcase classname="tests/unit/solana-payment-processor.test.ts" name="SOLPaymentProcessor &gt; payment history &gt; should filter history by executionId" time="0.000811193">
            <system-out>
[Payment] DRY RUN: Would transfer 1 SOL to So11111111111111111111111111111111111111112

[Payment] DRY RUN: Would transfer 2 SOL to So11111111111111111111111111111111111111112

            </system-out>
        </testcase>
        <testcase classname="tests/unit/solana-payment-processor.test.ts" name="SOLPaymentProcessor &gt; wallet balance &gt; should check wallet balance" time="0.00026637">
        </testcase>
        <testcase classname="tests/unit/solana-payment-processor.test.ts" name="SOLPaymentProcessor &gt; wallet balance &gt; should cache balance results" time="0.000146354">
        </testcase>
        <testcase classname="tests/unit/solana-payment-processor.test.ts" name="SOLPaymentProcessor &gt; payment with metadata &gt; should include metadata in payment result" time="0.000353431">
            <system-out>
[Payment] DRY RUN: Would transfer 1 SOL to So11111111111111111111111111111111111111112

            </system-out>
        </testcase>
    </testsuite>
    <testsuite name="tests/unit/trinity-agents.test.ts" timestamp="2026-06-29T13:05:58.378Z" hostname="vm" tests="31" failures="0" errors="0" skipped="0" time="0.014769261">
        <testcase classname="tests/unit/trinity-agents.test.ts" name="Spine Agent — Governance &gt; approves governance for valid job and agent" time="0.004137949">
        </testcase>
        <testcase classname="tests/unit/trinity-agents.test.ts" name="Spine Agent — Governance &gt; blocks when rewardAmount is 0" time="0.000643931">
        </testcase>
        <testcase classname="tests/unit/trinity-agents.test.ts" name="Spine Agent — Governance &gt; blocks when rewardAmount exceeds 100,000" time="0.000447635">
        </testcase>
        <testcase classname="tests/unit/trinity-agents.test.ts" name="Spine Agent — Governance &gt; blocks when deadline is in the past" time="0.000550065">
        </testcase>
        <testcase classname="tests/unit/trinity-agents.test.ts" name="Spine Agent — Governance &gt; blocks when agent has no skills" time="0.000395872">
        </testcase>
        <testcase classname="tests/unit/trinity-agents.test.ts" name="Spine Agent — Governance &gt; blocks when agent reputation is negative" time="0.000254145">
        </testcase>
        <testcase classname="tests/unit/trinity-agents.test.ts" name="Spine Agent — Governance &gt; planHash is deterministic for same inputs" time="0.000523208">
        </testcase>
        <testcase classname="tests/unit/trinity-agents.test.ts" name="Spine Agent — Governance &gt; planHash changes when job or agent changes" time="0.000644679">
        </testcase>
        <testcase classname="tests/unit/trinity-agents.test.ts" name="Spine Agent — Governance &gt; planHash is 44 characters" time="0.000341379">
        </testcase>
        <testcase classname="tests/unit/trinity-agents.test.ts" name="Hand Agent — Quality Scoring &gt; empty deliverable scores 50 (base)" time="0.000178866">
        </testcase>
        <testcase classname="tests/unit/trinity-agents.test.ts" name="Hand Agent — Quality Scoring &gt; short deliverable with # heading adds points" time="0.000154941">
        </testcase>
        <testcase classname="tests/unit/trinity-agents.test.ts" name="Hand Agent — Quality Scoring &gt; long deliverable (&gt;500 chars) adds maximum length bonus" time="0.000108302">
        </testcase>
        <testcase classname="tests/unit/trinity-agents.test.ts" name="Hand Agent — Quality Scoring &gt; smart-contract-audit category adds category bonus" time="0.000125394">
        </testcase>
        <testcase classname="tests/unit/trinity-agents.test.ts" name="Hand Agent — Quality Scoring &gt; score never exceeds 100" time="0.000108624">
        </testcase>
        <testcase classname="tests/unit/trinity-agents.test.ts" name="Hand Agent — Quality Scoring &gt; deliverable with function keyword adds code bonus" time="0.000076751">
        </testcase>
        <testcase classname="tests/unit/trinity-agents.test.ts" name="Eye Agent — Verification Logic &gt; passes verification when quality &gt;= 70" time="0.000202035">
        </testcase>
        <testcase classname="tests/unit/trinity-agents.test.ts" name="Eye Agent — Verification Logic &gt; fails verification when quality &lt; 70" time="0.000159419">
        </testcase>
        <testcase classname="tests/unit/trinity-agents.test.ts" name="Eye Agent — Verification Logic &gt; proof hash of length &lt; 20 is flagged" time="0.000111553">
        </testcase>
        <testcase classname="tests/unit/trinity-agents.test.ts" name="Eye Agent — Verification Logic &gt; valid proof hash passes check" time="0.000187553">
        </testcase>
        <testcase classname="tests/unit/trinity-agents.test.ts" name="Nerve Agent — Reputation Logic &gt; reputation increases by 2 for standard quality pass" time="0.000150568">
        </testcase>
        <testcase classname="tests/unit/trinity-agents.test.ts" name="Nerve Agent — Reputation Logic &gt; reputation increases by 5 for exceptional quality (&gt;=90)" time="0.000070498">
        </testcase>
        <testcase classname="tests/unit/trinity-agents.test.ts" name="Nerve Agent — Reputation Logic &gt; reputation decreases by 5 on verification failure" time="0.000089167">
        </testcase>
        <testcase classname="tests/unit/trinity-agents.test.ts" name="Nerve Agent — Reputation Logic &gt; reputation never goes below 0" time="0.000078104">
        </testcase>
        <testcase classname="tests/unit/trinity-agents.test.ts" name="Nerve Agent — Reputation Logic &gt; Tier Progression &gt; new agent starts at Bronze" time="0.000093943">
        </testcase>
        <testcase classname="tests/unit/trinity-agents.test.ts" name="Nerve Agent — Reputation Logic &gt; Tier Progression &gt; Silver requires reputation&gt;=40 AND jobs&gt;=5" time="0.000104917">
        </testcase>
        <testcase classname="tests/unit/trinity-agents.test.ts" name="Nerve Agent — Reputation Logic &gt; Tier Progression &gt; Gold requires reputation&gt;=70 AND jobs&gt;=25" time="0.000087765">
        </testcase>
        <testcase classname="tests/unit/trinity-agents.test.ts" name="Nerve Agent — Reputation Logic &gt; Tier Progression &gt; Platinum requires reputation&gt;=90 AND jobs&gt;=100" time="0.000103564">
        </testcase>
        <testcase classname="tests/unit/trinity-agents.test.ts" name="Audit Trail — Integrity &gt; auditHash is consistent for same plan and steps" time="0.000257012">
        </testcase>
        <testcase classname="tests/unit/trinity-agents.test.ts" name="Audit Trail — Integrity &gt; auditHash changes when any step status changes" time="0.000180864">
        </testcase>
        <testcase classname="tests/unit/trinity-agents.test.ts" name="Audit Trail — Integrity &gt; auditHash changes when planHash changes" time="0.0001384">
        </testcase>
        <testcase classname="tests/unit/trinity-agents.test.ts" name="Audit Trail — Integrity &gt; auditHash is 44 characters" time="0.000094808">
        </testcase>
    </testsuite>
    <testsuite name="tests/unit/ui-pages.test.ts" timestamp="2026-06-29T13:05:58.385Z" hostname="vm" tests="14" failures="0" errors="0" skipped="0" time="0.013485905">
        <testcase classname="tests/unit/ui-pages.test.ts" name="Login Page UI &gt; should have correct structure" time="0.004706299">
        </testcase>
        <testcase classname="tests/unit/ui-pages.test.ts" name="Login Page UI &gt; should contain key UI elements in source code" time="0.000780986">
        </testcase>
        <testcase classname="tests/unit/ui-pages.test.ts" name="Password Login Page UI &gt; should have correct form structure" time="0.00046712">
        </testcase>
        <testcase classname="tests/unit/ui-pages.test.ts" name="Signup Page UI &gt; should have all required form fields" time="0.000665008">
        </testcase>
        <testcase classname="tests/unit/ui-pages.test.ts" name="Dashboard Page UI &gt; should have all required components" time="0.00058106">
        </testcase>
        <testcase classname="tests/unit/ui-pages.test.ts" name="Hermes Dashboard UI &gt; should have tabs and render the chat component" time="0.000248951">
        </testcase>
        <testcase classname="tests/unit/ui-pages.test.ts" name="Hermes Dashboard UI &gt; enforces auth server-side in the layout (not via the browser client)" time="0.000525451">
        </testcase>
        <testcase classname="tests/unit/ui-pages.test.ts" name="Chat Widget UI &gt; should have all required features" time="0.000486083">
        </testcase>
        <testcase classname="tests/unit/ui-pages.test.ts" name="Docs Pages &gt; should have English docs" time="0.000473372">
        </testcase>
        <testcase classname="tests/unit/ui-pages.test.ts" name="Docs Pages &gt; should have Thai docs" time="0.000265033">
        </testcase>
        <testcase classname="tests/unit/ui-pages.test.ts" name="Docs Pages &gt; should have docs page component" time="0.000260648">
        </testcase>
        <testcase classname="tests/unit/ui-pages.test.ts" name="UI Consistency &gt; all pages should use consistent dark theme" time="0.000662319">
        </testcase>
        <testcase classname="tests/unit/ui-pages.test.ts" name="UI Consistency &gt; all pages should have Thai language support" time="0.000538635">
        </testcase>
        <testcase classname="tests/unit/ui-pages.test.ts" name="UI Consistency &gt; all interactive pages should be client components" time="0.00062133">
        </testcase>
    </testsuite>
    <testsuite name="tests/integration/api/access-review.test.ts" timestamp="2026-06-29T13:05:58.388Z" hostname="vm" tests="2" failures="0" errors="0" skipped="0" time="0.348649295">
        <testcase classname="tests/integration/api/access-review.test.ts" name="/api/access/review &gt; returns 403 when reviewer lacks org.manage_access" time="0.338220143">
        </testcase>
        <testcase classname="tests/integration/api/access-review.test.ts" name="/api/access/review &gt; approves pending access request and activates matching user" time="0.00912627">
        </testcase>
    </testsuite>
    <testsuite name="tests/integration/api/agent-status.test.ts" timestamp="2026-06-29T13:05:58.389Z" hostname="vm" tests="7" failures="0" errors="0" skipped="0" time="0.062379553">
        <testcase classname="tests/integration/api/agent-status.test.ts" name="GET /api/agent/status &gt; returns 200 with ok:true when db check passes" time="0.043184335">
        </testcase>
        <testcase classname="tests/integration/api/agent-status.test.ts" name="GET /api/agent/status &gt; has required fields: repo, version, env, ts, checks" time="0.003988587">
        </testcase>
        <testcase classname="tests/integration/api/agent-status.test.ts" name="GET /api/agent/status &gt; version falls back to &quot;local&quot; when VERCEL_GIT_COMMIT_SHA is not set" time="0.003289232">
        </testcase>
        <testcase classname="tests/integration/api/agent-status.test.ts" name="GET /api/agent/status &gt; env falls back to &quot;local&quot; when VERCEL_ENV is not set" time="0.002570144">
        </testcase>
        <testcase classname="tests/integration/api/agent-status.test.ts" name="GET /api/agent/status &gt; returns 503 with ok:false when db check fails" time="0.002994938">
        </testcase>
        <testcase classname="tests/integration/api/agent-status.test.ts" name="GET /api/agent/status &gt; returns 503 with ok:false when getSupabaseAdmin throws" time="0.002486902">
        </testcase>
        <testcase classname="tests/integration/api/agent-status.test.ts" name="GET /api/agent/status &gt; ts field is a valid ISO 8601 timestamp" time="0.00244757">
        </testcase>
    </testsuite>
    <testsuite name="tests/integration/api/agents-route.test.ts" timestamp="2026-06-29T13:05:58.391Z" hostname="vm" tests="6" failures="0" errors="0" skipped="0" time="0.12003443">
        <testcase classname="tests/integration/api/agents-route.test.ts" name="GET /api/agents &gt; returns 401 when no auth provided (no runtime access, no active profile)" time="0.0699752">
        </testcase>
        <testcase classname="tests/integration/api/agents-route.test.ts" name="GET /api/agents &gt; returns 403 when authenticated but forbidden" time="0.016983714">
        </testcase>
        <testcase classname="tests/integration/api/agents-route.test.ts" name="GET /api/agents &gt; returns 429 when rate limited" time="0.007253927">
        </testcase>
        <testcase classname="tests/integration/api/agents-route.test.ts" name="GET /api/agents &gt; returns 200 with items and pagination shape when authenticated via runtime access" time="0.009442873">
        </testcase>
        <testcase classname="tests/integration/api/agents-route.test.ts" name="GET /api/agents &gt; agent items have expected shape fields" time="0.007258117">
        </testcase>
        <testcase classname="tests/integration/api/agents-route.test.ts" name="GET /api/agents &gt; reports usage_this_month from usage_counters join" time="0.007532207">
        </testcase>
    </testsuite>
    <testsuite name="tests/integration/api/audit-evidence.test.ts" timestamp="2026-06-29T13:05:58.392Z" hostname="vm" tests="1" failures="0" errors="0" skipped="1" time="0">
        <testcase classname="tests/integration/api/audit-evidence.test.ts" name="audit evidence fields &gt; action events contain required audit fields after a live submit" time="0">
            <skipped/>
        </testcase>
    </testsuite>
    <testsuite name="tests/integration/api/audit-route.test.ts" timestamp="2026-06-29T13:05:58.393Z" hostname="vm" tests="6" failures="0" errors="0" skipped="0" time="0.099849917">
        <testcase classname="tests/integration/api/audit-route.test.ts" name="GET /api/audit &gt; returns 401 when not authenticated" time="0.062073577">
        </testcase>
        <testcase classname="tests/integration/api/audit-route.test.ts" name="GET /api/audit &gt; returns 403 when role is insufficient" time="0.016539966">
        </testcase>
        <testcase classname="tests/integration/api/audit-route.test.ts" name="GET /api/audit &gt; returns 200 with ok, items, and determinism fields when authorized" time="0.004528883">
        </testcase>
        <testcase classname="tests/integration/api/audit-route.test.ts" name="GET /api/audit &gt; items array contains audit events" time="0.00390308">
        </testcase>
        <testcase classname="tests/integration/api/audit-route.test.ts" name="GET /api/audit &gt; limit query param caps results at 100" time="0.007711175">
        </testcase>
        <testcase classname="tests/integration/api/audit-route.test.ts" name="GET /api/audit &gt; returns core_ok field reflecting audit events state" time="0.0036645">
        </testcase>
    </testsuite>
    <testsuite name="tests/integration/api/auth-continue-org-sso.test.ts" timestamp="2026-06-29T13:05:58.394Z" hostname="vm" tests="1" failures="0" errors="0" skipped="0" time="0.087897736">
        <testcase classname="tests/integration/api/auth-continue-org-sso.test.ts" name="/auth/continue org-scoped sso &gt; blocks email flow when break-glass is disabled" time="0.086735362">
            <system-err>
[rate-limit] UPSTASH_REDIS_REST_URL not set — using in-memory fallback

            </system-err>
        </testcase>
    </testsuite>
    <testsuite name="tests/integration/api/auth-continue.test.ts" timestamp="2026-06-29T13:05:58.395Z" hostname="vm" tests="6" failures="0" errors="0" skipped="0" time="0.291034951">
        <testcase classname="tests/integration/api/auth-continue.test.ts" name="/auth/continue &gt; provisioned operator email → operator magic-link path" time="0.190341859">
            <system-err>
[rate-limit] UPSTASH_REDIS_REST_URL not set — using in-memory fallback

            </system-err>
        </testcase>
        <testcase classname="tests/integration/api/auth-continue.test.ts" name="/auth/continue &gt; non-provisioned email + workspace_name → trial path" time="0.01257073">
            <system-err>
[rate-limit] UPSTASH_REDIS_REST_URL not set — using in-memory fallback

            </system-err>
        </testcase>
        <testcase classname="tests/integration/api/auth-continue.test.ts" name="/auth/continue &gt; non-provisioned email without workspace_name → missing-workspace" time="0.014196136">
            <system-err>
[rate-limit] UPSTASH_REDIS_REST_URL not set — using in-memory fallback

            </system-err>
        </testcase>
        <testcase classname="tests/integration/api/auth-continue.test.ts" name="/auth/continue &gt; approval-required domain → request-access redirect" time="0.034597633">
            <system-err>
[rate-limit] UPSTASH_REDIS_REST_URL not set — using in-memory fallback

            </system-err>
        </testcase>
        <testcase classname="tests/integration/api/auth-continue.test.ts" name="/auth/continue &gt; missing email → missing-email" time="0.026469617">
        </testcase>
        <testcase classname="tests/integration/api/auth-continue.test.ts" name="/auth/continue &gt; OTP send failure for operator → send-failed" time="0.010778514">
            <system-err>
[rate-limit] UPSTASH_REDIS_REST_URL not set — using in-memory fallback

{
  event: [32m&apos;auth_continue_operator_send_failed&apos;[39m,
  name: [32m&apos;Error&apos;[39m,
  code: [1mnull[22m
}

            </system-err>
        </testcase>
    </testsuite>
    <testsuite name="tests/integration/api/auth-login.test.ts" timestamp="2026-06-29T13:05:58.398Z" hostname="vm" tests="3" failures="0" errors="0" skipped="0" time="0.051496666">
        <testcase classname="tests/integration/api/auth-login.test.ts" name="/auth/login &gt; returns rate-limited when the limiter blocks the request" time="0.031146889">
        </testcase>
        <testcase classname="tests/integration/api/auth-login.test.ts" name="/auth/login &gt; sends operator magic link when provisioned" time="0.01023453">
        </testcase>
        <testcase classname="tests/integration/api/auth-login.test.ts" name="/auth/login &gt; does not block when APP_URL is missing and falls back to request origin" time="0.008645515">
            <system-err>
{
  event: [32m&apos;auth_login_preflight_warnings&apos;[39m,
  warnings: [
    {
      code: [32m&apos;missing-app-url&apos;[39m,
      message: [32m&apos;APP_URL or NEXT_PUBLIC_APP_URL is not set — falling back to request origin&apos;[39m
    }
  ]
}

            </system-err>
        </testcase>
    </testsuite>
    <testsuite name="tests/integration/api/auth-session.test.ts" timestamp="2026-06-29T13:05:58.399Z" hostname="vm" tests="2" failures="0" errors="0" skipped="0" time="0.021002156">
        <testcase classname="tests/integration/api/auth-session.test.ts" name="/api/auth/session &gt; returns authenticated=false when no user session exists" time="0.017178284">
        </testcase>
        <testcase classname="tests/integration/api/auth-session.test.ts" name="/api/auth/session &gt; returns 200 with authenticated=false when createClient throws" time="0.002637842">
        </testcase>
    </testsuite>
    <testsuite name="tests/integration/api/breach-signal-evaluate.test.ts" timestamp="2026-06-29T13:05:58.400Z" hostname="vm" tests="7" failures="0" errors="0" skipped="0" time="0.715903854">
        <testcase classname="tests/integration/api/breach-signal-evaluate.test.ts" name="/api/dsg/breach-signal/evaluate &gt; returns BLOCK when rawDataIncluded is true" time="0.706768634">
            <system-err>
[rate-limit] UPSTASH_REDIS_REST_URL not set — using in-memory fallback

            </system-err>
        </testcase>
        <testcase classname="tests/integration/api/breach-signal-evaluate.test.ts" name="/api/dsg/breach-signal/evaluate &gt; returns BLOCK when owner or legalPurpose is missing" time="0.001467043">
        </testcase>
        <testcase classname="tests/integration/api/breach-signal-evaluate.test.ts" name="/api/dsg/breach-signal/evaluate &gt; returns BLOCK and blocks autonomous Tor access" time="0.001847051">
        </testcase>
        <testcase classname="tests/integration/api/breach-signal-evaluate.test.ts" name="/api/dsg/breach-signal/evaluate &gt; returns REVIEW for masked evidence without owner confirmation" time="0.001702045">
        </testcase>
        <testcase classname="tests/integration/api/breach-signal-evaluate.test.ts" name="/api/dsg/breach-signal/evaluate &gt; returns INCIDENT_REPORT_ALLOWED when ownerConfirmed is true" time="0.001352962">
        </testcase>
        <testcase classname="tests/integration/api/breach-signal-evaluate.test.ts" name="/api/dsg/breach-signal/evaluate &gt; returns 400 for empty body" time="0.000724204">
        </testcase>
        <testcase classname="tests/integration/api/breach-signal-evaluate.test.ts" name="/api/dsg/breach-signal/evaluate &gt; returns 400 for invalid JSON body" time="0.000701153">
        </testcase>
    </testsuite>
    <testsuite name="tests/integration/api/checkpoint.test.ts" timestamp="2026-06-29T13:05:58.402Z" hostname="vm" tests="1" failures="0" errors="0" skipped="0" time="0.376714592">
        <testcase classname="tests/integration/api/checkpoint.test.ts" name="/api/checkpoint &gt; returns 403 when role is missing" time="0.375221263">
        </testcase>
    </testsuite>
    <testsuite name="tests/integration/api/demo-bootstrap.test.ts" timestamp="2026-06-29T13:05:58.402Z" hostname="vm" tests="1" failures="0" errors="0" skipped="0" time="0.007691521">
        <testcase classname="tests/integration/api/demo-bootstrap.test.ts" name="/api/demo/bootstrap &gt; returns 410 because demo bootstrap was removed" time="0.006243764">
        </testcase>
    </testsuite>
    <testsuite name="tests/integration/api/effect-callback.test.ts" timestamp="2026-06-29T13:05:58.403Z" hostname="vm" tests="11" failures="0" errors="0" skipped="0" time="0.125921026">
        <testcase classname="tests/integration/api/effect-callback.test.ts" name="POST /api/effect-callback &gt; returns 401 when not authenticated" time="0.061934595">
        </testcase>
        <testcase classname="tests/integration/api/effect-callback.test.ts" name="POST /api/effect-callback &gt; returns 403 when role is insufficient" time="0.014262622">
        </testcase>
        <testcase classname="tests/integration/api/effect-callback.test.ts" name="POST /api/effect-callback &gt; returns 400 when effect_id is missing" time="0.006470593">
        </testcase>
        <testcase classname="tests/integration/api/effect-callback.test.ts" name="POST /api/effect-callback &gt; returns 400 when body is not valid JSON" time="0.006026728">
        </testcase>
        <testcase classname="tests/integration/api/effect-callback.test.ts" name="POST /api/effect-callback &gt; returns 404 when effect_id does not exist" time="0.005231805">
        </testcase>
        <testcase classname="tests/integration/api/effect-callback.test.ts" name="POST /api/effect-callback &gt; returns 200 with idempotent:false for a fresh pending effect" time="0.004600126">
        </testcase>
        <testcase classname="tests/integration/api/effect-callback.test.ts" name="POST /api/effect-callback &gt; returns 200 with idempotent:true when already in final state" time="0.003826463">
        </testcase>
        <testcase classname="tests/integration/api/effect-callback.test.ts" name="POST /api/effect-callback &gt; accepts status:failed and passes it to reconcile" time="0.005269599">
        </testcase>
        <testcase classname="tests/integration/api/effect-callback.test.ts" name="POST /api/effect-callback &gt; defaults to status:succeeded when status is omitted" time="0.005277234">
        </testcase>
        <testcase classname="tests/integration/api/effect-callback.test.ts" name="POST /api/effect-callback &gt; passes orgId from auth context to reconcile (cross-org isolation)" time="0.005340359">
        </testcase>
        <testcase classname="tests/integration/api/effect-callback.test.ts" name="POST /api/effect-callback &gt; returns 500 when reconcile throws unexpectedly" time="0.006371036">
        </testcase>
    </testsuite>
    <testsuite name="tests/integration/api/enterprise-proof-report.test.ts" timestamp="2026-06-29T13:05:58.405Z" hostname="vm" tests="1" failures="0" errors="0" skipped="0" time="0.306058217">
        <testcase classname="tests/integration/api/enterprise-proof-report.test.ts" name="/api/enterprise-proof/report &gt; returns legacy public AI-first narrative payload" time="0.30481397">
        </testcase>
    </testsuite>
    <testsuite name="tests/integration/api/enterprise-proof-runtime-report.test.ts" timestamp="2026-06-29T13:05:58.406Z" hostname="vm" tests="5" failures="0" errors="0" skipped="0" time="0.403117398">
        <testcase classname="tests/integration/api/enterprise-proof-runtime-report.test.ts" name="/api/enterprise-proof/runtime-report &gt; returns 400 when org_id/agent_id are missing" time="0.361484751">
        </testcase>
        <testcase classname="tests/integration/api/enterprise-proof-runtime-report.test.ts" name="/api/enterprise-proof/runtime-report &gt; returns 401 when unauthorized" time="0.01077984">
        </testcase>
        <testcase classname="tests/integration/api/enterprise-proof-runtime-report.test.ts" name="/api/enterprise-proof/runtime-report &gt; returns 403 for cross-org access" time="0.008060896">
        </testcase>
        <testcase classname="tests/integration/api/enterprise-proof-runtime-report.test.ts" name="/api/enterprise-proof/runtime-report &gt; returns 200 for valid scoped request" time="0.011321835">
        </testcase>
        <testcase classname="tests/integration/api/enterprise-proof-runtime-report.test.ts" name="/api/enterprise-proof/runtime-report/summary &gt; returns 403 for cross-org access" time="0.010214306">
        </testcase>
    </testsuite>
    <testsuite name="tests/integration/api/execute-compat.test.ts" timestamp="2026-06-29T13:05:58.407Z" hostname="vm" tests="1" failures="0" errors="0" skipped="0" time="0.007578381">
        <testcase classname="tests/integration/api/execute-compat.test.ts" name="/api/execute compatibility route &gt; re-exports OPTIONS and POST from spine execute route" time="0.006502473">
        </testcase>
    </testsuite>
    <testsuite name="tests/integration/api/execute-critical-path.test.ts" timestamp="2026-06-29T13:05:58.407Z" hostname="vm" tests="7" failures="0" errors="0" skipped="0" time="0.48880724">
        <testcase classname="tests/integration/api/execute-critical-path.test.ts" name="/api/execute critical route contract &gt; returns 401 when bearer token is missing" time="0.413902928">
        </testcase>
        <testcase classname="tests/integration/api/execute-critical-path.test.ts" name="/api/execute critical route contract &gt; returns 400 when agent_id is missing" time="0.009884273">
        </testcase>
        <testcase classname="tests/integration/api/execute-critical-path.test.ts" name="/api/execute critical route contract &gt; returns 401 when agent_id and api key do not resolve" time="0.008925031">
        </testcase>
        <testcase classname="tests/integration/api/execute-critical-path.test.ts" name="/api/execute critical route contract &gt; returns 403 when the agent is not active" time="0.009643185">
        </testcase>
        <testcase classname="tests/integration/api/execute-critical-path.test.ts" name="/api/execute critical route contract &gt; executes active agent request and returns the spine engine body" time="0.022426792">
            <system-err>
[api/spine/execute] meterExecution failed: Error: Missing Supabase server environment variables
    at getSupabaseAdmin [90m(/home/user/tdealer01-crypto-dsg-control-plane/[39mlib/supabase-server.ts:27:11[90m)[39m
    at getStripeCustomerIdForOrg [90m(/home/user/tdealer01-crypto-dsg-control-plane/[39mlib/billing/metered.ts:315:20[90m)[39m
[90m    at processTicksAndRejections (node:internal/process/task_queues:103:5)[39m
    at meterExecution [90m(/home/user/tdealer01-crypto-dsg-control-plane/[39mlib/billing/metered.ts:331:22[90m)[39m

            </system-err>
        </testcase>
        <testcase classname="tests/integration/api/execute-critical-path.test.ts" name="/api/execute critical route contract &gt; issues a runtime intent and retries when no pending runtime intent exists" time="0.013771249">
            <system-err>
[api/spine/execute] meterExecution failed: Error: Missing Supabase server environment variables
    at getSupabaseAdmin [90m(/home/user/tdealer01-crypto-dsg-control-plane/[39mlib/supabase-server.ts:27:11[90m)[39m
    at getStripeCustomerIdForOrg [90m(/home/user/tdealer01-crypto-dsg-control-plane/[39mlib/billing/metered.ts:315:20[90m)[39m
[90m    at processTicksAndRejections (node:internal/process/task_queues:103:5)[39m
    at meterExecution [90m(/home/user/tdealer01-crypto-dsg-control-plane/[39mlib/billing/metered.ts:331:22[90m)[39m

            </system-err>
        </testcase>
        <testcase classname="tests/integration/api/execute-critical-path.test.ts" name="/api/execute critical route contract &gt; returns 429 and rate-limit headers when rate limit blocks the request" time="0.008712007">
        </testcase>
    </testsuite>
    <testsuite name="tests/integration/api/execute-live-db.required.test.ts" timestamp="2026-06-29T13:05:58.410Z" hostname="vm" tests="4" failures="0" errors="0" skipped="4" time="0">
        <testcase classname="tests/integration/api/execute-live-db.required.test.ts" name="/api/execute live Supabase required gate &gt; resolves an active Supabase agent from SHA-256 API key hash" time="0">
            <skipped/>
        </testcase>
        <testcase classname="tests/integration/api/execute-live-db.required.test.ts" name="/api/execute live Supabase required gate &gt; executes through the real route and writes runtime evidence" time="0">
            <skipped/>
        </testcase>
        <testcase classname="tests/integration/api/execute-live-db.required.test.ts" name="/api/execute live Supabase required gate &gt; does not resolve cross-agent api key pairs" time="0">
            <skipped/>
        </testcase>
        <testcase classname="tests/integration/api/execute-live-db.required.test.ts" name="/api/execute live Supabase required gate &gt; blocks inactive agents at the route boundary" time="0">
            <skipped/>
        </testcase>
    </testsuite>
    <testsuite name="tests/integration/api/execute.test.ts" timestamp="2026-06-29T13:05:58.411Z" hostname="vm" tests="1" failures="0" errors="0" skipped="0" time="0.471009488">
        <testcase classname="tests/integration/api/execute.test.ts" name="/api/execute &gt; returns 401 when bearer token is missing" time="0.469762664">
            <system-err>
[rate-limit] UPSTASH_REDIS_REST_URL not set — using in-memory fallback

            </system-err>
        </testcase>
    </testsuite>
    <testsuite name="tests/integration/api/finance-governance-actions.test.ts" timestamp="2026-06-29T13:05:58.412Z" hostname="vm" tests="6" failures="0" errors="0" skipped="0" time="0.495751712">
        <testcase classname="tests/integration/api/finance-governance-actions.test.ts" name="finance governance action routes &gt; submits a finance workflow item" time="0.360343891">
        </testcase>
        <testcase classname="tests/integration/api/finance-governance-actions.test.ts" name="finance governance action routes &gt; denies generic approval actions when actor role is not allowed" time="0.036602025">
        </testcase>
        <testcase classname="tests/integration/api/finance-governance-actions.test.ts" name="finance governance action routes &gt; applies generic approval actions only after finance governance access passes" time="0.012796826">
        </testcase>
        <testcase classname="tests/integration/api/finance-governance-actions.test.ts" name="finance governance action routes &gt; approves an approval item" time="0.037622247">
        </testcase>
        <testcase classname="tests/integration/api/finance-governance-actions.test.ts" name="finance governance action routes &gt; rejects an approval item" time="0.021059758">
        </testcase>
        <testcase classname="tests/integration/api/finance-governance-actions.test.ts" name="finance governance action routes &gt; escalates an approval item" time="0.02538611">
        </testcase>
    </testsuite>
    <testsuite name="tests/integration/api/finance-governance-api.test.ts" timestamp="2026-06-29T13:05:58.413Z" hostname="vm" tests="5" failures="0" errors="0" skipped="0" time="0.362423881">
        <testcase classname="tests/integration/api/finance-governance-api.test.ts" name="finance governance api routes &gt; returns workspace summary data" time="0.322846158">
        </testcase>
        <testcase classname="tests/integration/api/finance-governance-api.test.ts" name="finance governance api routes &gt; returns onboarding steps" time="0.013639103">
        </testcase>
        <testcase classname="tests/integration/api/finance-governance-api.test.ts" name="finance governance api routes &gt; rejects onboarding when x-org-id is missing" time="0.006509386">
        </testcase>
        <testcase classname="tests/integration/api/finance-governance-api.test.ts" name="finance governance api routes &gt; returns approval queue items" time="0.005751868">
        </testcase>
        <testcase classname="tests/integration/api/finance-governance-api.test.ts" name="finance governance api routes &gt; returns case detail data for requested id" time="0.012248806">
        </testcase>
    </testsuite>
    <testsuite name="tests/integration/api/finance-governance-callers.test.ts" timestamp="2026-06-29T13:05:58.415Z" hostname="vm" tests="1" failures="0" errors="0" skipped="0" time="0.003380634">
        <testcase classname="tests/integration/api/finance-governance-callers.test.ts" name="finance governance callers &gt; do not reference deprecated server-store API endpoints" time="0.002180623">
        </testcase>
    </testsuite>
    <testsuite name="tests/integration/api/finance-governance-live-db.test.ts" timestamp="2026-06-29T13:05:58.415Z" hostname="vm" tests="3" failures="0" errors="0" skipped="3" time="0">
        <testcase classname="tests/integration/api/finance-governance-live-db.test.ts" name="finance governance API + repository + supabase (live) &gt; keeps org data isolated: org A submit does not leak to org B" time="0">
            <skipped/>
        </testcase>
        <testcase classname="tests/integration/api/finance-governance-live-db.test.ts" name="finance governance API + repository + supabase (live) &gt; writes audit trail timeline for submit → approve flow" time="0">
            <skipped/>
        </testcase>
        <testcase classname="tests/integration/api/finance-governance-live-db.test.ts" name="finance governance API + repository + supabase (live) &gt; persists submit/approve/reject/escalate actions to database" time="0">
            <skipped/>
        </testcase>
    </testsuite>
    <testsuite name="tests/integration/api/health-route.test.ts" timestamp="2026-06-29T13:05:58.416Z" hostname="vm" tests="5" failures="0" errors="0" skipped="0" time="0.043070167">
        <testcase classname="tests/integration/api/health-route.test.ts" name="GET /api/health &gt; returns a response with ok field" time="0.02324316">
        </testcase>
        <testcase classname="tests/integration/api/health-route.test.ts" name="GET /api/health &gt; response shape includes service, timestamp, db_ok, core_ok, rateLimiter, core, readiness" time="0.004834633">
        </testcase>
        <testcase classname="tests/integration/api/health-route.test.ts" name="GET /api/health &gt; returns 200 when all checks pass" time="0.003696815">
        </testcase>
        <testcase classname="tests/integration/api/health-route.test.ts" name="GET /api/health &gt; returns 503 when db is unreachable" time="0.00667753">
        </testcase>
        <testcase classname="tests/integration/api/health-route.test.ts" name="GET /api/health &gt; returns 503 when rate limiter is not configured" time="0.003403013">
        </testcase>
    </testsuite>
    <testsuite name="tests/integration/api/intent.test.ts" timestamp="2026-06-29T13:05:58.418Z" hostname="vm" tests="5" failures="0" errors="0" skipped="0" time="0.144055527">
        <testcase classname="tests/integration/api/intent.test.ts" name="/api/intent &gt; returns preflight response for OPTIONS" time="0.093664006">
        </testcase>
        <testcase classname="tests/integration/api/intent.test.ts" name="/api/intent &gt; returns 401 when Bearer token is missing" time="0.022604454">
            <system-err>
[rate-limit] UPSTASH_REDIS_REST_URL not set — using in-memory fallback

            </system-err>
        </testcase>
        <testcase classname="tests/integration/api/intent.test.ts" name="/api/intent &gt; returns 400 when agent_id is missing" time="0.012051882">
            <system-err>
[rate-limit] UPSTASH_REDIS_REST_URL not set — using in-memory fallback

            </system-err>
        </testcase>
        <testcase classname="tests/integration/api/intent.test.ts" name="/api/intent &gt; returns 401 when agent_id and api key do not resolve" time="0.007522176">
            <system-err>
[rate-limit] UPSTASH_REDIS_REST_URL not set — using in-memory fallback

            </system-err>
        </testcase>
        <testcase classname="tests/integration/api/intent.test.ts" name="/api/intent &gt; issues runtime intent with resolved org_id" time="0.006818676">
            <system-err>
[rate-limit] UPSTASH_REDIS_REST_URL not set — using in-memory fallback

            </system-err>
        </testcase>
    </testsuite>
    <testsuite name="tests/integration/api/live-db-supabase.required.test.ts" timestamp="2026-06-29T13:05:58.420Z" hostname="vm" tests="4" failures="0" errors="0" skipped="4" time="0">
        <testcase classname="tests/integration/api/live-db-supabase.required.test.ts" name="LIVE DB GATE: Supabase/Postgres production safety &gt; required production tables are queryable with service role" time="0">
            <skipped/>
        </testcase>
        <testcase classname="tests/integration/api/live-db-supabase.required.test.ts" name="LIVE DB GATE: Supabase/Postgres production safety &gt; keeps organization data separated by org_id in direct DB reads" time="0">
            <skipped/>
        </testcase>
        <testcase classname="tests/integration/api/live-db-supabase.required.test.ts" name="LIVE DB GATE: Supabase/Postgres production safety &gt; increments usage counter only for the target org and agent" time="0">
            <skipped/>
        </testcase>
        <testcase classname="tests/integration/api/live-db-supabase.required.test.ts" name="LIVE DB GATE: Supabase/Postgres production safety &gt; fails closed if audit_logs can be mutated through the configured test role" time="0">
            <skipped/>
        </testcase>
    </testsuite>
    <testsuite name="tests/integration/api/readiness-route.test.ts" timestamp="2026-06-29T13:05:58.421Z" hostname="vm" tests="5" failures="0" errors="0" skipped="0" time="0.024875899">
        <testcase classname="tests/integration/api/readiness-route.test.ts" name="GET /api/readiness &gt; returns 200 with ok:true when all checks pass" time="0.014081655">
        </testcase>
        <testcase classname="tests/integration/api/readiness-route.test.ts" name="GET /api/readiness &gt; returns 503 with ok:false when any check fails" time="0.002556375">
        </testcase>
        <testcase classname="tests/integration/api/readiness-route.test.ts" name="GET /api/readiness &gt; response body matches ReadinessReport shape with checks and timestamp" time="0.002225953">
        </testcase>
        <testcase classname="tests/integration/api/readiness-route.test.ts" name="GET /api/readiness &gt; checks object contains expected keys" time="0.002285907">
        </testcase>
        <testcase classname="tests/integration/api/readiness-route.test.ts" name="GET /api/readiness &gt; returns 500 when getDeploymentReadiness throws" time="0.002443665">
        </testcase>
    </testsuite>
    <testsuite name="tests/integration/api/request-access.test.ts" timestamp="2026-06-29T13:05:58.423Z" hostname="vm" tests="1" failures="0" errors="0" skipped="0" time="0.352715653">
        <testcase classname="tests/integration/api/request-access.test.ts" name="/api/access/request &gt; creates pending access request row" time="0.351630737">
            <system-err>
[rate-limit] UPSTASH_REDIS_REST_URL not set — using in-memory fallback

            </system-err>
        </testcase>
    </testsuite>
    <testsuite name="tests/integration/api/routes-agent-chat.test.ts" timestamp="2026-06-29T13:05:58.423Z" hostname="vm" tests="9" failures="0" errors="0" skipped="0" time="0.59821967">
        <testcase classname="tests/integration/api/routes-agent-chat.test.ts" name="POST /api/agent-chat &gt; returns 401 when not authenticated" time="0.42752541">
        </testcase>
        <testcase classname="tests/integration/api/routes-agent-chat.test.ts" name="POST /api/agent-chat &gt; returns 403 when user lacks operator role" time="0.014285017">
        </testcase>
        <testcase classname="tests/integration/api/routes-agent-chat.test.ts" name="POST /api/agent-chat &gt; returns 400 when message is missing" time="0.006956243">
        </testcase>
        <testcase classname="tests/integration/api/routes-agent-chat.test.ts" name="POST /api/agent-chat &gt; returns 400 when message is empty string" time="0.004670245">
        </testcase>
        <testcase classname="tests/integration/api/routes-agent-chat.test.ts" name="POST /api/agent-chat &gt; detects deploy action type from message" time="0.006957891">
        </testcase>
        <testcase classname="tests/integration/api/routes-agent-chat.test.ts" name="POST /api/agent-chat &gt; detects edit_code action type from message" time="0.005353472">
        </testcase>
        <testcase classname="tests/integration/api/routes-agent-chat.test.ts" name="POST /api/agent-chat &gt; uses org_admin role when present" time="0.015187206">
        </testcase>
        <testcase classname="tests/integration/api/routes-agent-chat.test.ts" name="POST /api/agent-chat &gt; accepts optional pageContext parameter" time="0.010032984">
        </testcase>
        <testcase classname="tests/integration/api/routes-agent-chat.test.ts" name="POST /api/agent-chat-v2 &gt; exists and handles requests" time="0.105273605">
        </testcase>
    </testsuite>
    <testsuite name="tests/integration/api/routes-agent-execute.test.ts" timestamp="2026-06-29T13:05:58.425Z" hostname="vm" tests="13" failures="0" errors="0" skipped="0" time="0.188935765">
        <testcase classname="tests/integration/api/routes-agent-execute.test.ts" name="POST /api/agent-execute &gt; returns 401 when not authenticated" time="0.125897789">
        </testcase>
        <testcase classname="tests/integration/api/routes-agent-execute.test.ts" name="POST /api/agent-execute &gt; returns 400 when required fields missing" time="0.006237217">
        </testcase>
        <testcase classname="tests/integration/api/routes-agent-execute.test.ts" name="POST /api/agent-execute &gt; returns 403 when org_id mismatch" time="0.006462618">
        </testcase>
        <testcase classname="tests/integration/api/routes-agent-execute.test.ts" name="POST /api/agent-execute &gt; returns 201 with execution_id on success" time="0.003991196">
        </testcase>
        <testcase classname="tests/integration/api/routes-agent-execute.test.ts" name="POST /api/agent-execute &gt; plans execution when plan not provided" time="0.004054686">
        </testcase>
        <testcase classname="tests/integration/api/routes-agent-execute.test.ts" name="POST /api/agent-execute &gt; fires webhook on successful execution creation" time="0.005511923">
        </testcase>
        <testcase classname="tests/integration/api/routes-agent-execute.test.ts" name="POST /api/agent-execute &gt; returns 400 when request body is malformed JSON" time="0.003380393">
        </testcase>
        <testcase classname="tests/integration/api/routes-agent-execute.test.ts" name="GET /api/agent-executions &gt; returns 401 when no auth provided" time="0.01104521">
        </testcase>
        <testcase classname="tests/integration/api/routes-agent-execute.test.ts" name="GET /api/agent-executions &gt; returns 403 when user not authorized" time="0.003423167">
        </testcase>
        <testcase classname="tests/integration/api/routes-agent-execute.test.ts" name="GET /api/agent-executions &gt; returns 200 with execution list when authorized" time="0.005299163">
        </testcase>
        <testcase classname="tests/integration/api/routes-agent-execute.test.ts" name="GET /api/agent-executions &gt; returns empty list when no executions found" time="0.003532065">
        </testcase>
        <testcase classname="tests/integration/api/routes-agent-execute.test.ts" name="GET /api/agent-executions &gt; respects limit query parameter" time="0.003599928">
        </testcase>
        <testcase classname="tests/integration/api/routes-agent-execute.test.ts" name="GET /api/agent-executions &gt; returns 500 when database query fails" time="0.004714849">
        </testcase>
    </testsuite>
    <testsuite name="tests/integration/api/routes-agent-executions.test.ts" timestamp="2026-06-29T13:05:58.428Z" hostname="vm" tests="11" failures="0" errors="0" skipped="0" time="0.415718774">
        <testcase classname="tests/integration/api/routes-agent-executions.test.ts" name="GET /api/agent-executions &gt; returns 401 when not authenticated" time="0.314800027">
        </testcase>
        <testcase classname="tests/integration/api/routes-agent-executions.test.ts" name="GET /api/agent-executions &gt; returns 403 when insufficient permissions" time="0.005642323">
        </testcase>
        <testcase classname="tests/integration/api/routes-agent-executions.test.ts" name="GET /api/agent-executions &gt; returns 200 with ok:true and empty items when authorized but no executions" time="0.005108064">
        </testcase>
        <testcase classname="tests/integration/api/routes-agent-executions.test.ts" name="GET /api/agent-executions &gt; returns 200 with ok:true and executions list when authorized" time="0.00913494">
        </testcase>
        <testcase classname="tests/integration/api/routes-agent-executions.test.ts" name="GET /api/agent-executions &gt; respects limit query parameter" time="0.007792793">
        </testcase>
        <testcase classname="tests/integration/api/routes-agent-executions.test.ts" name="GET /api/agent-executions &gt; defaults to limit:20 when not specified" time="0.004591952">
        </testcase>
        <testcase classname="tests/integration/api/routes-agent-executions.test.ts" name="GET /api/agent-executions &gt; returns 500 when database error occurs" time="0.002903155">
        </testcase>
        <testcase classname="tests/integration/api/routes-agent-executions.test.ts" name="GET /api/agent-executions &gt; filters executions by org_id from auth context" time="0.002789033">
        </testcase>
        <testcase classname="tests/integration/api/routes-agent-executions.test.ts" name="GET /api/agent-executions &gt; orders results by created_at descending" time="0.003622839">
        </testcase>
        <testcase classname="tests/integration/api/routes-agent-executions.test.ts" name="GET /api/executions (alias endpoint) &gt; returns 401 when not authenticated" time="0.047086507">
            <system-err>
[rate-limit] UPSTASH_REDIS_REST_URL not set — using in-memory fallback

            </system-err>
        </testcase>
        <testcase classname="tests/integration/api/routes-agent-executions.test.ts" name="GET /api/executions (alias endpoint) &gt; returns 200 with execution items when authorized" time="0.009736322">
            <system-err>
[rate-limit] UPSTASH_REDIS_REST_URL not set — using in-memory fallback

            </system-err>
        </testcase>
    </testsuite>
    <testsuite name="tests/integration/api/routes-compliance.test.ts" timestamp="2026-06-29T13:05:58.431Z" hostname="vm" tests="10" failures="0" errors="0" skipped="0" time="0.094317151">
        <testcase classname="tests/integration/api/routes-compliance.test.ts" name="POST /api/compliance/export &gt; returns 400 when framework is invalid" time="0.046742816">
        </testcase>
        <testcase classname="tests/integration/api/routes-compliance.test.ts" name="POST /api/compliance/export &gt; returns 200 with reportId when framework is eu_ai_act" time="0.006092507">
        </testcase>
        <testcase classname="tests/integration/api/routes-compliance.test.ts" name="POST /api/compliance/export &gt; returns 200 when framework is all" time="0.003158487">
        </testcase>
        <testcase classname="tests/integration/api/routes-compliance.test.ts" name="POST /api/compliance/export &gt; includes claimBoundary with certificationClaim:false" time="0.002672687">
        </testcase>
        <testcase classname="tests/integration/api/routes-compliance.test.ts" name="POST /api/compliance/export &gt; returns 500 when body is not JSON" time="0.002638267">
        </testcase>
        <testcase classname="tests/integration/api/routes-compliance.test.ts" name="GET /api/compliance-evidence-pack/annex4 &gt; returns 200 with JSON annex4 data by default" time="0.006951107">
        </testcase>
        <testcase classname="tests/integration/api/routes-compliance.test.ts" name="GET /api/compliance-evidence-pack/annex4 &gt; returns HTML when format=html" time="0.003029151">
        </testcase>
        <testcase classname="tests/integration/api/routes-compliance.test.ts" name="GET /api/ccvs/evidence-chain &gt; returns 200 with ok:true and requirements array" time="0.005482918">
        </testcase>
        <testcase classname="tests/integration/api/routes-compliance.test.ts" name="GET /api/ccvs/evidence-chain &gt; includes deployment and drift fields" time="0.003817566">
        </testcase>
        <testcase classname="tests/integration/api/routes-compliance.test.ts" name="GET /api/ccvs/evidence-chain &gt; includes severity_table entries for all evidence levels" time="0.010490368">
        </testcase>
    </testsuite>
    <testsuite name="tests/integration/api/routes-config.test.ts" timestamp="2026-06-29T13:05:58.434Z" hostname="vm" tests="5" failures="0" errors="0" skipped="0" time="0.077824829">
        <testcase classname="tests/integration/api/routes-config.test.ts" name="GET /api/config/language &gt; returns current language and supported languages" time="0.041429428">
        </testcase>
        <testcase classname="tests/integration/api/routes-config.test.ts" name="GET /api/config/language &gt; includes language config in response" time="0.024083496">
        </testcase>
        <testcase classname="tests/integration/api/routes-config.test.ts" name="GET /api/config/language &gt; returns supported languages list" time="0.005224863">
        </testcase>
        <testcase classname="tests/integration/api/routes-config.test.ts" name="GET /api/config/language &gt; includes setup instruction in response" time="0.003155011">
        </testcase>
        <testcase classname="tests/integration/api/routes-config.test.ts" name="GET /api/config/language &gt; is public and requires no authentication" time="0.002662067">
        </testcase>
    </testsuite>
    <testsuite name="tests/integration/api/routes-settings.test.ts" timestamp="2026-06-29T13:05:58.435Z" hostname="vm" tests="16" failures="0" errors="0" skipped="0" time="0.170488578">
        <testcase classname="tests/integration/api/routes-settings.test.ts" name="GET /api/settings/domains &gt; returns 401 when not authenticated" time="0.067494858">
        </testcase>
        <testcase classname="tests/integration/api/routes-settings.test.ts" name="GET /api/settings/domains &gt; returns 403 when user lacks org_admin role" time="0.006333018">
        </testcase>
        <testcase classname="tests/integration/api/routes-settings.test.ts" name="GET /api/settings/domains &gt; returns 200 with domain list when authorized" time="0.011647523">
        </testcase>
        <testcase classname="tests/integration/api/routes-settings.test.ts" name="GET /api/settings/domains &gt; returns 500 when database query fails" time="0.005277051">
        </testcase>
        <testcase classname="tests/integration/api/routes-settings.test.ts" name="POST /api/settings/domains &gt; returns 401 when not authenticated" time="0.007427573">
        </testcase>
        <testcase classname="tests/integration/api/routes-settings.test.ts" name="POST /api/settings/domains &gt; returns 400 when domain is missing" time="0.004740377">
        </testcase>
        <testcase classname="tests/integration/api/routes-settings.test.ts" name="POST /api/settings/domains &gt; returns 201 with created domain on success" time="0.00430872">
        </testcase>
        <testcase classname="tests/integration/api/routes-settings.test.ts" name="POST /api/settings/domains &gt; returns 500 when database insert fails" time="0.003449774">
        </testcase>
        <testcase classname="tests/integration/api/routes-settings.test.ts" name="PATCH /api/settings/security &gt; returns 401 when not authenticated" time="0.021431146">
        </testcase>
        <testcase classname="tests/integration/api/routes-settings.test.ts" name="PATCH /api/settings/security &gt; returns 403 when user lacks org_admin role" time="0.004535605">
        </testcase>
        <testcase classname="tests/integration/api/routes-settings.test.ts" name="PATCH /api/settings/security &gt; returns 200 with updated security settings" time="0.006588093">
        </testcase>
        <testcase classname="tests/integration/api/routes-settings.test.ts" name="PATCH /api/settings/security &gt; returns 409 when SSO enforcement fails recovery path check" time="0.006340352">
        </testcase>
        <testcase classname="tests/integration/api/routes-settings.test.ts" name="PATCH /api/settings/security &gt; returns 500 when database update fails" time="0.003208925">
        </testcase>
        <testcase classname="tests/integration/api/routes-settings.test.ts" name="GET /api/settings/quota &gt; returns 401 when not authenticated" time="0.008353368">
        </testcase>
        <testcase classname="tests/integration/api/routes-settings.test.ts" name="GET /api/settings/quota &gt; returns 403 when user lacks required role" time="0.0031469">
        </testcase>
        <testcase classname="tests/integration/api/routes-settings.test.ts" name="GET /api/settings/quota &gt; returns 200 with quota summary when authorized" time="0.003563848">
        </testcase>
    </testsuite>
    <testsuite name="tests/integration/api/routes-webhooks.test.ts" timestamp="2026-06-29T13:05:58.438Z" hostname="vm" tests="17" failures="0" errors="0" skipped="0" time="0.643488912">
        <testcase classname="tests/integration/api/routes-webhooks.test.ts" name="GET /api/webhooks-config &gt; returns 403 when user lacks manage_webhooks permission" time="0.120988603">
        </testcase>
        <testcase classname="tests/integration/api/routes-webhooks.test.ts" name="GET /api/webhooks-config &gt; returns 200 with webhooks array when authorized" time="0.013320464">
        </testcase>
        <testcase classname="tests/integration/api/routes-webhooks.test.ts" name="GET /api/webhooks-config &gt; includes webhook status field (ACTIVE, FAILING, DISABLED)" time="0.006666579">
        </testcase>
        <testcase classname="tests/integration/api/routes-webhooks.test.ts" name="GET /api/webhooks-config &gt; returns 500 when database error occurs" time="0.01434278">
        </testcase>
        <testcase classname="tests/integration/api/routes-webhooks.test.ts" name="POST /api/webhooks-config &gt; returns 403 when user lacks manage_webhooks permission" time="0.006406489">
        </testcase>
        <testcase classname="tests/integration/api/routes-webhooks.test.ts" name="POST /api/webhooks-config &gt; returns 400 when URL is missing" time="0.009236931">
        </testcase>
        <testcase classname="tests/integration/api/routes-webhooks.test.ts" name="POST /api/webhooks-config &gt; returns 400 when URL is not https" time="0.005967271">
        </testcase>
        <testcase classname="tests/integration/api/routes-webhooks.test.ts" name="POST /api/webhooks-config &gt; returns 400 when events array is empty" time="0.009767664">
        </testcase>
        <testcase classname="tests/integration/api/routes-webhooks.test.ts" name="POST /api/webhooks-config &gt; returns 201 with webhook and secret when created successfully" time="0.012655386">
        </testcase>
        <testcase classname="tests/integration/api/routes-webhooks.test.ts" name="POST /api/webhooks-config &gt; returns 400 for invalid JSON body" time="0.004964568">
        </testcase>
        <testcase classname="tests/integration/api/routes-webhooks.test.ts" name="DELETE /api/webhooks-config/[id] &gt; returns 403 when user lacks manage_webhooks permission" time="0.024335484">
        </testcase>
        <testcase classname="tests/integration/api/routes-webhooks.test.ts" name="DELETE /api/webhooks-config/[id] &gt; returns 404 when webhook does not exist" time="0.00906618">
        </testcase>
        <testcase classname="tests/integration/api/routes-webhooks.test.ts" name="DELETE /api/webhooks-config/[id] &gt; returns 200 when webhook is deleted successfully" time="0.00316943">
        </testcase>
        <testcase classname="tests/integration/api/routes-webhooks.test.ts" name="POST /api/webhooks/dsg (DSG webhook handler) &gt; returns 400 when signature is missing" time="0.012554598">
        </testcase>
        <testcase classname="tests/integration/api/routes-webhooks.test.ts" name="POST /api/webhooks/dsg (DSG webhook handler) &gt; returns 200 when webhook is processed successfully" time="0.003759116">
        </testcase>
        <testcase classname="tests/integration/api/routes-webhooks.test.ts" name="POST /api/webhooks/stripe (Stripe webhook handler) &gt; returns 400 when stripe signature is invalid" time="0.375347062">
        </testcase>
        <testcase classname="tests/integration/api/routes-webhooks.test.ts" name="POST /api/webhooks/stripe (Stripe webhook handler) &gt; returns 200 when Stripe event is processed" time="0.008985061">
        </testcase>
    </testsuite>
    <testsuite name="tests/integration/api/routes-webhooks.tmp.test.ts" timestamp="2026-06-29T13:05:58.442Z" hostname="vm" tests="1" failures="0" errors="0" skipped="0" time="0.303402992">
        <testcase classname="tests/integration/api/routes-webhooks.tmp.test.ts" name="stripe mock works" time="0.302399387">
            <system-out>
status [33m200[39m

body {&quot;ok&quot;:true,&quot;received&quot;:true}

            </system-out>
        </testcase>
    </testsuite>
    <testsuite name="tests/integration/api/runtime-recovery.test.ts" timestamp="2026-06-29T13:05:58.443Z" hostname="vm" tests="1" failures="0" errors="0" skipped="0" time="0.368668637">
        <testcase classname="tests/integration/api/runtime-recovery.test.ts" name="/api/runtime-recovery &gt; enforces org role when demo bypass is disabled" time="0.367476181">
        </testcase>
    </testsuite>
    <testsuite name="tests/integration/api/sign-in-events.test.ts" timestamp="2026-06-29T13:05:58.443Z" hostname="vm" tests="1" failures="0" errors="0" skipped="0" time="0.119788246">
        <testcase classname="tests/integration/api/sign-in-events.test.ts" name="sign in event instrumentation &gt; logs event for successful magic link request" time="0.118434191">
            <system-err>
[rate-limit] UPSTASH_REDIS_REST_URL not set — using in-memory fallback

            </system-err>
        </testcase>
    </testsuite>
    <testsuite name="tests/integration/api/spine-evidence-chain.test.ts" timestamp="2026-06-29T13:05:58.444Z" hostname="vm" tests="14" failures="0" errors="0" skipped="0" time="0.346613081">
        <testcase classname="tests/integration/api/spine-evidence-chain.test.ts" name="/api/spine/execute — full evidence chain on success &gt; returns 200 with decision field" time="0.313818485">
        </testcase>
        <testcase classname="tests/integration/api/spine-evidence-chain.test.ts" name="/api/spine/execute — full evidence chain on success &gt; response body contains proof field" time="0.001626079">
        </testcase>
        <testcase classname="tests/integration/api/spine-evidence-chain.test.ts" name="/api/spine/execute — full evidence chain on success &gt; response body contains audit_id field" time="0.001271798">
        </testcase>
        <testcase classname="tests/integration/api/spine-evidence-chain.test.ts" name="/api/spine/execute — full evidence chain on success &gt; response body contains pipeline_trace array" time="0.0011663">
        </testcase>
        <testcase classname="tests/integration/api/spine-evidence-chain.test.ts" name="/api/spine/execute — full evidence chain on success &gt; calls resolveAgentFromApiKey with correct agent_id and API key" time="0.002270638">
        </testcase>
        <testcase classname="tests/integration/api/spine-evidence-chain.test.ts" name="/api/spine/execute — full evidence chain on success &gt; calls executeSpineIntent with orgId, apiKey, and payload" time="0.00221672">
        </testcase>
        <testcase classname="tests/integration/api/spine-evidence-chain.test.ts" name="/api/spine/execute — full evidence chain on success &gt; increments quota on successful 200 response" time="0.011185145">
        </testcase>
        <testcase classname="tests/integration/api/spine-evidence-chain.test.ts" name="/api/spine/execute — full evidence chain on success &gt; response includes stop_reason field from execution state machine" time="0.000950679">
        </testcase>
        <testcase classname="tests/integration/api/spine-evidence-chain.test.ts" name="/api/spine/execute — BLOCK decision evidence chain &gt; returns 200 with BLOCK decision and includes proof/audit_id" time="0.001508932">
        </testcase>
        <testcase classname="tests/integration/api/spine-evidence-chain.test.ts" name="/api/spine/execute — issues intent and retries when 409 returned &gt; calls issueSpineIntent then retries executeSpineIntent on 409" time="0.001093747">
        </testcase>
        <testcase classname="tests/integration/api/spine-evidence-chain.test.ts" name="/api/spine/execute — authentication and validation errors &gt; returns 401 when Bearer token is missing" time="0.004070465">
        </testcase>
        <testcase classname="tests/integration/api/spine-evidence-chain.test.ts" name="/api/spine/execute — authentication and validation errors &gt; returns 401 when agent resolves to null" time="0.000815266">
        </testcase>
        <testcase classname="tests/integration/api/spine-evidence-chain.test.ts" name="/api/spine/execute — authentication and validation errors &gt; returns 403 when agent status is not active" time="0.002082729">
        </testcase>
        <testcase classname="tests/integration/api/spine-evidence-chain.test.ts" name="/api/spine/execute — authentication and validation errors &gt; returns 402 when quota is exceeded and does not call executeSpineIntent" time="0.000829188">
        </testcase>
    </testsuite>
    <testsuite name="tests/integration/api/spine-execute-safe-dom.test.ts" timestamp="2026-06-29T13:05:58.451Z" hostname="vm" tests="8" failures="0" errors="0" skipped="0" time="0.37616895">
        <testcase classname="tests/integration/api/spine-execute-safe-dom.test.ts" name="/api/spine/execute Safe DOM integration &gt; Safe DOM command ALLOW: element verified and allowed" time="0.321938778">
        </testcase>
        <testcase classname="tests/integration/api/spine-execute-safe-dom.test.ts" name="/api/spine/execute Safe DOM integration &gt; Safe DOM command BLOCK: element not in manifest" time="0.008889749">
        </testcase>
        <testcase classname="tests/integration/api/spine-execute-safe-dom.test.ts" name="/api/spine/execute Safe DOM integration &gt; Safe DOM command REVIEW: element not visible, continues with metadata" time="0.007372759">
        </testcase>
        <testcase classname="tests/integration/api/spine-execute-safe-dom.test.ts" name="/api/spine/execute Safe DOM integration &gt; Legacy rawCommand (no Safe DOM): verification returns null, executes normally" time="0.00801203">
        </testcase>
        <testcase classname="tests/integration/api/spine-execute-safe-dom.test.ts" name="/api/spine/execute Safe DOM integration &gt; Rate limiting applies even with Safe DOM verification" time="0.007159282">
        </testcase>
        <testcase classname="tests/integration/api/spine-execute-safe-dom.test.ts" name="/api/spine/execute Safe DOM integration &gt; Quota check applies before Safe DOM verification" time="0.005398927">
        </testcase>
        <testcase classname="tests/integration/api/spine-execute-safe-dom.test.ts" name="/api/spine/execute Safe DOM integration &gt; Audit trail captures Safe DOM verification decision in context" time="0.005563279">
        </testcase>
        <testcase classname="tests/integration/api/spine-execute-safe-dom.test.ts" name="/api/spine/execute Safe DOM integration &gt; Missing sessionId: verification can proceed without it" time="0.010216467">
        </testcase>
    </testsuite>
    <testsuite name="tests/integration/api/spine-execute.test.ts" timestamp="2026-06-29T13:05:58.453Z" hostname="vm" tests="8" failures="0" errors="0" skipped="0" time="0.27554441">
        <testcase classname="tests/integration/api/spine-execute.test.ts" name="/api/spine/execute &gt; returns preflight response for OPTIONS" time="0.171701118">
        </testcase>
        <testcase classname="tests/integration/api/spine-execute.test.ts" name="/api/spine/execute &gt; returns 401 when Bearer token is missing" time="0.013066718">
        </testcase>
        <testcase classname="tests/integration/api/spine-execute.test.ts" name="/api/spine/execute &gt; returns 400 when agent_id is missing" time="0.009316717">
        </testcase>
        <testcase classname="tests/integration/api/spine-execute.test.ts" name="/api/spine/execute &gt; returns 401 when agent_id and api key do not resolve" time="0.009814755">
        </testcase>
        <testcase classname="tests/integration/api/spine-execute.test.ts" name="/api/spine/execute &gt; executes successfully with valid agent credentials" time="0.018352122">
            <system-err>
[api/spine/execute] meterExecution failed: Error: Missing Supabase server environment variables
    at getSupabaseAdmin [90m(/home/user/tdealer01-crypto-dsg-control-plane/[39mlib/supabase-server.ts:27:11[90m)[39m
    at getStripeCustomerIdForOrg [90m(/home/user/tdealer01-crypto-dsg-control-plane/[39mlib/billing/metered.ts:315:20[90m)[39m
[90m    at processTicksAndRejections (node:internal/process/task_queues:103:5)[39m
    at meterExecution [90m(/home/user/tdealer01-crypto-dsg-control-plane/[39mlib/billing/metered.ts:331:22[90m)[39m

            </system-err>
        </testcase>
        <testcase classname="tests/integration/api/spine-execute.test.ts" name="/api/spine/execute &gt; issues intent and retries execute when no pending runtime intent exists" time="0.022486312">
            <system-err>
[api/spine/execute] meterExecution failed: Error: Missing Supabase server environment variables
    at getSupabaseAdmin [90m(/home/user/tdealer01-crypto-dsg-control-plane/[39mlib/supabase-server.ts:27:11[90m)[39m
    at getStripeCustomerIdForOrg [90m(/home/user/tdealer01-crypto-dsg-control-plane/[39mlib/billing/metered.ts:315:20[90m)[39m
[90m    at processTicksAndRejections (node:internal/process/task_queues:103:5)[39m
    at meterExecution [90m(/home/user/tdealer01-crypto-dsg-control-plane/[39mlib/billing/metered.ts:331:22[90m)[39m

            </system-err>
        </testcase>
        <testcase classname="tests/integration/api/spine-execute.test.ts" name="/api/spine/execute &gt; returns 402 when quota is exceeded" time="0.017971779">
        </testcase>
        <testcase classname="tests/integration/api/spine-execute.test.ts" name="/api/spine/execute &gt; returns 403 when agent is not active" time="0.010590657">
        </testcase>
    </testsuite>
    <testsuite name="tests/integration/api/sso-start.test.ts" timestamp="2026-06-29T13:05:58.456Z" hostname="vm" tests="1" failures="0" errors="0" skipped="0" time="0.04746249">
        <testcase classname="tests/integration/api/sso-start.test.ts" name="/sso/start &gt; redirects to sso-unavailable when org config missing" time="0.046251906">
        </testcase>
    </testsuite>
    <testsuite name="tests/integration/compliance/accenture-10q.test.ts" timestamp="2026-06-29T13:05:58.457Z" hostname="vm" tests="54" failures="0" errors="0" skipped="0" time="1.212536578">
        <testcase classname="tests/integration/compliance/accenture-10q.test.ts" name="Q1: Agent decision transparency &gt; policy manifest schema has required fields (tools, version, gates, approval_required)" time="0.029152387">
        </testcase>
        <testcase classname="tests/integration/compliance/accenture-10q.test.ts" name="Q1: Agent decision transparency &gt; Z3 invariant proof files exist for critical paths" time="0.000451737">
        </testcase>
        <testcase classname="tests/integration/compliance/accenture-10q.test.ts" name="Q1: Agent decision transparency &gt; Safe DOM verification gate route exists" time="0.736113075">
        </testcase>
        <testcase classname="tests/integration/compliance/accenture-10q.test.ts" name="Q2: Policy approval authority &gt; role-based gate module exists" time="0.067777193">
        </testcase>
        <testcase classname="tests/integration/compliance/accenture-10q.test.ts" name="Q2: Policy approval authority &gt; finance approval submit route exists and exports handler" time="0.080841161">
        </testcase>
        <testcase classname="tests/integration/compliance/accenture-10q.test.ts" name="Q2: Policy approval authority &gt; human approval workflow repository exists" time="0.000311768">
        </testcase>
        <testcase classname="tests/integration/compliance/accenture-10q.test.ts" name="Q3: Audit traceability &amp; immutability &gt; audit export route exists" time="0.041525929">
        </testcase>
        <testcase classname="tests/integration/compliance/accenture-10q.test.ts" name="Q3: Audit traceability &amp; immutability &gt; audit matrix route exists" time="0.047107256">
        </testcase>
        <testcase classname="tests/integration/compliance/accenture-10q.test.ts" name="Q3: Audit traceability &amp; immutability &gt; evidence chain route exists" time="0.038148496">
        </testcase>
        <testcase classname="tests/integration/compliance/accenture-10q.test.ts" name="Q3: Audit traceability &amp; immutability &gt; RLS hardening migration enforces org-scoped SELECT on audit_logs" time="0.000705298">
        </testcase>
        <testcase classname="tests/integration/compliance/accenture-10q.test.ts" name="Q4: Audit log deletion prevention &gt; finance governance audit ledger table has unique record_hash" time="0.000416472">
        </testcase>
        <testcase classname="tests/integration/compliance/accenture-10q.test.ts" name="Q4: Audit log deletion prevention &gt; finance governance audit ledger enables RLS" time="0.000134986">
        </testcase>
        <testcase classname="tests/integration/compliance/accenture-10q.test.ts" name="Q4: Audit log deletion prevention &gt; finance governance audit ledger has SELECT policy scoped to org" time="0.000111895">
        </testcase>
        <testcase classname="tests/integration/compliance/accenture-10q.test.ts" name="Q4: Audit log deletion prevention &gt; no wildcard DELETE policy exists on finance_governance_audit_ledger" time="0.000360541">
        </testcase>
        <testcase classname="tests/integration/compliance/accenture-10q.test.ts" name="Q4: Audit log deletion prevention &gt; audit_logs table has append-only trigger guard in migration" time="0.000334548">
        </testcase>
        <testcase classname="tests/integration/compliance/accenture-10q.test.ts" name="Q4: Audit log deletion prevention &gt; audit_logs REVOKE mutation privileges from anon and authenticated" time="0.000209019">
        </testcase>
        <testcase classname="tests/integration/compliance/accenture-10q.test.ts" name="Q4: Audit log deletion prevention &gt; audit export route exists and exports audit trail as JSON" time="0.000222806">
        </testcase>
        <testcase classname="tests/integration/compliance/accenture-10q.test.ts" name="Q4: Audit log deletion prevention &gt; audit matrix route exists and returns aggregated compliance data" time="0.000148422">
        </testcase>
        <testcase classname="tests/integration/compliance/accenture-10q.test.ts" name="Q4: Audit log deletion prevention &gt; audit route requires runtime access (not public readable)" time="0.000102192">
        </testcase>
        <testcase classname="tests/integration/compliance/accenture-10q.test.ts" name="Q5: Anti-hallucination evidence &gt; compliance evidence pack route exists" time="0.025870977">
        </testcase>
        <testcase classname="tests/integration/compliance/accenture-10q.test.ts" name="Q5: Anti-hallucination evidence &gt; enterprise proof report route exists" time="0.0222024">
        </testcase>
        <testcase classname="tests/integration/compliance/accenture-10q.test.ts" name="Q5: Anti-hallucination evidence &gt; deterministic replay route exists" time="0.019232547">
        </testcase>
        <testcase classname="tests/integration/compliance/accenture-10q.test.ts" name="Q5: Anti-hallucination evidence &gt; no in-memory mock-only stores in production route paths" time="0.000124836">
        </testcase>
        <testcase classname="tests/integration/compliance/accenture-10q.test.ts" name="Q6: EU AI Act compliance mapping &gt; EU AI Act compliance page exists" time="0.000136445">
        </testcase>
        <testcase classname="tests/integration/compliance/accenture-10q.test.ts" name="Q6: EU AI Act compliance mapping &gt; EU AI Act page maps Article 9 (risk management)" time="0.000159198">
        </testcase>
        <testcase classname="tests/integration/compliance/accenture-10q.test.ts" name="Q6: EU AI Act compliance mapping &gt; EU AI Act page maps Article 12 (record-keeping)" time="0.000128284">
        </testcase>
        <testcase classname="tests/integration/compliance/accenture-10q.test.ts" name="Q6: EU AI Act compliance mapping &gt; EU AI Act page maps Article 14 (human oversight)" time="0.00012618">
        </testcase>
        <testcase classname="tests/integration/compliance/accenture-10q.test.ts" name="Q6: EU AI Act compliance mapping &gt; EU AI Act page has disclaimer: not legal certification" time="0.000094967">
        </testcase>
        <testcase classname="tests/integration/compliance/accenture-10q.test.ts" name="Q6: EU AI Act compliance mapping &gt; compliance matrix has EU AI Act requirement entries" time="0.000317531">
        </testcase>
        <testcase classname="tests/integration/compliance/accenture-10q.test.ts" name="Q6: EU AI Act compliance mapping &gt; EU AI Act controls have test files linked" time="0.000283386">
        </testcase>
        <testcase classname="tests/integration/compliance/accenture-10q.test.ts" name="Q6: EU AI Act compliance mapping &gt; transparency disclosure UI is present in compliance pages" time="0.00017274">
        </testcase>
        <testcase classname="tests/integration/compliance/accenture-10q.test.ts" name="Q7: ISO 42001 AI Management System &gt; AIMS documentation exists in docs/compliance" time="0.000096977">
        </testcase>
        <testcase classname="tests/integration/compliance/accenture-10q.test.ts" name="Q7: ISO 42001 AI Management System &gt; AIMS documentation defines AI policy section" time="0.000493579">
        </testcase>
        <testcase classname="tests/integration/compliance/accenture-10q.test.ts" name="Q7: ISO 42001 AI Management System &gt; AIMS documentation covers risk management" time="0.000124299">
        </testcase>
        <testcase classname="tests/integration/compliance/accenture-10q.test.ts" name="Q7: ISO 42001 AI Management System &gt; compliance matrix has ISO 42001 requirement entries" time="0.000165537">
        </testcase>
        <testcase classname="tests/integration/compliance/accenture-10q.test.ts" name="Q7: ISO 42001 AI Management System &gt; ISO 42001 controls have test files linked" time="0.000206598">
        </testcase>
        <testcase classname="tests/integration/compliance/accenture-10q.test.ts" name="Q7: ISO 42001 AI Management System &gt; ISO 42001 page exists in compliance section" time="0.000083779">
        </testcase>
        <testcase classname="tests/integration/compliance/accenture-10q.test.ts" name="Q8: Control evidence aggregation &gt; compliance evidence pack annex route exists" time="0.014171833">
        </testcase>
        <testcase classname="tests/integration/compliance/accenture-10q.test.ts" name="Q8: Control evidence aggregation &gt; ccvs compliance status route exists" time="0.009564902">
        </testcase>
        <testcase classname="tests/integration/compliance/accenture-10q.test.ts" name="Q8: Control evidence aggregation &gt; evidence export page exists" time="0.000181445">
        </testcase>
        <testcase classname="tests/integration/compliance/accenture-10q.test.ts" name="Q8: Control evidence aggregation &gt; evidence page exists" time="0.000085731">
        </testcase>
        <testcase classname="tests/integration/compliance/accenture-10q.test.ts" name="Q9: Incident response readiness &gt; incident response playbook doc exists" time="0.000110859">
        </testcase>
        <testcase classname="tests/integration/compliance/accenture-10q.test.ts" name="Q9: Incident response readiness &gt; incidents dashboard directory exists" time="0.000118711">
        </testcase>
        <testcase classname="tests/integration/compliance/accenture-10q.test.ts" name="Q9: Incident response readiness &gt; incidents API route exists with GET handler" time="0.001544489">
        </testcase>
        <testcase classname="tests/integration/compliance/accenture-10q.test.ts" name="Q9: Incident response readiness &gt; incidents API route has POST handler for creating incidents" time="0.000153921">
        </testcase>
        <testcase classname="tests/integration/compliance/accenture-10q.test.ts" name="Q9: Incident response readiness &gt; incidents API route has PATCH handler for updating status" time="0.000126471">
        </testcase>
        <testcase classname="tests/integration/compliance/accenture-10q.test.ts" name="Q9: Incident response readiness &gt; incidents API requires runtime access auth" time="0.000147083">
        </testcase>
        <testcase classname="tests/integration/compliance/accenture-10q.test.ts" name="Q9: Incident response readiness &gt; incident response playbook has P1-P4 severity matrix" time="0.000493335">
        </testcase>
        <testcase classname="tests/integration/compliance/accenture-10q.test.ts" name="Q10: Governance visibility &gt; governance dashboard directory exists with question, controls, evidence, incidents" time="0.000205159">
        </testcase>
        <testcase classname="tests/integration/compliance/accenture-10q.test.ts" name="Q10: Governance visibility &gt; governance dashboard page components can be imported" time="0.018772401">
        </testcase>
        <testcase classname="tests/integration/compliance/accenture-10q.test.ts" name="Q10: Governance visibility &gt; accruing audit export API is present on compliance export page" time="0.013271191">
        </testcase>
        <testcase classname="tests/integration/compliance/accenture-10q.test.ts" name="Q10: Governance visibility &gt; governance main dashboard page exists with live data" time="0.03019043">
        </testcase>
        <testcase classname="tests/integration/compliance/accenture-10q.test.ts" name="Q10: Governance visibility &gt; governance dashboard displays all 10 questions" time="0.000270637">
        </testcase>
        <testcase classname="tests/integration/compliance/accenture-10q.test.ts" name="Q10: Governance visibility &gt; governance dashboard fetches live incidents and audit data" time="0.000172494">
        </testcase>
    </testsuite>
    <testsuite name="tests/integration/parallel/queue-harmony.test.ts" timestamp="2026-06-29T13:05:58.470Z" hostname="vm" tests="24" failures="0" errors="0" skipped="0" time="0.028971328">
        <testcase classname="tests/integration/parallel/queue-harmony.test.ts" name="Queue + Harmony Integration &gt; Enqueue 100 requests with mixed priorities &gt; should enqueue 100 requests with mixed priorities (P1/P2/P3)" time="0.005712887">
        </testcase>
        <testcase classname="tests/integration/parallel/queue-harmony.test.ts" name="Queue + Harmony Integration &gt; Enqueue 100 requests with mixed priorities &gt; should dequeue all 100 requests respecting priorities" time="0.001179174">
        </testcase>
        <testcase classname="tests/integration/parallel/queue-harmony.test.ts" name="Queue + Harmony Integration &gt; Harmony cache hits on duplicate commands &gt; should record cache hits as identical commands are queried" time="0.001855606">
        </testcase>
        <testcase classname="tests/integration/parallel/queue-harmony.test.ts" name="Queue + Harmony Integration &gt; Harmony cache hits on duplicate commands &gt; should cache hit for 10 identical duplicate command queries" time="0.000983684">
        </testcase>
        <testcase classname="tests/integration/parallel/queue-harmony.test.ts" name="Queue + Harmony Integration &gt; Harmony cache hits on duplicate commands &gt; should fallback to embedding match for similar commands" time="0.000361012">
        </testcase>
        <testcase classname="tests/integration/parallel/queue-harmony.test.ts" name="Queue + Harmony Integration &gt; Harmony reduces DB queries (cache hits vs misses) &gt; should show cache hit rate increase with repeated command patterns" time="0.001136846">
        </testcase>
        <testcase classname="tests/integration/parallel/queue-harmony.test.ts" name="Queue + Harmony Integration &gt; Harmony reduces DB queries (cache hits vs misses) &gt; should count misses for commands not in index" time="0.000323319">
        </testcase>
        <testcase classname="tests/integration/parallel/queue-harmony.test.ts" name="Queue + Harmony Integration &gt; Harmony reduces DB queries (cache hits vs misses) &gt; should track cache efficiency: &gt;70% hit rate with 100 lookups on 20 commands" time="0.000918624">
        </testcase>
        <testcase classname="tests/integration/parallel/queue-harmony.test.ts" name="Queue + Harmony Integration &gt; Fairness: P3 does not starve &gt; should eventually dequeue all P3 requests even with continuous P1/P2 enqueue" time="0.000507377">
        </testcase>
        <testcase classname="tests/integration/parallel/queue-harmony.test.ts" name="Queue + Harmony Integration &gt; Fairness: P3 does not starve &gt; should enforce fairness limit to prevent P3 starvation" time="0.000954936">
        </testcase>
        <testcase classname="tests/integration/parallel/queue-harmony.test.ts" name="Queue + Harmony Integration &gt; End-to-end latency (queue + harmony lookup) &gt; should measure latency for queue enqueue + dequeue + harmony lookup" time="0.000253873">
        </testcase>
        <testcase classname="tests/integration/parallel/queue-harmony.test.ts" name="Queue + Harmony Integration &gt; End-to-end latency (queue + harmony lookup) &gt; should batch 100 requests and measure total latency" time="0.001104294">
        </testcase>
        <testcase classname="tests/integration/parallel/queue-harmony.test.ts" name="Queue + Harmony Integration &gt; Concurrent operations (10+ simultaneous agents) &gt; should handle 10 concurrent agents enqueueing simultaneously" time="0.000465205">
        </testcase>
        <testcase classname="tests/integration/parallel/queue-harmony.test.ts" name="Queue + Harmony Integration &gt; Concurrent operations (10+ simultaneous agents) &gt; should handle 10 concurrent agents enqueueing and dequeueing" time="0.000456327">
        </testcase>
        <testcase classname="tests/integration/parallel/queue-harmony.test.ts" name="Queue + Harmony Integration &gt; Concurrent operations (10+ simultaneous agents) &gt; should handle 10 concurrent agents with harmony lookups" time="0.002478079">
        </testcase>
        <testcase classname="tests/integration/parallel/queue-harmony.test.ts" name="Queue + Harmony Integration &gt; Concurrent operations (10+ simultaneous agents) &gt; should handle 10+ agents with queue + harmony integration" time="0.001052913">
        </testcase>
        <testcase classname="tests/integration/parallel/queue-harmony.test.ts" name="Queue + Harmony Integration &gt; Real SafeDomCommand objects and manifests &gt; should work with realistic form-filling command and manifest" time="0.000302606">
        </testcase>
        <testcase classname="tests/integration/parallel/queue-harmony.test.ts" name="Queue + Harmony Integration &gt; Real SafeDomCommand objects and manifests &gt; should work with click and press operations" time="0.000582338">
        </testcase>
        <testcase classname="tests/integration/parallel/queue-harmony.test.ts" name="Queue + Harmony Integration &gt; Coverage targets (&gt;80%) &gt; should test queue stats collection" time="0.00027312">
        </testcase>
        <testcase classname="tests/integration/parallel/queue-harmony.test.ts" name="Queue + Harmony Integration &gt; Coverage targets (&gt;80%) &gt; should test harmony stats collection" time="0.000418473">
        </testcase>
        <testcase classname="tests/integration/parallel/queue-harmony.test.ts" name="Queue + Harmony Integration &gt; Coverage targets (&gt;80%) &gt; should test queue lifetime stats" time="0.000283063">
        </testcase>
        <testcase classname="tests/integration/parallel/queue-harmony.test.ts" name="Queue + Harmony Integration &gt; Coverage targets (&gt;80%) &gt; should test requeue functionality" time="0.000236647">
        </testcase>
        <testcase classname="tests/integration/parallel/queue-harmony.test.ts" name="Queue + Harmony Integration &gt; Coverage targets (&gt;80%) &gt; should test harmony invalidation on policy change" time="0.000418469">
        </testcase>
        <testcase classname="tests/integration/parallel/queue-harmony.test.ts" name="Queue + Harmony Integration &gt; Coverage targets (&gt;80%) &gt; should test buildHybridIndex" time="0.000242625">
        </testcase>
    </testsuite>
    <testsuite name="tests/integration/ui/access-entry-pages.test.tsx" timestamp="2026-06-29T13:05:58.476Z" hostname="vm" tests="3" failures="0" errors="0" skipped="0" time="0.003887799">
        <testcase classname="tests/integration/ui/access-entry-pages.test.tsx" name="public access entry pages &gt; homepage primary CTA points to /login" time="0.001342713">
        </testcase>
        <testcase classname="tests/integration/ui/access-entry-pages.test.tsx" name="public access entry pages &gt; pricing trial CTA points to signup and paid checkout preserves plan selection" time="0.000542555">
        </testcase>
        <testcase classname="tests/integration/ui/access-entry-pages.test.tsx" name="public access entry pages &gt; login includes approval-required, sso-required, and not-allowed banners" time="0.000837748">
        </testcase>
    </testsuite>
    <testsuite name="tests/integration/ui/command-center-capabilities.test.tsx" timestamp="2026-06-29T13:05:58.477Z" hostname="vm" tests="3" failures="0" errors="0" skipped="0" time="0.004458624">
        <testcase classname="tests/integration/ui/command-center-capabilities.test.tsx" name="command center capabilities surface &gt; exposes clickable chat submit action and monitor panel in dashboard command center" time="0.001637249">
        </testcase>
        <testcase classname="tests/integration/ui/command-center-capabilities.test.tsx" name="command center capabilities surface &gt; shows live monitor + chat workflow in app shell" time="0.000710227">
        </testcase>
        <testcase classname="tests/integration/ui/command-center-capabilities.test.tsx" name="command center capabilities surface &gt; documents skill controller tools and confirms no voice control surface" time="0.000842946">
        </testcase>
    </testsuite>
    <testsuite name="tests/integration/ui/enterprise-proof-pages.test.tsx" timestamp="2026-06-29T13:05:58.478Z" hostname="vm" tests="4" failures="0" errors="0" skipped="0" time="0.110462956">
        <testcase classname="tests/integration/ui/enterprise-proof-pages.test.tsx" name="enterprise proof pages &gt; public report page shows verified runtime CTA" time="0.050462727">
        </testcase>
        <testcase classname="tests/integration/ui/enterprise-proof-pages.test.tsx" name="enterprise proof pages &gt; verified report page renders runtime evidence sections" time="0.047437617">
        </testcase>
        <testcase classname="tests/integration/ui/enterprise-proof-pages.test.tsx" name="enterprise proof pages &gt; verified report page returns safe state when agent_id is missing" time="0.00558106">
        </testcase>
        <testcase classname="tests/integration/ui/enterprise-proof-pages.test.tsx" name="enterprise proof pages &gt; verified report page returns safe state when agent is outside org scope" time="0.005522174">
        </testcase>
    </testsuite>
    <testsuite name="tests/integration/ui/finance-governance-live-workflow.test.ts" timestamp="2026-06-29T13:05:58.479Z" hostname="vm" tests="2" failures="0" errors="0" skipped="0" time="0.003425517">
        <testcase classname="tests/integration/ui/finance-governance-live-workflow.test.ts" name="finance governance live workflow dashboard surface &gt; shows submit/approve/reject/escalate actions connected to API endpoints" time="0.001609223">
        </testcase>
        <testcase classname="tests/integration/ui/finance-governance-live-workflow.test.ts" name="finance governance live workflow dashboard surface &gt; renders workflow summary cards for dashboard checks" time="0.000420291">
        </testcase>
    </testsuite>
    <testsuite name="tests/unit/agent-governance/planner.test.ts" timestamp="2026-06-29T13:05:58.480Z" hostname="vm" tests="8" failures="0" errors="0" skipped="0" time="0.005154207">
        <testcase classname="tests/unit/agent-governance/planner.test.ts" name="planMessage &gt; returns empty array for empty string" time="0.001559304">
        </testcase>
        <testcase classname="tests/unit/agent-governance/planner.test.ts" name="planMessage &gt; returns empty array for whitespace-only string" time="0.000338804">
        </testcase>
        <testcase classname="tests/unit/agent-governance/planner.test.ts" name="planMessage &gt; returns an array with one step for a non-empty message" time="0.000801084">
        </testcase>
        <testcase classname="tests/unit/agent-governance/planner.test.ts" name="planMessage &gt; step has step_index 0" time="0.000284323">
        </testcase>
        <testcase classname="tests/unit/agent-governance/planner.test.ts" name="planMessage &gt; step uses readiness tool" time="0.000153061">
        </testcase>
        <testcase classname="tests/unit/agent-governance/planner.test.ts" name="planMessage &gt; step passes message in params" time="0.00024841">
        </testcase>
        <testcase classname="tests/unit/agent-governance/planner.test.ts" name="planMessage &gt; step has policy_mode allow" time="0.00012058">
        </testcase>
        <testcase classname="tests/unit/agent-governance/planner.test.ts" name="planMessage &gt; step has status pending" time="0.000146836">
        </testcase>
    </testsuite>
    <testsuite name="tests/unit/agent-governance/policy.test.ts" timestamp="2026-06-29T13:05:58.481Z" hostname="vm" tests="4" failures="0" errors="0" skipped="0" time="0.003898479">
        <testcase classname="tests/unit/agent-governance/policy.test.ts" name="resolvePolicyDecision &gt; returns allow for an allow step" time="0.001236757">
        </testcase>
        <testcase classname="tests/unit/agent-governance/policy.test.ts" name="resolvePolicyDecision &gt; returns review_required for a review_required step" time="0.000270894">
        </testcase>
        <testcase classname="tests/unit/agent-governance/policy.test.ts" name="resolvePolicyDecision &gt; returns block for a block step" time="0.000150319">
        </testcase>
        <testcase classname="tests/unit/agent-governance/policy.test.ts" name="resolvePolicyDecision &gt; is a direct pass-through of policy_mode" time="0.000120242">
        </testcase>
    </testsuite>
    <testsuite name="tests/unit/agent-governance/service.test.ts" timestamp="2026-06-29T13:05:58.482Z" hostname="vm" tests="12" failures="0" errors="0" skipped="0" time="0.017177763">
        <testcase classname="tests/unit/agent-governance/service.test.ts" name="planExecution &gt; delegates to planMessage and returns the result" time="0.005515196">
        </testcase>
        <testcase classname="tests/unit/agent-governance/service.test.ts" name="createExecutionRequest &gt; inserts a pending execution request and returns an id" time="0.002660278">
        </testcase>
        <testcase classname="tests/unit/agent-governance/service.test.ts" name="createExecutionRequest &gt; uses the explicit plan when provided instead of planMessage" time="0.000996036">
        </testcase>
        <testcase classname="tests/unit/agent-governance/service.test.ts" name="createExecutionRequest &gt; skips the step insert when plan is empty" time="0.000446914">
        </testcase>
        <testcase classname="tests/unit/agent-governance/service.test.ts" name="createExecutionRequest &gt; returns the steps resolved from planMessage" time="0.000502974">
        </testcase>
        <testcase classname="tests/unit/agent-governance/service.test.ts" name="runStep &gt; calls /api/core/monitor for the readiness tool" time="0.001295289">
        </testcase>
        <testcase classname="tests/unit/agent-governance/service.test.ts" name="runStep &gt; calls /api/usage for the usage tool" time="0.000566842">
        </testcase>
        <testcase classname="tests/unit/agent-governance/service.test.ts" name="runStep &gt; returns ok:false for unsupported tool without calling fetch" time="0.000488225">
        </testcase>
        <testcase classname="tests/unit/agent-governance/service.test.ts" name="runStep &gt; sends internal auth headers on every request" time="0.000557195">
        </testcase>
        <testcase classname="tests/unit/agent-governance/service.test.ts" name="getExecutionProof &gt; returns null when the execution request is not found" time="0.000585046">
        </testcase>
        <testcase classname="tests/unit/agent-governance/service.test.ts" name="getExecutionProof &gt; returns a proof object with correct shape when found" time="0.001256903">
        </testcase>
        <testcase classname="tests/unit/agent-governance/service.test.ts" name="getExecutionProof &gt; maps approval status onto the matching step" time="0.000489557">
        </testcase>
    </testsuite>
    <testsuite name="tests/unit/agent/chat-event.test.ts" timestamp="2026-06-29T13:05:58.485Z" hostname="vm" tests="6" failures="0" errors="0" skipped="0" time="0.00446725">
        <testcase classname="tests/unit/agent/chat-event.test.ts" name="parseSseData &gt; parses a valid SSE data line" time="0.00166717">
        </testcase>
        <testcase classname="tests/unit/agent/chat-event.test.ts" name="parseSseData &gt; returns null when payload is not data line" time="0.000254067">
        </testcase>
        <testcase classname="tests/unit/agent/chat-event.test.ts" name="parseSseData &gt; returns null for invalid JSON" time="0.000212531">
        </testcase>
        <testcase classname="tests/unit/agent/chat-event.test.ts" name="formatAgentEventMessage &gt; formats step error as human-readable text" time="0.000312747">
        </testcase>
        <testcase classname="tests/unit/agent/chat-event.test.ts" name="formatAgentEventMessage &gt; formats paginated list results as summary count" time="0.000287233">
        </testcase>
        <testcase classname="tests/unit/agent/chat-event.test.ts" name="formatAgentEventMessage &gt; formats plan steps list" time="0.0001841">
        </testcase>
    </testsuite>
    <testsuite name="tests/unit/agent/executor-hermes.test.ts" timestamp="2026-06-29T13:05:58.487Z" hostname="vm" tests="7" failures="0" errors="0" skipped="0" time="0.040147531">
        <testcase classname="tests/unit/agent/executor-hermes.test.ts" name="read tools &gt; execute directly without hermes gate" time="0.00178351">
        </testcase>
        <testcase classname="tests/unit/agent/executor-hermes.test.ts" name="approval check &gt; blocks without approval token" time="0.00044301">
        </testcase>
        <testcase classname="tests/unit/agent/executor-hermes.test.ts" name="hermes gate on write tool &gt; PASS and executes when proof is present" time="0.02379016">
        </testcase>
        <testcase classname="tests/unit/agent/executor-hermes.test.ts" name="hermes gate on write tool &gt; BLOCK when proof is missing" time="0.009553833">
            <system-out>

--- write tool BLOCK (no proof) ---
hermesStatus: HERMES_BLOCKED
reasons: [
  [32m&apos;block:audit_hook_bound&apos;[39m,
  [32m&apos;block:evidence_hook_bound&apos;[39m,
  [32m&apos;decision_block&apos;[39m
]

            </system-out>
        </testcase>
        <testcase classname="tests/unit/agent/executor-hermes.test.ts" name="browser_navigate maps to browser_qa mode &gt; PASS with proof" time="0.002017716">
            <system-out>

--- browser_navigate PASS (browser_qa mode) ---

            </system-out>
        </testcase>
        <testcase classname="tests/unit/agent/executor-hermes.test.ts" name="browser_navigate maps to browser_qa mode &gt; PASS without proof (observe-no-audit fast path)" time="0.000524537">
            <system-out>

--- browser_navigate PASS (no proof, observe fast path) ---

            </system-out>
        </testcase>
        <testcase classname="tests/unit/agent/executor-hermes.test.ts" name="preflight blocks &gt; BLOCK when tool prompt implies .env access" time="0.000471543">
            <system-out>

--- preflight .env BLOCK via executor ---
reason: Hermes may not read, write, or export files matching sensitive patterns (.env, token, secret, private key, credentials, .pem, .ssh). If access is required, use the DSG evidence gate with an approved proof chain.

            </system-out>
        </testcase>
    </testsuite>
    <testsuite name="tests/unit/agent/llm-router.test.ts" timestamp="2026-06-29T13:05:58.489Z" hostname="vm" tests="1" failures="0" errors="0" skipped="0" time="0.003458892">
        <testcase classname="tests/unit/agent/llm-router.test.ts" name="llm-router memory cleanup &gt; cleans stale sessions even when active session exceeds MAX_MEMORY" time="0.002328278">
        </testcase>
    </testsuite>
    <testsuite name="tests/unit/agent/planner.test.ts" timestamp="2026-06-29T13:05:58.489Z" hostname="vm" tests="6" failures="0" errors="0" skipped="0" time="0.007187461">
        <testcase classname="tests/unit/agent/planner.test.ts" name="agent planner chatbot intents &gt; creates chatbot agent plan from prompt" time="0.002931867">
        </testcase>
        <testcase classname="tests/unit/agent/planner.test.ts" name="agent planner chatbot intents &gt; uses quoted name when provided" time="0.000675933">
        </testcase>
        <testcase classname="tests/unit/agent/planner.test.ts" name="agent planner chatbot intents &gt; routes online search prompts to realtime web search tool" time="0.001030739">
        </testcase>
        <testcase classname="tests/unit/agent/planner.test.ts" name="agent planner chatbot intents &gt; routes browser control prompt to browser navigate tool" time="0.000461265">
        </testcase>
        <testcase classname="tests/unit/agent/planner.test.ts" name="agent planner chatbot intents &gt; uses page context for help prompt" time="0.000377006">
        </testcase>
        <testcase classname="tests/unit/agent/planner.test.ts" name="agent planner chatbot intents &gt; routes execution intent to list executions and replay tools" time="0.000333373">
        </testcase>
    </testsuite>
    <testsuite name="tests/unit/api/annex4.test.ts" timestamp="2026-06-29T13:05:58.491Z" hostname="vm" tests="8" failures="0" errors="0" skipped="0" time="0.015983721">
        <testcase classname="tests/unit/api/annex4.test.ts" name="GET /api/compliance-evidence-pack/annex4 &gt; returns ok:true with 9 Annex IV items" time="0.00646365">
        </testcase>
        <testcase classname="tests/unit/api/annex4.test.ts" name="GET /api/compliance-evidence-pack/annex4 &gt; certificationClaim is false" time="0.000851789">
        </testcase>
        <testcase classname="tests/unit/api/annex4.test.ts" name="GET /api/compliance-evidence-pack/annex4 &gt; all items have required fields" time="0.00238934">
        </testcase>
        <testcase classname="tests/unit/api/annex4.test.ts" name="GET /api/compliance-evidence-pack/annex4 &gt; items are numbered 1-9 in order" time="0.001133034">
        </testcase>
        <testcase classname="tests/unit/api/annex4.test.ts" name="GET /api/compliance-evidence-pack/annex4 &gt; summary counts match items" time="0.001236127">
        </testcase>
        <testcase classname="tests/unit/api/annex4.test.ts" name="GET /api/compliance-evidence-pack/annex4 &gt; enforcement_deadline is 2026-08-01" time="0.000641684">
        </testcase>
        <testcase classname="tests/unit/api/annex4.test.ts" name="GET /api/compliance-evidence-pack/annex4 &gt; returns HTML when format=html" time="0.000907367">
        </testcase>
        <testcase classname="tests/unit/api/annex4.test.ts" name="GET /api/compliance-evidence-pack/annex4 &gt; items that have ccvs_requirement_id include requirement_detail" time="0.000983598">
        </testcase>
    </testsuite>
    <testsuite name="tests/unit/api/api-keys-route.test.ts" timestamp="2026-06-29T13:05:58.493Z" hostname="vm" tests="18" failures="0" errors="0" skipped="0" time="0.031372434">
        <testcase classname="tests/unit/api/api-keys-route.test.ts" name="GET /api/api-keys &gt; returns 401 when not authenticated" time="0.005946991">
        </testcase>
        <testcase classname="tests/unit/api/api-keys-route.test.ts" name="GET /api/api-keys &gt; returns 403 when user lacks API key permission" time="0.001017534">
        </testcase>
        <testcase classname="tests/unit/api/api-keys-route.test.ts" name="GET /api/api-keys &gt; returns only keys for the authenticated user org (org isolation)" time="0.001500657">
        </testcase>
        <testcase classname="tests/unit/api/api-keys-route.test.ts" name="GET /api/api-keys &gt; returns shaped key objects without key_hash" time="0.001221133">
        </testcase>
        <testcase classname="tests/unit/api/api-keys-route.test.ts" name="POST /api/api-keys &gt; returns 401 when not authenticated" time="0.003626592">
        </testcase>
        <testcase classname="tests/unit/api/api-keys-route.test.ts" name="POST /api/api-keys &gt; returns 422 when name is missing" time="0.001287234">
        </testcase>
        <testcase classname="tests/unit/api/api-keys-route.test.ts" name="POST /api/api-keys &gt; returns 422 when name is empty string" time="0.001153612">
        </testcase>
        <testcase classname="tests/unit/api/api-keys-route.test.ts" name="POST /api/api-keys &gt; returns 422 when scopes array is empty" time="0.001049514">
        </testcase>
        <testcase classname="tests/unit/api/api-keys-route.test.ts" name="POST /api/api-keys &gt; returns 422 for invalid scope value" time="0.001801078">
        </testcase>
        <testcase classname="tests/unit/api/api-keys-route.test.ts" name="POST /api/api-keys &gt; accepts valid scope &quot;read&quot;" time="0.001781711">
        </testcase>
        <testcase classname="tests/unit/api/api-keys-route.test.ts" name="POST /api/api-keys &gt; accepts valid scope &quot;write&quot;" time="0.000914164">
        </testcase>
        <testcase classname="tests/unit/api/api-keys-route.test.ts" name="POST /api/api-keys &gt; accepts valid scope &quot;admin&quot;" time="0.000962318">
        </testcase>
        <testcase classname="tests/unit/api/api-keys-route.test.ts" name="POST /api/api-keys &gt; accepts valid scope &quot;gates:evaluate&quot;" time="0.001244318">
        </testcase>
        <testcase classname="tests/unit/api/api-keys-route.test.ts" name="POST /api/api-keys &gt; accepts valid scope &quot;proofs:prove&quot;" time="0.001036966">
        </testcase>
        <testcase classname="tests/unit/api/api-keys-route.test.ts" name="POST /api/api-keys &gt; returns 201 with raw key in response body" time="0.001226739">
        </testcase>
        <testcase classname="tests/unit/api/api-keys-route.test.ts" name="POST /api/api-keys &gt; key format is dsg_live_{4hexbytes}_{12hexbytes}" time="0.001239365">
        </testcase>
        <testcase classname="tests/unit/api/api-keys-route.test.ts" name="POST /api/api-keys &gt; defaults to never expiry when expiry not provided" time="0.001478001">
        </testcase>
        <testcase classname="tests/unit/api/api-keys-route.test.ts" name="POST /api/api-keys &gt; calculates 30d expiry as ~30 days from now" time="0.001203654">
        </testcase>
    </testsuite>
    <testsuite name="tests/unit/api/ccvs-compliance-status.test.ts" timestamp="2026-06-29T13:05:58.497Z" hostname="vm" tests="7" failures="0" errors="0" skipped="0" time="0.080290854">
        <testcase classname="tests/unit/api/ccvs-compliance-status.test.ts" name="GET /api/ccvs/compliance-status &gt; returns ok:true with null claim_pass_eligible on fresh cold start" time="0.04890916">
        </testcase>
        <testcase classname="tests/unit/api/ccvs-compliance-status.test.ts" name="GET /api/ccvs/compliance-status &gt; includes deployment fields" time="0.011583619">
        </testcase>
        <testcase classname="tests/unit/api/ccvs-compliance-status.test.ts" name="POST /api/ccvs/compliance-status &gt; returns 400 when body is not JSON" time="0.004737081">
        </testcase>
        <testcase classname="tests/unit/api/ccvs-compliance-status.test.ts" name="POST /api/ccvs/compliance-status &gt; returns 400 when matrix is missing" time="0.003232008">
        </testcase>
        <testcase classname="tests/unit/api/ccvs-compliance-status.test.ts" name="POST /api/ccvs/compliance-status &gt; returns 400 when run_id is missing" time="0.003325766">
        </testcase>
        <testcase classname="tests/unit/api/ccvs-compliance-status.test.ts" name="POST /api/ccvs/compliance-status &gt; accepts valid matrix and updates claim_pass_eligible" time="0.003888181">
        </testcase>
        <testcase classname="tests/unit/api/ccvs-compliance-status.test.ts" name="POST /api/ccvs/compliance-status &gt; sets shield to red when claim_pass_eligible is false" time="0.003210746">
        </testcase>
    </testsuite>
    <testsuite name="tests/unit/api/execute-makk8-integration.test.ts" timestamp="2026-06-29T13:05:58.499Z" hostname="vm" tests="2" failures="0" errors="0" skipped="0" time="0.003240882">
        <testcase classname="tests/unit/api/execute-makk8-integration.test.ts" name="buildMakk8ActionData &gt; normalizes values from input/context with defaults" time="0.001523585">
        </testcase>
        <testcase classname="tests/unit/api/execute-makk8-integration.test.ts" name="buildMakk8ActionData &gt; uses safe defaults when values are missing or invalid" time="0.000480391">
        </testcase>
    </testsuite>
    <testsuite name="tests/unit/api/onboarding-state-route.test.ts" timestamp="2026-06-29T13:05:58.499Z" hostname="vm" tests="4" failures="0" errors="0" skipped="0" time="0.018395934">
        <testcase classname="tests/unit/api/onboarding-state-route.test.ts" name="/api/onboarding/state &gt; blocks anonymous GET through org.view_reports permission" time="0.005248436">
        </testcase>
        <testcase classname="tests/unit/api/onboarding-state-route.test.ts" name="/api/onboarding/state &gt; returns evidence-derived progress and points next_action at Quick Setup, not Skills" time="0.003863311">
        </testcase>
        <testcase classname="tests/unit/api/onboarding-state-route.test.ts" name="/api/onboarding/state &gt; persists only the dismissed preference and never the removed step ids" time="0.006174">
        </testcase>
        <testcase classname="tests/unit/api/onboarding-state-route.test.ts" name="/api/onboarding/state &gt; ignores unknown fields like completedStepIds without error" time="0.001877293">
        </testcase>
    </testsuite>
    <testsuite name="tests/unit/api/spine-execute-phase2.test.ts" timestamp="2026-06-29T13:05:58.500Z" hostname="vm" tests="14" failures="0" errors="0" skipped="0" time="0.006145621">
        <testcase classname="tests/unit/api/spine-execute-phase2.test.ts" name="Phase 2: Execution Break Conditions &gt; StopReason enum &gt; should have all required stop reasons" time="0.001840834">
        </testcase>
        <testcase classname="tests/unit/api/spine-execute-phase2.test.ts" name="Phase 2: Execution Break Conditions &gt; Break condition logic &gt; should stop execution when queue is empty" time="0.000194708">
        </testcase>
        <testcase classname="tests/unit/api/spine-execute-phase2.test.ts" name="Phase 2: Execution Break Conditions &gt; Break condition logic &gt; should stop execution after 10+ failures" time="0.000113807">
        </testcase>
        <testcase classname="tests/unit/api/spine-execute-phase2.test.ts" name="Phase 2: Execution Break Conditions &gt; Break condition logic &gt; should stop execution after 5 minutes" time="0.000208753">
        </testcase>
        <testcase classname="tests/unit/api/spine-execute-phase2.test.ts" name="Phase 2: Execution Break Conditions &gt; Break condition logic &gt; should continue when all conditions are met" time="0.000239488">
        </testcase>
        <testcase classname="tests/unit/api/spine-execute-phase2.test.ts" name="Phase 2: Execution Break Conditions &gt; stop_reason in responses &gt; should include stop_reason field in all API responses" time="0.000360677">
        </testcase>
        <testcase classname="tests/unit/api/spine-execute-phase2.test.ts" name="Phase 2: Execution Break Conditions &gt; stop_reason in responses &gt; should set stop_reason to NONE when continuing" time="0.000119999">
        </testcase>
        <testcase classname="tests/unit/api/spine-execute-phase2.test.ts" name="Phase 2: Execution Break Conditions &gt; Execution state tracking &gt; should track completed tasks per agent" time="0.000152767">
        </testcase>
        <testcase classname="tests/unit/api/spine-execute-phase2.test.ts" name="Phase 2: Execution Break Conditions &gt; Execution state tracking &gt; should track failed tasks per agent" time="0.000260879">
        </testcase>
        <testcase classname="tests/unit/api/spine-execute-phase2.test.ts" name="Phase 2: Execution Break Conditions &gt; Execution state tracking &gt; should track execution start time" time="0.000211029">
        </testcase>
        <testcase classname="tests/unit/api/spine-execute-phase2.test.ts" name="Phase 2: Execution Break Conditions &gt; Execution state tracking &gt; should reset state on new execution session" time="0.00012147">
        </testcase>
        <testcase classname="tests/unit/api/spine-execute-phase2.test.ts" name="Phase 2: Execution Break Conditions &gt; Integration scenarios &gt; should stop and report reason when queue empties mid-execution" time="0.000182857">
        </testcase>
        <testcase classname="tests/unit/api/spine-execute-phase2.test.ts" name="Phase 2: Execution Break Conditions &gt; Integration scenarios &gt; should stop and report reason when too many failures accumulate" time="0.000115511">
        </testcase>
        <testcase classname="tests/unit/api/spine-execute-phase2.test.ts" name="Phase 2: Execution Break Conditions &gt; Integration scenarios &gt; should stop and report reason when execution timeout reached" time="0.000090885">
        </testcase>
    </testsuite>
    <testsuite name="tests/unit/api/team-route.test.ts" timestamp="2026-06-29T13:05:58.504Z" hostname="vm" tests="8" failures="0" errors="0" skipped="0" time="0.020282547">
        <testcase classname="tests/unit/api/team-route.test.ts" name="GET /api/team &gt; returns 401 when not authenticated" time="0.005888197">
        </testcase>
        <testcase classname="tests/unit/api/team-route.test.ts" name="GET /api/team &gt; returns shaped members for the authenticated org" time="0.003171772">
        </testcase>
        <testcase classname="tests/unit/api/team-route.test.ts" name="POST /api/team &gt; returns 403 when user lacks invite permission" time="0.003247252">
        </testcase>
        <testcase classname="tests/unit/api/team-route.test.ts" name="POST /api/team &gt; returns 422 for invalid email" time="0.001353048">
        </testcase>
        <testcase classname="tests/unit/api/team-route.test.ts" name="POST /api/team &gt; returns 422 when inviting an OWNER role" time="0.001154869">
        </testcase>
        <testcase classname="tests/unit/api/team-route.test.ts" name="POST /api/team &gt; returns 409 for duplicate team member email" time="0.001329186">
        </testcase>
        <testcase classname="tests/unit/api/team-route.test.ts" name="POST /api/team &gt; returns 500 when org role assignment fails after user insert" time="0.001516091">
        </testcase>
        <testcase classname="tests/unit/api/team-route.test.ts" name="POST /api/team &gt; returns 201 for a valid invite and assigns a non-owner org role" time="0.001161411">
        </testcase>
    </testsuite>
    <testsuite name="tests/unit/auth/admin-safety.test.ts" timestamp="2026-06-29T13:05:58.506Z" hostname="vm" tests="2" failures="0" errors="0" skipped="0" time="0.004285177">
        <testcase classname="tests/unit/auth/admin-safety.test.ts" name="admin safety &gt; blocks removing last owner" time="0.002386859">
        </testcase>
        <testcase classname="tests/unit/auth/admin-safety.test.ts" name="admin safety &gt; blocks unsafe sso enforcement" time="0.000579275">
        </testcase>
    </testsuite>
    <testsuite name="tests/unit/auth/authz-require-org-role.test.ts" timestamp="2026-06-29T13:05:58.506Z" hostname="vm" tests="12" failures="0" errors="0" skipped="0" time="0.014569263">
        <testcase classname="tests/unit/auth/authz-require-org-role.test.ts" name="requireOrgRole &gt; returns 401 when auth user is null" time="0.002154125">
        </testcase>
        <testcase classname="tests/unit/auth/authz-require-org-role.test.ts" name="requireOrgRole &gt; returns 401 when auth.getUser returns error" time="0.000474243">
        </testcase>
        <testcase classname="tests/unit/auth/authz-require-org-role.test.ts" name="requireOrgRole &gt; returns 500 when profile lookup fails with DB error" time="0.002464426">
            <system-err>
[lib/authz/requireOrgRole:profile] { error: { message: [32m&apos;db***or&apos;[39m, code: [32m&apos;PG***00&apos;[39m } }

            </system-err>
        </testcase>
        <testcase classname="tests/unit/auth/authz-require-org-role.test.ts" name="requireOrgRole &gt; returns 401 when is_active is false" time="0.000394787">
        </testcase>
        <testcase classname="tests/unit/auth/authz-require-org-role.test.ts" name="requireOrgRole &gt; returns 401 when profile has no org_id" time="0.000529507">
        </testcase>
        <testcase classname="tests/unit/auth/authz-require-org-role.test.ts" name="requireOrgRole &gt; PGRST205 fallback: owner gets all 5 RuntimeRoles" time="0.001470801">
        </testcase>
        <testcase classname="tests/unit/auth/authz-require-org-role.test.ts" name="requireOrgRole &gt; PGRST205 fallback: viewer only gets reviewer role" time="0.000895297">
        </testcase>
        <testcase classname="tests/unit/auth/authz-require-org-role.test.ts" name="requireOrgRole &gt; PGRST205 fallback: viewer without required role returns 403" time="0.000480858">
        </testcase>
        <testcase classname="tests/unit/auth/authz-require-org-role.test.ts" name="requireOrgRole &gt; returns ok=true with org/user data when user has required runtime role" time="0.000757952">
        </testcase>
        <testcase classname="tests/unit/auth/authz-require-org-role.test.ts" name="requireOrgRole &gt; returns 403 when user lacks any required role" time="0.000449543">
        </testcase>
        <testcase classname="tests/unit/auth/authz-require-org-role.test.ts" name="requireOrgRole &gt; merges owner base role grants on top of fetched runtime_roles" time="0.000501307">
        </testcase>
        <testcase classname="tests/unit/auth/authz-require-org-role.test.ts" name="requireOrgRole &gt; merges viewer base role grant: adds reviewer even when not in runtime_roles" time="0.000511658">
        </testcase>
    </testsuite>
    <testsuite name="tests/unit/auth/domain-governance.test.ts" timestamp="2026-06-29T13:05:58.509Z" hostname="vm" tests="10" failures="0" errors="0" skipped="0" time="0.008871376">
        <testcase classname="tests/unit/auth/domain-governance.test.ts" name="normalizeDomain &gt; trims, lowercases and strips leading @" time="0.001479791">
        </testcase>
        <testcase classname="tests/unit/auth/domain-governance.test.ts" name="normalizeDomain &gt; returns empty string for null/undefined" time="0.000365185">
        </testcase>
        <testcase classname="tests/unit/auth/domain-governance.test.ts" name="findMatchingOrgDomain &gt; returns null for empty domain without touching the db" time="0.000558758">
        </testcase>
        <testcase classname="tests/unit/auth/domain-governance.test.ts" name="findMatchingOrgDomain &gt; prefers a verified row over an approved row" time="0.000767813">
        </testcase>
        <testcase classname="tests/unit/auth/domain-governance.test.ts" name="findMatchingOrgDomain &gt; throws when the db returns an error" time="0.001781369">
        </testcase>
        <testcase classname="tests/unit/auth/domain-governance.test.ts" name="resolveDomainGovernance &gt; returns disabled default for empty domain" time="0.000466913">
        </testcase>
        <testcase classname="tests/unit/auth/domain-governance.test.ts" name="resolveDomainGovernance &gt; resolves from db and marks verified domain as managed identity" time="0.000426424">
        </testcase>
        <testcase classname="tests/unit/auth/domain-governance.test.ts" name="resolveDomainGovernance &gt; falls back to env auto_join when no db rule matches" time="0.000424916">
        </testcase>
        <testcase classname="tests/unit/auth/domain-governance.test.ts" name="resolveDomainGovernance &gt; falls back to env require_approval list" time="0.000420678">
        </testcase>
        <testcase classname="tests/unit/auth/domain-governance.test.ts" name="resolveDomainGovernance &gt; returns disabled default when nothing matches" time="0.000378242">
        </testcase>
    </testsuite>
    <testsuite name="tests/unit/auth/guest-access.test.ts" timestamp="2026-06-29T13:05:58.512Z" hostname="vm" tests="2" failures="0" errors="0" skipped="0" time="0.003481188">
        <testcase classname="tests/unit/auth/guest-access.test.ts" name="guest access helpers &gt; detects expiry based on expires_at" time="0.001889536">
        </testcase>
        <testcase classname="tests/unit/auth/guest-access.test.ts" name="guest access helpers &gt; enforces read-only guest scope" time="0.000382541">
        </testcase>
    </testsuite>
    <testsuite name="tests/unit/auth/rbac.test.ts" timestamp="2026-06-29T13:05:58.513Z" hostname="vm" tests="2" failures="0" errors="0" skipped="0" time="0.004520879">
        <testcase classname="tests/unit/auth/rbac.test.ts" name="org rbac matrix &gt; normalizes known and unknown roles" time="0.001309327">
        </testcase>
        <testcase classname="tests/unit/auth/rbac.test.ts" name="org rbac matrix &gt; matches required permission matrix" time="0.001880781">
        </testcase>
    </testsuite>
    <testsuite name="tests/unit/auth/workspace-bootstrap-static.test.ts" timestamp="2026-06-29T13:05:58.513Z" hostname="vm" tests="3" failures="0" errors="0" skipped="0" time="0.003605011">
        <testcase classname="tests/unit/auth/workspace-bootstrap-static.test.ts" name="paid workspace bootstrap wiring &gt; adds the auth bootstrap endpoint" time="0.001506825">
        </testcase>
        <testcase classname="tests/unit/auth/workspace-bootstrap-static.test.ts" name="paid workspace bootstrap wiring &gt; billing checkout bootstraps workspace before Stripe checkout" time="0.000434267">
        </testcase>
        <testcase classname="tests/unit/auth/workspace-bootstrap-static.test.ts" name="paid workspace bootstrap wiring &gt; dashboard startup calls bootstrap before org-scoped setup" time="0.000277909">
        </testcase>
    </testsuite>
    <testsuite name="tests/unit/billing/checkout-route.test.ts" timestamp="2026-06-29T13:05:58.514Z" hostname="vm" tests="8" failures="0" errors="0" skipped="0" time="0.018735962">
        <testcase classname="tests/unit/billing/checkout-route.test.ts" name="POST /api/billing/checkout &gt; returns 429 when rate limit exceeded" time="0.007262282">
        </testcase>
        <testcase classname="tests/unit/billing/checkout-route.test.ts" name="POST /api/billing/checkout &gt; returns 401 when user is not authenticated" time="0.000984366">
        </testcase>
        <testcase classname="tests/unit/billing/checkout-route.test.ts" name="POST /api/billing/checkout &gt; allows inactive trial profile with org_id" time="0.002130848">
        </testcase>
        <testcase classname="tests/unit/billing/checkout-route.test.ts" name="POST /api/billing/checkout &gt; returns 403 when org_id in body does not match user org" time="0.001091611">
        </testcase>
        <testcase classname="tests/unit/billing/checkout-route.test.ts" name="POST /api/billing/checkout &gt; creates Stripe session for pro plan with correct price ID" time="0.001648766">
        </testcase>
        <testcase classname="tests/unit/billing/checkout-route.test.ts" name="POST /api/billing/checkout &gt; normalizes unknown plan to pro" time="0.001212891">
        </testcase>
        <testcase classname="tests/unit/billing/checkout-route.test.ts" name="POST /api/billing/checkout &gt; uses enterprise trial of 30 days" time="0.000744748">
        </testcase>
        <testcase classname="tests/unit/billing/checkout-route.test.ts" name="POST /api/billing/checkout &gt; uses inline price_data for skills bundle" time="0.001072069">
        </testcase>
    </testsuite>
    <testsuite name="tests/unit/billing/entitlements.test.ts" timestamp="2026-06-29T13:05:58.516Z" hostname="vm" tests="15" failures="0" errors="0" skipped="0" time="0.00627181">
        <testcase classname="tests/unit/billing/entitlements.test.ts" name="getQuotaForPlan &gt; returns FREE_QUOTA for null" time="0.001255326">
        </testcase>
        <testcase classname="tests/unit/billing/entitlements.test.ts" name="getQuotaForPlan &gt; returns FREE_QUOTA for undefined" time="0.000264722">
        </testcase>
        <testcase classname="tests/unit/billing/entitlements.test.ts" name="getQuotaForPlan &gt; returns FREE_QUOTA for empty string" time="0.000245656">
        </testcase>
        <testcase classname="tests/unit/billing/entitlements.test.ts" name="getQuotaForPlan &gt; returns FREE_QUOTA for unknown plan" time="0.000147088">
        </testcase>
        <testcase classname="tests/unit/billing/entitlements.test.ts" name="getQuotaForPlan &gt; returns correct quota for each known plan" time="0.000335237">
        </testcase>
        <testcase classname="tests/unit/billing/entitlements.test.ts" name="getQuotaForPlan &gt; invariant: result is always a positive integer" time="0.000793225">
        </testcase>
        <testcase classname="tests/unit/billing/entitlements.test.ts" name="getQuotaForPlan &gt; invariant: enterprise &gt; business &gt; pro &gt; trial &gt; free" time="0.000185304">
        </testcase>
        <testcase classname="tests/unit/billing/entitlements.test.ts" name="effectivePlan &gt; returns free for null status" time="0.000203025">
        </testcase>
        <testcase classname="tests/unit/billing/entitlements.test.ts" name="effectivePlan &gt; returns free for null planKey" time="0.000262019">
        </testcase>
        <testcase classname="tests/unit/billing/entitlements.test.ts" name="effectivePlan &gt; returns planKey for active status" time="0.000146765">
        </testcase>
        <testcase classname="tests/unit/billing/entitlements.test.ts" name="effectivePlan &gt; returns planKey for trialing status" time="0.00014069">
        </testcase>
        <testcase classname="tests/unit/billing/entitlements.test.ts" name="effectivePlan &gt; returns free for canceled status" time="0.000078544">
        </testcase>
        <testcase classname="tests/unit/billing/entitlements.test.ts" name="effectivePlan &gt; returns free for unpaid status" time="0.000095485">
        </testcase>
        <testcase classname="tests/unit/billing/entitlements.test.ts" name="effectivePlan &gt; returns free for past_due status" time="0.000069824">
        </testcase>
        <testcase classname="tests/unit/billing/entitlements.test.ts" name="effectivePlan &gt; invariant: ACTIVE_STATUSES and REVOKED_STATUSES are disjoint" time="0.000111716">
        </testcase>
    </testsuite>
    <testsuite name="tests/unit/billing/fulfillment.test.ts" timestamp="2026-06-29T13:05:58.520Z" hostname="vm" tests="9" failures="0" errors="0" skipped="0" time="0.018074018">
        <testcase classname="tests/unit/billing/fulfillment.test.ts" name="fulfillSubscription &gt; returns ok:false for empty orgId" time="0.001402262">
        </testcase>
        <testcase classname="tests/unit/billing/fulfillment.test.ts" name="fulfillSubscription &gt; returns ok:false for empty planKey" time="0.000387805">
        </testcase>
        <testcase classname="tests/unit/billing/fulfillment.test.ts" name="fulfillSubscription &gt; calls organizations.update with correct plan on active status" time="0.005101533">
        </testcase>
        <testcase classname="tests/unit/billing/fulfillment.test.ts" name="fulfillSubscription &gt; sets plan=free when status is canceled (via effectivePlan)" time="0.00054791">
        </testcase>
        <testcase classname="tests/unit/billing/fulfillment.test.ts" name="fulfillSubscription &gt; returns ok:false when supabase returns error" time="0.003074768">
        </testcase>
        <testcase classname="tests/unit/billing/fulfillment.test.ts" name="fulfillSubscription &gt; is idempotent: calling twice produces same final state" time="0.000417382">
        </testcase>
        <testcase classname="tests/unit/billing/fulfillment.test.ts" name="revokeSubscription &gt; returns ok:false for empty orgId" time="0.000221937">
        </testcase>
        <testcase classname="tests/unit/billing/fulfillment.test.ts" name="revokeSubscription &gt; sets plan=free on organizations" time="0.000479131">
        </testcase>
        <testcase classname="tests/unit/billing/fulfillment.test.ts" name="revokeSubscription &gt; returns ok:false on supabase error" time="0.000359192">
        </testcase>
    </testsuite>
    <testsuite name="tests/unit/billing/metered.test.ts" timestamp="2026-06-29T13:05:58.523Z" hostname="vm" tests="11" failures="0" errors="0" skipped="0" time="0.013862204">
        <testcase classname="tests/unit/billing/metered.test.ts" name="Stripe metered billing &gt; reports meter event successfully" time="0.00269849">
        </testcase>
        <testcase classname="tests/unit/billing/metered.test.ts" name="Stripe metered billing &gt; writes an outbox row before Stripe delivery and marks it sent on success" time="0.003491404">
        </testcase>
        <testcase classname="tests/unit/billing/metered.test.ts" name="Stripe metered billing &gt; passes correct payload and execution idempotency key to Stripe" time="0.000632546">
        </testcase>
        <testcase classname="tests/unit/billing/metered.test.ts" name="Stripe metered billing &gt; uses distinct idempotency keys for same-second executions from the same org" time="0.000984683">
        </testcase>
        <testcase classname="tests/unit/billing/metered.test.ts" name="Stripe metered billing &gt; requires executionId to prevent unsafe timestamp-only metering" time="0.000482794">
        </testcase>
        <testcase classname="tests/unit/billing/metered.test.ts" name="Stripe metered billing &gt; skips gracefully when STRIPE_METER_EVENT_NAME is not set" time="0.000371044">
        </testcase>
        <testcase classname="tests/unit/billing/metered.test.ts" name="Stripe metered billing &gt; skips gracefully when STRIPE_SECRET_KEY is not set" time="0.000208555">
        </testcase>
        <testcase classname="tests/unit/billing/metered.test.ts" name="Stripe metered billing &gt; returns error and marks outbox failed when Stripe call fails" time="0.002169396">
            <system-err>
[metered] Stripe meter event failed: Stripe API error

            </system-err>
        </testcase>
        <testcase classname="tests/unit/billing/metered.test.ts" name="Stripe metered billing &gt; flushMeterOutbox retries pending rows" time="0.001085165">
        </testcase>
        <testcase classname="tests/unit/billing/metered.test.ts" name="Stripe metered billing &gt; isMeteredBillingConfigured returns true when both env vars are set" time="0.000214723">
        </testcase>
        <testcase classname="tests/unit/billing/metered.test.ts" name="Stripe metered billing &gt; isMeteredBillingConfigured returns false when meter name missing" time="0.000160971">
        </testcase>
    </testsuite>
    <testsuite name="tests/unit/billing/overage-config.test.ts" timestamp="2026-06-29T13:05:58.526Z" hostname="vm" tests="3" failures="0" errors="0" skipped="0" time="0.009706825">
        <testcase classname="tests/unit/billing/overage-config.test.ts" name="billing overage config &gt; uses default overage rate when env is unset" time="0.003448116">
        </testcase>
        <testcase classname="tests/unit/billing/overage-config.test.ts" name="billing overage config &gt; uses env overage rate when env value is valid" time="0.001280911">
        </testcase>
        <testcase classname="tests/unit/billing/overage-config.test.ts" name="billing overage config &gt; falls back to default when env value is invalid" time="0.003732888">
        </testcase>
    </testsuite>
    <testsuite name="tests/unit/billing/quota-policy.test.ts" timestamp="2026-06-29T13:05:58.527Z" hostname="vm" tests="1" failures="0" errors="0" skipped="0" time="0.002819026">
        <testcase classname="tests/unit/billing/quota-policy.test.ts" name="quota policy defaults &gt; resolves trial defaults and near-limit" time="0.001453425">
        </testcase>
    </testsuite>
    <testsuite name="tests/unit/billing/reconciliation.test.ts" timestamp="2026-06-29T13:05:58.527Z" hostname="vm" tests="31" failures="0" errors="0" skipped="0" time="0.012677593">
        <testcase classname="tests/unit/billing/reconciliation.test.ts" name="reconcileMeterOutbox &gt; returns empty report for empty outbox" time="0.002527956">
        </testcase>
        <testcase classname="tests/unit/billing/reconciliation.test.ts" name="reconcileMeterOutbox &gt; classifies sent+event_id rows as match" time="0.000611809">
        </testcase>
        <testcase classname="tests/unit/billing/reconciliation.test.ts" name="reconcileMeterOutbox &gt; classifies sent+no event_id as missing" time="0.000417095">
        </testcase>
        <testcase classname="tests/unit/billing/reconciliation.test.ts" name="reconcileMeterOutbox &gt; classifies failed rows as failed" time="0.000351168">
        </testcase>
        <testcase classname="tests/unit/billing/reconciliation.test.ts" name="reconcileMeterOutbox &gt; classifies old pending rows as stuck" time="0.00056342">
        </testcase>
        <testcase classname="tests/unit/billing/reconciliation.test.ts" name="reconcileMeterOutbox &gt; does not classify recent pending rows as stuck" time="0.000306953">
        </testcase>
        <testcase classname="tests/unit/billing/reconciliation.test.ts" name="reconcileMeterOutbox &gt; handles mixed rows correctly" time="0.00050551">
        </testcase>
        <testcase classname="tests/unit/billing/reconciliation.test.ts" name="reconcileMeterOutbox &gt; includes stuckMinutes in stuck rows" time="0.00032825">
        </testcase>
        <testcase classname="tests/unit/billing/reconciliation.test.ts" name="reconcileMeterOutbox &gt; sets ok=false when problems exist" time="0.000621735">
        </testcase>
        <testcase classname="tests/unit/billing/reconciliation.test.ts" name="requeueStuckRows &gt; returns zero requeued for empty outbox" time="0.000451377">
        </testcase>
        <testcase classname="tests/unit/billing/reconciliation.test.ts" name="requeueStuckRows &gt; returns executionIds for requeued rows" time="0.000334528">
        </testcase>
        <testcase classname="tests/unit/billing/reconciliation.test.ts" name="getOrgBillingStats &gt; returns zero stats for org with no rows" time="0.000367276">
        </testcase>
        <testcase classname="tests/unit/billing/reconciliation.test.ts" name="getOrgBillingStats &gt; aggregates stats from multiple rows" time="0.00046798">
        </testcase>
        <testcase classname="tests/unit/billing/reconciliation.test.ts" name="getPlanQuotaPolicy &gt; returns trial quota for null plan" time="0.000210875">
        </testcase>
        <testcase classname="tests/unit/billing/reconciliation.test.ts" name="getPlanQuotaPolicy &gt; returns trial quota for undefined plan" time="0.000084603">
        </testcase>
        <testcase classname="tests/unit/billing/reconciliation.test.ts" name="getPlanQuotaPolicy &gt; returns correct pro quota" time="0.000092541">
        </testcase>
        <testcase classname="tests/unit/billing/reconciliation.test.ts" name="getPlanQuotaPolicy &gt; returns correct business quota" time="0.000074594">
        </testcase>
        <testcase classname="tests/unit/billing/reconciliation.test.ts" name="getPlanQuotaPolicy &gt; returns correct enterprise quota" time="0.00007243">
        </testcase>
        <testcase classname="tests/unit/billing/reconciliation.test.ts" name="getPlanQuotaPolicy &gt; normalizes uppercase plan key" time="0.00014426">
        </testcase>
        <testcase classname="tests/unit/billing/reconciliation.test.ts" name="getPlanQuotaPolicy &gt; treats unknown plan key as enterprise fallback" time="0.000088854">
        </testcase>
        <testcase classname="tests/unit/billing/reconciliation.test.ts" name="getPlanQuotaPolicy &gt; windowDays is always 30" time="0.000171004">
        </testcase>
        <testcase classname="tests/unit/billing/reconciliation.test.ts" name="isQuotaExceeded &gt; returns false when under quota" time="0.000108049">
        </testcase>
        <testcase classname="tests/unit/billing/reconciliation.test.ts" name="isQuotaExceeded &gt; returns true at exact quota limit" time="0.000068248">
        </testcase>
        <testcase classname="tests/unit/billing/reconciliation.test.ts" name="isQuotaExceeded &gt; returns true when over quota" time="0.000063689">
        </testcase>
        <testcase classname="tests/unit/billing/reconciliation.test.ts" name="isQuotaExceeded &gt; returns false at zero" time="0.000062003">
        </testcase>
        <testcase classname="tests/unit/billing/reconciliation.test.ts" name="buildQuotaSummary &gt; calculates remaining correctly" time="0.000159563">
        </testcase>
        <testcase classname="tests/unit/billing/reconciliation.test.ts" name="buildQuotaSummary &gt; marks nearLimit when &gt;80% used" time="0.000151868">
        </testcase>
        <testcase classname="tests/unit/billing/reconciliation.test.ts" name="buildQuotaSummary &gt; marks exceeded correctly" time="0.00009671">
        </testcase>
        <testcase classname="tests/unit/billing/reconciliation.test.ts" name="buildQuotaSummary &gt; remaining is never negative" time="0.000096213">
        </testcase>
        <testcase classname="tests/unit/billing/reconciliation.test.ts" name="buildQuotaSummary &gt; handles null planKey gracefully" time="0.000105578">
        </testcase>
        <testcase classname="tests/unit/billing/reconciliation.test.ts" name="buildQuotaSummary &gt; returns all required fields" time="0.00091542">
        </testcase>
    </testsuite>
    <testsuite name="tests/unit/billing/stripe-webhook-stripe-route.test.ts" timestamp="2026-06-29T13:05:58.534Z" hostname="vm" tests="10" failures="0" errors="0" skipped="0" time="0.023443731">
        <testcase classname="tests/unit/billing/stripe-webhook-stripe-route.test.ts" name="POST /api/stripe/webhook &gt; returns 501 when STRIPE_SECRET_KEY is not set" time="0.004460532">
        </testcase>
        <testcase classname="tests/unit/billing/stripe-webhook-stripe-route.test.ts" name="POST /api/stripe/webhook &gt; returns 501 when STRIPE_WEBHOOK_SECRET is not set" time="0.000779172">
        </testcase>
        <testcase classname="tests/unit/billing/stripe-webhook-stripe-route.test.ts" name="POST /api/stripe/webhook &gt; returns 400 when stripe-signature header is missing" time="0.00083865">
        </testcase>
        <testcase classname="tests/unit/billing/stripe-webhook-stripe-route.test.ts" name="POST /api/stripe/webhook &gt; returns 400 when constructEvent throws (invalid signature)" time="0.001648706">
        </testcase>
        <testcase classname="tests/unit/billing/stripe-webhook-stripe-route.test.ts" name="POST /api/stripe/webhook &gt; returns 200 with received:true for checkout.session.completed with valid subscription" time="0.002915599">
        </testcase>
        <testcase classname="tests/unit/billing/stripe-webhook-stripe-route.test.ts" name="POST /api/stripe/webhook &gt; returns 200 and skips upsert when subscription is not a string" time="0.000847311">
        </testcase>
        <testcase classname="tests/unit/billing/stripe-webhook-stripe-route.test.ts" name="POST /api/stripe/webhook &gt; calls upsert for customer.subscription.updated" time="0.00070278">
        </testcase>
        <testcase classname="tests/unit/billing/stripe-webhook-stripe-route.test.ts" name="POST /api/stripe/webhook &gt; calls update with canceled status for customer.subscription.deleted" time="0.001889398">
        </testcase>
        <testcase classname="tests/unit/billing/stripe-webhook-stripe-route.test.ts" name="POST /api/stripe/webhook &gt; returns 500 with entitlement_sync_failed when Supabase upsert throws" time="0.00650685">
            <system-err>
release gate entitlement sync failed Error: failed_to_upsert_release_gate_entitlement:DB error
    at upsertSubscriptionEntitlement [90m(/home/user/tdealer01-crypto-dsg-control-plane/[39mapp/api/stripe/webhook/route.ts:37:11[90m)[39m
[90m    at processTicksAndRejections (node:internal/process/task_queues:103:5)[39m
    at Module.POST [90m(/home/user/tdealer01-crypto-dsg-control-plane/[39mapp/api/stripe/webhook/route.ts:84:7[90m)[39m
    at [90m/home/user/tdealer01-crypto-dsg-control-plane/[39mtests/unit/billing/stripe-webhook-stripe-route.test.ts:170:17
    at [90mfile:///home/user/tdealer01-crypto-dsg-control-plane/[39mnode_modules/[4m@vitest/runner[24m/dist/chunk-hooks.js:752:20

            </system-err>
        </testcase>
        <testcase classname="tests/unit/billing/stripe-webhook-stripe-route.test.ts" name="POST /api/stripe/webhook &gt; returns 200 for unknown event type without crashing" time="0.000737251">
        </testcase>
    </testsuite>
    <testsuite name="tests/unit/billing/stripe-webhook.test.ts" timestamp="2026-06-29T13:05:58.537Z" hostname="vm" tests="8" failures="0" errors="0" skipped="0" time="0.037317469">
        <testcase classname="tests/unit/billing/stripe-webhook.test.ts" name="POST /api/billing/webhook &gt; returns 500 when STRIPE_WEBHOOK_SECRET is not set" time="0.019502294">
        </testcase>
        <testcase classname="tests/unit/billing/stripe-webhook.test.ts" name="POST /api/billing/webhook &gt; returns 400 when stripe-signature header is missing" time="0.001748328">
        </testcase>
        <testcase classname="tests/unit/billing/stripe-webhook.test.ts" name="POST /api/billing/webhook &gt; returns 400 when constructEvent throws (invalid signature)" time="0.001515901">
        </testcase>
        <testcase classname="tests/unit/billing/stripe-webhook.test.ts" name="POST /api/billing/webhook &gt; returns 200 for checkout.session.completed event" time="0.002529771">
        </testcase>
        <testcase classname="tests/unit/billing/stripe-webhook.test.ts" name="POST /api/billing/webhook &gt; calls sendUpgradeSuccess when subscription transitions trialing -&gt; active" time="0.004633335">
        </testcase>
        <testcase classname="tests/unit/billing/stripe-webhook.test.ts" name="POST /api/billing/webhook &gt; returns 200 for unknown event type without crashing" time="0.00144948">
        </testcase>
        <testcase classname="tests/unit/billing/stripe-webhook.test.ts" name="POST /api/billing/webhook &gt; calls fulfillSubscription when subscription.updated is active" time="0.00260328">
        </testcase>
        <testcase classname="tests/unit/billing/stripe-webhook.test.ts" name="POST /api/billing/webhook &gt; calls revokeSubscription when subscription.deleted fires" time="0.001861627">
        </testcase>
    </testsuite>
    <testsuite name="tests/unit/ccvs/append-only-rls.test.ts" timestamp="2026-06-29T13:05:58.538Z" hostname="vm" tests="19" failures="0" errors="0" skipped="0" time="0.008743056">
        <testcase classname="tests/unit/ccvs/append-only-rls.test.ts" name="claim_readiness_artifacts migration — table structure &gt; migration file exists and is non-empty" time="0.001267166">
        </testcase>
        <testcase classname="tests/unit/ccvs/append-only-rls.test.ts" name="claim_readiness_artifacts migration — table structure &gt; creates the claim_readiness_artifacts table with IF NOT EXISTS (idempotent)" time="0.000384511">
        </testcase>
        <testcase classname="tests/unit/ccvs/append-only-rls.test.ts" name="claim_readiness_artifacts migration — table structure &gt; defines artifact_hash column as UNIQUE (deduplication guard)" time="0.00029146">
        </testcase>
        <testcase classname="tests/unit/ccvs/append-only-rls.test.ts" name="claim_readiness_artifacts migration — table structure &gt; defines chain_hash column for cryptographic chaining" time="0.000282615">
        </testcase>
        <testcase classname="tests/unit/ccvs/append-only-rls.test.ts" name="claim_readiness_artifacts migration — table structure &gt; includes a status CHECK constraint allowing only valid lifecycle values" time="0.000387717">
        </testcase>
        <testcase classname="tests/unit/ccvs/append-only-rls.test.ts" name="claim_readiness_artifacts migration — append-only permission design &gt; GRANT SELECT is present (read access is allowed)" time="0.000275744">
        </testcase>
        <testcase classname="tests/unit/ccvs/append-only-rls.test.ts" name="claim_readiness_artifacts migration — append-only permission design &gt; GRANT INSERT is present (append/write is allowed)" time="0.000243592">
        </testcase>
        <testcase classname="tests/unit/ccvs/append-only-rls.test.ts" name="claim_readiness_artifacts migration — append-only permission design &gt; GRANT DELETE is NOT present (delete is intentionally omitted for WORM)" time="0.00099487">
        </testcase>
        <testcase classname="tests/unit/ccvs/append-only-rls.test.ts" name="claim_readiness_artifacts migration — append-only permission design &gt; comment explicitly states &apos;No delete permissions (append-only design)&apos;" time="0.00048664">
        </testcase>
        <testcase classname="tests/unit/ccvs/append-only-rls.test.ts" name="claim_readiness_artifacts migration — append-only permission design &gt; RLS is disabled with DISABLE ROW LEVEL SECURITY (enforcement via application logic)" time="0.00022817">
        </testcase>
        <testcase classname="tests/unit/ccvs/append-only-rls.test.ts" name="claim_readiness_artifacts migration — cryptographic and immutability fields &gt; includes s3_version_id column for Object Lock tracking" time="0.000172438">
        </testcase>
        <testcase classname="tests/unit/ccvs/append-only-rls.test.ts" name="claim_readiness_artifacts migration — cryptographic and immutability fields &gt; includes immutable_at column for Object Lock archival timestamp" time="0.00019091">
        </testcase>
        <testcase classname="tests/unit/ccvs/append-only-rls.test.ts" name="claim_readiness_artifacts migration — cryptographic and immutability fields &gt; includes signature_bundle column for Cosign/Sigstore support" time="0.000207492">
        </testcase>
        <testcase classname="tests/unit/ccvs/append-only-rls.test.ts" name="claim_readiness_artifacts migration — documented WORM policy intent &gt; migration comment documents DELETE policy as permanently disabled" time="0.000175794">
        </testcase>
        <testcase classname="tests/unit/ccvs/append-only-rls.test.ts" name="claim_readiness_artifacts migration — documented WORM policy intent &gt; migration comment documents append-only design rationale" time="0.000141814">
        </testcase>
        <testcase classname="tests/unit/ccvs/append-only-rls.test.ts" name="claim_readiness_artifacts migration — documented WORM policy intent &gt; UPDATE grant is restricted to postgres (service role only — not authenticated users)" time="0.000544576">
        </testcase>
        <testcase classname="tests/unit/ccvs/append-only-rls.test.ts" name="claim_readiness_artifacts migration — indexes &gt; creates index on claim_id for fast claim lookups" time="0.000187307">
        </testcase>
        <testcase classname="tests/unit/ccvs/append-only-rls.test.ts" name="claim_readiness_artifacts migration — indexes &gt; creates index on artifact_hash for deduplication queries" time="0.00016718">
        </testcase>
        <testcase classname="tests/unit/ccvs/append-only-rls.test.ts" name="claim_readiness_artifacts migration — indexes &gt; creates index on chain_hash for chain traversal" time="0.000154629">
        </testcase>
    </testsuite>
    <testsuite name="tests/unit/ccvs/compliance-matrix.test.ts" timestamp="2026-06-29T13:05:58.543Z" hostname="vm" tests="15" failures="0" errors="0" skipped="0" time="0.007488012">
        <testcase classname="tests/unit/ccvs/compliance-matrix.test.ts" name="REQUIREMENT_CATALOG &gt; covers EU AI Act, ISO 42001, NIST AI RMF, and SLSA frameworks" time="0.001372816">
        </testcase>
        <testcase classname="tests/unit/ccvs/compliance-matrix.test.ts" name="REQUIREMENT_CATALOG &gt; every entry has a unique requirement_id" time="0.000429432">
        </testcase>
        <testcase classname="tests/unit/ccvs/compliance-matrix.test.ts" name="REQUIREMENT_CATALOG &gt; every entry has a unique control_id" time="0.000173758">
        </testcase>
        <testcase classname="tests/unit/ccvs/compliance-matrix.test.ts" name="REQUIREMENT_CATALOG &gt; all severity levels are between 1 and 5" time="0.000672085">
        </testcase>
        <testcase classname="tests/unit/ccvs/compliance-matrix.test.ts" name="REQUIREMENT_CATALOG &gt; mutation_required is boolean on all entries" time="0.000332469">
        </testcase>
        <testcase classname="tests/unit/ccvs/compliance-matrix.test.ts" name="REQUIREMENT_CATALOG &gt; human oversight (EU-AI-ACT-ART14) requires mutation testing" time="0.000140698">
        </testcase>
        <testcase classname="tests/unit/ccvs/compliance-matrix.test.ts" name="buildComplianceMatrix — empty evidence map &gt; all rows status=not_verified when evidence map is empty" time="0.000908248">
        </testcase>
        <testcase classname="tests/unit/ccvs/compliance-matrix.test.ts" name="buildComplianceMatrix — empty evidence map &gt; claim_pass_eligible is false when rows are not verified" time="0.000209709">
        </testcase>
        <testcase classname="tests/unit/ccvs/compliance-matrix.test.ts" name="buildComplianceMatrix — empty evidence map &gt; summary totals match catalog length" time="0.000274532">
        </testcase>
        <testcase classname="tests/unit/ccvs/compliance-matrix.test.ts" name="buildComplianceMatrix — with evidence &gt; marks a row as pass when evidence is present" time="0.000284373">
        </testcase>
        <testcase classname="tests/unit/ccvs/compliance-matrix.test.ts" name="buildComplianceMatrix — with evidence &gt; marks a row as fail when status is fail" time="0.000207254">
        </testcase>
        <testcase classname="tests/unit/ccvs/compliance-matrix.test.ts" name="buildComplianceMatrix — with evidence &gt; claim_pass_eligible requires all rows pass with valid sha256 hash" time="0.000276772">
        </testcase>
        <testcase classname="tests/unit/ccvs/compliance-matrix.test.ts" name="buildComplianceMatrix — with evidence &gt; claim_pass_eligible is false when any row has no sha256 prefix" time="0.000142005">
        </testcase>
        <testcase classname="tests/unit/ccvs/compliance-matrix.test.ts" name="buildComplianceMatrix — with evidence &gt; sets policy_version in the matrix" time="0.000090074">
        </testcase>
        <testcase classname="tests/unit/ccvs/compliance-matrix.test.ts" name="buildComplianceMatrix — with evidence &gt; generated_at is a valid ISO date" time="0.000120506">
        </testcase>
    </testsuite>
    <testsuite name="tests/unit/ccvs/drift-detector.test.ts" timestamp="2026-06-29T13:05:58.546Z" hostname="vm" tests="17" failures="0" errors="0" skipped="0" time="0.012117748">
        <testcase classname="tests/unit/ccvs/drift-detector.test.ts" name="buildDriftSnapshot &gt; includes policy_version from env" time="0.002382676">
        </testcase>
        <testcase classname="tests/unit/ccvs/drift-detector.test.ts" name="buildDriftSnapshot &gt; hash_algorithm is sha256" time="0.000535476">
        </testcase>
        <testcase classname="tests/unit/ccvs/drift-detector.test.ts" name="buildDriftSnapshot &gt; deployment_config_hash changes when GITHUB_SHA changes" time="0.000952772">
        </testcase>
        <testcase classname="tests/unit/ccvs/drift-detector.test.ts" name="buildDriftSnapshot &gt; captured_at is a valid ISO date" time="0.000434081">
        </testcase>
        <testcase classname="tests/unit/ccvs/drift-detector.test.ts" name="buildDriftSnapshot &gt; deployment_config_hash starts with sha256: followed by 64 hex chars" time="0.000517999">
        </testcase>
        <testcase classname="tests/unit/ccvs/drift-detector.test.ts" name="buildDriftSnapshot &gt; deployment_config_hash is same whether NEXT_PUBLIC_SUPABASE_URL is unset or empty string" time="0.000405007">
        </testcase>
        <testcase classname="tests/unit/ccvs/drift-detector.test.ts" name="buildDriftSnapshot &gt; deployment_config_hash is same whether DSG_CONTROL_PLANE_BASE_URL is unset or empty string" time="0.000524229">
        </testcase>
        <testcase classname="tests/unit/ccvs/drift-detector.test.ts" name="buildDriftSnapshot &gt; deployment_config_hash is same whether VERCEL_GIT_COMMIT_SHA is unset or empty string" time="0.000362984">
        </testcase>
        <testcase classname="tests/unit/ccvs/drift-detector.test.ts" name="detectDrift — no previous &gt; changed=false when previous is null" time="0.001250882">
        </testcase>
        <testcase classname="tests/unit/ccvs/drift-detector.test.ts" name="detectDrift — with previous &gt; detects policy_version change" time="0.000739262">
        </testcase>
        <testcase classname="tests/unit/ccvs/drift-detector.test.ts" name="detectDrift — with previous &gt; detects deployment_config_hash change" time="0.000325947">
        </testcase>
        <testcase classname="tests/unit/ccvs/drift-detector.test.ts" name="detectDrift — with previous &gt; detects hash_algorithm change" time="0.000238554">
        </testcase>
        <testcase classname="tests/unit/ccvs/drift-detector.test.ts" name="detectDrift — with previous &gt; no change when snapshots are identical except captured_at" time="0.000678602">
        </testcase>
        <testcase classname="tests/unit/ccvs/drift-detector.test.ts" name="detectDrift — with previous &gt; invalidated_attestations is deduplicated" time="0.000269435">
        </testcase>
        <testcase classname="tests/unit/ccvs/drift-detector.test.ts" name="snapshotHash &gt; is deterministic for the same snapshot content" time="0.000220753">
        </testcase>
        <testcase classname="tests/unit/ccvs/drift-detector.test.ts" name="snapshotHash &gt; changes when policy_version changes" time="0.000195801">
        </testcase>
        <testcase classname="tests/unit/ccvs/drift-detector.test.ts" name="snapshotHash &gt; is prefixed with sha256:" time="0.000202247">
        </testcase>
    </testsuite>
    <testsuite name="tests/unit/ccvs/evidence-collector.test.ts" timestamp="2026-06-29T13:05:58.551Z" hostname="vm" tests="28" failures="0" errors="0" skipped="0" time="0.014655735">
        <testcase classname="tests/unit/ccvs/evidence-collector.test.ts" name="buildEvidenceEnvelope &gt; produces schema_version 1.0.0" time="0.001879328">
        </testcase>
        <testcase classname="tests/unit/ccvs/evidence-collector.test.ts" name="buildEvidenceEnvelope &gt; sets severity_level from evidence type" time="0.000445421">
        </testcase>
        <testcase classname="tests/unit/ccvs/evidence-collector.test.ts" name="buildEvidenceEnvelope &gt; assigns severity 1 to unit, 2 to integration, 3 to adversarial, 5 to provenance" time="0.000895753">
        </testcase>
        <testcase classname="tests/unit/ccvs/evidence-collector.test.ts" name="buildEvidenceEnvelope &gt; chain_hash is prefixed with sha256:" time="0.000382113">
        </testcase>
        <testcase classname="tests/unit/ccvs/evidence-collector.test.ts" name="buildEvidenceEnvelope &gt; chain_hash changes when metrics change" time="0.00086117">
        </testcase>
        <testcase classname="tests/unit/ccvs/evidence-collector.test.ts" name="buildEvidenceEnvelope &gt; carries previous_chain_hash when supplied" time="0.000270555">
        </testcase>
        <testcase classname="tests/unit/ccvs/evidence-collector.test.ts" name="buildEvidenceEnvelope &gt; sets expires_at when ttlSeconds provided" time="0.000352864">
        </testcase>
        <testcase classname="tests/unit/ccvs/evidence-collector.test.ts" name="buildEvidenceEnvelope &gt; stores nonce when provided" time="0.000208731">
        </testcase>
        <testcase classname="tests/unit/ccvs/evidence-collector.test.ts" name="buildEvidenceEnvelope &gt; includes sbom_ref when provided" time="0.000336057">
        </testcase>
        <testcase classname="tests/unit/ccvs/evidence-collector.test.ts" name="buildEvidenceEnvelope &gt; includes bundle_ref when bundleRef is provided" time="0.000249101">
        </testcase>
        <testcase classname="tests/unit/ccvs/evidence-collector.test.ts" name="buildEvidenceEnvelope &gt; includes verification_policy_ref when verificationPolicyRef is provided" time="0.000205466">
        </testcase>
        <testcase classname="tests/unit/ccvs/evidence-collector.test.ts" name="buildEvidenceEnvelope &gt; respects explicit policyVersion override" time="0.000279275">
        </testcase>
        <testcase classname="tests/unit/ccvs/evidence-collector.test.ts" name="buildEvidenceEnvelope &gt; defaults policy_version to v1 when not provided" time="0.000166449">
        </testcase>
        <testcase classname="tests/unit/ccvs/evidence-collector.test.ts" name="buildEvidenceEnvelope &gt; chain_hash changes when subjects array changes" time="0.000215162">
        </testcase>
        <testcase classname="tests/unit/ccvs/evidence-collector.test.ts" name="buildEvidenceEnvelope &gt; handles empty metrics object" time="0.000173802">
        </testcase>
        <testcase classname="tests/unit/ccvs/evidence-collector.test.ts" name="buildEvidenceEnvelope &gt; handles metrics with null-like falsy values" time="0.0002695">
        </testcase>
        <testcase classname="tests/unit/ccvs/evidence-collector.test.ts" name="buildEvidenceEnvelope &gt; generated_at is a valid ISO date" time="0.000129098">
        </testcase>
        <testcase classname="tests/unit/ccvs/evidence-collector.test.ts" name="verifyEnvelopeIntegrity &gt; returns ok=true for a freshly built envelope" time="0.000241882">
        </testcase>
        <testcase classname="tests/unit/ccvs/evidence-collector.test.ts" name="verifyEnvelopeIntegrity &gt; returns ok=false when chain_hash is tampered" time="0.000236303">
        </testcase>
        <testcase classname="tests/unit/ccvs/evidence-collector.test.ts" name="verifyEnvelopeIntegrity &gt; returns ok=false when metrics are tampered" time="0.000176718">
        </testcase>
        <testcase classname="tests/unit/ccvs/evidence-collector.test.ts" name="verifyEnvelopeIntegrity &gt; expected hash matches chain_hash for a valid envelope" time="0.000189457">
        </testcase>
        <testcase classname="tests/unit/ccvs/evidence-collector.test.ts" name="buildEvidenceEnvelope — metrics fallback &gt; defaults metrics to empty object when not provided" time="0.000309319">
        </testcase>
        <testcase classname="tests/unit/ccvs/evidence-collector.test.ts" name="buildRunContextFromEnv &gt; reads repo and commit from env" time="0.000582702">
        </testcase>
        <testcase classname="tests/unit/ccvs/evidence-collector.test.ts" name="buildRunContextFromEnv &gt; builds invocation_id from run_id + attempt" time="0.000246827">
        </testcase>
        <testcase classname="tests/unit/ccvs/evidence-collector.test.ts" name="buildRunContextFromEnv &gt; includes ref when GITHUB_REF is set" time="0.000434642">
        </testcase>
        <testcase classname="tests/unit/ccvs/evidence-collector.test.ts" name="buildRunContextFromEnv &gt; includes runner_os when RUNNER_OS is set" time="0.000360568">
        </testcase>
        <testcase classname="tests/unit/ccvs/evidence-collector.test.ts" name="buildOIDCFromEnv &gt; builds sub from repo + ref" time="0.002114325">
        </testcase>
        <testcase classname="tests/unit/ccvs/evidence-collector.test.ts" name="buildOIDCFromEnv &gt; uses provided audience" time="0.000422233">
        </testcase>
    </testsuite>
    <testsuite name="tests/unit/commands/normalize.test.ts" timestamp="2026-06-29T13:05:58.557Z" hostname="vm" tests="22" failures="0" errors="0" skipped="0" time="0.011304977">
        <testcase classname="tests/unit/commands/normalize.test.ts" name="sha256 &gt; returns a string prefixed with sha256:" time="0.001584384">
        </testcase>
        <testcase classname="tests/unit/commands/normalize.test.ts" name="sha256 &gt; is deterministic for the same input" time="0.000356073">
        </testcase>
        <testcase classname="tests/unit/commands/normalize.test.ts" name="sha256 &gt; produces different hashes for different inputs" time="0.000723247">
        </testcase>
        <testcase classname="tests/unit/commands/normalize.test.ts" name="sha256 &gt; empty string produces a valid sha256 hash" time="0.000203275">
        </testcase>
        <testcase classname="tests/unit/commands/normalize.test.ts" name="normalizeArgs &gt; normalizes device.open_url to url + scheme" time="0.001045267">
        </testcase>
        <testcase classname="tests/unit/commands/normalize.test.ts" name="normalizeArgs &gt; throws for non-http/https URL in device.open_url" time="0.000735368">
        </testcase>
        <testcase classname="tests/unit/commands/normalize.test.ts" name="normalizeArgs &gt; normalizes device.open_app to packageName" time="0.000237474">
        </testcase>
        <testcase classname="tests/unit/commands/normalize.test.ts" name="normalizeArgs &gt; normalizes device.open_settings with screen" time="0.000213699">
        </testcase>
        <testcase classname="tests/unit/commands/normalize.test.ts" name="normalizeArgs &gt; normalizes device.open_settings with default screen" time="0.000248572">
        </testcase>
        <testcase classname="tests/unit/commands/normalize.test.ts" name="normalizeArgs &gt; normalizes ui.scroll to direction + amount" time="0.000207543">
        </testcase>
        <testcase classname="tests/unit/commands/normalize.test.ts" name="normalizeArgs &gt; normalizes file.list_root with path and sensitive=false for safe path" time="0.000258818">
        </testcase>
        <testcase classname="tests/unit/commands/normalize.test.ts" name="normalizeArgs &gt; marks file path as sensitive when it ends with .env" time="0.000174947">
        </testcase>
        <testcase classname="tests/unit/commands/normalize.test.ts" name="normalizeArgs &gt; marks file path as sensitive when it contains api_key" time="0.000116283">
        </testcase>
        <testcase classname="tests/unit/commands/normalize.test.ts" name="normalizeArgs &gt; passes through args for unrecognized tool" time="0.000099553">
        </testcase>
        <testcase classname="tests/unit/commands/normalize.test.ts" name="buildCommandEnvelope &gt; builds a valid envelope for a safe tool" time="0.001229644">
        </testcase>
        <testcase classname="tests/unit/commands/normalize.test.ts" name="buildCommandEnvelope &gt; blocks sensitive file tools and sets decision=BLOCK" time="0.000477173">
        </testcase>
        <testcase classname="tests/unit/commands/normalize.test.ts" name="buildCommandEnvelope &gt; throws for a blocked tool pattern" time="0.000375229">
        </testcase>
        <testcase classname="tests/unit/commands/normalize.test.ts" name="buildCommandEnvelope &gt; throws for an unsupported tool" time="0.000244863">
        </testcase>
        <testcase classname="tests/unit/commands/normalize.test.ts" name="buildCommandEnvelope &gt; idempotency digest is sha256-prefixed" time="0.000293391">
        </testcase>
        <testcase classname="tests/unit/commands/normalize.test.ts" name="isExpired &gt; returns true when expiresAt is in the past" time="0.000162202">
        </testcase>
        <testcase classname="tests/unit/commands/normalize.test.ts" name="isExpired &gt; returns false when expiresAt is in the future" time="0.000090488">
        </testcase>
        <testcase classname="tests/unit/commands/normalize.test.ts" name="isExpired &gt; returns true when expiresAt equals now" time="0.000103912">
        </testcase>
    </testsuite>
    <testsuite name="tests/unit/components/decision-explainer.test.tsx" timestamp="2026-06-29T13:05:58.563Z" hostname="vm" tests="13" failures="0" errors="0" skipped="0" time="0.02348496">
        <testcase classname="tests/unit/components/decision-explainer.test.tsx" name="DecisionExplainer &gt; explains a BLOCK with a fix path and surfaces the real reason" time="0.009364184">
        </testcase>
        <testcase classname="tests/unit/components/decision-explainer.test.tsx" name="DecisionExplainer &gt; explains a STABILIZE as flagged-for-review with approval path" time="0.001244144">
        </testcase>
        <testcase classname="tests/unit/components/decision-explainer.test.tsx" name="DecisionExplainer &gt; explains an ALLOW as passed" time="0.000711599">
        </testcase>
        <testcase classname="tests/unit/components/decision-explainer.test.tsx" name="DecisionExplainer &gt; renders an optional numeric risk score and policy version" time="0.001083982">
        </testcase>
        <testcase classname="tests/unit/components/decision-explainer.test.tsx" name="DecisionExplainer &gt; omits the risk score row when none is provided" time="0.00183216">
        </testcase>
        <testcase classname="tests/unit/components/decision-explainer.test.tsx" name="DecisionExplainer &gt; maps gateway decision pass to the right explanation" time="0.001051969">
        </testcase>
        <testcase classname="tests/unit/components/decision-explainer.test.tsx" name="DecisionExplainer &gt; maps gateway decision allowed to the right explanation" time="0.000774298">
        </testcase>
        <testcase classname="tests/unit/components/decision-explainer.test.tsx" name="DecisionExplainer &gt; maps gateway decision review to the right explanation" time="0.000683969">
        </testcase>
        <testcase classname="tests/unit/components/decision-explainer.test.tsx" name="DecisionExplainer &gt; maps gateway decision needs_review to the right explanation" time="0.001887702">
        </testcase>
        <testcase classname="tests/unit/components/decision-explainer.test.tsx" name="DecisionExplainer &gt; maps gateway decision manual_review to the right explanation" time="0.000771337">
        </testcase>
        <testcase classname="tests/unit/components/decision-explainer.test.tsx" name="DecisionExplainer &gt; maps gateway decision deny to the right explanation" time="0.00065297">
        </testcase>
        <testcase classname="tests/unit/components/decision-explainer.test.tsx" name="DecisionExplainer &gt; maps gateway decision denied to the right explanation" time="0.000938306">
        </testcase>
        <testcase classname="tests/unit/components/decision-explainer.test.tsx" name="DecisionExplainer &gt; maps gateway decision blocked to the right explanation" time="0.001073273">
        </testcase>
    </testsuite>
    <testsuite name="tests/unit/defi/custodial-wallet.test.ts" timestamp="2026-06-29T13:05:58.566Z" hostname="vm" tests="8" failures="0" errors="0" skipped="0" time="0.005959076">
        <testcase classname="tests/unit/defi/custodial-wallet.test.ts" name="getCustodialAddress &gt; returns env value when set" time="0.001769706">
        </testcase>
        <testcase classname="tests/unit/defi/custodial-wallet.test.ts" name="getCustodialAddress &gt; returns &apos;&apos; when env is not set" time="0.000265225">
        </testcase>
        <testcase classname="tests/unit/defi/custodial-wallet.test.ts" name="verifyWalletSignature &gt; extracts address from message when DEFI_DEV_MODE=true" time="0.000357844">
        </testcase>
        <testcase classname="tests/unit/defi/custodial-wallet.test.ts" name="verifyWalletSignature &gt; returns null when pattern is missing in dev mode" time="0.000223925">
        </testcase>
        <testcase classname="tests/unit/defi/custodial-wallet.test.ts" name="verifyWalletSignature &gt; returns null when DEFI_DEV_MODE is not set" time="0.000219505">
        </testcase>
        <testcase classname="tests/unit/defi/custodial-wallet.test.ts" name="sendWithdrawal &gt; returns simulated:true and empty txHash when no private key" time="0.000318935">
        </testcase>
        <testcase classname="tests/unit/defi/custodial-wallet.test.ts" name="sendWithdrawal &gt; does not throw even without private key" time="0.000849237">
        </testcase>
        <testcase classname="tests/unit/defi/custodial-wallet.test.ts" name="sendWithdrawal &gt; returns a non-empty txHash when private key is set (simulated mode)" time="0.000237273">
        </testcase>
    </testsuite>
    <testsuite name="tests/unit/defi/on-chain-executor.test.ts" timestamp="2026-06-29T13:05:58.568Z" hostname="vm" tests="3" failures="0" errors="0" skipped="0" time="0.004870667">
        <testcase classname="tests/unit/defi/on-chain-executor.test.ts" name="executeRebalance &gt; returns ok:false with simulated:true when private key is missing" time="0.001538746">
        </testcase>
        <testcase classname="tests/unit/defi/on-chain-executor.test.ts" name="executeRebalance &gt; returns ok:true with simulated:true when private key is set" time="0.001466145">
            <system-out>
[yield-optimizer] SIMULATED rebalance: {&quot;fromProtocol&quot;:&quot;kub-lend&quot;,&quot;toProtocol&quot;:&quot;kub-liquid-stake&quot;,&quot;amountUSD&quot;:500,&quot;walletAddress&quot;:&quot;0xWallet&quot;}

            </system-out>
        </testcase>
        <testcase classname="tests/unit/defi/on-chain-executor.test.ts" name="executeRebalance &gt; does not throw regardless of env state" time="0.000564257">
        </testcase>
    </testsuite>
    <testsuite name="tests/unit/defi/protocols.test.ts" timestamp="2026-06-29T13:05:58.569Z" hostname="vm" tests="10" failures="0" errors="0" skipped="0" time="0.007947583">
        <testcase classname="tests/unit/defi/protocols.test.ts" name="getLiquidStakeApy &gt; returns available:false when contract address env is not set" time="0.001841613">
        </testcase>
        <testcase classname="tests/unit/defi/protocols.test.ts" name="getLiquidStakeApy &gt; converts basis points to percent on valid call" time="0.000762566">
        </testcase>
        <testcase classname="tests/unit/defi/protocols.test.ts" name="getLiquidStakeApy &gt; returns apyPct:0 via safeApy when RPC throws" time="0.000417056">
        </testcase>
        <testcase classname="tests/unit/defi/protocols.test.ts" name="getKubLendApy &gt; returns available:false when contract address env is not set" time="0.000296543">
        </testcase>
        <testcase classname="tests/unit/defi/protocols.test.ts" name="getKubLendApy &gt; converts basis points to percent on valid call" time="0.000436336">
        </testcase>
        <testcase classname="tests/unit/defi/protocols.test.ts" name="getKubLendApy &gt; returns apyPct:0 when RPC throws" time="0.000419646">
        </testcase>
        <testcase classname="tests/unit/defi/protocols.test.ts" name="getKubswapLpApy &gt; returns available:false when contract address env is not set" time="0.000251478">
        </testcase>
        <testcase classname="tests/unit/defi/protocols.test.ts" name="getKubswapLpApy &gt; converts basis points to percent on valid call" time="0.000211094">
        </testcase>
        <testcase classname="tests/unit/defi/protocols.test.ts" name="getAllYields &gt; returns 3-element array when all protocols succeed" time="0.001134221">
        </testcase>
        <testcase classname="tests/unit/defi/protocols.test.ts" name="getAllYields &gt; returns 3 elements with all unavailable when no env vars set" time="0.00037436">
        </testcase>
    </testsuite>
    <testsuite name="tests/unit/defi/rpc.test.ts" timestamp="2026-06-29T13:05:58.571Z" hostname="vm" tests="12" failures="0" errors="0" skipped="0" time="0.009622355">
        <testcase classname="tests/unit/defi/rpc.test.ts" name="decodeUint256 &gt; returns 0n for empty 0x" time="0.003014393">
        </testcase>
        <testcase classname="tests/unit/defi/rpc.test.ts" name="decodeUint256 &gt; parses a valid hex value" time="0.000293431">
        </testcase>
        <testcase classname="tests/unit/defi/rpc.test.ts" name="decodeUint256 &gt; handles 0x0" time="0.000144244">
        </testcase>
        <testcase classname="tests/unit/defi/rpc.test.ts" name="encodeSelector &gt; returns correct selector for annualRewardRate()" time="0.000229422">
        </testcase>
        <testcase classname="tests/unit/defi/rpc.test.ts" name="encodeSelector &gt; returns correct selector for getSupplyApy()" time="0.000257494">
        </testcase>
        <testcase classname="tests/unit/defi/rpc.test.ts" name="encodeSelector &gt; returns correct selector for getLpApy()" time="0.000178227">
        </testcase>
        <testcase classname="tests/unit/defi/rpc.test.ts" name="encodeSelector &gt; returns 0x00000000 for unknown signature" time="0.000125318">
        </testcase>
        <testcase classname="tests/unit/defi/rpc.test.ts" name="ethCall &gt; returns result on success" time="0.001067988">
        </testcase>
        <testcase classname="tests/unit/defi/rpc.test.ts" name="ethCall &gt; throws when response contains error field" time="0.001522394">
        </testcase>
        <testcase classname="tests/unit/defi/rpc.test.ts" name="ethCall &gt; returns &apos;0x0&apos; when result is missing" time="0.000356156">
        </testcase>
        <testcase classname="tests/unit/defi/rpc.test.ts" name="ethGetBalance &gt; parses balance as bigint" time="0.000349268">
        </testcase>
        <testcase classname="tests/unit/defi/rpc.test.ts" name="ethGetBalance &gt; returns 0n when result is missing" time="0.000346186">
        </testcase>
    </testsuite>
    <testsuite name="tests/unit/defi/yield-optimizer.test.ts" timestamp="2026-06-29T13:05:58.575Z" hostname="vm" tests="13" failures="0" errors="0" skipped="0" time="0.015579297">
        <testcase classname="tests/unit/defi/yield-optimizer.test.ts" name="runYieldOptimizer &gt; returns action:&apos;disabled&apos; when YIELD_OPTIMIZER_ENABLED is not set" time="0.004090385">
        </testcase>
        <testcase classname="tests/unit/defi/yield-optimizer.test.ts" name="runYieldOptimizer &gt; returns action:&apos;error&apos; when KUB_WALLET_ADDRESS is not set" time="0.000841411">
        </testcase>
        <testcase classname="tests/unit/defi/yield-optimizer.test.ts" name="runYieldOptimizer &gt; returns action:&apos;no_position&apos; when no active position" time="0.00063336">
        </testcase>
        <testcase classname="tests/unit/defi/yield-optimizer.test.ts" name="runYieldOptimizer &gt; returns action:&apos;hold&apos; when APY gain is below threshold" time="0.000511225">
        </testcase>
        <testcase classname="tests/unit/defi/yield-optimizer.test.ts" name="runYieldOptimizer &gt; returns action:&apos;blocked&apos; when Z3 validation rejects the transaction" time="0.000739715">
        </testcase>
        <testcase classname="tests/unit/defi/yield-optimizer.test.ts" name="runYieldOptimizer &gt; returns action:&apos;rebalance&apos; when all conditions are met" time="0.001896023">
        </testcase>
        <testcase classname="tests/unit/defi/yield-optimizer.test.ts" name="runYieldOptimizer &gt; returns action:&apos;error&apos; when executeRebalance fails" time="0.000562982">
        </testcase>
        <testcase classname="tests/unit/defi/yield-optimizer.test.ts" name="runYieldOptimizerForAllUsers &gt; returns empty userUpdates when optimizer is disabled" time="0.001020684">
        </testcase>
        <testcase classname="tests/unit/defi/yield-optimizer.test.ts" name="runYieldOptimizerForAllUsers &gt; returns empty userUpdates when accounts array is empty" time="0.00063443">
        </testcase>
        <testcase classname="tests/unit/defi/yield-optimizer.test.ts" name="runYieldOptimizerForAllUsers &gt; returns empty userUpdates when totalPool &lt;= 0" time="0.000515079">
        </testcase>
        <testcase classname="tests/unit/defi/yield-optimizer.test.ts" name="runYieldOptimizerForAllUsers &gt; distributes yield proportionally for 2 users (60%/40% split)" time="0.001378068">
        </testcase>
        <testcase classname="tests/unit/defi/yield-optimizer.test.ts" name="runYieldOptimizerForAllUsers &gt; skips users with deposit &lt;= 0" time="0.000521153">
        </testcase>
        <testcase classname="tests/unit/defi/yield-optimizer.test.ts" name="runYieldOptimizerForAllUsers &gt; distributes yield on &apos;hold&apos; action (not just rebalance)" time="0.000571383">
        </testcase>
    </testsuite>
    <testsuite name="tests/unit/dsg/automation-controller.test.ts" timestamp="2026-06-29T13:05:58.579Z" hostname="vm" tests="13" failures="0" errors="0" skipped="0" time="0.025319291">
        <testcase classname="tests/unit/dsg/automation-controller.test.ts" name="DSG automation controller &gt; passes a fully evidenced low-risk agent action through the real deterministic gate scaffold" time="0.013795703">
        </testcase>
        <testcase classname="tests/unit/dsg/automation-controller.test.ts" name="DSG automation controller &gt; does not pass high-risk action when required approval is missing" time="0.002285614">
        </testcase>
        <testcase classname="tests/unit/dsg/automation-controller.test.ts" name="DSG automation controller &gt; blocks unsupported evidence from becoming a passing consumer-facing decision" time="0.000818678">
        </testcase>
        <testcase classname="tests/unit/dsg/automation-controller.test.ts" name="production readiness proof boundary &gt; sets productionReadyClaim true for a complete PASS proof" time="0.0005399">
        </testcase>
        <testcase classname="tests/unit/dsg/automation-controller.test.ts" name="production readiness proof boundary &gt; keeps productionReadyClaim false when any constraint fails" time="0.000447738">
        </testcase>
        <testcase classname="tests/unit/dsg/automation-controller.test.ts" name="production readiness proof boundary &gt; returns false when proof is missing nonce" time="0.000700397">
        </testcase>
        <testcase classname="tests/unit/dsg/automation-controller.test.ts" name="production readiness proof boundary &gt; returns false when proof is missing idempotencyKey" time="0.002858245">
        </testcase>
        <testcase classname="tests/unit/dsg/automation-controller.test.ts" name="production readiness proof boundary &gt; returns false for missing policyVersion" time="0.000388651">
        </testcase>
        <testcase classname="tests/unit/dsg/automation-controller.test.ts" name="production readiness proof boundary &gt; returns false for missing constraintSetHash" time="0.000555563">
        </testcase>
        <testcase classname="tests/unit/dsg/automation-controller.test.ts" name="production readiness proof boundary &gt; returns false for missing proofHash" time="0.000307488">
        </testcase>
        <testcase classname="tests/unit/dsg/automation-controller.test.ts" name="production readiness proof boundary &gt; returns false when solver.version is missing" time="0.000415428">
        </testcase>
        <testcase classname="tests/unit/dsg/automation-controller.test.ts" name="production readiness proof boundary &gt; returns false for empty constraints" time="0.000247728">
        </testcase>
        <testcase classname="tests/unit/dsg/automation-controller.test.ts" name="production readiness proof boundary &gt; keeps disallowed external/compliance boundary claims false" time="0.000417652">
        </testcase>
    </testsuite>
    <testsuite name="tests/unit/dsg/breach-signal-policy.test.ts" timestamp="2026-06-29T13:05:58.583Z" hostname="vm" tests="5" failures="0" errors="0" skipped="0" time="0.005353745">
        <testcase classname="tests/unit/dsg/breach-signal-policy.test.ts" name="breach signal policy gate &gt; blocks when raw stolen data or full dumps are included" time="0.002308281">
        </testcase>
        <testcase classname="tests/unit/dsg/breach-signal-policy.test.ts" name="breach signal policy gate &gt; blocks autonomous Tor access even when the purpose looks legitimate" time="0.000541721">
        </testcase>
        <testcase classname="tests/unit/dsg/breach-signal-policy.test.ts" name="breach signal policy gate &gt; allows only review for masked evidence without owner confirmation" time="0.00034803">
        </testcase>
        <testcase classname="tests/unit/dsg/breach-signal-policy.test.ts" name="breach signal policy gate &gt; allows incident report only after owner confirmation or stronger evidence" time="0.000307997">
        </testcase>
        <testcase classname="tests/unit/dsg/breach-signal-policy.test.ts" name="breach signal policy gate &gt; blocks cases without owner scope or legal purpose" time="0.000375756">
        </testcase>
    </testsuite>
    <testsuite name="tests/unit/dsg/execution-role-boundary.test.ts" timestamp="2026-06-29T13:05:58.584Z" hostname="vm" tests="7" failures="0" errors="0" skipped="0" time="0.009832097">
        <testcase classname="tests/unit/dsg/execution-role-boundary.test.ts" name="Hermes / Nango / DSG execution boundary &gt; allows Hermes to execute plan-authorized work when DSG evidence gates are satisfied" time="0.001778876">
        </testcase>
        <testcase classname="tests/unit/dsg/execution-role-boundary.test.ts" name="Hermes / Nango / DSG execution boundary &gt; denies Hermes when real credentials are required instead of routing through Nango" time="0.001083547">
        </testcase>
        <testcase classname="tests/unit/dsg/execution-role-boundary.test.ts" name="Hermes / Nango / DSG execution boundary &gt; allows Nango to hold credentials and connect real APIs without making approval decisions" time="0.000213027">
        </testcase>
        <testcase classname="tests/unit/dsg/execution-role-boundary.test.ts" name="Hermes / Nango / DSG execution boundary &gt; denies Nango when it attempts to plan or approve" time="0.000344811">
        </testcase>
        <testcase classname="tests/unit/dsg/execution-role-boundary.test.ts" name="Hermes / Nango / DSG execution boundary &gt; allows DSG to verify scope and record audit/evidence but denies work outside the approved plan" time="0.000254742">
        </testcase>
        <testcase classname="tests/unit/dsg/execution-role-boundary.test.ts" name="Hermes / Nango / DSG execution boundary &gt; does not let DSG block a plan-authorized aligned action with audit and evidence available" time="0.000149758">
        </testcase>
        <testcase classname="tests/unit/dsg/execution-role-boundary.test.ts" name="Hermes / Nango / DSG execution boundary &gt; requires user takeover for DSG approval when approval is not yet satisfied" time="0.000230758">
        </testcase>
    </testsuite>
    <testsuite name="tests/unit/dsg/planner-generate.test.ts" timestamp="2026-06-29T13:05:58.587Z" hostname="vm" tests="2" failures="0" errors="0" skipped="0" time="0.003916642">
        <testcase classname="tests/unit/dsg/planner-generate.test.ts" name="dsg planner generate &gt; validates planner input" time="0.001373226">
        </testcase>
        <testcase classname="tests/unit/dsg/planner-generate.test.ts" name="dsg planner generate &gt; validates draft plan schema" time="0.000528191">
        </testcase>
    </testsuite>
    <testsuite name="tests/unit/dsg-brain/credential-lease-isolation.test.ts" timestamp="2026-06-29T13:05:58.587Z" hostname="vm" tests="9" failures="0" errors="0" skipped="0" time="0.011436342">
        <testcase classname="tests/unit/dsg-brain/credential-lease-isolation.test.ts" name="brokerCredentials — raw secret value is never returned &gt; does NOT expose the raw secret string in JSON-serialised result" time="0.002670208">
        </testcase>
        <testcase classname="tests/unit/dsg-brain/credential-lease-isolation.test.ts" name="brokerCredentials — raw secret value is never returned &gt; returned lease redactionFingerprint equals SHA-256 hex of the secret value" time="0.001323743">
        </testcase>
        <testcase classname="tests/unit/dsg-brain/credential-lease-isolation.test.ts" name="brokerCredentials — lease has required fields &gt; lease has secretName, leaseId, redactionFingerprint, expiresAt, maxRenewals fields" time="0.001367313">
        </testcase>
        <testcase classname="tests/unit/dsg-brain/credential-lease-isolation.test.ts" name="brokerCredentials — lease has required fields &gt; lease is initially valid and has zero renewals" time="0.00038805">
        </testcase>
        <testcase classname="tests/unit/dsg-brain/credential-lease-isolation.test.ts" name="brokerCredentials — unavailable secrets list &gt; adds missing secret to unavailable when Supabase returns empty array" time="0.00071517">
        </testcase>
        <testcase classname="tests/unit/dsg-brain/credential-lease-isolation.test.ts" name="brokerCredentials — unavailable secrets list &gt; adds only unfound secrets to unavailable when some are found" time="0.000475689">
        </testcase>
        <testcase classname="tests/unit/dsg-brain/credential-lease-isolation.test.ts" name="brokerCredentials — unavailable secrets list &gt; returns empty leases and unavailable when secretNames is empty" time="0.000417012">
        </testcase>
        <testcase classname="tests/unit/dsg-brain/credential-lease-isolation.test.ts" name="brokerCredentials — multiple secrets in one batch &gt; brokers multiple secrets in a single Supabase query" time="0.000626168">
        </testcase>
        <testcase classname="tests/unit/dsg-brain/credential-lease-isolation.test.ts" name="brokerCredentials — DB error propagation &gt; throws when Supabase returns an error" time="0.001617852">
        </testcase>
    </testsuite>
    <testsuite name="tests/unit/email/sales.test.ts" timestamp="2026-06-29T13:05:58.590Z" hostname="vm" tests="7" failures="0" errors="0" skipped="0" time="0.027531351">
        <testcase classname="tests/unit/email/sales.test.ts" name="sendLeadWelcome &gt; sends to the provided email with a non-empty subject" time="0.002906644">
        </testcase>
        <testcase classname="tests/unit/email/sales.test.ts" name="sendQuotaAlert &gt; includes planKey and email in the call" time="0.015578165">
        </testcase>
        <testcase classname="tests/unit/email/sales.test.ts" name="sendTrialWelcome &gt; includes the formatted trial end date in the html body" time="0.004761935">
        </testcase>
        <testcase classname="tests/unit/email/sales.test.ts" name="sendTrialWelcome &gt; handles null trialEnd without throwing" time="0.001093186">
        </testcase>
        <testcase classname="tests/unit/email/sales.test.ts" name="sendFounderAlertFirstBlock &gt; sends to FOUNDER_EMAIL and includes orgId and reason in html" time="0.000552151">
        </testcase>
        <testcase classname="tests/unit/email/sales.test.ts" name="sendFounderAlertFirstBlock &gt; does not send when FOUNDER_EMAIL is not set" time="0.000437491">
        </testcase>
        <testcase classname="tests/unit/email/sales.test.ts" name="fire-and-forget safety (no RESEND_API_KEY) &gt; does not throw when RESEND_API_KEY is missing" time="0.000376744">
        </testcase>
    </testsuite>
    <testsuite name="tests/unit/enterprise/proof-runtime.test.ts" timestamp="2026-06-29T13:05:58.592Z" hostname="vm" tests="3" failures="0" errors="0" skipped="0" time="0.081984686">
        <testcase classname="tests/unit/enterprise/proof-runtime.test.ts" name="enterprise runtime proof &gt; summarizes verified runtime report verdict safely" time="0.074034362">
        </testcase>
        <testcase classname="tests/unit/enterprise/proof-runtime.test.ts" name="enterprise runtime proof &gt; does not emit verified when critical runtime source is unavailable" time="0.000491187">
        </testcase>
        <testcase classname="tests/unit/enterprise/proof-runtime.test.ts" name="enterprise runtime proof &gt; builds runtime report with explicit gaps when data missing" time="0.006201544">
        </testcase>
    </testsuite>
    <testsuite name="tests/unit/gate/answer-gate-evaluator.test.ts" timestamp="2026-06-29T13:05:58.593Z" hostname="vm" tests="28" failures="0" errors="0" skipped="0" time="0.007833698">
        <testcase classname="tests/unit/gate/answer-gate-evaluator.test.ts" name="computeEvidenceComplete &gt; requires all 7 proofs for production claim" time="0.00134661">
        </testcase>
        <testcase classname="tests/unit/gate/answer-gate-evaluator.test.ts" name="computeEvidenceComplete &gt; requires deployment+healthcheck for deployment claim" time="0.000318319">
        </testcase>
        <testcase classname="tests/unit/gate/answer-gate-evaluator.test.ts" name="computeEvidenceComplete &gt; requires deployment+healthcheck for mainnet claim" time="0.000155145">
        </testcase>
        <testcase classname="tests/unit/gate/answer-gate-evaluator.test.ts" name="computeEvidenceComplete &gt; requires test_proof_present for tests-passed claim" time="0.000129261">
        </testcase>
        <testcase classname="tests/unit/gate/answer-gate-evaluator.test.ts" name="computeEvidenceComplete &gt; requires audit_valid for audit claim" time="0.000202832">
        </testcase>
        <testcase classname="tests/unit/gate/answer-gate-evaluator.test.ts" name="computeEvidenceComplete &gt; requires solver_run_present for z3 claim" time="0.000219274">
        </testcase>
        <testcase classname="tests/unit/gate/answer-gate-evaluator.test.ts" name="computeEvidenceComplete &gt; requires all 3 for enterprise claim" time="0.000326112">
        </testcase>
        <testcase classname="tests/unit/gate/answer-gate-evaluator.test.ts" name="computeEvidenceComplete &gt; falls through to has_verified_source when no claim flags set" time="0.000172972">
        </testcase>
        <testcase classname="tests/unit/gate/answer-gate-evaluator.test.ts" name="evaluateAnswerGate — BLOCK_UNSUPPORTED_CLAIM &gt; blocks production claim without proof chain" time="0.000401512">
        </testcase>
        <testcase classname="tests/unit/gate/answer-gate-evaluator.test.ts" name="evaluateAnswerGate — BLOCK_UNSUPPORTED_CLAIM &gt; blocks deployment claim without deployment+healthcheck proofs" time="0.000174012">
        </testcase>
        <testcase classname="tests/unit/gate/answer-gate-evaluator.test.ts" name="evaluateAnswerGate — BLOCK_UNSUPPORTED_CLAIM &gt; blocks tests-passed claim without test proof" time="0.000144174">
        </testcase>
        <testcase classname="tests/unit/gate/answer-gate-evaluator.test.ts" name="evaluateAnswerGate — BLOCK_UNSUPPORTED_CLAIM &gt; blocks audit claim without valid audit" time="0.000116603">
        </testcase>
        <testcase classname="tests/unit/gate/answer-gate-evaluator.test.ts" name="evaluateAnswerGate — BLOCK_UNSUPPORTED_CLAIM &gt; blocks z3 claim without solver run" time="0.000101774">
        </testcase>
        <testcase classname="tests/unit/gate/answer-gate-evaluator.test.ts" name="evaluateAnswerGate — BLOCK_UNSUPPORTED_CLAIM &gt; blocks mainnet claim without deployment+healthcheck" time="0.000156171">
        </testcase>
        <testcase classname="tests/unit/gate/answer-gate-evaluator.test.ts" name="evaluateAnswerGate — BLOCK_UNSUPPORTED_CLAIM &gt; blocks revenue claim without revenue evidence" time="0.000127583">
        </testcase>
        <testcase classname="tests/unit/gate/answer-gate-evaluator.test.ts" name="evaluateAnswerGate — BLOCK_UNSUPPORTED_CLAIM &gt; blocks security claim without security audit" time="0.00010907">
        </testcase>
        <testcase classname="tests/unit/gate/answer-gate-evaluator.test.ts" name="evaluateAnswerGate — BLOCK_UNSUPPORTED_CLAIM &gt; blocks enterprise claim when audit_valid is false" time="0.000142249">
        </testcase>
        <testcase classname="tests/unit/gate/answer-gate-evaluator.test.ts" name="evaluateAnswerGate — NEED_TOOL_VERIFICATION &gt; needs verification for current info without verified source" time="0.000124652">
        </testcase>
        <testcase classname="tests/unit/gate/answer-gate-evaluator.test.ts" name="evaluateAnswerGate — NEED_TOOL_VERIFICATION &gt; needs verification for user-facing claim without verified source" time="0.000118768">
        </testcase>
        <testcase classname="tests/unit/gate/answer-gate-evaluator.test.ts" name="evaluateAnswerGate — SPLIT_VERIFIED_AND_INFERRED &gt; splits when inference present with verified source" time="0.000110882">
        </testcase>
        <testcase classname="tests/unit/gate/answer-gate-evaluator.test.ts" name="evaluateAnswerGate — SPLIT_VERIFIED_AND_INFERRED &gt; splits when speculation present with verified source and no blocking claim" time="0.000101121">
        </testcase>
        <testcase classname="tests/unit/gate/answer-gate-evaluator.test.ts" name="evaluateAnswerGate — SPLIT_VERIFIED_AND_INFERRED &gt; does not split when block_unsupported_claim overrides" time="0.000136429">
        </testcase>
        <testcase classname="tests/unit/gate/answer-gate-evaluator.test.ts" name="evaluateAnswerGate — ANSWER_VERIFIED &gt; verifies when question and verified source present, no claims" time="0.000111516">
        </testcase>
        <testcase classname="tests/unit/gate/answer-gate-evaluator.test.ts" name="evaluateAnswerGate — ANSWER_VERIFIED &gt; verifies production claim when all 7 proofs present" time="0.000114874">
        </testcase>
        <testcase classname="tests/unit/gate/answer-gate-evaluator.test.ts" name="evaluateAnswerGate — ANSWER_VERIFIED &gt; verifies z3 claim with solver run present" time="0.000092778">
        </testcase>
        <testcase classname="tests/unit/gate/answer-gate-evaluator.test.ts" name="evaluateAnswerGate — ANSWER_WITH_LIMITS &gt; answers with limits when no verified source" time="0.000108759">
        </testcase>
        <testcase classname="tests/unit/gate/answer-gate-evaluator.test.ts" name="evaluateAnswerGate — NEED_REVIEW &gt; needs review when no user question and no facts" time="0.000119103">
        </testcase>
        <testcase classname="tests/unit/gate/answer-gate-evaluator.test.ts" name="evidence_complete override guard &gt; ignores caller-supplied evidence_complete and recomputes it" time="0.000130068">
        </testcase>
    </testsuite>
    <testsuite name="tests/unit/gate/answer-gate-streaming.test.ts" timestamp="2026-06-29T13:05:58.601Z" hostname="vm" tests="12" failures="0" errors="0" skipped="0" time="0.009489339">
        <testcase classname="tests/unit/gate/answer-gate-streaming.test.ts" name="detectClaimsInReply — production claim detection &gt; detects production-ready claim in text" time="0.003118043">
        </testcase>
        <testcase classname="tests/unit/gate/answer-gate-streaming.test.ts" name="detectClaimsInReply — production claim detection &gt; detects &apos;running in production&apos; claim" time="0.001318632">
        </testcase>
        <testcase classname="tests/unit/gate/answer-gate-streaming.test.ts" name="detectClaimsInReply — production claim detection &gt; detects &apos;deployed to production&apos; claim" time="0.00025171">
        </testcase>
        <testcase classname="tests/unit/gate/answer-gate-streaming.test.ts" name="detectClaimsInReply — production claim detection &gt; does NOT detect production claim when text contains no such phrase" time="0.000145329">
        </testcase>
        <testcase classname="tests/unit/gate/answer-gate-streaming.test.ts" name="detectClaimsInReply — evaluateAnswerGate returns BLOCK_UNSUPPORTED_CLAIM when no evidence + production claim &gt; blocks when production claim detected and no evidence provided" time="0.000434407">
        </testcase>
        <testcase classname="tests/unit/gate/answer-gate-streaming.test.ts" name="detectClaimsInReply — evaluateAnswerGate returns BLOCK_UNSUPPORTED_CLAIM when no evidence + production claim &gt; blocks deployment claim when no deployment or healthcheck proof" time="0.000212774">
        </testcase>
        <testcase classname="tests/unit/gate/answer-gate-streaming.test.ts" name="detectClaimsInReply — gate result has correct structure { decision, allowed, claims_detected } &gt; returned gate result has correct structure" time="0.0006547">
        </testcase>
        <testcase classname="tests/unit/gate/answer-gate-streaming.test.ts" name="detectClaimsInReply — text with NO claims returns ALLOW decision &gt; plain factual reply without claims yields allowed=true decision" time="0.00025166">
        </testcase>
        <testcase classname="tests/unit/gate/answer-gate-streaming.test.ts" name="detectClaimsInReply — text with NO claims returns ALLOW decision &gt; plain factual reply is never BLOCK_UNSUPPORTED_CLAIM" time="0.000869607">
        </testcase>
        <testcase classname="tests/unit/gate/answer-gate-streaming.test.ts" name="detectClaimsInReply — text with verified code snippet (```curl```) gets different treatment &gt; text with backtick curl command is treated as having a verified source" time="0.000171292">
        </testcase>
        <testcase classname="tests/unit/gate/answer-gate-streaming.test.ts" name="detectClaimsInReply — text with verified code snippet (```curl```) gets different treatment &gt; curl snippet reply with a production claim still blocks if no full proof chain" time="0.000143442">
        </testcase>
        <testcase classname="tests/unit/gate/answer-gate-streaming.test.ts" name="detectClaimsInReply — text with verified code snippet (```curl```) gets different treatment &gt; curl snippet reply without any strong claim and executedSteps=true allows response" time="0.000141284">
        </testcase>
    </testsuite>
    <testsuite name="tests/unit/gate/defi-validator.test.ts" timestamp="2026-06-29T13:05:58.604Z" hostname="vm" tests="12" failures="0" errors="0" skipped="0" time="0.00662531">
        <testcase classname="tests/unit/gate/defi-validator.test.ts" name="validateDeFiTransaction — happy path &gt; returns ok for a valid transaction" time="0.001677246">
        </testcase>
        <testcase classname="tests/unit/gate/defi-validator.test.ts" name="validateDeFiTransaction — happy path &gt; allows amount exactly at single-tx limit (boundary)" time="0.000300348">
        </testcase>
        <testcase classname="tests/unit/gate/defi-validator.test.ts" name="validateDeFiTransaction — happy path &gt; allows slippage exactly at max (boundary)" time="0.000170941">
        </testcase>
        <testcase classname="tests/unit/gate/defi-validator.test.ts" name="validateDeFiTransaction — happy path &gt; allows all whitelisted token pairs and protocols" time="0.001036737">
        </testcase>
        <testcase classname="tests/unit/gate/defi-validator.test.ts" name="validateDeFiTransaction — Theorem 6: amount bounds &gt; blocks zero amount" time="0.000243962">
        </testcase>
        <testcase classname="tests/unit/gate/defi-validator.test.ts" name="validateDeFiTransaction — Theorem 6: amount bounds &gt; blocks negative amount" time="0.000206925">
        </testcase>
        <testcase classname="tests/unit/gate/defi-validator.test.ts" name="validateDeFiTransaction — Theorem 6: amount bounds &gt; blocks amount exceeding single-tx limit" time="0.000179488">
        </testcase>
        <testcase classname="tests/unit/gate/defi-validator.test.ts" name="validateDeFiTransaction — Theorem 6: amount bounds &gt; blocks when daily cumulative exceeds maxDailyUSD" time="0.000177723">
        </testcase>
        <testcase classname="tests/unit/gate/defi-validator.test.ts" name="validateDeFiTransaction — Theorem 7: slippage bound &gt; blocks slippage exceeding maxSlippageBps" time="0.000329048">
        </testcase>
        <testcase classname="tests/unit/gate/defi-validator.test.ts" name="validateDeFiTransaction — allowlists &gt; blocks unknown tokenIn" time="0.000203813">
        </testcase>
        <testcase classname="tests/unit/gate/defi-validator.test.ts" name="validateDeFiTransaction — allowlists &gt; blocks unknown tokenOut" time="0.000168604">
        </testcase>
        <testcase classname="tests/unit/gate/defi-validator.test.ts" name="validateDeFiTransaction — allowlists &gt; blocks unknown protocol" time="0.000110842">
        </testcase>
    </testsuite>
    <testsuite name="tests/unit/gate/gateway-executor.test.ts" timestamp="2026-06-29T13:05:58.608Z" hostname="vm" tests="12" failures="0" errors="0" skipped="0" time="0.008120575">
        <testcase classname="tests/unit/gate/gateway-executor.test.ts" name="normalizeGatewayToolRequest &gt; reads fields from body" time="0.002166088">
        </testcase>
        <testcase classname="tests/unit/gate/gateway-executor.test.ts" name="normalizeGatewayToolRequest &gt; falls back to headers when body fields are empty" time="0.000803623">
        </testcase>
        <testcase classname="tests/unit/gate/gateway-executor.test.ts" name="normalizeGatewayToolRequest &gt; reads approvalToken from x-approval-token header" time="0.000327649">
        </testcase>
        <testcase classname="tests/unit/gate/gateway-executor.test.ts" name="normalizeGatewayToolRequest &gt; sanitizes non-object input to empty object" time="0.000569401">
        </testcase>
        <testcase classname="tests/unit/gate/gateway-executor.test.ts" name="normalizeGatewayToolRequest &gt; sanitizes array input to empty object" time="0.000332066">
        </testcase>
        <testcase classname="tests/unit/gate/gateway-executor.test.ts" name="executeGatewayTool &gt; returns block when tool is not found in registry" time="0.000595421">
        </testcase>
        <testcase classname="tests/unit/gate/gateway-executor.test.ts" name="executeGatewayTool &gt; returns review when approval required and no token" time="0.000264822">
        </testcase>
        <testcase classname="tests/unit/gate/gateway-executor.test.ts" name="executeGatewayTool &gt; calls provider and returns ok=true when policy allows" time="0.000356277">
        </testcase>
        <testcase classname="tests/unit/gate/gateway-executor.test.ts" name="executeGatewayTool &gt; returns block with error message when provider throws" time="0.000550738">
        </testcase>
        <testcase classname="tests/unit/gate/gateway-executor.test.ts" name="executeGatewayTool &gt; returns block when provider returns ok=false" time="0.000214484">
        </testcase>
        <testcase classname="tests/unit/gate/gateway-executor.test.ts" name="executeGatewayTool &gt; includes audit proof in every result" time="0.000175888">
        </testcase>
        <testcase classname="tests/unit/gate/gateway-executor.test.ts" name="executeGatewayTool &gt; does not call provider when policy blocks" time="0.000286069">
        </testcase>
    </testsuite>
    <testsuite name="tests/unit/gate/gateway-policy.test.ts" timestamp="2026-06-29T13:05:58.611Z" hostname="vm" tests="23" failures="0" errors="0" skipped="0" time="0.007012042">
        <testcase classname="tests/unit/gate/gateway-policy.test.ts" name="evaluateGatewayToolRequest &gt; allows a fully valid request" time="0.001324163">
        </testcase>
        <testcase classname="tests/unit/gate/gateway-policy.test.ts" name="evaluateGatewayToolRequest &gt; blocks when orgId is missing" time="0.000325469">
        </testcase>
        <testcase classname="tests/unit/gate/gateway-policy.test.ts" name="evaluateGatewayToolRequest &gt; blocks when actorId is missing" time="0.000193796">
        </testcase>
        <testcase classname="tests/unit/gate/gateway-policy.test.ts" name="evaluateGatewayToolRequest &gt; blocks when actorRole is missing" time="0.000187364">
        </testcase>
        <testcase classname="tests/unit/gate/gateway-policy.test.ts" name="evaluateGatewayToolRequest &gt; blocks when orgPlan is missing" time="0.000187485">
        </testcase>
        <testcase classname="tests/unit/gate/gateway-policy.test.ts" name="evaluateGatewayToolRequest &gt; blocks when tool is null (not registered)" time="0.000173802">
        </testcase>
        <testcase classname="tests/unit/gate/gateway-policy.test.ts" name="evaluateGatewayToolRequest &gt; blocks when tool action does not match request action" time="0.000149951">
        </testcase>
        <testcase classname="tests/unit/gate/gateway-policy.test.ts" name="evaluateGatewayToolRequest &gt; blocks when actorRole is not in WRITE_ROLES" time="0.000212466">
        </testcase>
        <testcase classname="tests/unit/gate/gateway-policy.test.ts" name="evaluateGatewayToolRequest &gt; allows actorRole &quot;owner&quot; (in WRITE_ROLES)" time="0.000318886">
        </testcase>
        <testcase classname="tests/unit/gate/gateway-policy.test.ts" name="evaluateGatewayToolRequest &gt; allows actorRole &quot;admin&quot; (in WRITE_ROLES)" time="0.000107654">
        </testcase>
        <testcase classname="tests/unit/gate/gateway-policy.test.ts" name="evaluateGatewayToolRequest &gt; allows actorRole &quot;finance_admin&quot; (in WRITE_ROLES)" time="0.000064746">
        </testcase>
        <testcase classname="tests/unit/gate/gateway-policy.test.ts" name="evaluateGatewayToolRequest &gt; allows actorRole &quot;finance_approver&quot; (in WRITE_ROLES)" time="0.000093485">
        </testcase>
        <testcase classname="tests/unit/gate/gateway-policy.test.ts" name="evaluateGatewayToolRequest &gt; allows actorRole &quot;agent_operator&quot; (in WRITE_ROLES)" time="0.000052106">
        </testcase>
        <testcase classname="tests/unit/gate/gateway-policy.test.ts" name="evaluateGatewayToolRequest &gt; blocks when orgPlan is not in EXECUTION_PLANS" time="0.000109124">
        </testcase>
        <testcase classname="tests/unit/gate/gateway-policy.test.ts" name="evaluateGatewayToolRequest &gt; allows plan &quot;pro&quot; (in EXECUTION_PLANS)" time="0.00008357">
        </testcase>
        <testcase classname="tests/unit/gate/gateway-policy.test.ts" name="evaluateGatewayToolRequest &gt; allows plan &quot;business&quot; (in EXECUTION_PLANS)" time="0.000055672">
        </testcase>
        <testcase classname="tests/unit/gate/gateway-policy.test.ts" name="evaluateGatewayToolRequest &gt; allows plan &quot;enterprise&quot; (in EXECUTION_PLANS)" time="0.000046885">
        </testcase>
        <testcase classname="tests/unit/gate/gateway-policy.test.ts" name="evaluateGatewayToolRequest &gt; returns review when requiresApproval=true and no token" time="0.000160737">
        </testcase>
        <testcase classname="tests/unit/gate/gateway-policy.test.ts" name="evaluateGatewayToolRequest &gt; allows when requiresApproval=true and approval token present" time="0.000098782">
        </testcase>
        <testcase classname="tests/unit/gate/gateway-policy.test.ts" name="evaluateGatewayToolRequest &gt; returns review when risk is critical even if requiresApproval=false" time="0.000107672">
        </testcase>
        <testcase classname="tests/unit/gate/gateway-policy.test.ts" name="evaluateGatewayToolRequest &gt; returns review when executionMode is critical" time="0.000110581">
        </testcase>
        <testcase classname="tests/unit/gate/gateway-policy.test.ts" name="evaluateGatewayToolRequest &gt; is case-insensitive for actorRole" time="0.000115346">
        </testcase>
        <testcase classname="tests/unit/gate/gateway-policy.test.ts" name="evaluateGatewayToolRequest &gt; is case-insensitive for orgPlan" time="0.000080002">
        </testcase>
    </testsuite>
    <testsuite name="tests/unit/gate/registry.test.ts" timestamp="2026-06-29T13:05:58.617Z" hostname="vm" tests="5" failures="0" errors="0" skipped="0" time="0.038604806">
        <testcase classname="tests/unit/gate/registry.test.ts" name="gate registry &gt; resolves risk-gate by default" time="0.014874771">
        </testcase>
        <testcase classname="tests/unit/gate/registry.test.ts" name="gate registry &gt; risk-gate returns BLOCK with proof_hash for high risk" time="0.007776207">
        </testcase>
        <testcase classname="tests/unit/gate/registry.test.ts" name="gate registry &gt; risk-gate returns ALLOW with proof_hash for low risk" time="0.006595637">
        </testcase>
        <testcase classname="tests/unit/gate/registry.test.ts" name="gate registry &gt; proof_hash is deterministic" time="0.003882837">
        </testcase>
        <testcase classname="tests/unit/gate/registry.test.ts" name="gate registry &gt; throws for unknown plugin id" time="0.00426551">
        </testcase>
    </testsuite>
    <testsuite name="tests/unit/gate/verified-constraints.test.ts" timestamp="2026-06-29T13:05:58.618Z" hostname="vm" tests="11" failures="0" errors="0" skipped="0" time="0.006555709">
        <testcase classname="tests/unit/gate/verified-constraints.test.ts" name="verified-constraints.json — structural invariants &gt; has semver version" time="0.001184642">
        </testcase>
        <testcase classname="tests/unit/gate/verified-constraints.test.ts" name="verified-constraints.json — structural invariants &gt; lists all 8 required theorems" time="0.001524624">
        </testcase>
        <testcase classname="tests/unit/gate/verified-constraints.test.ts" name="verified-constraints.json — structural invariants &gt; writeRoles matches policy.ts WRITE_ROLES" time="0.000652328">
        </testcase>
        <testcase classname="tests/unit/gate/verified-constraints.test.ts" name="verified-constraints.json — structural invariants &gt; executionPlans matches policy.ts EXECUTION_PLANS" time="0.000211873">
        </testcase>
        <testcase classname="tests/unit/gate/verified-constraints.test.ts" name="verified-constraints.json — DeFi bounds &gt; maxSingleTxUSD is positive" time="0.000171791">
        </testcase>
        <testcase classname="tests/unit/gate/verified-constraints.test.ts" name="verified-constraints.json — DeFi bounds &gt; maxDailyUSD &gt; maxSingleTxUSD" time="0.000150964">
        </testcase>
        <testcase classname="tests/unit/gate/verified-constraints.test.ts" name="verified-constraints.json — DeFi bounds &gt; maxSlippageBps is 0 &lt; x &lt;= 10000" time="0.000150637">
        </testcase>
        <testcase classname="tests/unit/gate/verified-constraints.test.ts" name="verified-constraints.json — DeFi bounds &gt; allowedTokens non-empty, includes KUB" time="0.00025828">
        </testcase>
        <testcase classname="tests/unit/gate/verified-constraints.test.ts" name="verified-constraints.json — DeFi bounds &gt; allowedProtocols non-empty, includes kubswap" time="0.000292661">
        </testcase>
        <testcase classname="tests/unit/gate/verified-constraints.test.ts" name="verified-constraints.json — DeFi bounds &gt; no duplicate tokens" time="0.000245367">
        </testcase>
        <testcase classname="tests/unit/gate/verified-constraints.test.ts" name="verified-constraints.json — DeFi bounds &gt; no duplicate protocols" time="0.000091314">
        </testcase>
    </testsuite>
    <testsuite name="tests/unit/gateway/approvals.test.ts" timestamp="2026-06-29T13:05:58.621Z" hostname="vm" tests="26" failures="0" errors="0" skipped="0" time="0.030974122">
        <testcase classname="tests/unit/gateway/approvals.test.ts" name="buildApprovalToken &gt; starts with gap_ prefix" time="0.001527289">
        </testcase>
        <testcase classname="tests/unit/gateway/approvals.test.ts" name="buildApprovalToken &gt; contains only hex chars after the prefix" time="0.000381468">
        </testcase>
        <testcase classname="tests/unit/gateway/approvals.test.ts" name="buildApprovalToken &gt; is 52 characters long (gap_ + 48 hex chars from 24 bytes)" time="0.000865844">
        </testcase>
        <testcase classname="tests/unit/gateway/approvals.test.ts" name="buildApprovalToken &gt; generates a different token on each call" time="0.000872219">
        </testcase>
        <testcase classname="tests/unit/gateway/approvals.test.ts" name="buildApprovalHash &gt; returns a 64-char hex string (SHA-256)" time="0.007881614">
        </testcase>
        <testcase classname="tests/unit/gateway/approvals.test.ts" name="buildApprovalHash &gt; is deterministic for identical inputs" time="0.000350452">
        </testcase>
        <testcase classname="tests/unit/gateway/approvals.test.ts" name="buildApprovalHash &gt; differs when input changes" time="0.000245215">
        </testcase>
        <testcase classname="tests/unit/gateway/approvals.test.ts" name="listPendingGatewayApprovals &gt; returns ok:false and missing_org_id when orgId is empty" time="0.000494982">
        </testcase>
        <testcase classname="tests/unit/gateway/approvals.test.ts" name="listPendingGatewayApprovals &gt; returns ok:false on DB error" time="0.001048899">
        </testcase>
        <testcase classname="tests/unit/gateway/approvals.test.ts" name="listPendingGatewayApprovals &gt; returns ok:true and approvals array on success" time="0.000647607">
        </testcase>
        <testcase classname="tests/unit/gateway/approvals.test.ts" name="listPendingGatewayApprovals &gt; returns empty array when data is null" time="0.000562572">
        </testcase>
        <testcase classname="tests/unit/gateway/approvals.test.ts" name="decideGatewayApproval — input validation &gt; returns ok:false + missing_org_id when orgId is empty" time="0.000361565">
        </testcase>
        <testcase classname="tests/unit/gateway/approvals.test.ts" name="decideGatewayApproval — input validation &gt; returns ok:false + missing_audit_token when auditToken is empty" time="0.000151687">
        </testcase>
        <testcase classname="tests/unit/gateway/approvals.test.ts" name="decideGatewayApproval — input validation &gt; returns ok:false + missing_reviewer_id when reviewerId is empty" time="0.000121112">
        </testcase>
        <testcase classname="tests/unit/gateway/approvals.test.ts" name="decideGatewayApproval — input validation &gt; returns ok:false + missing_reviewer_role when reviewerRole is empty" time="0.000117161">
        </testcase>
        <testcase classname="tests/unit/gateway/approvals.test.ts" name="decideGatewayApproval — DB read &gt; throws when DB read fails" time="0.001261283">
        </testcase>
        <testcase classname="tests/unit/gateway/approvals.test.ts" name="decideGatewayApproval — DB read &gt; returns ok:false + audit_token_not_found when event not found" time="0.000361862">
        </testcase>
        <testcase classname="tests/unit/gateway/approvals.test.ts" name="decideGatewayApproval — DB read &gt; returns ok:false + event_not_waiting_for_review when event decision is not review" time="0.000344005">
        </testcase>
        <testcase classname="tests/unit/gateway/approvals.test.ts" name="decideGatewayApproval — approved &gt; returns ok:true" time="0.001551114">
        </testcase>
        <testcase classname="tests/unit/gateway/approvals.test.ts" name="decideGatewayApproval — approved &gt; returns an approvalToken starting with gap_" time="0.003486863">
        </testcase>
        <testcase classname="tests/unit/gateway/approvals.test.ts" name="decideGatewayApproval — approved &gt; returns approvalHash as 64-char hex" time="0.0005723">
        </testcase>
        <testcase classname="tests/unit/gateway/approvals.test.ts" name="decideGatewayApproval — approved &gt; calls recordGovernanceDecisionEvent with decision PASS" time="0.002213279">
        </testcase>
        <testcase classname="tests/unit/gateway/approvals.test.ts" name="decideGatewayApproval — rejected &gt; returns ok:true" time="0.000663483">
        </testcase>
        <testcase classname="tests/unit/gateway/approvals.test.ts" name="decideGatewayApproval — rejected &gt; does NOT return an approvalToken for rejection" time="0.0004009">
        </testcase>
        <testcase classname="tests/unit/gateway/approvals.test.ts" name="decideGatewayApproval — rejected &gt; calls recordGovernanceDecisionEvent with decision BLOCK" time="0.000623665">
        </testcase>
        <testcase classname="tests/unit/gateway/approvals.test.ts" name="decideGatewayApproval — governance event failure &gt; returns ok:false when governance event recording returns false" time="0.000409026">
        </testcase>
    </testsuite>
    <testsuite name="tests/unit/gateway/audit.test.ts" timestamp="2026-06-29T13:05:58.628Z" hostname="vm" tests="21" failures="0" errors="0" skipped="0" time="0.016442783">
        <testcase classname="tests/unit/gateway/audit.test.ts" name="hashGatewayValue &gt; returns a 64-char hex string (SHA-256)" time="0.001513646">
        </testcase>
        <testcase classname="tests/unit/gateway/audit.test.ts" name="hashGatewayValue &gt; is deterministic for identical inputs" time="0.007814711">
        </testcase>
        <testcase classname="tests/unit/gateway/audit.test.ts" name="hashGatewayValue &gt; produces same hash regardless of object key insertion order" time="0.000239348">
        </testcase>
        <testcase classname="tests/unit/gateway/audit.test.ts" name="hashGatewayValue &gt; sorts nested object keys recursively" time="0.000304199">
        </testcase>
        <testcase classname="tests/unit/gateway/audit.test.ts" name="hashGatewayValue &gt; preserves array element order (arrays are not sorted)" time="0.000752104">
        </testcase>
        <testcase classname="tests/unit/gateway/audit.test.ts" name="hashGatewayValue &gt; handles null correctly" time="0.000863608">
        </testcase>
        <testcase classname="tests/unit/gateway/audit.test.ts" name="hashGatewayValue &gt; handles primitive string" time="0.000159561">
        </testcase>
        <testcase classname="tests/unit/gateway/audit.test.ts" name="hashGatewayValue &gt; handles primitive number" time="0.000137174">
        </testcase>
        <testcase classname="tests/unit/gateway/audit.test.ts" name="hashGatewayValue &gt; produces different hashes for different values" time="0.00031523">
        </testcase>
        <testcase classname="tests/unit/gateway/audit.test.ts" name="buildGatewayAuditProof &gt; returns requestHash and recordHash as 64-char hex strings" time="0.000396914">
        </testcase>
        <testcase classname="tests/unit/gateway/audit.test.ts" name="buildGatewayAuditProof &gt; requestHash is deterministic for identical requests" time="0.000201197">
        </testcase>
        <testcase classname="tests/unit/gateway/audit.test.ts" name="buildGatewayAuditProof &gt; recordHash is deterministic for identical inputs" time="0.000196246">
        </testcase>
        <testcase classname="tests/unit/gateway/audit.test.ts" name="buildGatewayAuditProof &gt; requestHash differs when orgId changes" time="0.000237827">
        </testcase>
        <testcase classname="tests/unit/gateway/audit.test.ts" name="buildGatewayAuditProof &gt; recordHash differs when decision changes" time="0.000241894">
        </testcase>
        <testcase classname="tests/unit/gateway/audit.test.ts" name="buildGatewayAuditProof &gt; committed is true when providerResult.ok is true" time="0.00016315">
        </testcase>
        <testcase classname="tests/unit/gateway/audit.test.ts" name="buildGatewayAuditProof &gt; committed is false when decision is allow and no providerResult" time="0.000119266">
        </testcase>
        <testcase classname="tests/unit/gateway/audit.test.ts" name="buildGatewayAuditProof &gt; committed is true when decision is block (non-allow = committed for audit)" time="0.000107195">
        </testcase>
        <testcase classname="tests/unit/gateway/audit.test.ts" name="buildGatewayAuditProof &gt; committed is true when decision is review" time="0.000169876">
        </testcase>
        <testcase classname="tests/unit/gateway/audit.test.ts" name="buildGatewayAuditProof &gt; recordHash changes when providerResult changes" time="0.000214392">
        </testcase>
        <testcase classname="tests/unit/gateway/audit.test.ts" name="buildGatewayAuditProof &gt; recordHash changes when reason changes" time="0.000193503">
        </testcase>
        <testcase classname="tests/unit/gateway/audit.test.ts" name="buildGatewayAuditProof &gt; undefined reason and absent reason produce same recordHash" time="0.000145637">
        </testcase>
    </testsuite>
    <testsuite name="tests/unit/gateway/control-templates.test.ts" timestamp="2026-06-29T13:05:58.633Z" hostname="vm" tests="15" failures="0" errors="0" skipped="0" time="0.008700173">
        <testcase classname="tests/unit/gateway/control-templates.test.ts" name="gatewayControlTemplates data integrity &gt; contains at least one template" time="0.001282807">
        </testcase>
        <testcase classname="tests/unit/gateway/control-templates.test.ts" name="gatewayControlTemplates data integrity &gt; every template has a non-empty id" time="0.000569823">
        </testcase>
        <testcase classname="tests/unit/gateway/control-templates.test.ts" name="gatewayControlTemplates data integrity &gt; all ids are unique" time="0.0003484">
        </testcase>
        <testcase classname="tests/unit/gateway/control-templates.test.ts" name="gatewayControlTemplates data integrity &gt; every template has a non-empty name" time="0.000295235">
        </testcase>
        <testcase classname="tests/unit/gateway/control-templates.test.ts" name="gatewayControlTemplates data integrity &gt; every category is a valid value" time="0.001325605">
        </testcase>
        <testcase classname="tests/unit/gateway/control-templates.test.ts" name="gatewayControlTemplates data integrity &gt; every recommendedMode is a valid value" time="0.000606016">
        </testcase>
        <testcase classname="tests/unit/gateway/control-templates.test.ts" name="gatewayControlTemplates data integrity &gt; every defaultRisk is a valid value" time="0.000455863">
        </testcase>
        <testcase classname="tests/unit/gateway/control-templates.test.ts" name="gatewayControlTemplates data integrity &gt; every status is a valid value" time="0.000466082">
        </testcase>
        <testcase classname="tests/unit/gateway/control-templates.test.ts" name="gatewayControlTemplates data integrity &gt; every template has at least one requiredEvidence entry" time="0.000443765">
        </testcase>
        <testcase classname="tests/unit/gateway/control-templates.test.ts" name="gatewayControlTemplates data integrity &gt; requiresApproval is a boolean" time="0.000364388">
        </testcase>
        <testcase classname="tests/unit/gateway/control-templates.test.ts" name="gatewayControlTemplates data integrity &gt; high-risk-approval template requires approval and is high risk" time="0.00020157">
        </testcase>
        <testcase classname="tests/unit/gateway/control-templates.test.ts" name="gatewayControlTemplates data integrity &gt; ci-cd-deploy-gate has deploy_gate mode" time="0.000176098">
        </testcase>
        <testcase classname="tests/unit/gateway/control-templates.test.ts" name="listGatewayControlTemplates &gt; returns the full array" time="0.000151271">
        </testcase>
        <testcase classname="tests/unit/gateway/control-templates.test.ts" name="listGatewayControlTemplates &gt; returns same reference on repeated calls" time="0.000070603">
        </testcase>
        <testcase classname="tests/unit/gateway/control-templates.test.ts" name="listGatewayControlTemplates &gt; result has the same length as the exported array" time="0.000065167">
        </testcase>
    </testsuite>
    <testsuite name="tests/unit/gateway/evidence-bundle.test.ts" timestamp="2026-06-29T13:05:58.637Z" hostname="vm" tests="27" failures="0" errors="0" skipped="0" time="0.02369788">
        <testcase classname="tests/unit/gateway/evidence-bundle.test.ts" name="buildGatewayEvidenceBundle — structure &gt; returns ok:true" time="0.011110343">
        </testcase>
        <testcase classname="tests/unit/gateway/evidence-bundle.test.ts" name="buildGatewayEvidenceBundle — structure &gt; sets type to dsg-gateway-signed-evidence-bundle" time="0.000413912">
        </testcase>
        <testcase classname="tests/unit/gateway/evidence-bundle.test.ts" name="buildGatewayEvidenceBundle — structure &gt; sets version to 1.0" time="0.000208165">
        </testcase>
        <testcase classname="tests/unit/gateway/evidence-bundle.test.ts" name="buildGatewayEvidenceBundle — structure &gt; preserves orgId" time="0.000222867">
        </testcase>
        <testcase classname="tests/unit/gateway/evidence-bundle.test.ts" name="buildGatewayEvidenceBundle — structure &gt; count matches events array length" time="0.000329685">
        </testcase>
        <testcase classname="tests/unit/gateway/evidence-bundle.test.ts" name="buildGatewayEvidenceBundle — structure &gt; count is 0 for empty events" time="0.000202496">
        </testcase>
        <testcase classname="tests/unit/gateway/evidence-bundle.test.ts" name="buildGatewayEvidenceBundle — structure &gt; eventHashes array length matches events length" time="0.000971319">
        </testcase>
        <testcase classname="tests/unit/gateway/evidence-bundle.test.ts" name="buildGatewayEvidenceBundle — structure &gt; each eventHash is a 64-char hex string" time="0.002860571">
        </testcase>
        <testcase classname="tests/unit/gateway/evidence-bundle.test.ts" name="buildGatewayEvidenceBundle — structure &gt; bundleHash is a 64-char hex string" time="0.000415096">
        </testcase>
        <testcase classname="tests/unit/gateway/evidence-bundle.test.ts" name="buildGatewayEvidenceBundle — structure &gt; preserves events array in output" time="0.000748473">
        </testcase>
        <testcase classname="tests/unit/gateway/evidence-bundle.test.ts" name="buildGatewayEvidenceBundle — structure &gt; auditToken is null when not provided" time="0.000184522">
        </testcase>
        <testcase classname="tests/unit/gateway/evidence-bundle.test.ts" name="buildGatewayEvidenceBundle — structure &gt; preserves auditToken when provided" time="0.000175015">
        </testcase>
        <testcase classname="tests/unit/gateway/evidence-bundle.test.ts" name="buildGatewayEvidenceBundle — structure &gt; uses provided exportedAt timestamp" time="0.000147372">
        </testcase>
        <testcase classname="tests/unit/gateway/evidence-bundle.test.ts" name="buildGatewayEvidenceBundle — structure &gt; defaults exportedAt to current ISO timestamp when not provided" time="0.000227615">
        </testcase>
        <testcase classname="tests/unit/gateway/evidence-bundle.test.ts" name="buildGatewayEvidenceBundle — evidenceBoundary &gt; certificationClaim is false" time="0.000167078">
        </testcase>
        <testcase classname="tests/unit/gateway/evidence-bundle.test.ts" name="buildGatewayEvidenceBundle — evidenceBoundary &gt; independentAuditClaim is false" time="0.000185118">
        </testcase>
        <testcase classname="tests/unit/gateway/evidence-bundle.test.ts" name="buildGatewayEvidenceBundle — evidenceBoundary &gt; statement is non-empty string" time="0.000213344">
        </testcase>
        <testcase classname="tests/unit/gateway/evidence-bundle.test.ts" name="buildGatewayEvidenceBundle — determinism &gt; bundleHash is deterministic for identical inputs with fixed exportedAt" time="0.000177597">
        </testcase>
        <testcase classname="tests/unit/gateway/evidence-bundle.test.ts" name="buildGatewayEvidenceBundle — determinism &gt; bundleHash changes when events change" time="0.000292979">
        </testcase>
        <testcase classname="tests/unit/gateway/evidence-bundle.test.ts" name="buildGatewayEvidenceBundle — determinism &gt; bundleHash changes when orgId changes" time="0.000170752">
        </testcase>
        <testcase classname="tests/unit/gateway/evidence-bundle.test.ts" name="buildGatewayEvidenceBundle — determinism &gt; eventHash for same event is deterministic" time="0.00025837">
        </testcase>
        <testcase classname="tests/unit/gateway/evidence-bundle.test.ts" name="buildGatewayEvidenceBundle — signing &gt; uses hash-only mode when DSG_EVIDENCE_SIGNING_SECRET is absent" time="0.000469845">
        </testcase>
        <testcase classname="tests/unit/gateway/evidence-bundle.test.ts" name="buildGatewayEvidenceBundle — signing &gt; uses HMAC mode when DSG_EVIDENCE_SIGNING_SECRET is set" time="0.000566213">
        </testcase>
        <testcase classname="tests/unit/gateway/evidence-bundle.test.ts" name="buildGatewayEvidenceBundle — signing &gt; HMAC signature differs from bundleHash" time="0.000293415">
        </testcase>
        <testcase classname="tests/unit/gateway/evidence-bundle.test.ts" name="buildGatewayEvidenceBundle — signing &gt; uses custom keyId from DSG_EVIDENCE_SIGNING_KEY_ID when set" time="0.000188405">
        </testcase>
        <testcase classname="tests/unit/gateway/evidence-bundle.test.ts" name="buildGatewayEvidenceBundle — signing &gt; falls back to env:DSG_EVIDENCE_SIGNING_SECRET as keyId when KEY_ID is not set" time="0.000277276">
        </testcase>
        <testcase classname="tests/unit/gateway/evidence-bundle.test.ts" name="buildGatewayEvidenceBundle — signing &gt; HMAC signature is deterministic for same secret and input" time="0.000217465">
        </testcase>
    </testsuite>
    <testsuite name="tests/unit/gateway/managed-connectors.test.ts" timestamp="2026-06-29T13:05:58.644Z" hostname="vm" tests="11" failures="0" errors="0" skipped="0" time="0.010685773">
        <testcase classname="tests/unit/gateway/managed-connectors.test.ts" name="findManagedGatewayTool &gt; returns null when orgId is empty" time="0.00119617">
        </testcase>
        <testcase classname="tests/unit/gateway/managed-connectors.test.ts" name="findManagedGatewayTool &gt; returns null when toolName is empty" time="0.000226594">
        </testcase>
        <testcase classname="tests/unit/gateway/managed-connectors.test.ts" name="findManagedGatewayTool &gt; returns null when data is null and no error" time="0.00060763">
        </testcase>
        <testcase classname="tests/unit/gateway/managed-connectors.test.ts" name="findManagedGatewayTool &gt; returns null silently when error message contains &quot;relation&quot;" time="0.000496324">
        </testcase>
        <testcase classname="tests/unit/gateway/managed-connectors.test.ts" name="findManagedGatewayTool &gt; throws on non-relation DB error" time="0.004270281">
        </testcase>
        <testcase classname="tests/unit/gateway/managed-connectors.test.ts" name="findManagedGatewayTool &gt; returns null when connector status is not connected" time="0.000333082">
        </testcase>
        <testcase classname="tests/unit/gateway/managed-connectors.test.ts" name="findManagedGatewayTool &gt; returns null when gateway_connectors is null" time="0.000278692">
        </testcase>
        <testcase classname="tests/unit/gateway/managed-connectors.test.ts" name="findManagedGatewayTool &gt; returns registry entry with correct fields on success (object connector)" time="0.000664482">
        </testcase>
        <testcase classname="tests/unit/gateway/managed-connectors.test.ts" name="findManagedGatewayTool &gt; returns registry entry when gateway_connectors is an array" time="0.000455828">
        </testcase>
        <testcase classname="tests/unit/gateway/managed-connectors.test.ts" name="findManagedGatewayTool &gt; converts requires_approval to boolean" time="0.00031748">
        </testcase>
        <testcase classname="tests/unit/gateway/managed-connectors.test.ts" name="findManagedGatewayTool &gt; falls back to &quot;Managed gateway tool&quot; description when description is null" time="0.000213451">
        </testcase>
    </testsuite>
    <testsuite name="tests/unit/gateway/monitor.test.ts" timestamp="2026-06-29T13:05:58.647Z" hostname="vm" tests="14" failures="0" errors="0" skipped="0" time="0.013922145">
        <testcase classname="tests/unit/gateway/monitor.test.ts" name="createMonitorPlanCheck &gt; throws when DB insert fails" time="0.004081321">
        </testcase>
        <testcase classname="tests/unit/gateway/monitor.test.ts" name="createMonitorPlanCheck &gt; throws when insert returns no event id" time="0.00103222">
        </testcase>
        <testcase classname="tests/unit/gateway/monitor.test.ts" name="createMonitorPlanCheck &gt; returns ok:true when decision is allow" time="0.001409563">
        </testcase>
        <testcase classname="tests/unit/gateway/monitor.test.ts" name="createMonitorPlanCheck &gt; returns ok:false when decision is block" time="0.000415375">
        </testcase>
        <testcase classname="tests/unit/gateway/monitor.test.ts" name="createMonitorPlanCheck &gt; auditToken starts with gat_" time="0.000701557">
        </testcase>
        <testcase classname="tests/unit/gateway/monitor.test.ts" name="createMonitorPlanCheck &gt; includes requestHash and decisionHash in result" time="0.000667438">
        </testcase>
        <testcase classname="tests/unit/gateway/monitor.test.ts" name="createMonitorPlanCheck &gt; passes constraints with 300s expiry to insert" time="0.000982113">
        </testcase>
        <testcase classname="tests/unit/gateway/monitor.test.ts" name="commitMonitorAudit &gt; returns ok:false + missing_org_id when orgId is empty" time="0.000285662">
        </testcase>
        <testcase classname="tests/unit/gateway/monitor.test.ts" name="commitMonitorAudit &gt; returns ok:false + missing_audit_token when auditToken is empty" time="0.000465359">
        </testcase>
        <testcase classname="tests/unit/gateway/monitor.test.ts" name="commitMonitorAudit &gt; throws when DB read fails" time="0.000459542">
        </testcase>
        <testcase classname="tests/unit/gateway/monitor.test.ts" name="commitMonitorAudit &gt; returns ok:false + audit_token_not_found when event not found" time="0.000343535">
        </testcase>
        <testcase classname="tests/unit/gateway/monitor.test.ts" name="commitMonitorAudit &gt; returns ok:false + decision_not_allowed when event decision is not allow" time="0.000289423">
        </testcase>
        <testcase classname="tests/unit/gateway/monitor.test.ts" name="commitMonitorAudit &gt; throws when update fails" time="0.0007489">
        </testcase>
        <testcase classname="tests/unit/gateway/monitor.test.ts" name="commitMonitorAudit &gt; returns ok:true with committed:true and recordHash on success" time="0.000406604">
        </testcase>
    </testsuite>
    <testsuite name="tests/unit/gateway/providers.test.ts" timestamp="2026-06-29T13:05:58.651Z" hostname="vm" tests="12" failures="0" errors="0" skipped="0" time="0.015417438">
        <testcase classname="tests/unit/gateway/providers.test.ts" name="executeGatewayProvider — mock provider &gt; returns ok:true for mock. prefix tool" time="0.001357964">
        </testcase>
        <testcase classname="tests/unit/gateway/providers.test.ts" name="executeGatewayProvider — mock provider &gt; echoes the input in result" time="0.001028851">
        </testcase>
        <testcase classname="tests/unit/gateway/providers.test.ts" name="executeGatewayProvider — mock provider &gt; sets deterministic:true in mock result" time="0.000169672">
        </testcase>
        <testcase classname="tests/unit/gateway/providers.test.ts" name="executeGatewayProvider — unknown provider &gt; returns ok:false for unrecognised toolName with no registryEntry" time="0.000266839">
        </testcase>
        <testcase classname="tests/unit/gateway/providers.test.ts" name="executeGatewayProvider — zapier provider &gt; returns provider_not_configured when no webhook URL env var set" time="0.001478517">
        </testcase>
        <testcase classname="tests/unit/gateway/providers.test.ts" name="executeGatewayProvider — zapier provider &gt; uses tool-specific env key ZAPIER_WEBHOOK_{NORMALIZED_TOOL_NAME}" time="0.005588911">
        </testcase>
        <testcase classname="tests/unit/gateway/providers.test.ts" name="executeGatewayProvider — zapier provider &gt; falls back to ZAPIER_WEBHOOK_URL when specific key not set" time="0.000694099">
        </testcase>
        <testcase classname="tests/unit/gateway/providers.test.ts" name="executeGatewayProvider — zapier provider &gt; returns ok:false and error code on HTTP error response" time="0.000475003">
        </testcase>
        <testcase classname="tests/unit/gateway/providers.test.ts" name="executeGatewayProvider — zapier provider &gt; handles non-JSON response body gracefully" time="0.000574191">
        </testcase>
        <testcase classname="tests/unit/gateway/providers.test.ts" name="executeGatewayProvider — custom_http provider &gt; returns provider_not_configured when no endpointUrl and no env var" time="0.000471699">
        </testcase>
        <testcase classname="tests/unit/gateway/providers.test.ts" name="executeGatewayProvider — custom_http provider &gt; uses registryEntry.endpointUrl when set" time="0.000593078">
        </testcase>
        <testcase classname="tests/unit/gateway/providers.test.ts" name="executeGatewayProvider — custom_http provider &gt; activates custom_http path via toolName prefix custom_http." time="0.00044512">
        </testcase>
    </testsuite>
    <testsuite name="tests/unit/gateway/smt2-invariants.test.ts" timestamp="2026-06-29T13:05:58.654Z" hostname="vm" tests="63" failures="0" errors="0" skipped="0" time="0.016924642">
        <testcase classname="tests/unit/gateway/smt2-invariants.test.ts" name="buildSmt2InvariantInput &gt; maps a fully valid request to all-true flags" time="0.001695775">
        </testcase>
        <testcase classname="tests/unit/gateway/smt2-invariants.test.ts" name="buildSmt2InvariantInput &gt; sets hasOrg:false when orgId is empty" time="0.000234678">
        </testcase>
        <testcase classname="tests/unit/gateway/smt2-invariants.test.ts" name="buildSmt2InvariantInput &gt; sets hasActor:false when actorId is empty" time="0.000181157">
        </testcase>
        <testcase classname="tests/unit/gateway/smt2-invariants.test.ts" name="buildSmt2InvariantInput &gt; sets hasActorRole:false when actorRole is empty" time="0.000191517">
        </testcase>
        <testcase classname="tests/unit/gateway/smt2-invariants.test.ts" name="buildSmt2InvariantInput &gt; sets hasOrgPlan:false when orgPlan is empty" time="0.000116519">
        </testcase>
        <testcase classname="tests/unit/gateway/smt2-invariants.test.ts" name="buildSmt2InvariantInput &gt; sets isRegisteredTool:false and actionMatchesTool:false when tool is null" time="0.000158521">
        </testcase>
        <testcase classname="tests/unit/gateway/smt2-invariants.test.ts" name="buildSmt2InvariantInput &gt; sets actionMatchesTool:false when tool action does not match request action" time="0.000107247">
        </testcase>
        <testcase classname="tests/unit/gateway/smt2-invariants.test.ts" name="buildSmt2InvariantInput &gt; sets actorRoleAllowed:true for allowed role &quot;owner&quot;" time="0.000103831">
        </testcase>
        <testcase classname="tests/unit/gateway/smt2-invariants.test.ts" name="buildSmt2InvariantInput &gt; sets actorRoleAllowed:true for allowed role &quot;admin&quot;" time="0.000329651">
        </testcase>
        <testcase classname="tests/unit/gateway/smt2-invariants.test.ts" name="buildSmt2InvariantInput &gt; sets actorRoleAllowed:true for allowed role &quot;finance_admin&quot;" time="0.000113266">
        </testcase>
        <testcase classname="tests/unit/gateway/smt2-invariants.test.ts" name="buildSmt2InvariantInput &gt; sets actorRoleAllowed:true for allowed role &quot;finance_approver&quot;" time="0.000063698">
        </testcase>
        <testcase classname="tests/unit/gateway/smt2-invariants.test.ts" name="buildSmt2InvariantInput &gt; sets actorRoleAllowed:true for allowed role &quot;agent_operator&quot;" time="0.000059165">
        </testcase>
        <testcase classname="tests/unit/gateway/smt2-invariants.test.ts" name="buildSmt2InvariantInput &gt; sets actorRoleAllowed:false for disallowed role &quot;viewer&quot;" time="0.000087614">
        </testcase>
        <testcase classname="tests/unit/gateway/smt2-invariants.test.ts" name="buildSmt2InvariantInput &gt; sets actorRoleAllowed:false for disallowed role &quot;guest&quot;" time="0.000050886">
        </testcase>
        <testcase classname="tests/unit/gateway/smt2-invariants.test.ts" name="buildSmt2InvariantInput &gt; sets actorRoleAllowed:false for disallowed role &quot;auditor&quot;" time="0.000046636">
        </testcase>
        <testcase classname="tests/unit/gateway/smt2-invariants.test.ts" name="buildSmt2InvariantInput &gt; sets actorRoleAllowed:false for disallowed role &quot;readonly&quot;" time="0.000056446">
        </testcase>
        <testcase classname="tests/unit/gateway/smt2-invariants.test.ts" name="buildSmt2InvariantInput &gt; is case-insensitive for actorRole" time="0.000082849">
        </testcase>
        <testcase classname="tests/unit/gateway/smt2-invariants.test.ts" name="buildSmt2InvariantInput &gt; sets planEntitled:true for entitled plan &quot;pro&quot;" time="0.000106019">
        </testcase>
        <testcase classname="tests/unit/gateway/smt2-invariants.test.ts" name="buildSmt2InvariantInput &gt; sets planEntitled:true for entitled plan &quot;business&quot;" time="0.000063748">
        </testcase>
        <testcase classname="tests/unit/gateway/smt2-invariants.test.ts" name="buildSmt2InvariantInput &gt; sets planEntitled:true for entitled plan &quot;enterprise&quot;" time="0.000050961">
        </testcase>
        <testcase classname="tests/unit/gateway/smt2-invariants.test.ts" name="buildSmt2InvariantInput &gt; sets planEntitled:false for free plan" time="0.000077433">
        </testcase>
        <testcase classname="tests/unit/gateway/smt2-invariants.test.ts" name="buildSmt2InvariantInput &gt; is case-insensitive for orgPlan" time="0.00007815">
        </testcase>
        <testcase classname="tests/unit/gateway/smt2-invariants.test.ts" name="buildSmt2InvariantInput &gt; maps risk &quot;critical&quot; to integer 3" time="0.00008538">
        </testcase>
        <testcase classname="tests/unit/gateway/smt2-invariants.test.ts" name="buildSmt2InvariantInput &gt; maps risk &quot;high&quot; to integer 2" time="0.00004915">
        </testcase>
        <testcase classname="tests/unit/gateway/smt2-invariants.test.ts" name="buildSmt2InvariantInput &gt; maps risk &quot;medium&quot; to integer 1" time="0.000047035">
        </testcase>
        <testcase classname="tests/unit/gateway/smt2-invariants.test.ts" name="buildSmt2InvariantInput &gt; maps risk &quot;low&quot; to integer 0" time="0.00004621">
        </testcase>
        <testcase classname="tests/unit/gateway/smt2-invariants.test.ts" name="buildSmt2InvariantInput &gt; defaults risk to 0 when tool has unknown risk value" time="0.000066611">
        </testcase>
        <testcase classname="tests/unit/gateway/smt2-invariants.test.ts" name="buildSmt2InvariantInput &gt; sets hasApproval:true when approvalToken is present" time="0.000079378">
        </testcase>
        <testcase classname="tests/unit/gateway/smt2-invariants.test.ts" name="buildSmt2InvariantInput &gt; sets hasApproval:false when approvalToken is absent" time="0.000068256">
        </testcase>
        <testcase classname="tests/unit/gateway/smt2-invariants.test.ts" name="buildSmt2InvariantInput &gt; defaults evidenceWritable to true" time="0.000061558">
        </testcase>
        <testcase classname="tests/unit/gateway/smt2-invariants.test.ts" name="buildSmt2InvariantInput &gt; respects explicit evidenceWritable:false" time="0.000067056">
        </testcase>
        <testcase classname="tests/unit/gateway/smt2-invariants.test.ts" name="evaluateSmt2InvariantInput &gt; returns ok:true and allow with no violations for fully valid input" time="0.001397483">
        </testcase>
        <testcase classname="tests/unit/gateway/smt2-invariants.test.ts" name="evaluateSmt2InvariantInput &gt; reports violation &quot;missing_org_id&quot; when flag is false" time="0.000803078">
        </testcase>
        <testcase classname="tests/unit/gateway/smt2-invariants.test.ts" name="evaluateSmt2InvariantInput &gt; reports violation &quot;missing_actor_id&quot; when flag is false" time="0.000228236">
        </testcase>
        <testcase classname="tests/unit/gateway/smt2-invariants.test.ts" name="evaluateSmt2InvariantInput &gt; reports violation &quot;missing_actor_role&quot; when flag is false" time="0.000176179">
        </testcase>
        <testcase classname="tests/unit/gateway/smt2-invariants.test.ts" name="evaluateSmt2InvariantInput &gt; reports violation &quot;missing_org_plan&quot; when flag is false" time="0.00030792">
        </testcase>
        <testcase classname="tests/unit/gateway/smt2-invariants.test.ts" name="evaluateSmt2InvariantInput &gt; reports violation &quot;tool_not_registered&quot; when flag is false" time="0.000247072">
        </testcase>
        <testcase classname="tests/unit/gateway/smt2-invariants.test.ts" name="evaluateSmt2InvariantInput &gt; reports violation &quot;tool_action_mismatch&quot; when flag is false" time="0.002050886">
        </testcase>
        <testcase classname="tests/unit/gateway/smt2-invariants.test.ts" name="evaluateSmt2InvariantInput &gt; reports violation &quot;role_not_allowed&quot; when flag is false" time="0.000191365">
        </testcase>
        <testcase classname="tests/unit/gateway/smt2-invariants.test.ts" name="evaluateSmt2InvariantInput &gt; reports violation &quot;plan_not_entitled&quot; when flag is false" time="0.000202071">
        </testcase>
        <testcase classname="tests/unit/gateway/smt2-invariants.test.ts" name="evaluateSmt2InvariantInput &gt; reports violation &quot;evidence_not_writable&quot; when flag is false" time="0.00028076">
        </testcase>
        <testcase classname="tests/unit/gateway/smt2-invariants.test.ts" name="evaluateSmt2InvariantInput &gt; reports approval_required when requiresApproval:true and no token" time="0.00018638">
        </testcase>
        <testcase classname="tests/unit/gateway/smt2-invariants.test.ts" name="evaluateSmt2InvariantInput &gt; reports approval_required when risk &gt;= 2 (high) and no token" time="0.000140163">
        </testcase>
        <testcase classname="tests/unit/gateway/smt2-invariants.test.ts" name="evaluateSmt2InvariantInput &gt; reports approval_required when risk == 3 (critical) and no token" time="0.000126296">
        </testcase>
        <testcase classname="tests/unit/gateway/smt2-invariants.test.ts" name="evaluateSmt2InvariantInput &gt; does NOT report approval_required when risk == 1 (medium) and requiresApproval:false" time="0.000201443">
        </testcase>
        <testcase classname="tests/unit/gateway/smt2-invariants.test.ts" name="evaluateSmt2InvariantInput &gt; allows high-risk action when approval token is present" time="0.000190301">
        </testcase>
        <testcase classname="tests/unit/gateway/smt2-invariants.test.ts" name="evaluateSmt2InvariantInput &gt; collects multiple violations at once" time="0.000293635">
        </testcase>
        <testcase classname="tests/unit/gateway/smt2-invariants.test.ts" name="evaluateSmt2InvariantInput &gt; produces deterministic smt2Hash for identical inputs" time="0.000102691">
        </testcase>
        <testcase classname="tests/unit/gateway/smt2-invariants.test.ts" name="evaluateSmt2InvariantInput &gt; produces deterministic resultHash for identical inputs" time="0.000087988">
        </testcase>
        <testcase classname="tests/unit/gateway/smt2-invariants.test.ts" name="evaluateSmt2InvariantInput &gt; resultHash differs when violations differ" time="0.000221393">
        </testcase>
        <testcase classname="tests/unit/gateway/smt2-invariants.test.ts" name="evaluateSmt2InvariantInput &gt; smt2Hash differs when input differs" time="0.000131347">
        </testcase>
        <testcase classname="tests/unit/gateway/smt2-invariants.test.ts" name="evaluateSmt2InvariantInput &gt; smt2 string contains (check-sat)" time="0.000124481">
        </testcase>
        <testcase classname="tests/unit/gateway/smt2-invariants.test.ts" name="evaluateSmt2InvariantInput &gt; smt2Hash is a 64-char hex string (SHA-256)" time="0.000163703">
        </testcase>
        <testcase classname="tests/unit/gateway/smt2-invariants.test.ts" name="evaluateSmt2InvariantInput &gt; resultHash is a 64-char hex string (SHA-256)" time="0.000132963">
        </testcase>
        <testcase classname="tests/unit/gateway/smt2-invariants.test.ts" name="renderGatewayInvariantSmt2 &gt; includes (set-logic QF_UFLIA)" time="0.000091055">
        </testcase>
        <testcase classname="tests/unit/gateway/smt2-invariants.test.ts" name="renderGatewayInvariantSmt2 &gt; includes (check-sat) and (get-model)" time="0.000078835">
        </testcase>
        <testcase classname="tests/unit/gateway/smt2-invariants.test.ts" name="renderGatewayInvariantSmt2 &gt; asserts true for all flags when input is fully valid" time="0.001205713">
        </testcase>
        <testcase classname="tests/unit/gateway/smt2-invariants.test.ts" name="renderGatewayInvariantSmt2 &gt; asserts false for missing flags" time="0.000319104">
        </testcase>
        <testcase classname="tests/unit/gateway/smt2-invariants.test.ts" name="renderGatewayInvariantSmt2 &gt; renders risk as the correct integer" time="0.000125494">
        </testcase>
        <testcase classname="tests/unit/gateway/smt2-invariants.test.ts" name="renderGatewayInvariantSmt2 &gt; renders risk 0 for low-risk input" time="0.000074132">
        </testcase>
        <testcase classname="tests/unit/gateway/smt2-invariants.test.ts" name="renderGatewayInvariantSmt2 &gt; is deterministic — same input produces identical output" time="0.000069603">
        </testcase>
        <testcase classname="tests/unit/gateway/smt2-invariants.test.ts" name="renderGatewayInvariantSmt2 &gt; includes the approval implication assertion" time="0.000065324">
        </testcase>
        <testcase classname="tests/unit/gateway/smt2-invariants.test.ts" name="renderGatewayInvariantSmt2 &gt; declares all 12 constants" time="0.000252773">
        </testcase>
    </testsuite>
    <testsuite name="tests/unit/language/language-config.test.ts" timestamp="2026-06-29T13:05:58.670Z" hostname="vm" tests="20" failures="0" errors="0" skipped="0" time="0.011495105">
        <testcase classname="tests/unit/language/language-config.test.ts" name="Language Configuration &gt; getPreferredLanguage &gt; should return English by default" time="0.001445485">
        </testcase>
        <testcase classname="tests/unit/language/language-config.test.ts" name="Language Configuration &gt; getPreferredLanguage &gt; should return PREFERRED_LANGUAGE from environment" time="0.000274847">
        </testcase>
        <testcase classname="tests/unit/language/language-config.test.ts" name="Language Configuration &gt; getPreferredLanguage &gt; should handle case-insensitive environment variable" time="0.00022001">
        </testcase>
        <testcase classname="tests/unit/language/language-config.test.ts" name="Language Configuration &gt; getPreferredLanguage &gt; should default to English for invalid language" time="0.000197639">
        </testcase>
        <testcase classname="tests/unit/language/language-config.test.ts" name="Language Configuration &gt; getPreferredLanguage &gt; should support all documented languages" time="0.000542266">
        </testcase>
        <testcase classname="tests/unit/language/language-config.test.ts" name="Language Configuration &gt; isLanguageSupported &gt; should return true for supported languages" time="0.000241341">
        </testcase>
        <testcase classname="tests/unit/language/language-config.test.ts" name="Language Configuration &gt; isLanguageSupported &gt; should return false for unsupported languages" time="0.000169843">
        </testcase>
        <testcase classname="tests/unit/language/language-config.test.ts" name="Language Configuration &gt; getLanguageInstructionPrompt &gt; should return English instruction by default" time="0.000289169">
        </testcase>
        <testcase classname="tests/unit/language/language-config.test.ts" name="Language Configuration &gt; getLanguageInstructionPrompt &gt; should return Thai instruction when language is set to th" time="0.000208532">
        </testcase>
        <testcase classname="tests/unit/language/language-config.test.ts" name="Language Configuration &gt; getLanguageInstructionPrompt &gt; should return Chinese instruction when language is set to zh" time="0.000145792">
        </testcase>
        <testcase classname="tests/unit/language/language-config.test.ts" name="Language Configuration &gt; getLanguageInstructionPrompt &gt; should return Japanese instruction when language is set to ja" time="0.000097783">
        </testcase>
        <testcase classname="tests/unit/language/language-config.test.ts" name="Language Configuration &gt; getLanguageInstructionPrompt &gt; should return Spanish instruction when language is set to es" time="0.000097503">
        </testcase>
        <testcase classname="tests/unit/language/language-config.test.ts" name="Language Configuration &gt; getLanguageInstructionPrompt &gt; should return French instruction when language is set to fr" time="0.000142666">
        </testcase>
        <testcase classname="tests/unit/language/language-config.test.ts" name="Language Configuration &gt; getLanguageInstructionPrompt &gt; should return German instruction when language is set to de" time="0.000164475">
        </testcase>
        <testcase classname="tests/unit/language/language-config.test.ts" name="Language Configuration &gt; getLanguageInstructionPrompt &gt; should return Korean instruction when language is set to ko" time="0.000103271">
        </testcase>
        <testcase classname="tests/unit/language/language-config.test.ts" name="Language Configuration &gt; getLanguageInstructionPrompt &gt; should respect parameter over environment variable" time="0.000162903">
        </testcase>
        <testcase classname="tests/unit/language/language-config.test.ts" name="Language Configuration &gt; getLanguageDisplayName &gt; should return English by default" time="0.000167787">
        </testcase>
        <testcase classname="tests/unit/language/language-config.test.ts" name="Language Configuration &gt; getLanguageDisplayName &gt; should return correct display names for all languages" time="0.000271366">
        </testcase>
        <testcase classname="tests/unit/language/language-config.test.ts" name="Language Configuration &gt; LANGUAGE_NAMES &gt; should contain all supported languages" time="0.004035851">
        </testcase>
        <testcase classname="tests/unit/language/language-config.test.ts" name="Language Configuration &gt; LANGUAGE_CODES &gt; should contain language codes for all supported languages" time="0.000511158">
        </testcase>
    </testsuite>
    <testsuite name="tests/unit/performance/audit-batch-writer.test.ts" timestamp="2026-06-29T13:05:58.675Z" hostname="vm" tests="51" failures="0" errors="0" skipped="0" time="0.258999373">
        <testcase classname="tests/unit/performance/audit-batch-writer.test.ts" name="AuditBatchWriter &gt; enqueue() &gt; should enqueue a single event and return true" time="0.003524443">
        </testcase>
        <testcase classname="tests/unit/performance/audit-batch-writer.test.ts" name="AuditBatchWriter &gt; enqueue() &gt; should enqueue multiple events in sequence" time="0.000919675">
        </testcase>
        <testcase classname="tests/unit/performance/audit-batch-writer.test.ts" name="AuditBatchWriter &gt; enqueue() &gt; should assign unique IDs to enqueued events" time="0.000526809">
        </testcase>
        <testcase classname="tests/unit/performance/audit-batch-writer.test.ts" name="AuditBatchWriter &gt; enqueue() &gt; should have buffer capacity check in place" time="0.01161056">
            <system-out>
[AUDIT] Flushed batch e1e8ee3a-5cd8-4bd7-9859-0f0589a16d73: 100 events, hash=b517fe36

[AUDIT] Flushed batch b2b24af8-52b4-49cb-badb-8c340ac2488d: 100 events, hash=2b1c5f07

[AUDIT] Flushed batch bd07eac5-5728-4d00-962f-7200defef6bf: 100 events, hash=c38ab420

[AUDIT] Flushed batch bb16119e-6262-4b1c-ae3f-187ff8cd438f: 100 events, hash=9be57f8b

[AUDIT] Flushed batch 4cdbe726-f4ba-4d82-b32a-ac1cea0a5d03: 100 events, hash=fbb2bfbb

            </system-out>
        </testcase>
        <testcase classname="tests/unit/performance/audit-batch-writer.test.ts" name="AuditBatchWriter &gt; enqueue() &gt; should reject events when buffer exceeds 10k threshold" time="0.103603707">
            <system-out>
[AUDIT] Flushed batch 5edc5e43-2281-4420-afd6-b922fdacc27f: 100 events, hash=21277f15

[AUDIT] Flushed batch 29aa4a5a-be39-42da-a977-676aad7db01a: 100 events, hash=41018f13

[AUDIT] Flushed batch df72a7d2-52f9-452f-9c43-28c3ef302785: 100 events, hash=1449670e

[AUDIT] Flushed batch 4c7131ad-aff6-479f-9232-c3f3c76cc359: 100 events, hash=251d0aa9

[AUDIT] Flushed batch ac91e98b-b440-4d5c-a816-0e9888d96512: 100 events, hash=22e13091

[AUDIT] Flushed batch a0b3a27c-b260-49e0-aa31-23afecc61679: 100 events, hash=d4ec4d16

[AUDIT] Flushed batch 75811f14-c997-4c2d-82f0-0a030b9ca816: 100 events, hash=8ad1aa8a

[AUDIT] Flushed batch 322cc62d-6c1b-4fb9-a508-07f1f9e7d347: 100 events, hash=e8e46a77

[AUDIT] Flushed batch 3514ee66-b45b-4abd-9404-9e16a4847c07: 100 events, hash=b23cb679

[AUDIT] Flushed batch 60c0bde4-76e0-4767-8a89-d09a23d3b0a7: 100 events, hash=951a227d

[AUDIT] Flushed batch 9fb8bf26-5a13-494c-844e-de7f16ae7c17: 100 events, hash=3461fd31

[AUDIT] Flushed batch ac362fd7-1834-465e-804f-e92fbed7ee38: 100 events, hash=5e325f8f

[AUDIT] Flushed batch 04b02b3f-a01b-499d-b06f-d32b82085db2: 100 events, hash=2fd3ce79

[AUDIT] Flushed batch 5e23fe73-2221-4132-94d3-0d4f10b06308: 100 events, hash=913120a0

[AUDIT] Flushed batch 57aa385d-9128-4f40-a580-12e431213a4d: 100 events, hash=1d78eb07

[AUDIT] Flushed batch f09b2360-bc64-42d2-8946-5c69dede2751: 100 events, hash=638321db

[AUDIT] Flushed batch d7560c1f-8890-4f3d-8beb-16281bb96055: 100 events, hash=e5e9347c

[AUDIT] Flushed batch cc435808-8f34-404b-becc-5c36a81c6e53: 100 events, hash=4b1ed0bb

[AUDIT] Flushed batch c890668f-d6f3-4b2b-b25d-c6a351ad1654: 100 events, hash=8c05916e

[AUDIT] Flushed batch 6a151678-f9a2-453d-82cf-4000f3b53d1c: 100 events, hash=05d6ccd2

[AUDIT] Flushed batch 6da6a0c1-4b17-450a-8566-463e76c7f67a: 100 events, hash=caf0958d

[AUDIT] Flushed batch 94f5cfbf-5bfd-47fb-8b9b-6c55604f6434: 100 events, hash=40ecc174

[AUDIT] Flushed batch 9ddcb043-28b6-4b1b-8c80-4ca16122f007: 100 events, hash=89031062

[AUDIT] Flushed batch d838f675-86f4-4087-bb07-85ede15a6ccc: 100 events, hash=6b0f0c6a

[AUDIT] Flushed batch 92bcb3de-0bcc-4aec-a8e7-4f53e9babbba: 100 events, hash=a5623007

[AUDIT] Flushed batch 90ae2e8c-8e41-4e3f-8177-6c94618d7499: 100 events, hash=81979420

[AUDIT] Flushed batch 4e00e505-23e3-42ab-ab6d-f4d72f05c3bf: 100 events, hash=d9f3f924

[AUDIT] Flushed batch 16482883-93c9-434d-9bbb-08d2694a3760: 100 events, hash=04244434

[AUDIT] Flushed batch bfcac687-55fe-4c10-bfba-3573afcccba2: 100 events, hash=7b419eca

[AUDIT] Flushed batch 9291b65a-a68b-4b7f-b7e7-be5363a6a7ca: 100 events, hash=0fcea60d

[AUDIT] Flushed batch 1aef17d6-1e5f-4e59-9c80-3549c8162dde: 100 events, hash=f90e3ba0

[AUDIT] Flushed batch bf80db5a-3617-466b-8473-f229495f52dc: 100 events, hash=8d3f6af9

[AUDIT] Flushed batch 4c4e2fc9-a622-401d-91ea-387fe3efe167: 100 events, hash=0f9ae274

[AUDIT] Flushed batch 60a150a8-b3ef-4fc9-861f-596f3002aa53: 100 events, hash=db1237f4

[AUDIT] Flushed batch dbfe727c-a415-4133-9dbf-bf80e09526e5: 100 events, hash=13e4f6d4

[AUDIT] Flushed batch 234d67b7-6983-407f-9248-4952ff963f3d: 100 events, hash=19bbea33

[AUDIT] Flushed batch 6c4f3b54-b351-4130-9699-2a03ae5bd956: 100 events, hash=e2d4fe94

[AUDIT] Flushed batch 9e33b118-6581-40ca-9309-707e34241035: 100 events, hash=fc9a3155

[AUDIT] Flushed batch d57f93ad-6a57-45fe-91c8-6e4ecb3765fc: 100 events, hash=fd2e20b9

[AUDIT] Flushed batch 2efa8dc9-236a-4484-9b04-359f54b0366e: 100 events, hash=649cd352

[AUDIT] Flushed batch 8302e4b3-bfe7-4853-8e4a-928ff9a32368: 100 events, hash=d1243c43

[AUDIT] Flushed batch abed91f7-6854-4363-ba75-a874cc3c751d: 100 events, hash=8865a40d

[AUDIT] Flushed batch 7de49299-92b6-4339-b3e7-c6c0b69d4828: 100 events, hash=ea0a74df

[AUDIT] Flushed batch 413fa4f0-63b1-4689-bd26-8fdcbde3794e: 100 events, hash=1c6439b1

[AUDIT] Flushed batch 4ace180f-c789-44fd-9863-f6dde0c1735e: 100 events, hash=ccc8cebf

[AUDIT] Flushed batch 59734d46-fbca-4890-b12f-22c7cfb7484d: 100 events, hash=5e729355

[AUDIT] Flushed batch 93747801-496c-4603-9c92-16f51bc18685: 100 events, hash=9dfd90ab

[AUDIT] Flushed batch fcb9f630-0cf5-4187-8944-5bdfb577248e: 100 events, hash=f3a38818

[AUDIT] Flushed batch c1e5e226-9b50-479f-8d74-0bb92eab9373: 100 events, hash=9294c350

[AUDIT] Flushed batch 5f16bc31-0720-4892-97ec-a38935e7d151: 100 events, hash=5ca97c02

[AUDIT] Flushed batch f5f1bc32-0dbd-4607-b575-e03c6d6d6b16: 100 events, hash=7b0711ce

[AUDIT] Flushed batch 51271386-dc85-4330-8fb3-985182caad80: 100 events, hash=248fbdc6

[AUDIT] Flushed batch 9d19934b-72ba-4406-884e-449e767d43b0: 100 events, hash=0f5ecde6

[AUDIT] Flushed batch 2bd70860-9a4f-4c53-8279-d5ebabad27de: 100 events, hash=1e8d4592

[AUDIT] Flushed batch e0b0acf6-4b13-4b82-a6e2-1349d8043f53: 100 events, hash=fd16beef

[AUDIT] Flushed batch 4b9da2b1-6c14-4ac7-b39c-2d5f39194934: 100 events, hash=33f018d9

[AUDIT] Flushed batch 686f475f-2da5-422f-b200-41190eb727e0: 100 events, hash=5352cb00

[AUDIT] Flushed batch 078d14b3-8a94-4bc5-8caa-c92c1d0831d2: 100 events, hash=0bb70de4

[AUDIT] Flushed batch 9c3be29c-e148-4a59-8101-d8c317ee6533: 100 events, hash=6ad070a5

[AUDIT] Flushed batch 18590ed2-afc8-4f08-807b-44470b9bff27: 100 events, hash=43190110

[AUDIT] Flushed batch 81a4f6b3-5ff7-48c4-81ba-10704e20f0e6: 100 events, hash=fa337e59

[AUDIT] Flushed batch 3a700d88-e32b-4f71-82b1-2b8d9c04e411: 100 events, hash=d338211d

[AUDIT] Flushed batch 5f50b354-3d5d-4e2f-aedd-3a335e49e04d: 100 events, hash=a165e7bf

[AUDIT] Flushed batch 46068e76-3056-4380-9040-eb6da161ef06: 100 events, hash=263702a3

[AUDIT] Flushed batch fb5ac9f5-2fa6-4f25-84e9-750b98ec3aff: 100 events, hash=8b780aeb

[AUDIT] Flushed batch e02f7542-d73c-4977-95b8-d650198e5039: 100 events, hash=09069507

[AUDIT] Flushed batch 8f1e4fed-e698-4e07-895a-8d6a6ea59d9d: 100 events, hash=1c7c560f

[AUDIT] Flushed batch fa2c5837-7784-4eaf-a6b2-e45113c93510: 100 events, hash=e8a41aa2

[AUDIT] Flushed batch e6d7887d-1e94-4c48-b000-aedc767a709b: 100 events, hash=bfc359b3

[AUDIT] Flushed batch 7e81988f-bb48-492d-b539-fa1100678721: 100 events, hash=4b99dea9

[AUDIT] Flushed batch 0fb20990-bcb5-4d1d-8f45-843e80b0203c: 100 events, hash=2e78dea6

[AUDIT] Flushed batch d8b09a8d-4f29-44df-b74b-6e9649a3bed0: 100 events, hash=e121ea2c

[AUDIT] Flushed batch e2b20e6f-4bfd-48c7-a945-ea1f97d62ff0: 100 events, hash=c8e74fe1

[AUDIT] Flushed batch 86469bc0-f891-4064-ba37-05f9c1134ce2: 1 events, hash=a4cc79b6

[AUDIT] Flushed batch 7815e732-1e00-4079-8c80-a8711114f2a7: 100 events, hash=bb765fba

[AUDIT] Flushed batch d945f241-cc22-4e3b-8ad6-7689c303e771: 100 events, hash=1ca8a91b

[AUDIT] Flushed batch cdb1da0d-f5b1-430f-bc27-aa582ee07df0: 100 events, hash=89db4b76

[AUDIT] Flushed batch 129a9538-0a99-4272-99aa-bd8375f5f0e4: 100 events, hash=14df925d

[AUDIT] Flushed batch 2596dfd1-d76a-4a4d-96fb-187aa2cf57e2: 3 events, hash=59d50b71

[AUDIT] Flushed batch 53b74180-bfbb-49b6-8e62-9b3f1f3258fe: 2 events, hash=a98e3dca

[AUDIT] Flushed batch 3edd1b79-fa2d-4777-9013-b0eb8b395c1c: 100 events, hash=41d77d86

[AUDIT] Flushed batch 1acad2a7-5a69-4eb8-962e-db5b2110bc69: 100 events, hash=8b7351bc

[AUDIT] Flushed batch 326b283d-194d-4d7b-800b-391322c58618: 100 events, hash=3199ad49

[AUDIT] Flushed batch d80df084-603a-412a-9bfc-0b7ec1ae5981: 100 events, hash=0bf11172

[AUDIT] Flushed batch 76d212f9-1670-4273-a514-18b57822f1c0: 100 events, hash=607eeedd

[AUDIT] Flushed batch 3ee0a7c8-ba93-4e94-bd27-b3b97a134a6d: 100 events, hash=2ace8889

[AUDIT] Flushed batch 1275bf9a-0d65-4a86-a8d0-0ec7cf1c1e4f: 100 events, hash=af6f1fc9

[AUDIT] Flushed batch e317ea1d-c5ab-4a1d-b01b-4242162358d0: 100 events, hash=7f698217

[AUDIT] Flushed batch 183a639e-2714-443e-9dbf-d4b1266890c4: 100 events, hash=bb59d4f7

[AUDIT] Flushed batch 851967f3-319e-4098-ba69-05ee8acc8148: 100 events, hash=b5c53d2c

[AUDIT] Flushed batch d354883d-dbef-460e-be2d-38d1f816b1c2: 100 events, hash=3becade8

[AUDIT] Flushed batch 256118a9-6340-47f2-87b2-19382a2f84ab: 100 events, hash=1f693a85

[AUDIT] Flushed batch b889aa4f-93ab-4a25-b824-b987f13a595f: 100 events, hash=4f2d631e

[AUDIT] Flushed batch 84fd957d-3188-4f68-a616-7cbd29bf878b: 100 events, hash=10e75815

[AUDIT] Flushed batch 70edd8d2-4aad-4930-b7fa-0c76c2d7ec25: 100 events, hash=13a1eea6

[AUDIT] Flushed batch ce6ceb78-9af0-4013-b414-d170141c5b95: 100 events, hash=ebc1df7f

[AUDIT] Flushed batch a6206b08-7ff0-4869-a670-ea0b6e2ae694: 100 events, hash=3c4d80ca

[AUDIT] Flushed batch cfa9b857-f4f8-41ed-ac6f-4713e50c5975: 100 events, hash=c8183eba

[AUDIT] Flushed batch 1e235d55-97ac-435c-90ac-7c67fe6ec70d: 100 events, hash=1f3c77ad

[AUDIT] Flushed batch 0f70656e-ff47-4440-a9b3-6cfbe110c65c: 100 events, hash=f4f4e18c

[AUDIT] Flushed batch 5c39873a-28a0-4312-8be8-3c8d50a3dbe4: 100 events, hash=313afcf4

[AUDIT] Flushed batch ca91feb1-1803-4c41-86c3-af539c546642: 100 events, hash=231df1da

[AUDIT] Flushed batch f7e72635-aa74-439a-81c8-4a421da7391c: 100 events, hash=32f948c5

            </system-out>
        </testcase>
        <testcase classname="tests/unit/performance/audit-batch-writer.test.ts" name="AuditBatchWriter &gt; flush() - threshold-triggered &gt; should trigger flush when buffer reaches 100 events (FLUSH_SIZE_THRESHOLD)" time="0.002688924">
            <system-out>
[AUDIT] Flushed batch 89eb2769-98f7-4c4f-9532-b2e16dc24cfb: 100 events, hash=cf01cddd

            </system-out>
        </testcase>
        <testcase classname="tests/unit/performance/audit-batch-writer.test.ts" name="AuditBatchWriter &gt; flush() - threshold-triggered &gt; should handle multiple threshold-triggered flushes" time="0.002002817">
            <system-out>
[AUDIT] Flushed batch d0a38f1f-541c-4a22-a513-94b519b6c3c8: 100 events, hash=483cdde4

[AUDIT] Flushed batch 0a406a7b-b0d5-4d05-88fa-efad55623c44: 100 events, hash=4ac6b3d5

            </system-out>
        </testcase>
        <testcase classname="tests/unit/performance/audit-batch-writer.test.ts" name="AuditBatchWriter &gt; flush() - threshold-triggered &gt; should not flush if buffer &lt; 100 events" time="0.000520224">
        </testcase>
        <testcase classname="tests/unit/performance/audit-batch-writer.test.ts" name="AuditBatchWriter &gt; auto-flush timer &gt; should have auto-flush mechanism configured" time="0.000550962">
        </testcase>
        <testcase classname="tests/unit/performance/audit-batch-writer.test.ts" name="AuditBatchWriter &gt; auto-flush timer &gt; should allow manual flush as alternative to auto-flush" time="0.000728114">
            <system-out>
[AUDIT] Flushed batch 52dfffb2-79a9-4045-b763-9cd71c30cbd5: 1 events, hash=15cc8e12

            </system-out>
        </testcase>
        <testcase classname="tests/unit/performance/audit-batch-writer.test.ts" name="AuditBatchWriter &gt; auto-flush timer &gt; should flush when threshold is reached without depending on timer" time="0.001869263">
            <system-out>
[AUDIT] Flushed batch 96a2f4a8-dd0c-4100-a259-01dc696bb332: 100 events, hash=da7ba85e

[AUDIT] Flushed batch 95f6860e-8de9-4dea-88cf-5267bb90fe5b: 100 events, hash=909c0023

            </system-out>
        </testcase>
        <testcase classname="tests/unit/performance/audit-batch-writer.test.ts" name="AuditBatchWriter &gt; auto-flush timer &gt; should not flush empty buffer" time="0.000292074">
        </testcase>
        <testcase classname="tests/unit/performance/audit-batch-writer.test.ts" name="AuditBatchWriter &gt; auto-flush timer &gt; should respect shutdown when stopping new timers" time="0.000512503">
            <system-out>
[AUDIT] Flushed batch 942f171f-7bbc-4c70-b783-2ff915483b07: 1 events, hash=024fed4a

            </system-out>
        </testcase>
        <testcase classname="tests/unit/performance/audit-batch-writer.test.ts" name="AuditBatchWriter &gt; hash chain integrity &gt; should build batch with previousHash pointing to last batch" time="0.003950153">
            <system-out>
[AUDIT] Flushed batch 210b78ca-bfec-4c7a-9f3c-3610f880f65f: 100 events, hash=e9a05d70

[AUDIT] Flushed batch 04f30344-d330-4fdc-b43b-e61c4c5bcf26: 100 events, hash=455d1763

            </system-out>
        </testcase>
        <testcase classname="tests/unit/performance/audit-batch-writer.test.ts" name="AuditBatchWriter &gt; hash chain integrity &gt; should maintain hash chain as previousHash in consecutive flushes" time="0.001929997">
            <system-out>
[AUDIT] Flushed batch a6f1b7b1-6a0f-4c53-92d3-1dfeeb3b98b8: 100 events, hash=9f9613c6

[AUDIT] Flushed batch c8a0e0dc-fc67-43a9-804e-7e4992633530: 100 events, hash=c324eab5

            </system-out>
        </testcase>
        <testcase classname="tests/unit/performance/audit-batch-writer.test.ts" name="AuditBatchWriter &gt; hash chain integrity &gt; should include event hashes in batch hash calculation" time="0.000552875">
            <system-out>
[AUDIT] Flushed batch 17c8fdc7-d201-4d6a-8d7c-eb4494c1b980: 2 events, hash=c2b24fec

            </system-out>
        </testcase>
        <testcase classname="tests/unit/performance/audit-batch-writer.test.ts" name="AuditBatchWriter &gt; hash chain integrity &gt; should produce different batch hash for different event sets" time="0.000794347">
            <system-out>
[AUDIT] Flushed batch ad6c5473-8a88-46ff-a6ad-166e706902da: 2 events, hash=320460dc

[AUDIT] Flushed batch 5ca7a5bd-8061-423f-8113-2b45b2451c38: 2 events, hash=01e41fee

            </system-out>
        </testcase>
        <testcase classname="tests/unit/performance/audit-batch-writer.test.ts" name="AuditBatchWriter &gt; hash chain integrity &gt; should initialize with default previousHash (0000000000000000)" time="0.000282103">
        </testcase>
        <testcase classname="tests/unit/performance/audit-batch-writer.test.ts" name="AuditBatchWriter &gt; shutdown() &gt; should flush remaining buffered events on shutdown" time="0.000879894">
            <system-out>
[AUDIT] Flushed batch 4db0f836-b00b-476a-a31b-0d26b2b39fa0: 50 events, hash=0272eaff

            </system-out>
        </testcase>
        <testcase classname="tests/unit/performance/audit-batch-writer.test.ts" name="AuditBatchWriter &gt; shutdown() &gt; should handle shutdown with empty buffer" time="0.000321546">
        </testcase>
        <testcase classname="tests/unit/performance/audit-batch-writer.test.ts" name="AuditBatchWriter &gt; shutdown() &gt; should prevent auto-flush timer after shutdown" time="0.000795044">
            <system-out>
[AUDIT] Flushed batch a691df01-ce87-4a2f-b293-43ae37c2a5c2: 1 events, hash=8bd81251

            </system-out>
        </testcase>
        <testcase classname="tests/unit/performance/audit-batch-writer.test.ts" name="AuditBatchWriter &gt; shutdown() &gt; should flush all events across multiple shutdown calls" time="0.00100918">
            <system-out>
[AUDIT] Flushed batch 3efb2ee5-9c3e-49b6-9715-13b6d7fa57c7: 30 events, hash=04b2d0b3

[AUDIT] Flushed batch 62977c8a-e5b2-4698-a1cd-bfb3440ff174: 20 events, hash=febcb39d

            </system-out>
        </testcase>
        <testcase classname="tests/unit/performance/audit-batch-writer.test.ts" name="AuditBatchWriter &gt; stats tracking &gt; should track totalEnqueued accurately" time="0.000319457">
        </testcase>
        <testcase classname="tests/unit/performance/audit-batch-writer.test.ts" name="AuditBatchWriter &gt; stats tracking &gt; should track totalFlushed accurately" time="0.001086105">
            <system-out>
[AUDIT] Flushed batch c507469a-36d5-4084-b819-7126b15b83bf: 100 events, hash=05b0e156

            </system-out>
        </testcase>
        <testcase classname="tests/unit/performance/audit-batch-writer.test.ts" name="AuditBatchWriter &gt; stats tracking &gt; should increment totalBatches on each flush" time="0.00187282">
            <system-out>
[AUDIT] Flushed batch d83259af-aa96-4fca-b9b4-b5a64a6d4167: 100 events, hash=5bccad41

[AUDIT] Flushed batch 5b2912b1-aaca-4969-8a6f-80860bbdf3dc: 100 events, hash=89c037d1

            </system-out>
        </testcase>
        <testcase classname="tests/unit/performance/audit-batch-writer.test.ts" name="AuditBatchWriter &gt; stats tracking &gt; should track flushErrors on failure" time="0.00023352">
        </testcase>
        <testcase classname="tests/unit/performance/audit-batch-writer.test.ts" name="AuditBatchWriter &gt; stats tracking &gt; should track lastFlushDuration" time="0.000576156">
            <system-out>
[AUDIT] Flushed batch 52637ce5-3a57-4add-8b1e-39b3f148b620: 1 events, hash=3027bbb1

            </system-out>
        </testcase>
        <testcase classname="tests/unit/performance/audit-batch-writer.test.ts" name="AuditBatchWriter &gt; stats tracking &gt; should track bufferSize correctly" time="0.001159542">
            <system-out>
[AUDIT] Flushed batch 04343bc9-cacf-492d-92ad-0c49a93faf20: 2 events, hash=bdeb231e

            </system-out>
        </testcase>
        <testcase classname="tests/unit/performance/audit-batch-writer.test.ts" name="AuditBatchWriter &gt; stats tracking &gt; should track lastFlushAgeMs" time="0.000290908">
        </testcase>
        <testcase classname="tests/unit/performance/audit-batch-writer.test.ts" name="AuditBatchWriter &gt; stats tracking &gt; should include currentBatchHash in stats" time="0.001078681">
            <system-out>
[AUDIT] Flushed batch 8e4973f9-fc18-40cb-a170-23ab86cfb580: 100 events, hash=1004142a

            </system-out>
        </testcase>
        <testcase classname="tests/unit/performance/audit-batch-writer.test.ts" name="AuditBatchWriter &gt; stats tracking &gt; should track complete stats lifecycle" time="0.00081088">
            <system-out>
[AUDIT] Flushed batch 3fb9b9ac-597e-46a0-b9f0-01c308f5cdf2: 10 events, hash=07b6bfef

            </system-out>
        </testcase>
        <testcase classname="tests/unit/performance/audit-batch-writer.test.ts" name="AuditBatchWriter &gt; concurrent operations &gt; should handle concurrent enqueue during flush" time="0.000878909">
            <system-out>
[AUDIT] Flushed batch ce115bdd-1e69-48ca-bcb2-191439958f6b: 50 events, hash=f1e920b6

            </system-out>
        </testcase>
        <testcase classname="tests/unit/performance/audit-batch-writer.test.ts" name="AuditBatchWriter &gt; concurrent operations &gt; should not allow concurrent flushes" time="0.001159425">
            <system-out>
[AUDIT] Flushed batch a96a68eb-6a76-4f1b-9d4f-a2d1299ec713: 100 events, hash=c79cf751

            </system-out>
        </testcase>
        <testcase classname="tests/unit/performance/audit-batch-writer.test.ts" name="AuditBatchWriter &gt; concurrent operations &gt; should queue enqueue during concurrent flush attempts" time="0.000809237">
            <system-out>
[AUDIT] Flushed batch d901e479-4110-444c-b22f-c442e3671201: 50 events, hash=cd01195e

            </system-out>
        </testcase>
        <testcase classname="tests/unit/performance/audit-batch-writer.test.ts" name="AuditBatchWriter &gt; concurrent operations &gt; should handle rapid enqueue and manual flush cycles" time="0.001844134">
            <system-out>
[AUDIT] Flushed batch 24378974-992c-4348-9e8b-fbc99f1fecf3: 1 events, hash=27a40466

[AUDIT] Flushed batch c8f80e3a-b35b-44e1-b1a8-0aae5d80363e: 1 events, hash=ab25713e

[AUDIT] Flushed batch e5112b25-b049-44d7-a915-26ccbed11490: 1 events, hash=60c17868

[AUDIT] Flushed batch 9aef7da6-3b96-4171-845d-829a9e6b0c70: 1 events, hash=05bdaa7a

[AUDIT] Flushed batch 3070042e-4b4e-4c8b-8209-9e85fcdb15ef: 1 events, hash=42e49d0f

[AUDIT] Flushed batch 3b87ffe2-3a0d-4ca6-a9c0-68e4ed56c1d5: 1 events, hash=bc8fc321

[AUDIT] Flushed batch f05aa9d1-da1f-495f-acf0-9fdb365feadd: 1 events, hash=a023352a

[AUDIT] Flushed batch 7265bee1-5360-409c-84a5-be13a5d14c10: 1 events, hash=d9dc536d

[AUDIT] Flushed batch c5350826-be35-4463-a30a-4f20645aa297: 1 events, hash=dcc0cc9e

[AUDIT] Flushed batch 218c7e26-714a-43b2-8f34-6963b6ef5a55: 1 events, hash=571c4c04

            </system-out>
        </testcase>
        <testcase classname="tests/unit/performance/audit-batch-writer.test.ts" name="AuditBatchWriter &gt; hash collision resistance &gt; should produce different hashes for events with different IDs" time="0.000476234">
            <system-out>
[AUDIT] Flushed batch a60a181c-3b7a-4375-b59c-93f23fd5413e: 2 events, hash=864be398

            </system-out>
        </testcase>
        <testcase classname="tests/unit/performance/audit-batch-writer.test.ts" name="AuditBatchWriter &gt; hash collision resistance &gt; should produce different hashes for events with different timestamps" time="0.00083199">
            <system-out>
[AUDIT] Flushed batch 6ec2e1ba-c07d-484c-86c5-caf35b8cf1da: 2 events, hash=856e4ca9

            </system-out>
        </testcase>
        <testcase classname="tests/unit/performance/audit-batch-writer.test.ts" name="AuditBatchWriter &gt; hash collision resistance &gt; should produce different hashes for events with different decisions" time="0.000522428">
            <system-out>
[AUDIT] Flushed batch 26bdd5b8-fecd-4fab-b0e8-586cd822ae67: 2 events, hash=d363feec

            </system-out>
        </testcase>
        <testcase classname="tests/unit/performance/audit-batch-writer.test.ts" name="AuditBatchWriter &gt; hash collision resistance &gt; should be resistant to simple hash attacks (changing only one field)" time="0.000769159">
            <system-out>
[AUDIT] Flushed batch 111a6e46-4104-4639-808e-18fa7c4aa2c3: 1 events, hash=49a3cab1

[AUDIT] Flushed batch 25535211-9ce5-4953-bd86-c16baadb5179: 1 events, hash=c40eaa9d

            </system-out>
        </testcase>
        <testcase classname="tests/unit/performance/audit-batch-writer.test.ts" name="AuditBatchWriter &gt; hash collision resistance &gt; should produce consistent hashes for identical event content" time="0.000646688">
            <system-out>
[AUDIT] Flushed batch 28280a75-1a13-4afd-8078-fe9c9788e633: 1 events, hash=71810f3a

[AUDIT] Flushed batch 7577a28b-7c71-41c2-8ccb-bb6375bf15d3: 1 events, hash=dcfc957a

            </system-out>
        </testcase>
        <testcase classname="tests/unit/performance/audit-batch-writer.test.ts" name="AuditBatchWriter &gt; clear() &gt; should clear buffer and reset hash" time="0.000511019">
        </testcase>
        <testcase classname="tests/unit/performance/audit-batch-writer.test.ts" name="AuditBatchWriter &gt; clear() &gt; should reset batch hash to initial state" time="0.000920502">
            <system-out>
[AUDIT] Flushed batch 267a86a7-b5fe-4849-ab42-3f0bffb01f96: 100 events, hash=1a6421cd

            </system-out>
        </testcase>
        <testcase classname="tests/unit/performance/audit-batch-writer.test.ts" name="AuditBatchWriter &gt; edge cases &gt; should handle enqueue of event with all optional fields present" time="0.000277574">
        </testcase>
        <testcase classname="tests/unit/performance/audit-batch-writer.test.ts" name="AuditBatchWriter &gt; edge cases &gt; should handle enqueue of event with minimal fields" time="0.000248837">
        </testcase>
        <testcase classname="tests/unit/performance/audit-batch-writer.test.ts" name="AuditBatchWriter &gt; edge cases &gt; should handle very large batch near threshold" time="0.000973974">
            <system-out>
[AUDIT] Flushed batch 14d56ee7-49f2-4ffc-9ebe-399b4bdeb3a5: 100 events, hash=14f9120c

            </system-out>
        </testcase>
        <testcase classname="tests/unit/performance/audit-batch-writer.test.ts" name="AuditBatchWriter &gt; edge cases &gt; should handle buffer growth past threshold" time="0.001032498">
            <system-out>
[AUDIT] Flushed batch c39e2812-8bfe-42de-ba94-de1ac0b93cb7: 100 events, hash=63a6fcf1

            </system-out>
        </testcase>
        <testcase classname="tests/unit/performance/audit-batch-writer.test.ts" name="AuditBatchWriter &gt; edge cases &gt; should handle multiple manual flush calls" time="0.00043441">
            <system-out>
[AUDIT] Flushed batch 5394a6b1-4928-48b4-91b0-0764c3216ec1: 1 events, hash=74b54f81

            </system-out>
        </testcase>
        <testcase classname="tests/unit/performance/audit-batch-writer.test.ts" name="AuditBatchWriter &gt; edge cases &gt; should track stats correctly across buffer full rejection" time="0.091415476">
            <system-out>
[AUDIT] Flushed batch 27a70b39-809e-492a-b77e-861640d33dea: 100 events, hash=99db87cc

[AUDIT] Flushed batch ddb0ae78-89cc-4ce1-85db-3d3629f27573: 100 events, hash=afb1f303

[AUDIT] Flushed batch 41686e66-9568-4b3b-874a-3a0222324cf8: 100 events, hash=86dbb25b

[AUDIT] Flushed batch 15fc1d79-aa9c-4df4-940d-ec4f1a612158: 100 events, hash=aec888b4

[AUDIT] Flushed batch 2f6e2960-2bc8-4d29-85c6-ed70efd4645c: 100 events, hash=11c870c9

[AUDIT] Flushed batch 9016aadb-521f-4bc7-a6ee-d01415ea1b02: 100 events, hash=4e4ef8f0

[AUDIT] Flushed batch 99e22cc1-5196-4486-8a8b-488d149ab1b1: 100 events, hash=9e25024b

[AUDIT] Flushed batch 739717f9-d085-47e1-939d-e83aeef1244e: 100 events, hash=2c39ca3f

[AUDIT] Flushed batch e95dfaf1-cc7d-40c0-bded-21427ade7b29: 100 events, hash=23b56b47

[AUDIT] Flushed batch b114ba68-2e2a-4b41-8a0d-823fda8b77c2: 100 events, hash=1cb4306b

[AUDIT] Flushed batch d78cbbc6-da36-4969-99bf-655f6e0a1e58: 100 events, hash=6ff2508d

[AUDIT] Flushed batch 4c327da8-ff40-4a95-9d24-cc6363b5a872: 100 events, hash=634a2898

[AUDIT] Flushed batch 86bc963f-37bd-43a1-b876-fe8f501c6743: 100 events, hash=0ff8281d

[AUDIT] Flushed batch e29ecb6f-6025-445e-ba76-a7673ba3ce50: 100 events, hash=c8e4c15e

[AUDIT] Flushed batch d33eb1c1-801e-4e5b-bd1b-c7540b7f30eb: 100 events, hash=3075d182

[AUDIT] Flushed batch 72063118-baf0-49e9-b4a3-de06af66bbc5: 100 events, hash=e8b23e6d

[AUDIT] Flushed batch 3b5a8395-4e77-48c0-ae67-386f437ef868: 100 events, hash=2b8e5cb6

[AUDIT] Flushed batch d94aca2e-9b62-4be9-b0f2-9d97657df744: 100 events, hash=5ba5f02a

[AUDIT] Flushed batch e68a83a7-52c1-43a6-a6dd-2499b0a27beb: 100 events, hash=81c658b2

[AUDIT] Flushed batch d0b28dd5-ad4c-41c2-83a6-ee300c373de3: 100 events, hash=d1975256

[AUDIT] Flushed batch e765748f-5eb9-4d6b-83ee-d25a34b49850: 100 events, hash=f4ec2a82

[AUDIT] Flushed batch ff424344-7396-4426-a411-1823e0f113b0: 100 events, hash=5fac2715

[AUDIT] Flushed batch 9809dff8-27e1-42f1-8ea8-aca63e1c1b98: 100 events, hash=45d3a1a9

[AUDIT] Flushed batch fe03ac99-dac0-477b-83c6-c60dfeb12f4e: 100 events, hash=07171a74

[AUDIT] Flushed batch 3f16137b-c6ab-47bb-aa0c-4a9e268c74e5: 100 events, hash=df58684d

[AUDIT] Flushed batch a1a33ba8-874a-47df-975c-08d0ce7daa8b: 100 events, hash=32ef652e

[AUDIT] Flushed batch 4865007d-308e-42b1-906a-44d80c735a76: 100 events, hash=75a89ada

[AUDIT] Flushed batch 6538b1f1-3a69-41ac-a9a5-7f397597eba4: 100 events, hash=22e6bc12

[AUDIT] Flushed batch 337fad53-f18b-4a48-a1a0-56c6d9c5bd2d: 100 events, hash=3d7ca40c

[AUDIT] Flushed batch ea4bfa45-a363-4e9b-a73e-ca66d794c70e: 100 events, hash=d79a786a

[AUDIT] Flushed batch 7ccdd739-c104-4f28-bd8e-35e68ffb5c63: 100 events, hash=ccfa9290

[AUDIT] Flushed batch fe280dc2-bfaf-4c44-98b9-1f353cf1f4f6: 100 events, hash=9c6a150a

[AUDIT] Flushed batch 1b2ee35c-d1b1-4acb-a322-5b3e434afbc5: 100 events, hash=c454f001

[AUDIT] Flushed batch 7e5531e3-af6c-44fa-b696-cd62decdc1fd: 100 events, hash=01da4720

[AUDIT] Flushed batch 50505b75-e05d-47ac-bf31-c7e86178f143: 100 events, hash=9a8984f6

[AUDIT] Flushed batch 5849dcf2-2ca6-4b05-96ee-c40feee0e7b6: 100 events, hash=fb1a1efa

[AUDIT] Flushed batch b64faaf7-e392-4ba5-a43f-6b64be19598f: 100 events, hash=1d35e3de

[AUDIT] Flushed batch 32828873-a579-4763-aeea-992655f4d2c9: 100 events, hash=4041f47a

[AUDIT] Flushed batch 93dc2f35-1c34-4f36-adf9-d289acada6f5: 100 events, hash=45c1ece2

[AUDIT] Flushed batch 47d162c4-6dd3-4950-b03c-02356c7ad2dd: 100 events, hash=802cd350

[AUDIT] Flushed batch 21f37c88-21e1-4ebf-a13e-18ca206931a0: 100 events, hash=a3beea02

[AUDIT] Flushed batch 18c9034b-4a16-44a6-9daf-4a591583e63d: 100 events, hash=48796a6f

[AUDIT] Flushed batch 18db1b2a-34c6-4dc3-8b8b-a7b9d3f3ce48: 100 events, hash=adcbd3cb

[AUDIT] Flushed batch 08521184-853f-4fd5-9aa9-a48134fa99d7: 100 events, hash=032651d2

[AUDIT] Flushed batch a77afb0b-d317-4418-bbb8-043ebe4247e2: 100 events, hash=a4660a53

[AUDIT] Flushed batch dead97c1-3f2d-4cb0-b334-dce0f881da9b: 100 events, hash=91a8009a

[AUDIT] Flushed batch 971501f3-ded8-4c67-a6da-43260cb2b2d2: 100 events, hash=8380781b

[AUDIT] Flushed batch 4c7c8334-230c-4b65-9bcc-68becd858d46: 100 events, hash=8302a085

[AUDIT] Flushed batch a9960086-d1c7-45fd-be05-105dd15edd7e: 100 events, hash=1be741d0

[AUDIT] Flushed batch 83e4ec52-d437-4384-81c8-cc63549f7e6c: 100 events, hash=462c0125

[AUDIT] Flushed batch c86d1e3c-c5b7-4659-8825-b375db822e81: 100 events, hash=41abee7d

[AUDIT] Flushed batch 9be2819a-6ffe-4fa6-9ec5-d8264c1b3566: 100 events, hash=4f18aca6

[AUDIT] Flushed batch 2e1b40e8-a5df-4558-b9dc-aa019f9fbfbe: 100 events, hash=bc1e54f3

[AUDIT] Flushed batch f88dec13-0d02-4371-a82c-72ca4f00489a: 100 events, hash=5d690491

[AUDIT] Flushed batch 9d8334c8-443a-4933-b866-7d8d06b3a792: 100 events, hash=fbad2924

[AUDIT] Flushed batch a086906a-909e-4331-b3e4-b1ff95511ba8: 100 events, hash=5fb01ce3

[AUDIT] Flushed batch aac0677a-22de-4617-b6f8-10d3037e6b8f: 100 events, hash=b27d32de

[AUDIT] Flushed batch a3221831-7db6-499b-bf34-27e1030b930c: 100 events, hash=b6d98e89

[AUDIT] Flushed batch 820873de-3643-4a60-90da-a33fcb2b85f1: 100 events, hash=b1aaaf60

[AUDIT] Flushed batch 8fc029fd-cf0d-4f9d-afd9-4fa55ac1094f: 100 events, hash=04b21e9f

[AUDIT] Flushed batch 7cde87d7-2b4d-40e7-ae35-d6a020ca6f2b: 100 events, hash=4ee3eb4b

[AUDIT] Flushed batch b86f4e8e-d362-43cf-9f5f-b239a8f65480: 100 events, hash=ebf03cef

[AUDIT] Flushed batch 0ba44f93-71ee-42b5-bcc9-c59c1462dc08: 100 events, hash=b68d4ddd

[AUDIT] Flushed batch b5d43c9a-1b62-4c44-a9fc-d74385ea9808: 100 events, hash=c64f83ee

[AUDIT] Flushed batch 750f1395-6f2c-4cfb-af3b-8b468a236a37: 1 events, hash=5e75a17f

[AUDIT] Flushed batch 25bb3a5a-1b65-4d3b-bc45-5f120d47cbd6: 100 events, hash=e879811a

[AUDIT] Flushed batch ccbd6155-9118-4d2c-927c-1e251af69259: 100 events, hash=3db8c3e6

[AUDIT] Flushed batch f6e08b45-6c92-4d2c-b122-1bdd7288b758: 100 events, hash=d0674170

[AUDIT] Flushed batch 6f7b465c-28b6-4e54-9150-ea0df2818691: 100 events, hash=9d90a533

[AUDIT] Flushed batch 397b31bf-8ee7-40cd-a752-152ead43bc01: 100 events, hash=f50bb016

[AUDIT] Flushed batch d70426bb-89e3-446d-82b5-0c0d7af24e17: 100 events, hash=a5365e29

[AUDIT] Flushed batch ac5eee37-0298-43e0-93b8-bdc30f75a257: 100 events, hash=cc174421

[AUDIT] Flushed batch 8e832911-c545-4dbf-90bd-1669fd9dd712: 50 events, hash=c44285d2

[AUDIT] Flushed batch 423fb801-c425-4676-9cea-ce0f1ee08da9: 100 events, hash=ff092ab5

[AUDIT] Flushed batch 9fd0a2c2-549f-4e7c-a8b2-8ea05ca6a248: 100 events, hash=25e8cd30

[AUDIT] Flushed batch d0496250-613c-4ffe-8026-da8494a89e17: 100 events, hash=db23fce7

[AUDIT] Flushed batch ec69add6-6adb-401a-93f3-47a860c4ba1d: 100 events, hash=e644fee6

[AUDIT] Flushed batch 5758c8d3-c574-4ab5-b88c-5bc8a2f4ae15: 100 events, hash=6b065eea

[AUDIT] Flushed batch 714e262e-fc91-408c-9e06-6a669fff0e63: 100 events, hash=d22f28f5

[AUDIT] Flushed batch 7c0b1ec2-3400-464a-998a-0b78a0ac1a06: 100 events, hash=72fb12bb

[AUDIT] Flushed batch ec6da33f-bf5f-4706-a832-56679f678905: 100 events, hash=7cda1726

[AUDIT] Flushed batch 1c85b645-4185-491e-972c-70e0658399cc: 100 events, hash=afffe2f4

[AUDIT] Flushed batch 3b554044-851f-4342-b24d-2055724a869a: 100 events, hash=e4178374

[AUDIT] Flushed batch 2fa76205-0446-43fc-83d4-b62774890eea: 100 events, hash=02aab802

[AUDIT] Flushed batch 49830b4b-9883-45a0-93d7-d97c9b0a3de0: 100 events, hash=15293ecf

[AUDIT] Flushed batch 14daee5c-c0f1-48f6-8f65-5a04d8191c84: 100 events, hash=4afee34f

[AUDIT] Flushed batch 0ad411ad-3722-4c96-803a-f69474f66abc: 100 events, hash=785b23ea

[AUDIT] Flushed batch ce9d7454-78e7-459a-9d2c-c5e3dc4e0ccd: 100 events, hash=d6c68490

[AUDIT] Flushed batch 71a38dc5-e938-4cbf-9dcd-f1a4143390c0: 100 events, hash=c745d6fe

[AUDIT] Flushed batch de697036-361c-40d0-8ca7-48b57cf42a15: 100 events, hash=a8e4527c

[AUDIT] Flushed batch 2011c63a-ae89-4352-bc4e-d5cc715b14c0: 100 events, hash=0b33229c

[AUDIT] Flushed batch 4f7adf7c-70b3-47f2-aa4a-d5e732733196: 100 events, hash=ebd718e0

[AUDIT] Flushed batch abe9d296-9c7b-42ac-be94-71cf7450765b: 100 events, hash=6834167f

[AUDIT] Flushed batch 68bd16be-1a1f-411c-ac69-3709abcd5a00: 100 events, hash=a1a76e7b

[AUDIT] Flushed batch 486c348b-ad82-44c5-8b0f-688eef78f64c: 100 events, hash=9872c0dd

[AUDIT] Flushed batch 506b0100-45f9-4100-b43e-d9a145016565: 100 events, hash=67255cac

[AUDIT] Flushed batch 57dc95f0-1f49-4790-8156-197ce2714670: 100 events, hash=74ee5651

[AUDIT] Flushed batch 85f6a56d-eccb-428c-a7f7-65d5461eec31: 100 events, hash=8803ba18

[AUDIT] Flushed batch 61bf260e-d6ff-4e28-b0e5-9f9cc20f440a: 5 events, hash=fd5e98a7

[AUDIT] Flushed batch 3a3d06c7-f738-474b-b2a1-b1cfef4a02c2: 100 events, hash=33b0640a

[AUDIT] Flushed batch a6c26707-7211-4666-b3e2-172ffc264337: 100 events, hash=3e4ea459

[AUDIT] Flushed batch 877f727b-69fb-4008-85f4-90f6a33f8418: 1 events, hash=c405302d

[AUDIT] Flushed batch 521670ff-106b-473d-8a90-b195095a92be: 30 events, hash=21bf0c6a

[AUDIT] Flushed batch caf41bff-9254-4c32-85a7-025b527fa794: 100 events, hash=7d30ee64

[AUDIT] Flushed batch 9bcd8362-945b-4b38-896b-9bda499f8acd: 100 events, hash=bda299af

            </system-out>
        </testcase>
        <testcase classname="tests/unit/performance/audit-batch-writer.test.ts" name="AuditBatchWriter &gt; integration scenarios &gt; should handle realistic audit workflow: enqueue, manual-flush, stats" time="0.002242225">
            <system-out>
[AUDIT] Flushed batch 28af208d-d606-4da9-82c5-9162eebf0425: 50 events, hash=329e680a

            </system-out>
        </testcase>
        <testcase classname="tests/unit/performance/audit-batch-writer.test.ts" name="AuditBatchWriter &gt; integration scenarios &gt; should handle mixed manual and threshold-triggered flushes" time="0.001668303">
            <system-out>
[AUDIT] Flushed batch d550c877-1dae-4025-b1e8-f6ac3ab28cc2: 1 events, hash=126da199

[AUDIT] Flushed batch cbdc1939-1139-4647-82fb-a613f06108cd: 100 events, hash=54ac5277

[AUDIT] Flushed batch b4c2ed27-681c-48be-adf9-23ee4506c458: 1 events, hash=dd6758f5

            </system-out>
        </testcase>
        <testcase classname="tests/unit/performance/audit-batch-writer.test.ts" name="AuditBatchWriter &gt; integration scenarios &gt; should maintain audit trail consistency through lifecycle" time="0.001442489">
            <system-out>
[AUDIT] Flushed batch ab3e2b65-c4d1-4280-be3c-2515cde6c5b5: 50 events, hash=4d5a7f17

[AUDIT] Flushed batch b4c2e748-04c6-42b7-bc8e-ec2303596a83: 50 events, hash=6a9aa898

            </system-out>
        </testcase>
    </testsuite>
    <testsuite name="tests/unit/performance/executor-throttle-phase1.test.ts" timestamp="2026-06-29T13:05:58.715Z" hostname="vm" tests="20" failures="0" errors="0" skipped="0" time="0.010601067">
        <testcase classname="tests/unit/performance/executor-throttle-phase1.test.ts" name="Phase 1: Max Retries + Fingerprint + Break Condition &gt; generateTaskFingerprint() &gt; should generate a 16-char hex string" time="0.002003114">
        </testcase>
        <testcase classname="tests/unit/performance/executor-throttle-phase1.test.ts" name="Phase 1: Max Retries + Fingerprint + Break Condition &gt; generateTaskFingerprint() &gt; should be deterministic: same input = same output" time="0.000362119">
        </testcase>
        <testcase classname="tests/unit/performance/executor-throttle-phase1.test.ts" name="Phase 1: Max Retries + Fingerprint + Break Condition &gt; generateTaskFingerprint() &gt; should differ for different inputs" time="0.000799875">
        </testcase>
        <testcase classname="tests/unit/performance/executor-throttle-phase1.test.ts" name="Phase 1: Max Retries + Fingerprint + Break Condition &gt; recordTaskAttempt() &gt; should create initial attempt with retryCount=0" time="0.00048875">
        </testcase>
        <testcase classname="tests/unit/performance/executor-throttle-phase1.test.ts" name="Phase 1: Max Retries + Fingerprint + Break Condition &gt; recordTaskAttempt() &gt; should increment retryCount on subsequent calls" time="0.000263514">
        </testcase>
        <testcase classname="tests/unit/performance/executor-throttle-phase1.test.ts" name="Phase 1: Max Retries + Fingerprint + Break Condition &gt; recordTaskAttempt() &gt; should track failure reasons" time="0.001070906">
        </testcase>
        <testcase classname="tests/unit/performance/executor-throttle-phase1.test.ts" name="Phase 1: Max Retries + Fingerprint + Break Condition &gt; recordTaskAttempt() &gt; should record different failure reasons" time="0.000452411">
        </testcase>
        <testcase classname="tests/unit/performance/executor-throttle-phase1.test.ts" name="Phase 1: Max Retries + Fingerprint + Break Condition &gt; recordTaskAttempt() &gt; should track timestamps" time="0.000247835">
        </testcase>
        <testcase classname="tests/unit/performance/executor-throttle-phase1.test.ts" name="Phase 1: Max Retries + Fingerprint + Break Condition &gt; canRetryTask() &gt; should allow retry on first failure" time="0.000341129">
        </testcase>
        <testcase classname="tests/unit/performance/executor-throttle-phase1.test.ts" name="Phase 1: Max Retries + Fingerprint + Break Condition &gt; canRetryTask() &gt; should allow up to 3 retries" time="0.000412078">
        </testcase>
        <testcase classname="tests/unit/performance/executor-throttle-phase1.test.ts" name="Phase 1: Max Retries + Fingerprint + Break Condition &gt; canRetryTask() &gt; should block fingerprint after 3 identical failures" time="0.000191316">
        </testcase>
        <testcase classname="tests/unit/performance/executor-throttle-phase1.test.ts" name="Phase 1: Max Retries + Fingerprint + Break Condition &gt; canRetryTask() &gt; should return stop reason on max retries" time="0.000138169">
        </testcase>
        <testcase classname="tests/unit/performance/executor-throttle-phase1.test.ts" name="Phase 1: Max Retries + Fingerprint + Break Condition &gt; blockFingerprint() &gt; should mark fingerprint as blocked" time="0.000135791">
        </testcase>
        <testcase classname="tests/unit/performance/executor-throttle-phase1.test.ts" name="Phase 1: Max Retries + Fingerprint + Break Condition &gt; blockFingerprint() &gt; should prevent retry after blocking" time="0.000084558">
        </testcase>
        <testcase classname="tests/unit/performance/executor-throttle-phase1.test.ts" name="Phase 1: Max Retries + Fingerprint + Break Condition &gt; getAttempt() &gt; should return attempt for tracked task" time="0.000213259">
        </testcase>
        <testcase classname="tests/unit/performance/executor-throttle-phase1.test.ts" name="Phase 1: Max Retries + Fingerprint + Break Condition &gt; getAttempt() &gt; should return undefined for untracked task" time="0.000123623">
        </testcase>
        <testcase classname="tests/unit/performance/executor-throttle-phase1.test.ts" name="Phase 1: Max Retries + Fingerprint + Break Condition &gt; clearAttempts() &gt; should clear all attempt tracking" time="0.000135265">
        </testcase>
        <testcase classname="tests/unit/performance/executor-throttle-phase1.test.ts" name="Phase 1: Max Retries + Fingerprint + Break Condition &gt; Integration tests &gt; should handle single failure + retry" time="0.000210188">
        </testcase>
        <testcase classname="tests/unit/performance/executor-throttle-phase1.test.ts" name="Phase 1: Max Retries + Fingerprint + Break Condition &gt; Integration tests &gt; should block after 3 identical failures" time="0.000328203">
        </testcase>
        <testcase classname="tests/unit/performance/executor-throttle-phase1.test.ts" name="Phase 1: Max Retries + Fingerprint + Break Condition &gt; Integration tests &gt; should differentiate between different tasks with same fingerprint" time="0.000177882">
        </testcase>
    </testsuite>
    <testsuite name="tests/unit/performance/queue-cleanup.test.ts" timestamp="2026-06-29T13:05:58.719Z" hostname="vm" tests="14" failures="0" errors="0" skipped="0" time="0.015327504">
        <testcase classname="tests/unit/performance/queue-cleanup.test.ts" name="Queue Cleanup — Phase 3 &gt; Protected Status Check &gt; Should NEVER delete RUNNING tasks during cleanup" time="0.003500703">
            <system-out>
Queue cleanup completed { removed: [33m0[39m, moved_to_dlq: [33m1[39m, skipped: [33m0[39m }

Queue cleanup stopped

            </system-out>
            <system-err>
Queue item 05f23a9b-bada-4e84-94f9-7f4b86050cd8 is stale (pending for 1000000ms), moving to DLQ

            </system-err>
        </testcase>
        <testcase classname="tests/unit/performance/queue-cleanup.test.ts" name="Queue Cleanup — Phase 3 &gt; Protected Status Check &gt; Should skip protected statuses (RUNNING, LOCKED, WAITING_APPROVAL, WAITING_USER_INPUT)" time="0.001023426">
            <system-out>
Queue cleanup completed { removed: [33m0[39m, moved_to_dlq: [33m3[39m, skipped: [33m0[39m }

            </system-out>
            <system-err>
Queue item 9e43845a-d879-4198-a19b-544072124200 is stale (pending for 3000001ms), moving to DLQ
Queue item 07da8f32-cb50-4eaf-851d-0e1203a1d1b0 is stale (pending for 2000001ms), moving to DLQ
Queue item 517bf5fb-af48-4e60-9ec7-ceb722cb6b04 is stale (pending for 1000001ms), moving to DLQ

            </system-err>
        </testcase>
        <testcase classname="tests/unit/performance/queue-cleanup.test.ts" name="Queue Cleanup — Phase 3 &gt; Stale Pending Item Handling &gt; Should move pending items older than 15 min to DLQ" time="0.001334272">
            <system-out>
Queue cleanup completed { removed: [33m0[39m, moved_to_dlq: [33m1[39m, skipped: [33m0[39m }

            </system-out>
            <system-err>
Queue item bd97b4f3-0006-4234-8354-0c39a819fe4b is stale (pending for 960000ms), moving to DLQ

            </system-err>
        </testcase>
        <testcase classname="tests/unit/performance/queue-cleanup.test.ts" name="Queue Cleanup — Phase 3 &gt; Stale Pending Item Handling &gt; Should preserve fresh pending items during cleanup" time="0.00030532">
        </testcase>
        <testcase classname="tests/unit/performance/queue-cleanup.test.ts" name="Queue Cleanup — Phase 3 &gt; Dead Letter Queue Management &gt; Should add failed items to DLQ when moved" time="0.001614359">
            <system-out>
Queue cleanup completed { removed: [33m0[39m, moved_to_dlq: [33m1[39m, skipped: [33m0[39m }

            </system-out>
            <system-err>
Queue item e6afa468-5696-4735-87db-8da30883b3a3 is stale (pending for 1020000ms), moving to DLQ

            </system-err>
        </testcase>
        <testcase classname="tests/unit/performance/queue-cleanup.test.ts" name="Queue Cleanup — Phase 3 &gt; Dead Letter Queue Management &gt; Should cap DLQ size at 1000 items" time="0.001116925">
        </testcase>
        <testcase classname="tests/unit/performance/queue-cleanup.test.ts" name="Queue Cleanup — Phase 3 &gt; Dead Letter Queue Management &gt; Should track reason when moving item to DLQ" time="0.000839561">
            <system-out>
Queue cleanup completed { removed: [33m0[39m, moved_to_dlq: [33m1[39m, skipped: [33m0[39m }

            </system-out>
            <system-err>
Queue item c70e6fbe-7b7b-492f-ba2a-ffac8c18db08 is stale (pending for 960000ms), moving to DLQ

            </system-err>
        </testcase>
        <testcase classname="tests/unit/performance/queue-cleanup.test.ts" name="Queue Cleanup — Phase 3 &gt; Cleanup Interval Management &gt; Should start and stop cleanup interval" time="0.001751147">
            <system-out>
Queue cleanup started (every 60s)
Queue cleanup stopped

            </system-out>
        </testcase>
        <testcase classname="tests/unit/performance/queue-cleanup.test.ts" name="Queue Cleanup — Phase 3 &gt; Cleanup Interval Management &gt; Should not start multiple cleanup intervals" time="0.000452736">
            <system-out>
Queue cleanup started (every 60s)
Queue cleanup stopped

            </system-out>
        </testcase>
        <testcase classname="tests/unit/performance/queue-cleanup.test.ts" name="Queue Cleanup — Phase 3 &gt; Cleanup Interval Management &gt; Should handle stopQueueCleanup when never started" time="0.000163447">
        </testcase>
        <testcase classname="tests/unit/performance/queue-cleanup.test.ts" name="Queue Cleanup — Phase 3 &gt; Cleanup Stats Reporting &gt; Should return CleanupStats with all fields" time="0.000349825">
        </testcase>
        <testcase classname="tests/unit/performance/queue-cleanup.test.ts" name="Queue Cleanup — Phase 3 &gt; Cleanup Stats Reporting &gt; Should track removed vs moved_to_dead_letter counts separately" time="0.000248836">
        </testcase>
        <testcase classname="tests/unit/performance/queue-cleanup.test.ts" name="Queue Cleanup — Phase 3 &gt; Queue State After Cleanup &gt; Should only remove items that meet cleanup criteria" time="0.000223363">
        </testcase>
        <testcase classname="tests/unit/performance/queue-cleanup.test.ts" name="Queue Cleanup — Phase 3 &gt; Integration with Queue Operations &gt; Should not interfere with normal enqueue/dequeue during cleanup" time="0.000556751">
        </testcase>
    </testsuite>
    <testsuite name="tests/unit/performance/request-queue.test.ts" timestamp="2026-06-29T13:05:58.724Z" hostname="vm" tests="55" failures="0" errors="0" skipped="0" time="0.372568454">
        <testcase classname="tests/unit/performance/request-queue.test.ts" name="RequestQueue - Priority Levels and FIFO &gt; should enqueue and dequeue with priority 1" time="0.002067012">
        </testcase>
        <testcase classname="tests/unit/performance/request-queue.test.ts" name="RequestQueue - Priority Levels and FIFO &gt; should enqueue and dequeue with priority 2" time="0.000448857">
        </testcase>
        <testcase classname="tests/unit/performance/request-queue.test.ts" name="RequestQueue - Priority Levels and FIFO &gt; should enqueue and dequeue with priority 3" time="0.000333385">
        </testcase>
        <testcase classname="tests/unit/performance/request-queue.test.ts" name="RequestQueue - Priority Levels and FIFO &gt; should prioritize P1 over P2 and P3" time="0.000284106">
        </testcase>
        <testcase classname="tests/unit/performance/request-queue.test.ts" name="RequestQueue - Priority Levels and FIFO &gt; should prioritize P2 over P3" time="0.000280695">
        </testcase>
        <testcase classname="tests/unit/performance/request-queue.test.ts" name="RequestQueue - Priority Levels and FIFO &gt; should maintain FIFO order within priority 1" time="0.000352833">
        </testcase>
        <testcase classname="tests/unit/performance/request-queue.test.ts" name="RequestQueue - Priority Levels and FIFO &gt; should maintain FIFO order within priority 2" time="0.000271491">
        </testcase>
        <testcase classname="tests/unit/performance/request-queue.test.ts" name="RequestQueue - Priority Levels and FIFO &gt; should maintain FIFO order within priority 3" time="0.008592172">
        </testcase>
        <testcase classname="tests/unit/performance/request-queue.test.ts" name="RequestQueue - Fairness and No Starvation &gt; should process P3 after max consecutive P3 dequeues (fairness limit)" time="0.000795513">
        </testcase>
        <testcase classname="tests/unit/performance/request-queue.test.ts" name="RequestQueue - Fairness and No Starvation &gt; should not starve P3 when P1 and P2 are available" time="0.000776471">
        </testcase>
        <testcase classname="tests/unit/performance/request-queue.test.ts" name="RequestQueue - Fairness and No Starvation &gt; should process P3 when P1 and P2 queues are empty" time="0.000202594">
        </testcase>
        <testcase classname="tests/unit/performance/request-queue.test.ts" name="RequestQueue - Fairness and No Starvation &gt; fairness counter resets when higher priority dequeued" time="0.00013191">
        </testcase>
        <testcase classname="tests/unit/performance/request-queue.test.ts" name="RequestQueue - Timeout and Expiration &gt; should enqueue request with 30 second deadline" time="0.000293513">
        </testcase>
        <testcase classname="tests/unit/performance/request-queue.test.ts" name="RequestQueue - Timeout and Expiration &gt; should skip expired requests during dequeue" time="0.000160727">
        </testcase>
        <testcase classname="tests/unit/performance/request-queue.test.ts" name="RequestQueue - Timeout and Expiration &gt; should count expired requests in stats" time="0.000177639">
        </testcase>
        <testcase classname="tests/unit/performance/request-queue.test.ts" name="RequestQueue - Timeout and Expiration &gt; should return null when all requests are expired" time="0.000142161">
        </testcase>
        <testcase classname="tests/unit/performance/request-queue.test.ts" name="RequestQueue - Timeout and Expiration &gt; should handle multiple expired requests before valid one" time="0.004728681">
        </testcase>
        <testcase classname="tests/unit/performance/request-queue.test.ts" name="RequestQueue - Backpressure (Pause at 1000) &gt; should track queue size" time="0.000313722">
        </testcase>
        <testcase classname="tests/unit/performance/request-queue.test.ts" name="RequestQueue - Backpressure (Pause at 1000) &gt; should track priority queue sizes" time="0.000248396">
        </testcase>
        <testcase classname="tests/unit/performance/request-queue.test.ts" name="RequestQueue - Backpressure (Pause at 1000) &gt; should handle large queue sizes (&gt;1000)" time="0.00657892">
        </testcase>
        <testcase classname="tests/unit/performance/request-queue.test.ts" name="RequestQueue - Backpressure (Pause at 1000) &gt; processQueueAsync should pause when queue size &gt; 1000" time="0.103773055">
            <system-err>
Request queue backpressure: 1100 pending requests

            </system-err>
        </testcase>
        <testcase classname="tests/unit/performance/request-queue.test.ts" name="RequestQueue - Backpressure (Pause at 1000) &gt; processQueueAsync should resume when queue size &lt; 500" time="0.00210192">
        </testcase>
        <testcase classname="tests/unit/performance/request-queue.test.ts" name="RequestQueue - Requeue with Priority Bump &gt; should requeue with auto-bumped priority (P2-&gt;P1)" time="0.000457986">
        </testcase>
        <testcase classname="tests/unit/performance/request-queue.test.ts" name="RequestQueue - Requeue with Priority Bump &gt; should requeue with explicit priority" time="0.000158223">
        </testcase>
        <testcase classname="tests/unit/performance/request-queue.test.ts" name="RequestQueue - Requeue with Priority Bump &gt; should auto-bump priority on requeue (P3-&gt;P2)" time="0.000125171">
        </testcase>
        <testcase classname="tests/unit/performance/request-queue.test.ts" name="RequestQueue - Requeue with Priority Bump &gt; should bump P1 to P1 (already highest)" time="0.000117727">
        </testcase>
        <testcase classname="tests/unit/performance/request-queue.test.ts" name="RequestQueue - Requeue with Priority Bump &gt; should reject requeue after 3 dequeues (attemptCount &gt; 3)" time="0.000509173">
            <system-err>
Request 123 failed after 3 attempts, dropping

            </system-err>
        </testcase>
        <testcase classname="tests/unit/performance/request-queue.test.ts" name="RequestQueue - Requeue with Priority Bump &gt; should allow requeue up to 3 dequeues" time="0.000172066">
        </testcase>
        <testcase classname="tests/unit/performance/request-queue.test.ts" name="RequestQueue - Requeue with Priority Bump &gt; should reset deadline on requeue" time="0.000141733">
        </testcase>
        <testcase classname="tests/unit/performance/request-queue.test.ts" name="RequestQueue - Queue Full (MAX_QUEUE_SIZE 10k) &gt; should accept 10000 requests" time="0.182618079">
        </testcase>
        <testcase classname="tests/unit/performance/request-queue.test.ts" name="RequestQueue - Queue Full (MAX_QUEUE_SIZE 10k) &gt; should reject request when queue reaches 10000" time="0.016202782">
        </testcase>
        <testcase classname="tests/unit/performance/request-queue.test.ts" name="RequestQueue - Queue Full (MAX_QUEUE_SIZE 10k) &gt; should accept requests again after dequeuing" time="0.017006702">
        </testcase>
        <testcase classname="tests/unit/performance/request-queue.test.ts" name="RequestQueue - Queue Full (MAX_QUEUE_SIZE 10k) &gt; should count rejections in stats" time="0.01341265">
        </testcase>
        <testcase classname="tests/unit/performance/request-queue.test.ts" name="RequestQueue - Concurrent Enqueue/Dequeue &gt; should handle concurrent enqueue operations" time="0.000612158">
        </testcase>
        <testcase classname="tests/unit/performance/request-queue.test.ts" name="RequestQueue - Concurrent Enqueue/Dequeue &gt; should handle concurrent dequeue operations" time="0.000318927">
        </testcase>
        <testcase classname="tests/unit/performance/request-queue.test.ts" name="RequestQueue - Concurrent Enqueue/Dequeue &gt; should maintain consistency with interleaved enqueue/dequeue" time="0.000265317">
        </testcase>
        <testcase classname="tests/unit/performance/request-queue.test.ts" name="RequestQueue - Concurrent Enqueue/Dequeue &gt; should handle rapid enqueue/dequeue cycling" time="0.001195467">
        </testcase>
        <testcase classname="tests/unit/performance/request-queue.test.ts" name="RequestQueue - Stats Accuracy &gt; should track total enqueued count" time="0.000165302">
        </testcase>
        <testcase classname="tests/unit/performance/request-queue.test.ts" name="RequestQueue - Stats Accuracy &gt; should track total dequeued count" time="0.000112471">
        </testcase>
        <testcase classname="tests/unit/performance/request-queue.test.ts" name="RequestQueue - Stats Accuracy &gt; should calculate average wait time" time="0.000124725">
        </testcase>
        <testcase classname="tests/unit/performance/request-queue.test.ts" name="RequestQueue - Stats Accuracy &gt; should calculate percentiles (p95, p99) for dequeued requests" time="0.000606733">
        </testcase>
        <testcase classname="tests/unit/performance/request-queue.test.ts" name="RequestQueue - Stats Accuracy &gt; should report priority distribution" time="0.000195072">
        </testcase>
        <testcase classname="tests/unit/performance/request-queue.test.ts" name="RequestQueue - Stats Accuracy &gt; should report current queue size" time="0.000102014">
        </testcase>
        <testcase classname="tests/unit/performance/request-queue.test.ts" name="RequestQueue - Stats Accuracy &gt; should report oldest request age" time="0.000117277">
        </testcase>
        <testcase classname="tests/unit/performance/request-queue.test.ts" name="RequestQueue - Stats Accuracy &gt; should maintain stats after clear" time="0.000112675">
        </testcase>
        <testcase classname="tests/unit/performance/request-queue.test.ts" name="RequestQueue - Stats Accuracy &gt; should return zero stats for empty queue" time="0.000213632">
        </testcase>
        <testcase classname="tests/unit/performance/request-queue.test.ts" name="RequestQueue - Stats Accuracy &gt; should handle incremental stats calculation" time="0.00028184">
        </testcase>
        <testcase classname="tests/unit/performance/request-queue.test.ts" name="RequestQueue - Edge Cases and Integration &gt; should generate unique IDs for each request" time="0.000329506">
        </testcase>
        <testcase classname="tests/unit/performance/request-queue.test.ts" name="RequestQueue - Edge Cases and Integration &gt; should handle empty dequeue gracefully" time="0.000074541">
        </testcase>
        <testcase classname="tests/unit/performance/request-queue.test.ts" name="RequestQueue - Edge Cases and Integration &gt; should handle multiple empty dequeues" time="0.000144157">
        </testcase>
        <testcase classname="tests/unit/performance/request-queue.test.ts" name="RequestQueue - Edge Cases and Integration &gt; should preserve command data through queue cycle" time="0.000158771">
        </testcase>
        <testcase classname="tests/unit/performance/request-queue.test.ts" name="RequestQueue - Edge Cases and Integration &gt; should respect fairness limit across long dequeue runs" time="0.000275872">
        </testcase>
        <testcase classname="tests/unit/performance/request-queue.test.ts" name="RequestQueue - Edge Cases and Integration &gt; should processQueueAsync yield requests indefinitely" time="0.000261974">
        </testcase>
        <testcase classname="tests/unit/performance/request-queue.test.ts" name="RequestQueue - Edge Cases and Integration &gt; should return valid QueuedRequest with all fields" time="0.000184071">
        </testcase>
        <testcase classname="tests/unit/performance/request-queue.test.ts" name="RequestQueue - Edge Cases and Integration &gt; should increment attemptCount on each dequeue" time="0.000273404">
        </testcase>
    </testsuite>
    <testsuite name="tests/unit/playground/evaluate.test.ts" timestamp="2026-06-29T13:05:58.735Z" hostname="vm" tests="9" failures="0" errors="0" skipped="0" time="0.005296616">
        <testcase classname="tests/unit/playground/evaluate.test.ts" name="playground evaluate — gate integration &gt; ALLOW when risk_score is 0.1" time="0.001263867">
        </testcase>
        <testcase classname="tests/unit/playground/evaluate.test.ts" name="playground evaluate — gate integration &gt; STABILIZE when risk_score is 0.5" time="0.000236299">
        </testcase>
        <testcase classname="tests/unit/playground/evaluate.test.ts" name="playground evaluate — gate integration &gt; BLOCK when risk_score is 0.9" time="0.000210344">
        </testcase>
        <testcase classname="tests/unit/playground/evaluate.test.ts" name="playground evaluate — gate integration &gt; STABILIZE on oscillation pattern" time="0.00023977">
        </testcase>
        <testcase classname="tests/unit/playground/evaluate.test.ts" name="playground evaluate — gate integration &gt; ALLOW at exact boundary 0.39" time="0.000110725">
        </testcase>
        <testcase classname="tests/unit/playground/evaluate.test.ts" name="playground evaluate — gate integration &gt; STABILIZE at exact boundary 0.4" time="0.000126139">
        </testcase>
        <testcase classname="tests/unit/playground/evaluate.test.ts" name="playground evaluate — gate integration &gt; BLOCK at exact boundary 0.8" time="0.000132923">
        </testcase>
        <testcase classname="tests/unit/playground/evaluate.test.ts" name="playground evaluate — gate integration &gt; proof_hash is deterministic for same input" time="0.000609962">
        </testcase>
        <testcase classname="tests/unit/playground/evaluate.test.ts" name="playground evaluate — gate integration &gt; proof_hash differs for different risk_score" time="0.000985698">
        </testcase>
    </testsuite>
    <testsuite name="tests/unit/readiness/go-live.test.ts" timestamp="2026-06-29T13:05:58.737Z" hostname="vm" tests="3" failures="0" errors="0" skipped="0" time="0.02311185">
        <testcase classname="tests/unit/readiness/go-live.test.ts" name="go-live readiness &gt; flags a blocker when there is no active owner" time="0.01488739">
        </testcase>
        <testcase classname="tests/unit/readiness/go-live.test.ts" name="go-live readiness &gt; returns needs-attention when owner exists but optional signals are missing" time="0.004092112">
        </testcase>
        <testcase classname="tests/unit/readiness/go-live.test.ts" name="go-live readiness &gt; returns ready when owner, SSO, billing, audit and onboarding are all satisfied" time="0.003000234">
        </testcase>
    </testsuite>
    <testsuite name="tests/unit/release-gate/checker.test.ts" timestamp="2026-06-29T13:05:58.738Z" hostname="vm" tests="7" failures="0" errors="0" skipped="0" time="0.008598831">
        <testcase classname="tests/unit/release-gate/checker.test.ts" name="runReleaseGate &gt; returns GO when all checks pass" time="0.002344943">
        </testcase>
        <testcase classname="tests/unit/release-gate/checker.test.ts" name="runReleaseGate &gt; returns NO-GO when any check fails" time="0.000689918">
        </testcase>
        <testcase classname="tests/unit/release-gate/checker.test.ts" name="runReleaseGate &gt; returns NO-GO when all checks fail" time="0.000393559">
        </testcase>
        <testcase classname="tests/unit/release-gate/checker.test.ts" name="runReleaseGate &gt; handles network errors gracefully and marks that check as failed" time="0.000622405">
        </testcase>
        <testcase classname="tests/unit/release-gate/checker.test.ts" name="runReleaseGate &gt; returns checks for all 5 expected paths" time="0.001613872">
        </testcase>
        <testcase classname="tests/unit/release-gate/checker.test.ts" name="runReleaseGate &gt; prefixes each check url with the provided base url" time="0.001163128">
        </testcase>
        <testcase classname="tests/unit/release-gate/checker.test.ts" name="runReleaseGate &gt; includes status code in passing checks" time="0.000387781">
        </testcase>
    </testsuite>
    <testsuite name="tests/unit/release-gate/entitlements.test.ts" timestamp="2026-06-29T13:05:58.740Z" hostname="vm" tests="5" failures="0" errors="0" skipped="0" time="0.023641748">
        <testcase classname="tests/unit/release-gate/entitlements.test.ts" name="hasReleaseGateProAccess &gt; returns false for null email without querying the database" time="0.018824469">
        </testcase>
        <testcase classname="tests/unit/release-gate/entitlements.test.ts" name="hasReleaseGateProAccess &gt; returns false when there are no matching entitlements" time="0.001149687">
        </testcase>
        <testcase classname="tests/unit/release-gate/entitlements.test.ts" name="hasReleaseGateProAccess &gt; returns true when an active entitlement exists" time="0.001081579">
        </testcase>
        <testcase classname="tests/unit/release-gate/entitlements.test.ts" name="hasReleaseGateProAccess &gt; returns false on database error" time="0.00057347">
        </testcase>
        <testcase classname="tests/unit/release-gate/entitlements.test.ts" name="hasReleaseGateProAccess &gt; returns false when data is null with no error" time="0.000546991">
        </testcase>
    </testsuite>
    <testsuite name="tests/unit/release-gate/plans.test.ts" timestamp="2026-06-29T13:05:58.741Z" hostname="vm" tests="5" failures="0" errors="0" skipped="0" time="0.005219761">
        <testcase classname="tests/unit/release-gate/plans.test.ts" name="releaseGatePlans &gt; defines exactly three plans" time="0.001726586">
        </testcase>
        <testcase classname="tests/unit/release-gate/plans.test.ts" name="releaseGatePlans &gt; has plans with ids: free, starter, pro in that order" time="0.00077194">
        </testcase>
        <testcase classname="tests/unit/release-gate/plans.test.ts" name="releaseGatePlans &gt; each plan has required fields: id, name, price, description, features" time="0.00088252">
        </testcase>
        <testcase classname="tests/unit/release-gate/plans.test.ts" name="releaseGatePlans &gt; free plan has $0 price" time="0.000190157">
        </testcase>
        <testcase classname="tests/unit/release-gate/plans.test.ts" name="releaseGatePlans &gt; pro plan has more features than free plan" time="0.000142266">
        </testcase>
    </testsuite>
    <testsuite name="tests/unit/revenue/upgrade-nudge-period.test.ts" timestamp="2026-06-29T13:05:58.742Z" hostname="vm" tests="2" failures="0" errors="0" skipped="0" time="0.004357849">
        <testcase classname="tests/unit/revenue/upgrade-nudge-period.test.ts" name="upgrade-nudge explicit billing period &gt; uses the requested billing period for usage_counters queries" time="0.002228187">
        </testcase>
        <testcase classname="tests/unit/revenue/upgrade-nudge-period.test.ts" name="upgrade-nudge explicit billing period &gt; normalizes invalid period values to a safe YYYY-MM fallback" time="0.001010015">
        </testcase>
    </testsuite>
    <testsuite name="tests/unit/revenue/upgrade-nudge.test.ts" timestamp="2026-06-29T13:05:58.743Z" hostname="vm" tests="10" failures="0" errors="0" skipped="0" time="0.006694433">
        <testcase classname="tests/unit/revenue/upgrade-nudge.test.ts" name="upgrade-nudge: nudge level thresholds &gt; returns nudge=none when usage &lt; 80% (pro plan, 7000/10000)" time="0.002151959">
        </testcase>
        <testcase classname="tests/unit/revenue/upgrade-nudge.test.ts" name="upgrade-nudge: nudge level thresholds &gt; returns nudge=soft at exactly 80% (pro plan, 8000/10000)" time="0.000486313">
        </testcase>
        <testcase classname="tests/unit/revenue/upgrade-nudge.test.ts" name="upgrade-nudge: nudge level thresholds &gt; returns nudge=hard at 95% (pro plan, 9500/10000)" time="0.000330392">
        </testcase>
        <testcase classname="tests/unit/revenue/upgrade-nudge.test.ts" name="upgrade-nudge: nudge level thresholds &gt; returns nudge=blocked at 100% (pro plan, 10000/10000)" time="0.000355333">
        </testcase>
        <testcase classname="tests/unit/revenue/upgrade-nudge.test.ts" name="upgrade-nudge: nudge level thresholds &gt; enterprise org (900000/1000000 = 90%) → soft nudge, no nextPlan" time="0.000405187">
        </testcase>
        <testcase classname="tests/unit/revenue/upgrade-nudge.test.ts" name="upgrade-nudge: nudge level thresholds &gt; pct is integer 0-100 (free plan, 30/60 = 50%)" time="0.000243542">
        </testcase>
        <testcase classname="tests/unit/revenue/upgrade-nudge.test.ts" name="upgrade-nudge: nudge level thresholds &gt; zero usage → nudge=none" time="0.000200441">
        </testcase>
        <testcase classname="tests/unit/revenue/upgrade-nudge.test.ts" name="upgrade-nudge: upgrade path metadata &gt; includes savingsVsMonthly multiplier string" time="0.000301767">
        </testcase>
        <testcase classname="tests/unit/revenue/upgrade-nudge.test.ts" name="upgrade-nudge: upgrade path metadata &gt; nextPlan and nextPlanQuota are consistent" time="0.00041559">
        </testcase>
        <testcase classname="tests/unit/revenue/upgrade-nudge.test.ts" name="upgrade-nudge: upgrade path metadata &gt; unknown plan falls back to free quota (60)" time="0.000241319">
        </testcase>
    </testsuite>
    <testsuite name="tests/unit/runtime/approval.test.ts" timestamp="2026-06-29T13:05:58.745Z" hostname="vm" tests="2" failures="0" errors="0" skipped="0" time="0.003376479">
        <testcase classname="tests/unit/runtime/approval.test.ts" name="runtime approval &gt; builds deterministic approval key" time="0.001647348">
        </testcase>
        <testcase classname="tests/unit/runtime/approval.test.ts" name="runtime approval &gt; only pending status is reusable" time="0.000417165">
        </testcase>
    </testsuite>
    <testsuite name="tests/unit/runtime/canonical.test.ts" timestamp="2026-06-29T13:05:58.746Z" hostname="vm" tests="2" failures="0" errors="0" skipped="0" time="0.003216555">
        <testcase classname="tests/unit/runtime/canonical.test.ts" name="runtime canonical &gt; normalizes object key order" time="0.001226421">
        </testcase>
        <testcase classname="tests/unit/runtime/canonical.test.ts" name="runtime canonical &gt; hashes equivalent payloads consistently" time="0.000710239">
        </testcase>
    </testsuite>
    <testsuite name="tests/unit/runtime/checkpoint.test.ts" timestamp="2026-06-29T13:05:58.746Z" hostname="vm" tests="7" failures="0" errors="0" skipped="0" time="0.006917314">
        <testcase classname="tests/unit/runtime/checkpoint.test.ts" name="buildCheckpointHash &gt; returns a 64-char hex string (SHA-256)" time="0.001559996">
        </testcase>
        <testcase classname="tests/unit/runtime/checkpoint.test.ts" name="buildCheckpointHash &gt; is deterministic for identical inputs" time="0.000419795">
        </testcase>
        <testcase classname="tests/unit/runtime/checkpoint.test.ts" name="buildCheckpointHash &gt; changes when truthCanonicalHash changes" time="0.000643137">
        </testcase>
        <testcase classname="tests/unit/runtime/checkpoint.test.ts" name="buildCheckpointHash &gt; changes when latestLedgerId changes" time="0.000243773">
        </testcase>
        <testcase classname="tests/unit/runtime/checkpoint.test.ts" name="buildCheckpointHash &gt; changes when latestLedgerSequence changes" time="0.00035766">
        </testcase>
        <testcase classname="tests/unit/runtime/checkpoint.test.ts" name="buildCheckpointHash &gt; changes when latestTruthSequence changes" time="0.000226567">
        </testcase>
        <testcase classname="tests/unit/runtime/checkpoint.test.ts" name="buildCheckpointHash &gt; sequence 0 and sequence 1 produce different hashes" time="0.000197116">
        </testcase>
    </testsuite>
    <testsuite name="tests/unit/runtime/commit-rpc.test.ts" timestamp="2026-06-29T13:05:58.748Z" hostname="vm" tests="8" failures="0" errors="0" skipped="0" time="0.006884199">
        <testcase classname="tests/unit/runtime/commit-rpc.test.ts" name="invokeRuntimeCommitRpc &gt; returns first call result with mode:latest when no error" time="0.002861141">
        </testcase>
        <testcase classname="tests/unit/runtime/commit-rpc.test.ts" name="invokeRuntimeCommitRpc &gt; calls rpc exactly once when first call succeeds" time="0.000517605">
        </testcase>
        <testcase classname="tests/unit/runtime/commit-rpc.test.ts" name="invokeRuntimeCommitRpc &gt; returns first result with mode:latest when error is non-signature-mismatch" time="0.000326906">
        </testcase>
        <testcase classname="tests/unit/runtime/commit-rpc.test.ts" name="invokeRuntimeCommitRpc &gt; falls back to legacy call when error is schema cache mismatch" time="0.000531431">
        </testcase>
        <testcase classname="tests/unit/runtime/commit-rpc.test.ts" name="invokeRuntimeCommitRpc &gt; strips p_agent_monthly_limit and p_org_plan_limit in the legacy call" time="0.000364438">
        </testcase>
        <testcase classname="tests/unit/runtime/commit-rpc.test.ts" name="invokeRuntimeCommitRpc &gt; first call always passes full args including limits" time="0.000299647">
        </testcase>
        <testcase classname="tests/unit/runtime/commit-rpc.test.ts" name="invokeRuntimeCommitRpc &gt; first call uses function name runtime_commit_execution" time="0.0002549">
        </testcase>
        <testcase classname="tests/unit/runtime/commit-rpc.test.ts" name="invokeRuntimeCommitRpc &gt; handles args without optional limit fields" time="0.000232463">
        </testcase>
    </testsuite>
    <testsuite name="tests/unit/runtime/gate.test.ts" timestamp="2026-06-29T13:05:58.750Z" hostname="vm" tests="19" failures="0" errors="0" skipped="0" time="0.008241049">
        <testcase classname="tests/unit/runtime/gate.test.ts" name="detectOscillation &gt; returns false when window has fewer scores than required" time="0.001232912">
        </testcase>
        <testcase classname="tests/unit/runtime/gate.test.ts" name="detectOscillation &gt; returns false for empty array" time="0.000257492">
        </testcase>
        <testcase classname="tests/unit/runtime/gate.test.ts" name="detectOscillation &gt; returns false when spread is below threshold" time="0.000154076">
        </testcase>
        <testcase classname="tests/unit/runtime/gate.test.ts" name="detectOscillation &gt; returns true when max-min &gt;= oscillationSpread" time="0.000119605">
        </testcase>
        <testcase classname="tests/unit/runtime/gate.test.ts" name="detectOscillation &gt; uses only the last oscillationWindow entries" time="0.000159154">
        </testcase>
        <testcase classname="tests/unit/runtime/gate.test.ts" name="detectOscillation &gt; respects custom oscillationWindow and oscillationSpread" time="0.001834124">
        </testcase>
        <testcase classname="tests/unit/runtime/gate.test.ts" name="detectOscillation &gt; returns false when called with no arguments (default empty array)" time="0.000190868">
        </testcase>
        <testcase classname="tests/unit/runtime/gate.test.ts" name="detectOscillation &gt; returns true when spread equals exactly oscillationSpread threshold (0.35)" time="0.000156555">
        </testcase>
        <testcase classname="tests/unit/runtime/gate.test.ts" name="detectOscillation &gt; returns false when spread is one epsilon below oscillationSpread (0.35)" time="0.000290701">
        </testcase>
        <testcase classname="tests/unit/runtime/gate.test.ts" name="evaluateGate — default policy &gt; returns BLOCK when riskScore &gt;= blockRiskScore (0.8)" time="0.000293018">
        </testcase>
        <testcase classname="tests/unit/runtime/gate.test.ts" name="evaluateGate — default policy &gt; returns STABILIZE when riskScore &gt;= stabilizeRiskScore (0.4) and no oscillation" time="0.000141365">
        </testcase>
        <testcase classname="tests/unit/runtime/gate.test.ts" name="evaluateGate — default policy &gt; returns STABILIZE on oscillation even with low riskScore" time="0.000187294">
        </testcase>
        <testcase classname="tests/unit/runtime/gate.test.ts" name="evaluateGate — default policy &gt; returns ALLOW when risk is low and stable" time="0.000140655">
        </testcase>
        <testcase classname="tests/unit/runtime/gate.test.ts" name="evaluateGate — default policy &gt; returns ALLOW with no recentRiskScores and low riskScore" time="0.000089759">
        </testcase>
        <testcase classname="tests/unit/runtime/gate.test.ts" name="evaluateGate — default policy &gt; BLOCK takes priority over oscillation" time="0.000096221">
        </testcase>
        <testcase classname="tests/unit/runtime/gate.test.ts" name="evaluateGate — default policy &gt; includes reason string in all decision types" time="0.00018101">
        </testcase>
        <testcase classname="tests/unit/runtime/gate.test.ts" name="evaluateGate — custom policy &gt; respects custom blockRiskScore" time="0.000651648">
        </testcase>
        <testcase classname="tests/unit/runtime/gate.test.ts" name="evaluateGate — custom policy &gt; respects custom stabilizeRiskScore" time="0.000127751">
        </testcase>
        <testcase classname="tests/unit/runtime/gate.test.ts" name="evaluateGate — custom policy &gt; applies custom oscillation params" time="0.000083526">
        </testcase>
    </testsuite>
    <testsuite name="tests/unit/runtime/makk8-arbiter.test.ts" timestamp="2026-06-29T13:05:58.754Z" hostname="vm" tests="3" failures="0" errors="0" skipped="0" time="0.004478143">
        <testcase classname="tests/unit/runtime/makk8-arbiter.test.ts" name="Makk8Arbiter &gt; returns SAMMA when all invariants are satisfied" time="0.001430565">
        </testcase>
        <testcase classname="tests/unit/runtime/makk8-arbiter.test.ts" name="Makk8Arbiter &gt; returns PATH_CONFLICT when one or more invariants fail" time="0.000332441">
        </testcase>
        <testcase classname="tests/unit/runtime/makk8-arbiter.test.ts" name="Makk8Arbiter &gt; builds deterministic proof hashes and signatures" time="0.001304474">
        </testcase>
    </testsuite>
    <testsuite name="tests/unit/runtime/reconcile-effect-callback.test.ts" timestamp="2026-06-29T13:05:58.755Z" hostname="vm" tests="7" failures="0" errors="0" skipped="0" time="0.008606894">
        <testcase classname="tests/unit/runtime/reconcile-effect-callback.test.ts" name="reconcileEffectCallback — unit &gt; returns found:false when effect does not exist" time="0.002390804">
        </testcase>
        <testcase classname="tests/unit/runtime/reconcile-effect-callback.test.ts" name="reconcileEffectCallback — unit &gt; returns alreadyFinal:true when status is succeeded (idempotent)" time="0.000656087">
        </testcase>
        <testcase classname="tests/unit/runtime/reconcile-effect-callback.test.ts" name="reconcileEffectCallback — unit &gt; returns alreadyFinal:true when status is failed (immutable)" time="0.000347815">
        </testcase>
        <testcase classname="tests/unit/runtime/reconcile-effect-callback.test.ts" name="reconcileEffectCallback — unit &gt; updates status and increments callback_count when pending" time="0.000882114">
        </testcase>
        <testcase classname="tests/unit/runtime/reconcile-effect-callback.test.ts" name="reconcileEffectCallback — unit &gt; throws when DB read fails" time="0.001387076">
        </testcase>
        <testcase classname="tests/unit/runtime/reconcile-effect-callback.test.ts" name="reconcileEffectCallback — unit &gt; accepts failed status" time="0.000643454">
        </testcase>
        <testcase classname="tests/unit/runtime/reconcile-effect-callback.test.ts" name="reconcileEffectCallback — unit &gt; scopes read query by org_id to prevent cross-org access" time="0.000888408">
        </testcase>
    </testsuite>
    <testsuite name="tests/unit/runtime/recovery.test.ts" timestamp="2026-06-29T13:05:58.757Z" hostname="vm" tests="1" failures="0" errors="0" skipped="0" time="0.013281125">
        <testcase classname="tests/unit/runtime/recovery.test.ts" name="validateRuntimeRecovery &gt; detects full lineage and hash match" time="0.012281815">
        </testcase>
    </testsuite>
    <testsuite name="tests/unit/runtime/udg-gate.test.ts" timestamp="2026-06-29T13:05:58.758Z" hostname="vm" tests="8" failures="0" errors="0" skipped="0" time="0.004525978">
        <testcase classname="tests/unit/runtime/udg-gate.test.ts" name="evaluateCospinUDGGate &gt; allows a deterministic safe transition" time="0.001510642">
        </testcase>
        <testcase classname="tests/unit/runtime/udg-gate.test.ts" name="evaluateCospinUDGGate &gt; blocks temporal regression" time="0.000400105">
        </testcase>
        <testcase classname="tests/unit/runtime/udg-gate.test.ts" name="evaluateCospinUDGGate &gt; blocks denied network identity" time="0.00019683">
        </testcase>
        <testcase classname="tests/unit/runtime/udg-gate.test.ts" name="evaluateCospinUDGGate &gt; blocks unknown invariant tag" time="0.000232871">
        </testcase>
        <testcase classname="tests/unit/runtime/udg-gate.test.ts" name="evaluateCospinUDGGate &gt; stabilizes high drift transitions" time="0.000255378">
        </testcase>
        <testcase classname="tests/unit/runtime/udg-gate.test.ts" name="evaluateCospinUDGGate &gt; stabilizes oscillating transitions" time="0.000182517">
        </testcase>
        <testcase classname="tests/unit/runtime/udg-gate.test.ts" name="evaluateCospinUDGGate &gt; blocks malformed action envelopes" time="0.000127619">
        </testcase>
        <testcase classname="tests/unit/runtime/udg-gate.test.ts" name="evaluateCospinUDGGate &gt; blocks invalid memory packets" time="0.000129138">
        </testcase>
    </testsuite>
    <testsuite name="tests/unit/security/api-error.test.ts" timestamp="2026-06-29T13:05:58.760Z" hostname="vm" tests="12" failures="0" errors="0" skipped="0" time="0.071460696">
        <testcase classname="tests/unit/security/api-error.test.ts" name="internalErrorMessage &gt; returns the internal server error string" time="0.033851372">
        </testcase>
        <testcase classname="tests/unit/security/api-error.test.ts" name="toSafeErrorResponse &gt; returns internal server error body for 5xx status" time="0.009332626">
        </testcase>
        <testcase classname="tests/unit/security/api-error.test.ts" name="toSafeErrorResponse &gt; returns request failed body for 4xx status" time="0.008023073">
        </testcase>
        <testcase classname="tests/unit/security/api-error.test.ts" name="toSafeErrorResponse &gt; defaults to internal server error when no status is provided" time="0.001962152">
        </testcase>
        <testcase classname="tests/unit/security/api-error.test.ts" name="logApiError &gt; calls Sentry.captureException when error is an Error instance" time="0.006493062">
            <system-err>
[/api/test] {
  error: {
    name: [32m&apos;Error&apos;[39m,
    message: [32m&apos;boom&apos;[39m,
    stack: [32m&apos;Error: boom\n&apos;[39m +
      [32m&apos;    at /home/user/tdealer01-crypto-dsg-control-plane/tests/unit/security/api-error.test.ts:46:17\n&apos;[39m +
      [32m&apos;    at processTicksAndRejections (node:internal/process/task_queues:103:5)\n&apos;[39m +
      [32m&apos;    at file:///home/user/tdealer01-crypto-dsg-control-plane/node_modules/@vitest/runner/dist/chunk-hooks.js:752:20&apos;[39m
  }
}

            </system-err>
        </testcase>
        <testcase classname="tests/unit/security/api-error.test.ts" name="logApiError &gt; does not call Sentry.captureException for non-Error values" time="0.000750372">
            <system-err>
[/api/test] { error: [32m&apos;pl***or&apos;[39m }

            </system-err>
        </testcase>
        <testcase classname="tests/unit/security/api-error.test.ts" name="logApiError &gt; redacts sensitive keys in details before logging" time="0.001021158">
        </testcase>
        <testcase classname="tests/unit/security/api-error.test.ts" name="handleApiError &gt; returns a 500 response by default" time="0.003130954">
            <system-err>
[/api/test] {
  error: {
    name: [32m&apos;Error&apos;[39m,
    message: [32m&apos;oops&apos;[39m,
    stack: [32m&apos;Error: oops\n&apos;[39m +
      [32m&apos;    at /home/user/tdealer01-crypto-dsg-control-plane/tests/unit/security/api-error.test.ts:85:45\n&apos;[39m +
      [32m&apos;    at processTicksAndRejections (node:internal/process/task_queues:103:5)\n&apos;[39m +
      [32m&apos;    at file:///home/user/tdealer01-crypto-dsg-control-plane/node_modules/@vitest/runner/dist/chunk-hooks.js:752:20&apos;[39m
  }
}

            </system-err>
        </testcase>
        <testcase classname="tests/unit/security/api-error.test.ts" name="handleApiError &gt; returns the provided status code" time="0.001059083">
            <system-err>
[/api/test] {
  error: {
    name: [32m&apos;Error&apos;[39m,
    message: [32m&apos;not found&apos;[39m,
    stack: [32m&apos;Error: not found\n&apos;[39m +
      [32m&apos;    at /home/user/tdealer01-crypto-dsg-control-plane/tests/unit/security/api-error.test.ts:92:45\n&apos;[39m +
      [32m&apos;    at processTicksAndRejections (node:internal/process/task_queues:103:5)\n&apos;[39m +
      [32m&apos;    at file:///home/user/tdealer01-crypto-dsg-control-plane/node_modules/@vitest/runner/dist/chunk-hooks.js:752:20&apos;[39m
  }
}

            </system-err>
        </testcase>
        <testcase classname="tests/unit/security/api-error.test.ts" name="handleApiError &gt; response body contains safe error message for 5xx" time="0.002200932">
            <system-err>
[/api/test] {
  error: {
    name: [32m&apos;Error&apos;[39m,
    message: [32m&apos;secret db details&apos;[39m,
    stack: [32m&apos;Error: secret db details\n&apos;[39m +
      [32m&apos;    at /home/user/tdealer01-crypto-dsg-control-plane/tests/unit/security/api-error.test.ts:99:45\n&apos;[39m +
      [32m&apos;    at processTicksAndRejections (node:internal/process/task_queues:103:5)\n&apos;[39m +
      [32m&apos;    at file:///home/user/tdealer01-crypto-dsg-control-plane/node_modules/@vitest/runner/dist/chunk-hooks.js:752:20&apos;[39m
  }
}

            </system-err>
        </testcase>
        <testcase classname="tests/unit/security/api-error.test.ts" name="handleApiError &gt; response body contains request failed for 4xx" time="0.000644778">
            <system-err>
[/api/test] { error: [32m&apos;ba***ut&apos;[39m }

            </system-err>
        </testcase>
        <testcase classname="tests/unit/security/api-error.test.ts" name="handleApiError &gt; sets response headers when provided" time="0.001215858">
            <system-err>
[/api/test] {
  error: {
    name: [32m&apos;Error&apos;[39m,
    message: [32m&apos;e&apos;[39m,
    stack: [32m&apos;Error: e\n&apos;[39m +
      [32m&apos;    at /home/user/tdealer01-crypto-dsg-control-plane/tests/unit/security/api-error.test.ts:116:45\n&apos;[39m +
      [32m&apos;    at processTicksAndRejections (node:internal/process/task_queues:103:5)\n&apos;[39m +
      [32m&apos;    at file:///home/user/tdealer01-crypto-dsg-control-plane/node_modules/@vitest/runner/dist/chunk-hooks.js:752:20&apos;[39m
  }
}

            </system-err>
        </testcase>
    </testsuite>
    <testsuite name="tests/unit/security/audit-export.test.ts" timestamp="2026-06-29T13:05:58.764Z" hostname="vm" tests="7" failures="0" errors="0" skipped="0" time="0.007755761">
        <testcase classname="tests/unit/security/audit-export.test.ts" name="fetchAuditLogsForExport &gt; returns ok:true with rows on success" time="0.002338619">
        </testcase>
        <testcase classname="tests/unit/security/audit-export.test.ts" name="fetchAuditLogsForExport &gt; returns empty rows when data is null" time="0.000737957">
        </testcase>
        <testcase classname="tests/unit/security/audit-export.test.ts" name="fetchAuditLogsForExport &gt; returns relation-missing when error contains &quot;relation&quot;" time="0.001011654">
        </testcase>
        <testcase classname="tests/unit/security/audit-export.test.ts" name="fetchAuditLogsForExport &gt; returns relation-missing when error contains &quot;does not exist&quot;" time="0.000391874">
        </testcase>
        <testcase classname="tests/unit/security/audit-export.test.ts" name="fetchAuditLogsForExport &gt; returns relation-missing when error code is PGRST205" time="0.000365079">
        </testcase>
        <testcase classname="tests/unit/security/audit-export.test.ts" name="fetchAuditLogsForExport &gt; returns query-error for generic DB errors" time="0.000407266">
        </testcase>
        <testcase classname="tests/unit/security/audit-export.test.ts" name="fetchAuditLogsForExport &gt; passes orgId filter to query" time="0.000953111">
        </testcase>
    </testsuite>
    <testsuite name="tests/unit/security/batch4-audit-events.test.ts" timestamp="2026-06-29T13:05:58.766Z" hostname="vm" tests="5" failures="0" errors="0" skipped="0" time="0.014902531">
        <testcase classname="tests/unit/security/batch4-audit-events.test.ts" name="batch4 audit events helper &gt; buildAuditExportQuery merges org + filters" time="0.001705263">
        </testcase>
        <testcase classname="tests/unit/security/batch4-audit-events.test.ts" name="batch4 audit events helper &gt; merges sign_in_events and audit_logs sorted by created_at desc" time="0.008996738">
        </testcase>
        <testcase classname="tests/unit/security/batch4-audit-events.test.ts" name="batch4 audit events helper &gt; filters by event_type" time="0.00143477">
        </testcase>
        <testcase classname="tests/unit/security/batch4-audit-events.test.ts" name="batch4 audit events helper &gt; degrades gracefully when relations return no data" time="0.000512262">
        </testcase>
        <testcase classname="tests/unit/security/batch4-audit-events.test.ts" name="batch4 audit events helper &gt; produces CSV with header and escaped payload" time="0.000849712">
        </testcase>
    </testsuite>
    <testsuite name="tests/unit/security/cors.test.ts" timestamp="2026-06-29T13:05:58.767Z" hostname="vm" tests="5" failures="0" errors="0" skipped="0" time="0.082967474">
        <testcase classname="tests/unit/security/cors.test.ts" name="lib/security/cors &gt; builds allowed origins from explicit allowlist and app url" time="0.042217767">
        </testcase>
        <testcase classname="tests/unit/security/cors.test.ts" name="lib/security/cors &gt; resolves an allowed request origin" time="0.012448442">
        </testcase>
        <testcase classname="tests/unit/security/cors.test.ts" name="lib/security/cors &gt; adds CORS headers only for allowed origins" time="0.012227551">
        </testcase>
        <testcase classname="tests/unit/security/cors.test.ts" name="lib/security/cors &gt; returns 204 preflight for allowed origin" time="0.008700302">
        </testcase>
        <testcase classname="tests/unit/security/cors.test.ts" name="lib/security/cors &gt; returns 403 preflight for disallowed origin" time="0.005400216">
        </testcase>
    </testsuite>
    <testsuite name="tests/unit/security/cron-auth.test.ts" timestamp="2026-06-29T13:05:58.769Z" hostname="vm" tests="11" failures="0" errors="0" skipped="0" time="0.089306574">
        <testcase classname="tests/unit/security/cron-auth.test.ts" name="requireCronAuth — no secret configured &gt; returns 503 in production when no secret is set" time="0.048877898">
        </testcase>
        <testcase classname="tests/unit/security/cron-auth.test.ts" name="requireCronAuth — no secret configured &gt; returns 401 in development when no secret is set" time="0.004030296">
        </testcase>
        <testcase classname="tests/unit/security/cron-auth.test.ts" name="requireCronAuth — no secret configured &gt; includes cron_secret_required error when no secret configured" time="0.003864895">
        </testcase>
        <testcase classname="tests/unit/security/cron-auth.test.ts" name="requireCronAuth — shared CRON_SECRET &gt; returns ok:true when Bearer token matches CRON_SECRET" time="0.013097271">
        </testcase>
        <testcase classname="tests/unit/security/cron-auth.test.ts" name="requireCronAuth — shared CRON_SECRET &gt; returns 401 when Bearer token does not match CRON_SECRET" time="0.003012588">
        </testcase>
        <testcase classname="tests/unit/security/cron-auth.test.ts" name="requireCronAuth — shared CRON_SECRET &gt; returns ok:true when Bearer token sha256 matches CRON_SECRET_SHA256" time="0.002554914">
        </testcase>
        <testcase classname="tests/unit/security/cron-auth.test.ts" name="requireCronAuth — job-specific secret &gt; returns ok:true when token matches job-specific CRON_&lt;JOB&gt;_SECRET" time="0.002458486">
        </testcase>
        <testcase classname="tests/unit/security/cron-auth.test.ts" name="requireCronAuth — job-specific secret &gt; normalizes job name: lowercase with dashes → uppercase with underscores" time="0.002068544">
        </testcase>
        <testcase classname="tests/unit/security/cron-auth.test.ts" name="requireCronAuth — job-specific secret &gt; job-specific secret takes precedence over shared CRON_SECRET mismatch" time="0.002495994">
        </testcase>
        <testcase classname="tests/unit/security/cron-auth.test.ts" name="requireCronAuth — response headers &gt; always sets Cache-Control: no-store header" time="0.002845209">
        </testcase>
        <testcase classname="tests/unit/security/cron-auth.test.ts" name="requireCronAuth — response headers &gt; sets Cache-Control: no-store even on auth failure" time="0.002397294">
        </testcase>
    </testsuite>
    <testsuite name="tests/unit/security/rate-limit.test.ts" timestamp="2026-06-29T13:05:58.771Z" hostname="vm" tests="20" failures="0" errors="0" skipped="0" time="0.049108438">
        <testcase classname="tests/unit/security/rate-limit.test.ts" name="getRateLimitKey &gt; extracts IP from x-forwarded-for header" time="0.008687859">
        </testcase>
        <testcase classname="tests/unit/security/rate-limit.test.ts" name="getRateLimitKey &gt; prepends the given prefix to the key" time="0.002203973">
        </testcase>
        <testcase classname="tests/unit/security/rate-limit.test.ts" name="getRateLimitKey &gt; falls back to x-real-ip when x-forwarded-for is absent" time="0.001948433">
        </testcase>
        <testcase classname="tests/unit/security/rate-limit.test.ts" name="getRateLimitKey &gt; falls back to &quot;unknown&quot; when neither header is present" time="0.001812278">
        </testcase>
        <testcase classname="tests/unit/security/rate-limit.test.ts" name="getRateLimitKey &gt; takes the first IP from a comma-separated x-forwarded-for list" time="0.001838338">
        </testcase>
        <testcase classname="tests/unit/security/rate-limit.test.ts" name="getRateLimitKey &gt; trims whitespace around the first IP in x-forwarded-for" time="0.004454854">
        </testcase>
        <testcase classname="tests/unit/security/rate-limit.test.ts" name="applyRateLimit (in-memory fallback — no Redis) &gt; allows the first request and returns remaining = limit - 1" time="0.004169767">
            <system-err>
[rate-limit] UPSTASH_REDIS_REST_URL not set — using in-memory fallback

            </system-err>
        </testcase>
        <testcase classname="tests/unit/security/rate-limit.test.ts" name="applyRateLimit (in-memory fallback — no Redis) &gt; decrements remaining on each subsequent request" time="0.002399204">
            <system-err>
[rate-limit] UPSTASH_REDIS_REST_URL not set — using in-memory fallback

            </system-err>
        </testcase>
        <testcase classname="tests/unit/security/rate-limit.test.ts" name="applyRateLimit (in-memory fallback — no Redis) &gt; blocks the request when the limit is reached" time="0.002385192">
            <system-err>
[rate-limit] UPSTASH_REDIS_REST_URL not set — using in-memory fallback

            </system-err>
        </testcase>
        <testcase classname="tests/unit/security/rate-limit.test.ts" name="applyRateLimit (in-memory fallback — no Redis) &gt; allows requests again after the window resets" time="0.002175119">
            <system-err>
[rate-limit] UPSTASH_REDIS_REST_URL not set — using in-memory fallback

            </system-err>
        </testcase>
        <testcase classname="tests/unit/security/rate-limit.test.ts" name="applyRateLimit (in-memory fallback — no Redis) &gt; returns a resetAt timestamp in the future" time="0.001813954">
            <system-err>
[rate-limit] UPSTASH_REDIS_REST_URL not set — using in-memory fallback

            </system-err>
        </testcase>
        <testcase classname="tests/unit/security/rate-limit.test.ts" name="buildRateLimitHeaders &gt; sets X-RateLimit-Limit to the given limit" time="0.001571102">
        </testcase>
        <testcase classname="tests/unit/security/rate-limit.test.ts" name="buildRateLimitHeaders &gt; sets X-RateLimit-Remaining to result.remaining" time="0.001374609">
        </testcase>
        <testcase classname="tests/unit/security/rate-limit.test.ts" name="buildRateLimitHeaders &gt; sets X-RateLimit-Reset to resetAt converted to seconds (floor)" time="0.001328287">
        </testcase>
        <testcase classname="tests/unit/security/rate-limit.test.ts" name="buildRateLimitHeaders &gt; returns all three header keys" time="0.00171679">
        </testcase>
        <testcase classname="tests/unit/security/rate-limit.test.ts" name="buildRateLimitHeaders &gt; returns string values even when remaining is 0" time="0.001225367">
        </testcase>
        <testcase classname="tests/unit/security/rate-limit.test.ts" name="isRateLimiterConfigured &gt; returns false when both env vars are absent" time="0.001271431">
        </testcase>
        <testcase classname="tests/unit/security/rate-limit.test.ts" name="isRateLimiterConfigured &gt; returns false when only UPSTASH_REDIS_REST_URL is set" time="0.001235903">
        </testcase>
        <testcase classname="tests/unit/security/rate-limit.test.ts" name="isRateLimiterConfigured &gt; returns false when only UPSTASH_REDIS_REST_TOKEN is set" time="0.001199505">
        </testcase>
        <testcase classname="tests/unit/security/rate-limit.test.ts" name="isRateLimiterConfigured &gt; returns true when both env vars are set" time="0.002252213">
        </testcase>
    </testsuite>
    <testsuite name="tests/unit/security/request-json.test.ts" timestamp="2026-06-29T13:05:58.778Z" hostname="vm" tests="21" failures="0" errors="0" skipped="0" time="0.012603656">
        <testcase classname="tests/unit/security/request-json.test.ts" name="readJsonBody &gt; returns ok:true and parsed value for valid JSON" time="0.00503831">
        </testcase>
        <testcase classname="tests/unit/security/request-json.test.ts" name="readJsonBody &gt; returns 400 empty_body for empty body" time="0.000716696">
        </testcase>
        <testcase classname="tests/unit/security/request-json.test.ts" name="readJsonBody &gt; returns 400 invalid_json for non-JSON body" time="0.000634825">
        </testcase>
        <testcase classname="tests/unit/security/request-json.test.ts" name="readJsonBody &gt; returns 413 payload_too_large when content-length header exceeds default maxBytes" time="0.000459122">
        </testcase>
        <testcase classname="tests/unit/security/request-json.test.ts" name="readJsonBody &gt; returns 413 payload_too_large when content-length header exceeds custom maxBytes" time="0.000416544">
        </testcase>
        <testcase classname="tests/unit/security/request-json.test.ts" name="readJsonBody &gt; accepts body at default maxBytes boundary" time="0.000494615">
        </testcase>
        <testcase classname="tests/unit/security/request-json.test.ts" name="readJsonBody &gt; parses arrays at top level" time="0.000461218">
        </testcase>
        <testcase classname="tests/unit/security/request-json.test.ts" name="readJsonBody &gt; parses primitive JSON values" time="0.000394136">
        </testcase>
        <testcase classname="tests/unit/security/request-json.test.ts" name="readJsonBody &gt; returns generic type when T is specified" time="0.000854427">
        </testcase>
        <testcase classname="tests/unit/security/request-json.test.ts" name="jsonSizeBytes &gt; returns byte size of a JSON-serialized object" time="0.000185533">
        </testcase>
        <testcase classname="tests/unit/security/request-json.test.ts" name="jsonSizeBytes &gt; handles empty object" time="0.000089862">
        </testcase>
        <testcase classname="tests/unit/security/request-json.test.ts" name="jsonSizeBytes &gt; handles null" time="0.000068714">
        </testcase>
        <testcase classname="tests/unit/security/request-json.test.ts" name="jsonSizeBytes &gt; handles multi-byte unicode characters" time="0.000082363">
        </testcase>
        <testcase classname="tests/unit/security/request-json.test.ts" name="maxObjectDepth &gt; returns true for a flat object (depth 1)" time="0.000198473">
        </testcase>
        <testcase classname="tests/unit/security/request-json.test.ts" name="maxObjectDepth &gt; returns true for null" time="0.000078088">
        </testcase>
        <testcase classname="tests/unit/security/request-json.test.ts" name="maxObjectDepth &gt; returns true for a primitive" time="0.000091032">
        </testcase>
        <testcase classname="tests/unit/security/request-json.test.ts" name="maxObjectDepth &gt; returns true for an array of primitives" time="0.000071405">
        </testcase>
        <testcase classname="tests/unit/security/request-json.test.ts" name="maxObjectDepth &gt; returns true for nested object within default maxDepth (8)" time="0.000099418">
        </testcase>
        <testcase classname="tests/unit/security/request-json.test.ts" name="maxObjectDepth &gt; returns false for object deeper than maxDepth" time="0.000087615">
        </testcase>
        <testcase classname="tests/unit/security/request-json.test.ts" name="maxObjectDepth &gt; returns false when custom maxDepth is exceeded" time="0.000074623">
        </testcase>
        <testcase classname="tests/unit/security/request-json.test.ts" name="maxObjectDepth &gt; returns true when nested array depth is within limit" time="0.000072">
        </testcase>
    </testsuite>
    <testsuite name="tests/unit/security/safe-log.test.ts" timestamp="2026-06-29T13:05:58.782Z" hostname="vm" tests="17" failures="0" errors="0" skipped="0" time="0.009570776">
        <testcase classname="tests/unit/security/safe-log.test.ts" name="toSafeErrorInfo &gt; returns UnknownError when error is null" time="0.001571282">
        </testcase>
        <testcase classname="tests/unit/security/safe-log.test.ts" name="toSafeErrorInfo &gt; returns UnknownError when error is undefined" time="0.000273851">
        </testcase>
        <testcase classname="tests/unit/security/safe-log.test.ts" name="toSafeErrorInfo &gt; returns UnknownError when error is a string" time="0.00016562">
        </testcase>
        <testcase classname="tests/unit/security/safe-log.test.ts" name="toSafeErrorInfo &gt; returns UnknownError when error is a number" time="0.000202998">
        </testcase>
        <testcase classname="tests/unit/security/safe-log.test.ts" name="toSafeErrorInfo &gt; extracts name and code from a typed error object" time="0.000293472">
        </testcase>
        <testcase classname="tests/unit/security/safe-log.test.ts" name="toSafeErrorInfo &gt; falls back to Error when name is missing" time="0.000172624">
        </testcase>
        <testcase classname="tests/unit/security/safe-log.test.ts" name="toSafeErrorInfo &gt; falls back to Error when name is empty string" time="0.000112984">
        </testcase>
        <testcase classname="tests/unit/security/safe-log.test.ts" name="toSafeErrorInfo &gt; falls back to Error when name is whitespace" time="0.000142036">
        </testcase>
        <testcase classname="tests/unit/security/safe-log.test.ts" name="toSafeErrorInfo &gt; returns null code when code is missing" time="0.000311343">
        </testcase>
        <testcase classname="tests/unit/security/safe-log.test.ts" name="toSafeErrorInfo &gt; returns null code when code is empty string" time="0.000155775">
        </testcase>
        <testcase classname="tests/unit/security/safe-log.test.ts" name="toSafeErrorInfo &gt; returns null code when code is whitespace" time="0.000124493">
        </testcase>
        <testcase classname="tests/unit/security/safe-log.test.ts" name="toSafeErrorInfo &gt; ignores non-string name and code fields" time="0.000098381">
        </testcase>
        <testcase classname="tests/unit/security/safe-log.test.ts" name="logSecurityEvent &gt; calls console.info for level info" time="0.002338645">
        </testcase>
        <testcase classname="tests/unit/security/safe-log.test.ts" name="logSecurityEvent &gt; calls console.warn for level warn" time="0.00058042">
        </testcase>
        <testcase classname="tests/unit/security/safe-log.test.ts" name="logSecurityEvent &gt; calls console.error for level error" time="0.000622948">
        </testcase>
        <testcase classname="tests/unit/security/safe-log.test.ts" name="logSecurityEvent &gt; spreads details into the payload when provided" time="0.000427868">
        </testcase>
        <testcase classname="tests/unit/security/safe-log.test.ts" name="logSecurityEvent &gt; does not include extra keys when details is undefined" time="0.000305783">
        </testcase>
    </testsuite>
    <testsuite name="tests/unit/security/secure-token.test.ts" timestamp="2026-06-29T13:05:58.786Z" hostname="vm" tests="31" failures="0" errors="0" skipped="0" time="0.011396378">
        <testcase classname="tests/unit/security/secure-token.test.ts" name="sha256Hex &gt; returns a 64-char hex string" time="0.001629595">
        </testcase>
        <testcase classname="tests/unit/security/secure-token.test.ts" name="sha256Hex &gt; is deterministic" time="0.000372909">
        </testcase>
        <testcase classname="tests/unit/security/secure-token.test.ts" name="sha256Hex &gt; produces different hashes for different inputs" time="0.000763608">
        </testcase>
        <testcase classname="tests/unit/security/secure-token.test.ts" name="sha256Hex &gt; handles empty string" time="0.000213973">
        </testcase>
        <testcase classname="tests/unit/security/secure-token.test.ts" name="timingSafeStringEqual &gt; returns false when provided is empty" time="0.00020889">
        </testcase>
        <testcase classname="tests/unit/security/secure-token.test.ts" name="timingSafeStringEqual &gt; returns false when expected is empty" time="0.000142548">
        </testcase>
        <testcase classname="tests/unit/security/secure-token.test.ts" name="timingSafeStringEqual &gt; returns true for equal strings" time="0.000159191">
        </testcase>
        <testcase classname="tests/unit/security/secure-token.test.ts" name="timingSafeStringEqual &gt; returns false for unequal strings" time="0.000236227">
        </testcase>
        <testcase classname="tests/unit/security/secure-token.test.ts" name="timingSafeStringEqual &gt; is case-sensitive" time="0.000347977">
        </testcase>
        <testcase classname="tests/unit/security/secure-token.test.ts" name="extractBearerToken &gt; returns empty string when header is null" time="0.000191678">
        </testcase>
        <testcase classname="tests/unit/security/secure-token.test.ts" name="extractBearerToken &gt; returns empty string when header is empty" time="0.000135885">
        </testcase>
        <testcase classname="tests/unit/security/secure-token.test.ts" name="extractBearerToken &gt; returns token from valid Bearer header" time="0.000092328">
        </testcase>
        <testcase classname="tests/unit/security/secure-token.test.ts" name="extractBearerToken &gt; returns empty string when scheme is not Bearer" time="0.00007531">
        </testcase>
        <testcase classname="tests/unit/security/secure-token.test.ts" name="extractBearerToken &gt; is case-insensitive for Bearer scheme" time="0.000100147">
        </testcase>
        <testcase classname="tests/unit/security/secure-token.test.ts" name="extractBearerToken &gt; returns empty string when no token follows Bearer" time="0.000069944">
        </testcase>
        <testcase classname="tests/unit/security/secure-token.test.ts" name="extractBearerToken &gt; trims trailing whitespace from the token" time="0.000098637">
        </testcase>
        <testcase classname="tests/unit/security/secure-token.test.ts" name="verifySecretValue &gt; returns false when provided is empty" time="0.000157624">
        </testcase>
        <testcase classname="tests/unit/security/secure-token.test.ts" name="verifySecretValue &gt; returns false when provided is only whitespace" time="0.000088764">
        </testcase>
        <testcase classname="tests/unit/security/secure-token.test.ts" name="verifySecretValue &gt; returns true when provided matches expected exactly" time="0.000099491">
        </testcase>
        <testcase classname="tests/unit/security/secure-token.test.ts" name="verifySecretValue &gt; returns false when provided does not match expected" time="0.000091732">
        </testcase>
        <testcase classname="tests/unit/security/secure-token.test.ts" name="verifySecretValue &gt; returns true when sha256(provided) matches expectedSha256" time="0.000108739">
        </testcase>
        <testcase classname="tests/unit/security/secure-token.test.ts" name="verifySecretValue &gt; returns false when sha256 does not match expectedSha256" time="0.000102705">
        </testcase>
        <testcase classname="tests/unit/security/secure-token.test.ts" name="verifySecretValue &gt; returns false when both expected and expectedSha256 are absent" time="0.000085757">
        </testcase>
        <testcase classname="tests/unit/security/secure-token.test.ts" name="verifySecretValue &gt; matches expected before falling back to sha256" time="0.000101393">
        </testcase>
        <testcase classname="tests/unit/security/secure-token.test.ts" name="verifySecretValue &gt; trims whitespace from provided before comparison" time="0.000139454">
        </testcase>
        <testcase classname="tests/unit/security/secure-token.test.ts" name="verifySecretValue &gt; returns false when expected is null" time="0.000079535">
        </testcase>
        <testcase classname="tests/unit/security/secure-token.test.ts" name="verifyBearerSecret &gt; returns false when no Authorization header" time="0.001986777">
        </testcase>
        <testcase classname="tests/unit/security/secure-token.test.ts" name="verifyBearerSecret &gt; returns false when token does not match expected" time="0.000515426">
        </testcase>
        <testcase classname="tests/unit/security/secure-token.test.ts" name="verifyBearerSecret &gt; returns true when token matches expected" time="0.000373833">
        </testcase>
        <testcase classname="tests/unit/security/secure-token.test.ts" name="verifyBearerSecret &gt; returns true when token sha256 matches expectedSha256" time="0.000279512">
        </testcase>
        <testcase classname="tests/unit/security/secure-token.test.ts" name="verifyBearerSecret &gt; returns false when Authorization is not Bearer scheme" time="0.00031423">
        </testcase>
    </testsuite>
    <testsuite name="tests/unit/spine/pipeline-approval.test.ts" timestamp="2026-06-29T13:05:58.793Z" hostname="vm" tests="2" failures="0" errors="0" skipped="0" time="0.073412268">
        <testcase classname="tests/unit/spine/pipeline-approval.test.ts" name="issueSpineIntent + executeSpineIntent approval flow &gt; issues a new pending intent and reuses it on second call" time="0.043444569">
        </testcase>
        <testcase classname="tests/unit/spine/pipeline-approval.test.ts" name="issueSpineIntent + executeSpineIntent approval flow &gt; returns 409 when intent already consumed" time="0.028749426">
        </testcase>
    </testsuite>
    <testsuite name="tests/unit/spine/pipeline-block.test.ts" timestamp="2026-06-29T13:05:58.794Z" hostname="vm" tests="9" failures="0" errors="0" skipped="0" time="0.025251339">
        <testcase classname="tests/unit/spine/pipeline-block.test.ts" name="evaluateGate — decision boundaries &gt; BLOCK when riskScore &gt;= 0.8" time="0.001400092">
        </testcase>
        <testcase classname="tests/unit/spine/pipeline-block.test.ts" name="evaluateGate — decision boundaries &gt; STABILIZE when riskScore &gt;= 0.4 but &lt; 0.8" time="0.000351022">
        </testcase>
        <testcase classname="tests/unit/spine/pipeline-block.test.ts" name="evaluateGate — decision boundaries &gt; ALLOW when riskScore &lt; 0.4 and no oscillation" time="0.000202928">
        </testcase>
        <testcase classname="tests/unit/spine/pipeline-block.test.ts" name="evaluateGate — decision boundaries &gt; STABILIZE on oscillation even with low riskScore" time="0.00031968">
        </testcase>
        <testcase classname="tests/unit/spine/pipeline-block.test.ts" name="evaluateGate — decision boundaries &gt; no oscillation when window too small" time="0.000188873">
        </testcase>
        <testcase classname="tests/unit/spine/pipeline-block.test.ts" name="evaluateGate — decision boundaries &gt; oscillation when spread &gt;= 0.35 in last 4 scores" time="0.000132393">
        </testcase>
        <testcase classname="tests/unit/spine/pipeline-block.test.ts" name="evaluateGate — decision boundaries &gt; no oscillation when spread &lt; 0.35" time="0.000094268">
        </testcase>
        <testcase classname="tests/unit/spine/pipeline-block.test.ts" name="runPipeline — gate BLOCK short-circuits arbiters &gt; returns BLOCK from gate and skips arbiters" time="0.012299064">
        </testcase>
        <testcase classname="tests/unit/spine/pipeline-block.test.ts" name="runPipeline — gate BLOCK short-circuits arbiters &gt; ALLOW from gate lets arbiter escalate to STABILIZE" time="0.008572166">
        </testcase>
    </testsuite>
    <testsuite name="tests/unit/spine/pipeline-infra.test.ts" timestamp="2026-06-29T13:05:58.796Z" hostname="vm" tests="6" failures="0" errors="0" skipped="0" time="0.01472641">
        <testcase classname="tests/unit/spine/pipeline-infra.test.ts" name="SpineInfraError &gt; is an instance of Error" time="0.001311654">
        </testcase>
        <testcase classname="tests/unit/spine/pipeline-infra.test.ts" name="SpineInfraError &gt; has correct name property" time="0.000326798">
        </testcase>
        <testcase classname="tests/unit/spine/pipeline-infra.test.ts" name="SpineInfraError &gt; carries the message through" time="0.000157443">
        </testcase>
        <testcase classname="tests/unit/spine/pipeline-infra.test.ts" name="runPipeline — SpineInfraError cases &gt; throws SpineInfraError when gate plugin is not found" time="0.001333592">
        </testcase>
        <testcase classname="tests/unit/spine/pipeline-infra.test.ts" name="runPipeline — SpineInfraError cases &gt; throws SpineInfraError when registered plugin has wrong kind" time="0.000354158">
        </testcase>
        <testcase classname="tests/unit/spine/pipeline-infra.test.ts" name="runPipeline — initial string literal state &gt; ALLOW gate with no arbiters: final_decision is ALLOW, final_reason is gate reason" time="0.009821133">
        </testcase>
    </testsuite>
    <testsuite name="tests/unit/spine/planner-execute.test.ts" timestamp="2026-06-29T13:05:58.798Z" hostname="vm" tests="15" failures="0" errors="0" skipped="0" time="0.011151531">
        <testcase classname="tests/unit/spine/planner-execute.test.ts" name="planGoal — keyword → tool mapping &gt; plans readiness check for &quot;check status&quot;" time="0.002486973">
        </testcase>
        <testcase classname="tests/unit/spine/planner-execute.test.ts" name="planGoal — keyword → tool mapping &gt; plans readiness + execute for &quot;run agt_hermes_01&quot;" time="0.000664138">
        </testcase>
        <testcase classname="tests/unit/spine/planner-execute.test.ts" name="planGoal — keyword → tool mapping &gt; plans audit + recovery for &quot;audit lineage agt_test_01&quot;" time="0.000444077">
        </testcase>
        <testcase classname="tests/unit/spine/planner-execute.test.ts" name="planGoal — keyword → tool mapping &gt; plans checkpoint for &quot;checkpoint agt_prod_01&quot;" time="0.000395297">
        </testcase>
        <testcase classname="tests/unit/spine/planner-execute.test.ts" name="planGoal — keyword → tool mapping &gt; plans capacity for &quot;check quota&quot;" time="0.000608123">
        </testcase>
        <testcase classname="tests/unit/spine/planner-execute.test.ts" name="planGoal — keyword → tool mapping &gt; plans list_policies for &quot;show policy&quot;" time="0.000460898">
        </testcase>
        <testcase classname="tests/unit/spine/planner-execute.test.ts" name="planGoal — keyword → tool mapping &gt; plans reconcile_effect with failed status" time="0.000935364">
        </testcase>
        <testcase classname="tests/unit/spine/planner-execute.test.ts" name="planGoal — keyword → tool mapping &gt; plans create_agent for &quot;create agent&quot;" time="0.000571738">
        </testcase>
        <testcase classname="tests/unit/spine/planner-execute.test.ts" name="planGoal — keyword → tool mapping &gt; defaults to readiness + list_agents for unknown message" time="0.000870277">
        </testcase>
        <testcase classname="tests/unit/spine/planner-execute.test.ts" name="planGoal — keyword → tool mapping &gt; step IDs are sequential" time="0.001002703">
        </testcase>
        <testcase classname="tests/unit/spine/planner-execute.test.ts" name="normalizeSpinePayload — flat and nested formats &gt; normalizes flat payload" time="0.000578531">
        </testcase>
        <testcase classname="tests/unit/spine/planner-execute.test.ts" name="normalizeSpinePayload — flat and nested formats &gt; normalizes nested intent envelope" time="0.000208656">
        </testcase>
        <testcase classname="tests/unit/spine/planner-execute.test.ts" name="normalizeSpinePayload — flat and nested formats &gt; defaults action to &quot;scan&quot; when missing" time="0.000098194">
        </testcase>
        <testcase classname="tests/unit/spine/planner-execute.test.ts" name="normalizeSpinePayload — flat and nested formats &gt; returns empty agentId for null body" time="0.000129903">
        </testcase>
        <testcase classname="tests/unit/spine/planner-execute.test.ts" name="normalizeSpinePayload — flat and nested formats &gt; strips non-canonical values" time="0.000127587">
        </testcase>
    </testsuite>
    <testsuite name="tests/unit/spine/proof-checkpoint.test.ts" timestamp="2026-06-29T13:05:58.802Z" hostname="vm" tests="10" failures="0" errors="0" skipped="0" time="0.006787426">
        <testcase classname="tests/unit/spine/proof-checkpoint.test.ts" name="canonical determinism — proof foundation &gt; produces identical hash regardless of key order" time="0.00161821">
        </testcase>
        <testcase classname="tests/unit/spine/proof-checkpoint.test.ts" name="canonical determinism — proof foundation &gt; produces different hash for different values" time="0.000824745">
        </testcase>
        <testcase classname="tests/unit/spine/proof-checkpoint.test.ts" name="canonical determinism — proof foundation &gt; handles nested arrays deterministically" time="0.000193734">
        </testcase>
        <testcase classname="tests/unit/spine/proof-checkpoint.test.ts" name="canonical determinism — proof foundation &gt; handles null and primitive values" time="0.000442837">
        </testcase>
        <testcase classname="tests/unit/spine/proof-checkpoint.test.ts" name="buildCheckpointHash — runtime checkpoint integrity &gt; produces deterministic checkpoint hash" time="0.000864496">
        </testcase>
        <testcase classname="tests/unit/spine/proof-checkpoint.test.ts" name="buildCheckpointHash — runtime checkpoint integrity &gt; different truth hash produces different checkpoint" time="0.000234497">
        </testcase>
        <testcase classname="tests/unit/spine/proof-checkpoint.test.ts" name="buildCheckpointHash — runtime checkpoint integrity &gt; different ledger sequence produces different checkpoint" time="0.000247696">
        </testcase>
        <testcase classname="tests/unit/spine/proof-checkpoint.test.ts" name="buildApprovalKey — anti-replay determinism &gt; same org+agent+request produces same key" time="0.000244567">
        </testcase>
        <testcase classname="tests/unit/spine/proof-checkpoint.test.ts" name="buildApprovalKey — anti-replay determinism &gt; key order in request does not affect approval key" time="0.000282525">
        </testcase>
        <testcase classname="tests/unit/spine/proof-checkpoint.test.ts" name="buildApprovalKey — anti-replay determinism &gt; different org/agent/request changes key" time="0.000295392">
        </testcase>
    </testsuite>
    <testsuite name="tests/unit/stripe-app/deauthorization-webhook.test.ts" timestamp="2026-06-29T13:05:58.804Z" hostname="vm" tests="6" failures="0" errors="0" skipped="0" time="0.016131336">
        <testcase classname="tests/unit/stripe-app/deauthorization-webhook.test.ts" name="Stripe App deauthorization webhook &gt; only requires the dedicated webhook signing secret" time="0.006434842">
        </testcase>
        <testcase classname="tests/unit/stripe-app/deauthorization-webhook.test.ts" name="Stripe App deauthorization webhook &gt; fails closed when the dedicated Stripe App webhook is not configured" time="0.000730902">
        </testcase>
        <testcase classname="tests/unit/stripe-app/deauthorization-webhook.test.ts" name="Stripe App deauthorization webhook &gt; rejects missing signatures before processing" time="0.000894286">
        </testcase>
        <testcase classname="tests/unit/stripe-app/deauthorization-webhook.test.ts" name="Stripe App deauthorization webhook &gt; persists deauthorization evidence and protects a newer reconnect from stale events" time="0.003398817">
        </testcase>
        <testcase classname="tests/unit/stripe-app/deauthorization-webhook.test.ts" name="Stripe App deauthorization webhook &gt; returns handled false when a stale event does not match the current installation" time="0.001410354">
        </testcase>
        <testcase classname="tests/unit/stripe-app/deauthorization-webhook.test.ts" name="Stripe App deauthorization webhook &gt; returns 500 so Stripe retries when persistence fails" time="0.0019401">
            <system-err>
[stripe-app/webhook] Failed to persist deauthorization: db unavailable

            </system-err>
        </testcase>
    </testsuite>
    <testsuite name="tests/unit/stripe-app/deauthorize.test.ts" timestamp="2026-06-29T13:05:58.806Z" hostname="vm" tests="3" failures="0" errors="0" skipped="0" time="0.010336423">
        <testcase classname="tests/unit/stripe-app/deauthorize.test.ts" name="Stripe OAuth deauthorization &gt; uses mode-matched credentials and the Stripe deauthorize endpoint" time="0.005071108">
        </testcase>
        <testcase classname="tests/unit/stripe-app/deauthorize.test.ts" name="Stripe OAuth deauthorization &gt; fails closed when mode-matched credentials are absent" time="0.0017311">
        </testcase>
        <testcase classname="tests/unit/stripe-app/deauthorize.test.ts" name="Stripe OAuth deauthorization &gt; fails when Stripe does not confirm revocation" time="0.00058466">
        </testcase>
    </testsuite>
    <testsuite name="tests/unit/stripe-app/install-url.test.ts" timestamp="2026-06-29T13:05:58.807Z" hostname="vm" tests="6" failures="0" errors="0" skipped="0" time="0.005665108">
        <testcase classname="tests/unit/stripe-app/install-url.test.ts" name="Stripe public OAuth install URLs &gt; adds only the callback and signed state to a configured public URL" time="0.001711914">
        </testcase>
        <testcase classname="tests/unit/stripe-app/install-url.test.ts" name="Stripe public OAuth install URLs &gt; rejects external-test channel links instead of silently turning them into a different URL" time="0.0010381">
        </testcase>
        <testcase classname="tests/unit/stripe-app/install-url.test.ts" name="Stripe public OAuth install URLs &gt; rejects arbitrary HTTPS hosts and incorrect paths" time="0.000468718">
        </testcase>
        <testcase classname="tests/unit/stripe-app/install-url.test.ts" name="Stripe public OAuth install URLs &gt; rejects missing and mismatched client IDs" time="0.000409173">
        </testcase>
        <testcase classname="tests/unit/stripe-app/install-url.test.ts" name="Stripe public OAuth install URLs &gt; requires an explicit public URL from Stripe Settings" time="0.000206415">
        </testcase>
        <testcase classname="tests/unit/stripe-app/install-url.test.ts" name="Stripe public OAuth install URLs &gt; rejects unknown modes instead of silently installing live" time="0.000418252">
        </testcase>
    </testsuite>
    <testsuite name="tests/unit/usage/quota.test.ts" timestamp="2026-06-29T13:05:58.809Z" hostname="vm" tests="7" failures="0" errors="0" skipped="0" time="0.013554007">
        <testcase classname="tests/unit/usage/quota.test.ts" name="checkQuota &gt; allows execution when under quota" time="0.002704817">
        </testcase>
        <testcase classname="tests/unit/usage/quota.test.ts" name="checkQuota &gt; blocks execution when at quota" time="0.001110173">
        </testcase>
        <testcase classname="tests/unit/usage/quota.test.ts" name="checkQuota &gt; uses free plan quota when org has no plan set" time="0.001049694">
        </testcase>
        <testcase classname="tests/unit/usage/quota.test.ts" name="checkQuota &gt; returns upgrade_url from NEXT_PUBLIC_APP_URL env" time="0.000824833">
        </testcase>
        <testcase classname="tests/unit/usage/quota.test.ts" name="incrementQuota &gt; calls increment_quota_atomic RPC with correct params" time="0.002869019">
        </testcase>
        <testcase classname="tests/unit/usage/quota.test.ts" name="incrementQuota &gt; includes billing_period in RPC params" time="0.000392383">
        </testcase>
        <testcase classname="tests/unit/usage/quota.test.ts" name="incrementQuota &gt; throws when RPC returns an error" time="0.003088914">
        </testcase>
    </testsuite>
    <testsuite name="tests/integration/api/settings/access-permission.test.ts" timestamp="2026-06-29T13:05:58.811Z" hostname="vm" tests="1" failures="0" errors="0" skipped="0" time="0.340503237">
        <testcase classname="tests/integration/api/settings/access-permission.test.ts" name="/api/settings/access/* &gt; requires org.manage_access" time="0.339200485">
        </testcase>
    </testsuite>
    <testsuite name="tests/integration/api/settings/security-permission.test.ts" timestamp="2026-06-29T13:05:58.811Z" hostname="vm" tests="1" failures="0" errors="0" skipped="0" time="0.346325357">
        <testcase classname="tests/integration/api/settings/security-permission.test.ts" name="/api/settings/security/sign-ins &gt; requires org.manage_security" time="0.345242126">
        </testcase>
    </testsuite>
</testsuites>
